2026-10-09 22:29:36,424 LOG_FILE /Users/alex/IdeaProjects/ELM327wifi/captures/elm-20261009-222936-424583.log
2026-10-09 22:29:36,435 INIT begin target=B1 tester=F1 attempts=30
2026-10-09 22:29:36,435 INIT attempt 1/30
2026-10-09 22:29:36,794 INIT wakeup 0x00 sent, gap=57.4 ms (not wire measurement)
2026-10-09 22:29:36,794 TX 81 B1 F1 81 A4
2026-10-09 22:29:36,805 RX_ECHO ignored
2026-10-09 22:29:37,804 RX_TIMEOUT service=81 partial=
2026-10-09 22:29:37,804 INIT attempt: no valid C1 with two key bytes
2026-10-09 22:29:37,804 INIT attempt 2/30
2026-10-09 22:29:38,164 INIT wakeup 0x00 sent, gap=57.3 ms (not wire measurement)
2026-10-09 22:29:38,164 TX 81 B1 F1 81 A4
2026-10-09 22:29:38,174 RX_ECHO ignored
2026-10-09 22:29:39,172 RX_TIMEOUT service=81 partial=
2026-10-09 22:29:39,172 INIT attempt: no valid C1 with two key bytes
2026-10-09 22:29:39,172 INIT attempt 3/30
2026-10-09 22:29:39,532 INIT wakeup 0x00 sent, gap=57.3 ms (not wire measurement)
2026-10-09 22:29:39,532 TX 81 B1 F1 81 A4
2026-10-09 22:29:39,543 RX_ECHO ignored
2026-10-09 22:29:40,544 RX_TIMEOUT service=81 partial=
2026-10-09 22:29:40,544 INIT attempt: no valid C1 with two key bytes
2026-10-09 22:29:40,544 INIT attempt 4/30
2026-10-09 22:29:40,903 INIT wakeup 0x00 sent, gap=57.4 ms (not wire measurement)
2026-10-09 22:29:40,904 TX 81 B1 F1 81 A4
2026-10-09 22:29:40,915 RX_ECHO ignored
2026-10-09 22:29:41,908 RX_TIMEOUT service=81 partial=
2026-10-09 22:29:41,908 INIT attempt: no valid C1 with two key bytes
2026-10-09 22:29:41,909 INIT attempt 5/30
2026-10-09 22:29:42,268 INIT wakeup 0x00 sent, gap=57.4 ms (not wire measurement)
2026-10-09 22:29:42,269 TX 81 B1 F1 81 A4
2026-10-09 22:29:42,279 RX_ECHO ignored
2026-10-09 22:29:43,271 RX_TIMEOUT service=81 partial=
2026-10-09 22:29:43,271 INIT attempt: no valid C1 with two key bytes
2026-10-09 22:29:43,272 INIT attempt 6/30
2026-10-09 22:29:43,631 INIT wakeup 0x00 sent, gap=57.2 ms (not wire measurement)
2026-10-09 22:29:43,631 TX 81 B1 F1 81 A4
2026-10-09 22:29:43,642 RX_ECHO ignored
2026-10-09 22:29:44,632 RX_TIMEOUT service=81 partial=
2026-10-09 22:29:44,632 INIT attempt: no valid C1 with two key bytes
2026-10-09 22:29:44,632 INIT attempt 7/30
2026-10-09 22:29:44,991 INIT wakeup 0x00 sent, gap=57.3 ms (not wire measurement)
2026-10-09 22:29:44,992 TX 81 B1 F1 81 A4
2026-10-09 22:29:45,002 RX_ECHO ignored
2026-10-09 22:29:46,002 RX_TIMEOUT service=81 partial=
2026-10-09 22:29:46,003 INIT attempt: no valid C1 with two key bytes
2026-10-09 22:29:46,003 INIT attempt 8/30
2026-10-09 22:29:46,363 INIT wakeup 0x00 sent, gap=57.2 ms (not wire measurement)
2026-10-09 22:29:46,363 TX 81 B1 F1 81 A4
2026-10-09 22:29:46,374 RX_ECHO ignored
2026-10-09 22:29:47,366 RX_TIMEOUT service=81 partial=
2026-10-09 22:29:47,366 INIT attempt: no valid C1 with two key bytes
2026-10-09 22:29:47,366 INIT attempt 9/30
2026-10-09 22:29:47,725 INIT wakeup 0x00 sent, gap=57.3 ms (not wire measurement)
2026-10-09 22:29:47,726 TX 81 B1 F1 81 A4
2026-10-09 22:29:47,736 RX_ECHO ignored
2026-10-09 22:29:48,728 RX_TIMEOUT service=81 partial=
2026-10-09 22:29:48,728 INIT attempt: no valid C1 with two key bytes
2026-10-09 22:29:48,728 INIT attempt 10/30
2026-10-09 22:29:49,087 INIT wakeup 0x00 sent, gap=57.3 ms (not wire measurement)
2026-10-09 22:29:49,088 TX 81 B1 F1 81 A4
2026-10-09 22:29:49,098 RX_ECHO ignored
2026-10-09 22:29:50,099 RX_TIMEOUT service=81 partial=
2026-10-09 22:29:50,099 INIT attempt: no valid C1 with two key bytes
2026-10-09 22:29:50,099 INIT attempt 11/30
2026-10-09 22:29:50,459 INIT wakeup 0x00 sent, gap=57.4 ms (not wire measurement)
2026-10-09 22:29:50,459 TX 81 B1 F1 81 A4
2026-10-09 22:29:50,470 RX_ECHO ignored
2026-10-09 22:29:51,471 RX_TIMEOUT service=81 partial=
2026-10-09 22:29:51,471 INIT attempt: no valid C1 with two key bytes
2026-10-09 22:29:51,471 INIT attempt 12/30
2026-10-09 22:29:51,830 INIT wakeup 0x00 sent, gap=57.3 ms (not wire measurement)
2026-10-09 22:29:51,831 TX 81 B1 F1 81 A4
2026-10-09 22:29:51,841 RX_ECHO ignored
2026-10-09 22:29:52,840 RX_TIMEOUT service=81 partial=
2026-10-09 22:29:52,840 INIT attempt: no valid C1 with two key bytes
2026-10-09 22:29:52,840 INIT attempt 13/30
2026-10-09 22:29:53,199 INIT wakeup 0x00 sent, gap=57.3 ms (not wire measurement)
2026-10-09 22:29:53,200 TX 81 B1 F1 81 A4
2026-10-09 22:29:53,210 RX_ECHO ignored
2026-10-09 22:29:54,212 RX_TIMEOUT service=81 partial=
2026-10-09 22:29:54,213 INIT attempt: no valid C1 with two key bytes
2026-10-09 22:29:54,213 INIT attempt 14/30
2026-10-09 22:29:54,572 INIT wakeup 0x00 sent, gap=57.4 ms (not wire measurement)
2026-10-09 22:29:54,573 TX 81 B1 F1 81 A4
2026-10-09 22:29:54,583 RX_ECHO ignored
2026-10-09 22:29:55,580 RX_TIMEOUT service=81 partial=
2026-10-09 22:29:55,580 INIT attempt: no valid C1 with two key bytes
2026-10-09 22:29:55,581 INIT attempt 15/30
2026-10-09 22:29:55,940 INIT wakeup 0x00 sent, gap=57.3 ms (not wire measurement)
2026-10-09 22:29:55,941 TX 81 B1 F1 81 A4
2026-10-09 22:29:55,951 RX_ECHO ignored
2026-10-09 22:29:56,945 RX_TIMEOUT service=81 partial=
2026-10-09 22:29:56,945 INIT attempt: no valid C1 with two key bytes
2026-10-09 22:29:56,945 INIT attempt 16/30
2026-10-09 22:29:57,305 INIT wakeup 0x00 sent, gap=57.3 ms (not wire measurement)
2026-10-09 22:29:57,305 TX 81 B1 F1 81 A4
2026-10-09 22:29:57,315 RX_ECHO ignored
2026-10-09 22:29:58,309 RX_TIMEOUT service=81 partial=
2026-10-09 22:29:58,309 INIT attempt: no valid C1 with two key bytes
2026-10-09 22:29:58,310 INIT attempt 17/30
2026-10-09 22:29:58,669 INIT wakeup 0x00 sent, gap=57.4 ms (not wire measurement)
2026-10-09 22:29:58,669 TX 81 B1 F1 81 A4
2026-10-09 22:29:58,680 RX_ECHO ignored
2026-10-09 22:29:59,679 RX_TIMEOUT service=81 partial=
2026-10-09 22:29:59,679 INIT attempt: no valid C1 with two key bytes
2026-10-09 22:29:59,679 INIT attempt 18/30
2026-10-09 22:30:00,039 INIT wakeup 0x00 sent, gap=57.4 ms (not wire measurement)
2026-10-09 22:30:00,039 TX 81 B1 F1 81 A4
2026-10-09 22:30:00,050 RX_ECHO ignored
2026-10-09 22:30:01,046 RX_TIMEOUT service=81 partial=
2026-10-09 22:30:01,047 INIT attempt: no valid C1 with two key bytes
2026-10-09 22:30:01,047 INIT attempt 19/30
2026-10-09 22:30:01,406 INIT wakeup 0x00 sent, gap=57.3 ms (not wire measurement)
2026-10-09 22:30:01,407 TX 81 B1 F1 81 A4
2026-10-09 22:30:01,417 RX_ECHO ignored
2026-10-09 22:30:02,416 RX_TIMEOUT service=81 partial=
2026-10-09 22:30:02,417 INIT attempt: no valid C1 with two key bytes
2026-10-09 22:30:02,417 INIT attempt 20/30
2026-10-09 22:30:02,776 INIT wakeup 0x00 sent, gap=57.3 ms (not wire measurement)
2026-10-09 22:30:02,777 TX 81 B1 F1 81 A4
2026-10-09 22:30:02,788 RX_ECHO ignored
2026-10-09 22:30:03,778 RX_TIMEOUT service=81 partial=
2026-10-09 22:30:03,778 INIT attempt: no valid C1 with two key bytes
2026-10-09 22:30:03,778 INIT attempt 21/30
2026-10-09 22:30:04,138 INIT wakeup 0x00 sent, gap=57.4 ms (not wire measurement)
2026-10-09 22:30:04,138 TX 81 B1 F1 81 A4
2026-10-09 22:30:04,149 RX_ECHO ignored
2026-10-09 22:30:05,149 RX_TIMEOUT service=81 partial=
2026-10-09 22:30:05,149 INIT attempt: no valid C1 with two key bytes
2026-10-09 22:30:05,149 INIT attempt 22/30
2026-10-09 22:30:05,509 INIT wakeup 0x00 sent, gap=57.4 ms (not wire measurement)
2026-10-09 22:30:05,510 TX 81 B1 F1 81 A4
2026-10-09 22:30:05,520 RX_ECHO ignored
2026-10-09 22:30:06,513 RX_TIMEOUT service=81 partial=
2026-10-09 22:30:06,514 INIT attempt: no valid C1 with two key bytes
2026-10-09 22:30:06,514 INIT attempt 23/30
2026-10-09 22:30:06,873 INIT wakeup 0x00 sent, gap=57.5 ms (not wire measurement)
2026-10-09 22:30:06,874 TX 81 B1 F1 81 A4
2026-10-09 22:30:06,884 RX_ECHO ignored
2026-10-09 22:30:07,880 RX_TIMEOUT service=81 partial=
2026-10-09 22:30:07,880 INIT attempt: no valid C1 with two key bytes
2026-10-09 22:30:07,880 INIT attempt 24/30
2026-10-09 22:30:08,239 INIT wakeup 0x00 sent, gap=57.2 ms (not wire measurement)
2026-10-09 22:30:08,240 TX 81 B1 F1 81 A4
2026-10-09 22:30:08,250 RX_ECHO ignored
2026-10-09 22:30:09,241 RX_TIMEOUT service=81 partial=
2026-10-09 22:30:09,241 INIT attempt: no valid C1 with two key bytes
2026-10-09 22:30:09,242 INIT attempt 25/30
2026-10-09 22:30:09,601 INIT wakeup 0x00 sent, gap=57.4 ms (not wire measurement)
2026-10-09 22:30:09,602 TX 81 B1 F1 81 A4
2026-10-09 22:30:09,612 RX_ECHO ignored
2026-10-09 22:30:10,605 RX_TIMEOUT service=81 partial=
2026-10-09 22:30:10,605 INIT attempt: no valid C1 with two key bytes
2026-10-09 22:30:10,605 INIT attempt 26/30
2026-10-09 22:30:10,964 INIT wakeup 0x00 sent, gap=57.2 ms (not wire measurement)
2026-10-09 22:30:10,965 TX 81 B1 F1 81 A4
2026-10-09 22:30:10,975 RX_ECHO ignored
2026-10-09 22:30:11,966 RX_TIMEOUT service=81 partial=
2026-10-09 22:30:11,967 INIT attempt: no valid C1 with two key bytes
2026-10-09 22:30:11,967 INIT attempt 27/30
2026-10-09 22:30:12,327 INIT wakeup 0x00 sent, gap=57.3 ms (not wire measurement)
2026-10-09 22:30:12,327 TX 81 B1 F1 81 A4
2026-10-09 22:30:12,338 RX_ECHO ignored
2026-10-09 22:30:13,334 RX_TIMEOUT service=81 partial=
2026-10-09 22:30:13,335 INIT attempt: no valid C1 with two key bytes
2026-10-09 22:30:13,335 INIT attempt 28/30
2026-10-09 22:30:13,694 INIT wakeup 0x00 sent, gap=57.3 ms (not wire measurement)
2026-10-09 22:30:13,695 TX 81 B1 F1 81 A4
2026-10-09 22:30:13,705 RX_ECHO ignored
2026-10-09 22:30:14,707 RX_TIMEOUT service=81 partial=
2026-10-09 22:30:14,708 INIT attempt: no valid C1 with two key bytes
2026-10-09 22:30:14,708 INIT attempt 29/30
2026-10-09 22:30:15,067 INIT wakeup 0x00 sent, gap=57.3 ms (not wire measurement)
2026-10-09 22:30:15,068 TX 81 B1 F1 81 A4
2026-10-09 22:30:15,078 RX_ECHO ignored
2026-10-09 22:30:16,069 RX_TIMEOUT service=81 partial=
2026-10-09 22:30:16,069 INIT attempt: no valid C1 with two key bytes
2026-10-09 22:30:16,070 INIT attempt 30/30
2026-10-09 22:30:16,429 INIT wakeup 0x00 sent, gap=57.3 ms (not wire measurement)
2026-10-09 22:30:16,429 TX 81 B1 F1 81 A4
2026-10-09 22:30:16,440 RX_ECHO ignored
2026-10-09 22:30:17,436 RX_TIMEOUT service=81 partial=
2026-10-09 22:30:17,436 INIT attempt: no valid C1 with two key bytes
2026-10-09 22:30:17,436 INIT failed: no valid C1 after 30 attempts
2026-10-09 22:30:17,437 PROBE failed: no positive parameter response
