2026-10-09 22:27:39,673 LOG_FILE /Users/alex/IdeaProjects/ELM327wifi/captures/elm-20261009-222739-672893.log
2026-10-09 22:27:39,683 INIT begin target=B1 tester=F1 attempts=30
2026-10-09 22:27:39,683 INIT attempt 1/30
2026-10-09 22:27:40,043 INIT wakeup 0x00 sent, gap=57.4 ms (not wire measurement)
2026-10-09 22:27:40,044 TX 81 B1 F1 81 A4
2026-10-09 22:27:40,056 RX_ECHO ignored
2026-10-09 22:27:41,046 RX_TIMEOUT service=81 partial=
2026-10-09 22:27:41,046 INIT attempt: no valid C1 with two key bytes
2026-10-09 22:27:41,046 INIT attempt 2/30
2026-10-09 22:27:41,406 INIT wakeup 0x00 sent, gap=57.4 ms (not wire measurement)
2026-10-09 22:27:41,407 TX 81 B1 F1 81 A4
2026-10-09 22:27:41,418 RX_ECHO ignored
2026-10-09 22:27:42,417 RX_TIMEOUT service=81 partial=
2026-10-09 22:27:42,417 INIT attempt: no valid C1 with two key bytes
2026-10-09 22:27:42,417 INIT attempt 3/30
2026-10-09 22:27:42,777 INIT wakeup 0x00 sent, gap=57.4 ms (not wire measurement)
2026-10-09 22:27:42,778 TX 81 B1 F1 81 A4
2026-10-09 22:27:42,788 RX_ECHO ignored
2026-10-09 22:27:43,782 RX_TIMEOUT service=81 partial=
2026-10-09 22:27:43,783 INIT attempt: no valid C1 with two key bytes
2026-10-09 22:27:43,783 INIT attempt 4/30
2026-10-09 22:27:44,143 INIT wakeup 0x00 sent, gap=57.4 ms (not wire measurement)
2026-10-09 22:27:44,143 TX 81 B1 F1 81 A4
2026-10-09 22:27:44,154 RX_ECHO ignored
