2026-10-09 23:21:40,464 LOG_FILE /Users/alex/IdeaProjects/ELM327wifi/captures/elm-20261009-232140-464133.log
2026-10-09 23:21:40,478 INIT begin target=B1 tester=F1 attempts=30
2026-10-09 23:21:40,478 INIT attempt 1/30
2026-10-09 23:21:40,837 INIT wakeup 0x00 sent, gap=57.4 ms (not wire measurement)
2026-10-09 23:21:40,838 TX 81 B1 F1 81 A4
2026-10-09 23:21:40,849 RX_ECHO ignored
2026-10-09 23:21:41,846 RX_TIMEOUT service=81 partial=
2026-10-09 23:21:41,846 INIT attempt: no valid C1 with two key bytes
2026-10-09 23:21:41,847 INIT attempt 2/30
2026-10-09 23:21:42,206 INIT wakeup 0x00 sent, gap=57.4 ms (not wire measurement)
2026-10-09 23:21:42,207 TX 81 B1 F1 81 A4
2026-10-09 23:21:42,217 RX_ECHO ignored
2026-10-09 23:21:43,208 RX_TIMEOUT service=81 partial=
2026-10-09 23:21:43,209 INIT attempt: no valid C1 with two key bytes
2026-10-09 23:21:43,209 INIT attempt 3/30
2026-10-09 23:21:43,569 INIT wakeup 0x00 sent, gap=57.4 ms (not wire measurement)
2026-10-09 23:21:43,570 TX 81 B1 F1 81 A4
2026-10-09 23:21:43,586 RX_ECHO ignored
2026-10-09 23:21:44,581 RX_TIMEOUT service=81 partial=
2026-10-09 23:21:44,581 INIT attempt: no valid C1 with two key bytes
2026-10-09 23:21:44,581 INIT attempt 4/30
2026-10-09 23:21:44,942 INIT wakeup 0x00 sent, gap=57.4 ms (not wire measurement)
2026-10-09 23:21:44,943 TX 81 B1 F1 81 A4
2026-10-09 23:21:44,954 RX_ECHO ignored
2026-10-09 23:21:45,950 RX_TIMEOUT service=81 partial=
2026-10-09 23:21:45,950 INIT attempt: no valid C1 with two key bytes
2026-10-09 23:21:45,950 INIT attempt 5/30
2026-10-09 23:21:46,309 INIT wakeup 0x00 sent, gap=57.2 ms (not wire measurement)
2026-10-09 23:21:46,310 TX 81 B1 F1 81 A4
2026-10-09 23:21:46,320 RX_ECHO ignored
2026-10-09 23:21:47,320 RX_TIMEOUT service=81 partial=
2026-10-09 23:21:47,320 INIT attempt: no valid C1 with two key bytes
2026-10-09 23:21:47,320 INIT attempt 6/30
2026-10-09 23:21:47,680 INIT wakeup 0x00 sent, gap=57.4 ms (not wire measurement)
2026-10-09 23:21:47,680 TX 81 B1 F1 81 A4
2026-10-09 23:21:47,691 RX_ECHO ignored
2026-10-09 23:21:48,684 RX_TIMEOUT service=81 partial=
2026-10-09 23:21:48,686 INIT attempt: no valid C1 with two key bytes
2026-10-09 23:21:48,686 INIT attempt 7/30
2026-10-09 23:21:49,046 INIT wakeup 0x00 sent, gap=57.4 ms (not wire measurement)
2026-10-09 23:21:49,047 TX 81 B1 F1 81 A4
2026-10-09 23:21:49,058 RX_ECHO ignored
2026-10-09 23:21:50,048 RX_TIMEOUT service=81 partial=
2026-10-09 23:21:50,048 INIT attempt: no valid C1 with two key bytes
2026-10-09 23:21:50,048 INIT attempt 8/30
2026-10-09 23:21:50,409 INIT wakeup 0x00 sent, gap=57.4 ms (not wire measurement)
2026-10-09 23:21:50,409 TX 81 B1 F1 81 A4
2026-10-09 23:21:50,420 RX_ECHO ignored
2026-10-09 23:21:51,410 RX_TIMEOUT service=81 partial=
2026-10-09 23:21:51,410 INIT attempt: no valid C1 with two key bytes
2026-10-09 23:21:51,411 INIT attempt 9/30
2026-10-09 23:21:51,771 INIT wakeup 0x00 sent, gap=57.1 ms (not wire measurement)
2026-10-09 23:21:51,772 TX 81 B1 F1 81 A4
2026-10-09 23:21:51,782 RX_ECHO ignored
2026-10-09 23:21:52,784 RX_TIMEOUT service=81 partial=
2026-10-09 23:21:52,784 INIT attempt: no valid C1 with two key bytes
2026-10-09 23:21:52,784 INIT attempt 10/30
2026-10-09 23:21:53,145 INIT wakeup 0x00 sent, gap=57.3 ms (not wire measurement)
2026-10-09 23:21:53,146 TX 81 B1 F1 81 A4
2026-10-09 23:21:53,156 RX_ECHO ignored
2026-10-09 23:21:54,150 RX_TIMEOUT service=81 partial=
2026-10-09 23:21:54,150 INIT attempt: no valid C1 with two key bytes
2026-10-09 23:21:54,150 INIT attempt 11/30
2026-10-09 23:21:54,511 INIT wakeup 0x00 sent, gap=57.3 ms (not wire measurement)
2026-10-09 23:21:54,512 TX 81 B1 F1 81 A4
2026-10-09 23:21:54,523 RX_ECHO ignored
2026-10-09 23:21:55,513 RX_TIMEOUT service=81 partial=
2026-10-09 23:21:55,513 INIT attempt: no valid C1 with two key bytes
2026-10-09 23:21:55,513 INIT attempt 12/30
