2026-10-09 22:32:57,375 LOG_FILE /Users/alex/IdeaProjects/ELM327wifi/captures/elm-20261009-223257-374988.log
2026-10-09 22:32:57,389 INIT begin target=B1 tester=F1 attempts=30
2026-10-09 22:32:57,389 INIT attempt 1/30
2026-10-09 22:32:57,748 INIT wakeup 0x00 sent, gap=57.4 ms (not wire measurement)
2026-10-09 22:32:57,749 TX 81 B1 F1 81 A4
2026-10-09 22:32:57,760 RX_ECHO ignored
2026-10-09 22:32:58,753 RX_TIMEOUT service=81 partial=
2026-10-09 22:32:58,753 INIT attempt: no valid C1 with two key bytes
2026-10-09 22:32:58,753 INIT attempt 2/30
2026-10-09 22:32:59,114 INIT wakeup 0x00 sent, gap=57.4 ms (not wire measurement)
2026-10-09 22:32:59,115 TX 81 B1 F1 81 A4
2026-10-09 22:32:59,126 RX_ECHO ignored
2026-10-09 22:33:00,121 RX_TIMEOUT service=81 partial=
2026-10-09 22:33:00,122 INIT attempt: no valid C1 with two key bytes
2026-10-09 22:33:00,122 INIT attempt 3/30
2026-10-09 22:33:00,483 INIT wakeup 0x00 sent, gap=57.4 ms (not wire measurement)
2026-10-09 22:33:00,484 TX 81 B1 F1 81 A4
2026-10-09 22:33:00,495 RX_ECHO ignored
2026-10-09 22:33:01,490 RX_TIMEOUT service=81 partial=
2026-10-09 22:33:01,490 INIT attempt: no valid C1 with two key bytes
2026-10-09 22:33:01,490 INIT attempt 4/30
2026-10-09 22:33:01,851 INIT wakeup 0x00 sent, gap=57.4 ms (not wire measurement)
2026-10-09 22:33:01,852 TX 81 B1 F1 81 A4
2026-10-09 22:33:01,862 RX_ECHO ignored
2026-10-09 22:33:02,853 RX_TIMEOUT service=81 partial=
2026-10-09 22:33:02,854 INIT attempt: no valid C1 with two key bytes
2026-10-09 22:33:02,854 INIT attempt 5/30
2026-10-09 22:33:03,215 INIT wakeup 0x00 sent, gap=57.4 ms (not wire measurement)
2026-10-09 22:33:03,216 TX 81 B1 F1 81 A4
2026-10-09 22:33:03,226 RX_ECHO ignored
2026-10-09 22:33:04,220 RX_TIMEOUT service=81 partial=
2026-10-09 22:33:04,221 INIT attempt: no valid C1 with two key bytes
2026-10-09 22:33:04,221 INIT attempt 6/30
2026-10-09 22:33:04,581 INIT wakeup 0x00 sent, gap=57.4 ms (not wire measurement)
2026-10-09 22:33:04,582 TX 81 B1 F1 81 A4
2026-10-09 22:33:04,593 RX_ECHO ignored
2026-10-09 22:33:05,590 RX_TIMEOUT service=81 partial=
2026-10-09 22:33:05,590 INIT attempt: no valid C1 with two key bytes
2026-10-09 22:33:05,590 INIT attempt 7/30
2026-10-09 22:33:05,950 INIT wakeup 0x00 sent, gap=57.4 ms (not wire measurement)
2026-10-09 22:33:05,951 TX 81 B1 F1 81 A4
2026-10-09 22:33:05,961 RX_ECHO ignored
2026-10-09 22:33:06,959 RX_TIMEOUT service=81 partial=
2026-10-09 22:33:06,959 INIT attempt: no valid C1 with two key bytes
2026-10-09 22:33:06,959 INIT attempt 8/30
2026-10-09 22:33:07,319 INIT wakeup 0x00 sent, gap=57.3 ms (not wire measurement)
2026-10-09 22:33:07,319 TX 81 B1 F1 81 A4
2026-10-09 22:33:07,330 RX_ECHO ignored
2026-10-09 22:33:08,326 RX_TIMEOUT service=81 partial=
2026-10-09 22:33:08,326 INIT attempt: no valid C1 with two key bytes
2026-10-09 22:33:08,326 INIT attempt 9/30
2026-10-09 22:33:08,687 INIT wakeup 0x00 sent, gap=57.4 ms (not wire measurement)
2026-10-09 22:33:08,688 TX 81 B1 F1 81 A4
2026-10-09 22:33:08,699 RX_ECHO ignored
2026-10-09 22:33:09,690 RX_TIMEOUT service=81 partial=
2026-10-09 22:33:09,690 INIT attempt: no valid C1 with two key bytes
2026-10-09 22:33:09,691 INIT attempt 10/30
2026-10-09 22:33:10,051 INIT wakeup 0x00 sent, gap=57.3 ms (not wire measurement)
2026-10-09 22:33:10,051 TX 81 B1 F1 81 A4
2026-10-09 22:33:10,062 RX_ECHO ignored
2026-10-09 22:33:11,060 RX_TIMEOUT service=81 partial=
2026-10-09 22:33:11,060 INIT attempt: no valid C1 with two key bytes
2026-10-09 22:33:11,061 INIT attempt 11/30
2026-10-09 22:33:11,421 INIT wakeup 0x00 sent, gap=57.4 ms (not wire measurement)
2026-10-09 22:33:11,422 TX 81 B1 F1 81 A4
2026-10-09 22:33:11,432 RX_ECHO ignored
2026-10-09 22:33:12,424 RX_TIMEOUT service=81 partial=
2026-10-09 22:33:12,424 INIT attempt: no valid C1 with two key bytes
2026-10-09 22:33:12,424 INIT attempt 12/30
2026-10-09 22:33:12,785 INIT wakeup 0x00 sent, gap=57.4 ms (not wire measurement)
2026-10-09 22:33:12,786 TX 81 B1 F1 81 A4
2026-10-09 22:33:12,796 RX_ECHO ignored
2026-10-09 22:33:13,795 RX_TIMEOUT service=81 partial=
2026-10-09 22:33:13,796 INIT attempt: no valid C1 with two key bytes
2026-10-09 22:33:13,796 INIT attempt 13/30
2026-10-09 22:33:14,157 INIT wakeup 0x00 sent, gap=57.4 ms (not wire measurement)
2026-10-09 22:33:14,157 TX 81 B1 F1 81 A4
2026-10-09 22:33:14,168 RX_ECHO ignored
2026-10-09 22:33:15,165 RX_TIMEOUT service=81 partial=
2026-10-09 22:33:15,165 INIT attempt: no valid C1 with two key bytes
2026-10-09 22:33:15,165 INIT attempt 14/30
2026-10-09 22:33:15,526 INIT wakeup 0x00 sent, gap=57.4 ms (not wire measurement)
2026-10-09 22:33:15,527 TX 81 B1 F1 81 A4
2026-10-09 22:33:15,537 RX_ECHO ignored
2026-10-09 22:33:16,536 RX_TIMEOUT service=81 partial=
2026-10-09 22:33:16,536 INIT attempt: no valid C1 with two key bytes
2026-10-09 22:33:16,536 INIT attempt 15/30
2026-10-09 22:33:16,896 INIT wakeup 0x00 sent, gap=57.3 ms (not wire measurement)
2026-10-09 22:33:16,896 TX 81 B1 F1 81 A4
2026-10-09 22:33:16,907 RX_ECHO ignored
2026-10-09 22:33:17,904 RX_TIMEOUT service=81 partial=
2026-10-09 22:33:17,904 INIT attempt: no valid C1 with two key bytes
2026-10-09 22:33:17,904 INIT attempt 16/30
2026-10-09 22:33:18,264 INIT wakeup 0x00 sent, gap=57.4 ms (not wire measurement)
2026-10-09 22:33:18,265 TX 81 B1 F1 81 A4
2026-10-09 22:33:18,276 RX_ECHO ignored
2026-10-09 22:33:19,265 RX_TIMEOUT service=81 partial=
2026-10-09 22:33:19,266 INIT attempt: no valid C1 with two key bytes
2026-10-09 22:33:19,266 INIT attempt 17/30
2026-10-09 22:33:19,627 INIT wakeup 0x00 sent, gap=57.4 ms (not wire measurement)
2026-10-09 22:33:19,627 TX 81 B1 F1 81 A4
2026-10-09 22:33:19,638 RX_ECHO ignored
2026-10-09 22:33:20,638 RX_TIMEOUT service=81 partial=
2026-10-09 22:33:20,639 INIT attempt: no valid C1 with two key bytes
2026-10-09 22:33:20,639 INIT attempt 18/30
2026-10-09 22:33:20,999 INIT wakeup 0x00 sent, gap=57.4 ms (not wire measurement)
2026-10-09 22:33:21,000 TX 81 B1 F1 81 A4
2026-10-09 22:33:21,010 RX_ECHO ignored
2026-10-09 22:33:22,007 RX_TIMEOUT service=81 partial=
2026-10-09 22:33:22,008 INIT attempt: no valid C1 with two key bytes
2026-10-09 22:33:22,008 INIT attempt 19/30
2026-10-09 22:33:22,368 INIT wakeup 0x00 sent, gap=57.4 ms (not wire measurement)
2026-10-09 22:33:22,369 TX 81 B1 F1 81 A4
2026-10-09 22:33:22,380 RX_ECHO ignored
2026-10-09 22:33:23,375 RX_TIMEOUT service=81 partial=
2026-10-09 22:33:23,376 INIT attempt: no valid C1 with two key bytes
2026-10-09 22:33:23,376 INIT attempt 20/30
2026-10-09 22:33:23,737 INIT wakeup 0x00 sent, gap=57.4 ms (not wire measurement)
2026-10-09 22:33:23,737 TX 81 B1 F1 81 A4
2026-10-09 22:33:23,748 RX_ECHO ignored
2026-10-09 22:33:24,740 RX_TIMEOUT service=81 partial=
2026-10-09 22:33:24,740 INIT attempt: no valid C1 with two key bytes
2026-10-09 22:33:24,741 INIT attempt 21/30
2026-10-09 22:33:25,101 INIT wakeup 0x00 sent, gap=57.4 ms (not wire measurement)
2026-10-09 22:33:25,102 TX 81 B1 F1 81 A4
2026-10-09 22:33:25,113 RX_ECHO ignored
2026-10-09 22:33:26,107 RX_TIMEOUT service=81 partial=
2026-10-09 22:33:26,107 INIT attempt: no valid C1 with two key bytes
2026-10-09 22:33:26,107 INIT attempt 22/30
2026-10-09 22:33:26,468 INIT wakeup 0x00 sent, gap=57.4 ms (not wire measurement)
2026-10-09 22:33:26,468 TX 81 B1 F1 81 A4
2026-10-09 22:33:26,479 RX_ECHO ignored
2026-10-09 22:33:27,475 RX_TIMEOUT service=81 partial=
2026-10-09 22:33:27,475 INIT attempt: no valid C1 with two key bytes
2026-10-09 22:33:27,476 INIT attempt 23/30
2026-10-09 22:33:27,835 INIT wakeup 0x00 sent, gap=57.4 ms (not wire measurement)
2026-10-09 22:33:27,836 TX 81 B1 F1 81 A4
2026-10-09 22:33:27,847 RX_ECHO ignored
2026-10-09 22:33:28,845 RX_TIMEOUT service=81 partial=
2026-10-09 22:33:28,846 INIT attempt: no valid C1 with two key bytes
2026-10-09 22:33:28,846 INIT attempt 24/30
2026-10-09 22:33:29,205 INIT wakeup 0x00 sent, gap=57.4 ms (not wire measurement)
2026-10-09 22:33:29,206 TX 81 B1 F1 81 A4
2026-10-09 22:33:29,217 RX_ECHO ignored
2026-10-09 22:33:30,214 RX_TIMEOUT service=81 partial=
2026-10-09 22:33:30,215 INIT attempt: no valid C1 with two key bytes
2026-10-09 22:33:30,215 INIT attempt 25/30
2026-10-09 22:33:30,575 INIT wakeup 0x00 sent, gap=57.4 ms (not wire measurement)
2026-10-09 22:33:30,576 TX 81 B1 F1 81 A4
2026-10-09 22:33:30,587 RX_ECHO ignored
2026-10-09 22:33:31,583 RX_TIMEOUT service=81 partial=
2026-10-09 22:33:31,583 INIT attempt: no valid C1 with two key bytes
2026-10-09 22:33:31,584 INIT attempt 26/30
2026-10-09 22:33:31,944 INIT wakeup 0x00 sent, gap=57.4 ms (not wire measurement)
2026-10-09 22:33:31,945 TX 81 B1 F1 81 A4
2026-10-09 22:33:31,956 RX_ECHO ignored
2026-10-09 22:33:32,955 RX_TIMEOUT service=81 partial=
2026-10-09 22:33:32,955 INIT attempt: no valid C1 with two key bytes
2026-10-09 22:33:32,955 INIT attempt 27/30
2026-10-09 22:33:33,316 INIT wakeup 0x00 sent, gap=57.4 ms (not wire measurement)
2026-10-09 22:33:33,316 TX 81 B1 F1 81 A4
2026-10-09 22:33:33,327 RX_ECHO ignored
2026-10-09 22:33:34,317 RX_TIMEOUT service=81 partial=
2026-10-09 22:33:34,318 INIT attempt: no valid C1 with two key bytes
2026-10-09 22:33:34,318 INIT attempt 28/30
2026-10-09 22:33:34,678 INIT wakeup 0x00 sent, gap=57.4 ms (not wire measurement)
2026-10-09 22:33:34,679 TX 81 B1 F1 81 A4
2026-10-09 22:33:34,690 RX_ECHO ignored
2026-10-09 22:33:35,686 RX_TIMEOUT service=81 partial=
2026-10-09 22:33:35,686 INIT attempt: no valid C1 with two key bytes
2026-10-09 22:33:35,686 INIT attempt 29/30
2026-10-09 22:33:36,047 INIT wakeup 0x00 sent, gap=57.3 ms (not wire measurement)
2026-10-09 22:33:36,048 TX 81 B1 F1 81 A4
2026-10-09 22:33:36,059 RX_ECHO ignored
2026-10-09 22:33:37,058 RX_TIMEOUT service=81 partial=
2026-10-09 22:33:37,059 INIT attempt: no valid C1 with two key bytes
2026-10-09 22:33:37,059 INIT attempt 30/30
2026-10-09 22:33:37,419 INIT wakeup 0x00 sent, gap=57.3 ms (not wire measurement)
2026-10-09 22:33:37,419 TX 81 B1 F1 81 A4
2026-10-09 22:33:37,430 RX_ECHO ignored
2026-10-09 22:33:38,427 RX_TIMEOUT service=81 partial=
2026-10-09 22:33:38,428 INIT attempt: no valid C1 with two key bytes
2026-10-09 22:33:38,428 INIT failed: no valid C1 after 30 attempts
2026-10-09 22:33:38,429 PROBE failed: no positive parameter response
