2026-10-09 21:41:27,562 LOG_FILE /Users/alex/IdeaProjects/ELM327wifi/captures/elm-20261009-214127-562213.log
2026-10-09 21:41:27,617 INIT begin target=B1 tester=F1 attempts=30
2026-10-09 21:41:27,617 INIT attempt 1/30
2026-10-09 21:41:27,975 INIT wakeup 0x00 sent, gap=57.3 ms (not wire measurement)
2026-10-09 21:41:27,975 TX 81 B1 F1 81 A4
2026-10-09 21:41:27,987 RX_ECHO ignored
2026-10-09 21:41:28,978 RX_TIMEOUT service=81 partial=
2026-10-09 21:41:28,979 INIT attempt: no valid C1 with two key bytes
2026-10-09 21:41:28,979 INIT attempt 2/30
2026-10-09 21:41:29,337 INIT wakeup 0x00 sent, gap=57.3 ms (not wire measurement)
2026-10-09 21:41:29,337 TX 81 B1 F1 81 A4
2026-10-09 21:41:29,348 RX_ECHO ignored
2026-10-09 21:41:30,346 RX_TIMEOUT service=81 partial=
2026-10-09 21:41:30,346 INIT attempt: no valid C1 with two key bytes
2026-10-09 21:41:30,347 INIT attempt 3/30
2026-10-09 21:41:30,705 INIT wakeup 0x00 sent, gap=57.2 ms (not wire measurement)
2026-10-09 21:41:30,705 TX 81 B1 F1 81 A4
2026-10-09 21:41:30,717 RX_ECHO ignored
2026-10-09 21:41:31,711 RX_TIMEOUT service=81 partial=
2026-10-09 21:41:31,712 INIT attempt: no valid C1 with two key bytes
2026-10-09 21:41:31,712 INIT attempt 4/30
2026-10-09 21:41:32,070 INIT wakeup 0x00 sent, gap=57.4 ms (not wire measurement)
2026-10-09 21:41:32,070 TX 81 B1 F1 81 A4
2026-10-09 21:41:32,080 RX_ECHO ignored
2026-10-09 21:41:33,072 RX_TIMEOUT service=81 partial=
2026-10-09 21:41:33,072 INIT attempt: no valid C1 with two key bytes
2026-10-09 21:41:33,072 INIT attempt 5/30
2026-10-09 21:41:33,430 INIT wakeup 0x00 sent, gap=57.2 ms (not wire measurement)
2026-10-09 21:41:33,430 TX 81 B1 F1 81 A4
2026-10-09 21:41:33,441 RX_ECHO ignored
2026-10-09 21:41:34,443 RX_TIMEOUT service=81 partial=
2026-10-09 21:41:34,443 INIT attempt: no valid C1 with two key bytes
2026-10-09 21:41:34,443 INIT attempt 6/30
2026-10-09 21:41:34,802 INIT wakeup 0x00 sent, gap=57.4 ms (not wire measurement)
2026-10-09 21:41:34,802 TX 81 B1 F1 81 A4
2026-10-09 21:41:34,813 RX_ECHO ignored
2026-10-09 21:41:35,804 RX_TIMEOUT service=81 partial=
2026-10-09 21:41:35,804 INIT attempt: no valid C1 with two key bytes
2026-10-09 21:41:35,804 INIT attempt 7/30
2026-10-09 21:41:36,162 INIT wakeup 0x00 sent, gap=57.3 ms (not wire measurement)
2026-10-09 21:41:36,163 TX 81 B1 F1 81 A4
2026-10-09 21:41:36,174 RX_ECHO ignored
2026-10-09 21:41:37,168 RX_TIMEOUT service=81 partial=
2026-10-09 21:41:37,168 INIT attempt: no valid C1 with two key bytes
2026-10-09 21:41:37,168 INIT attempt 8/30
2026-10-09 21:41:37,526 INIT wakeup 0x00 sent, gap=57.3 ms (not wire measurement)
2026-10-09 21:41:37,527 TX 81 B1 F1 81 A4
2026-10-09 21:41:37,538 RX_ECHO ignored
2026-10-09 21:41:38,528 RX_TIMEOUT service=81 partial=
2026-10-09 21:41:38,528 INIT attempt: no valid C1 with two key bytes
2026-10-09 21:41:38,528 INIT attempt 9/30
2026-10-09 21:41:38,886 INIT wakeup 0x00 sent, gap=57.3 ms (not wire measurement)
2026-10-09 21:41:38,887 TX 81 B1 F1 81 A4
2026-10-09 21:41:38,898 RX_ECHO ignored
2026-10-09 21:41:39,890 RX_TIMEOUT service=81 partial=
2026-10-09 21:41:39,890 INIT attempt: no valid C1 with two key bytes
2026-10-09 21:41:39,890 INIT attempt 10/30
2026-10-09 21:41:40,249 INIT wakeup 0x00 sent, gap=57.4 ms (not wire measurement)
2026-10-09 21:41:40,249 TX 81 B1 F1 81 A4
2026-10-09 21:41:40,261 RX_ECHO ignored
2026-10-09 21:41:41,251 RX_TIMEOUT service=81 partial=
2026-10-09 21:41:41,251 INIT attempt: no valid C1 with two key bytes
2026-10-09 21:41:41,251 INIT attempt 11/30
2026-10-09 21:41:41,610 INIT wakeup 0x00 sent, gap=57.3 ms (not wire measurement)
2026-10-09 21:41:41,610 TX 81 B1 F1 81 A4
2026-10-09 21:41:41,622 RX_ECHO ignored
2026-10-09 21:41:42,615 RX_TIMEOUT service=81 partial=
2026-10-09 21:41:42,615 INIT attempt: no valid C1 with two key bytes
2026-10-09 21:41:42,615 INIT attempt 12/30
2026-10-09 21:41:42,973 INIT wakeup 0x00 sent, gap=57.2 ms (not wire measurement)
2026-10-09 21:41:42,974 TX 81 B1 F1 81 A4
2026-10-09 21:41:42,985 RX_ECHO ignored
2026-10-09 21:41:43,977 RX_TIMEOUT service=81 partial=FF
2026-10-09 21:41:43,978 INIT attempt: no valid C1 with two key bytes
2026-10-09 21:41:43,978 INIT attempt 13/30
2026-10-09 21:41:44,336 INIT wakeup 0x00 sent, gap=57.4 ms (not wire measurement)
2026-10-09 21:41:44,336 TX 81 B1 F1 81 A4
2026-10-09 21:41:44,348 RX_ECHO ignored
2026-10-09 21:41:45,341 RX_TIMEOUT service=81 partial=
2026-10-09 21:41:45,341 INIT attempt: no valid C1 with two key bytes
2026-10-09 21:41:45,341 INIT attempt 14/30
2026-10-09 21:41:45,699 INIT wakeup 0x00 sent, gap=57.3 ms (not wire measurement)
2026-10-09 21:41:45,700 TX 81 B1 F1 81 A4
2026-10-09 21:41:45,711 RX_ECHO ignored
2026-10-09 21:41:46,707 RX_TIMEOUT service=81 partial=
2026-10-09 21:41:46,708 INIT attempt: no valid C1 with two key bytes
2026-10-09 21:41:46,708 INIT attempt 15/30
2026-10-09 21:41:47,066 INIT wakeup 0x00 sent, gap=57.3 ms (not wire measurement)
2026-10-09 21:41:47,066 TX 81 B1 F1 81 A4
2026-10-09 21:41:47,077 RX_ECHO ignored
2026-10-09 21:41:48,066 RX_TIMEOUT service=81 partial=
2026-10-09 21:41:48,067 INIT attempt: no valid C1 with two key bytes
2026-10-09 21:41:48,067 INIT attempt 16/30
2026-10-09 21:41:48,425 INIT wakeup 0x00 sent, gap=57.4 ms (not wire measurement)
2026-10-09 21:41:48,425 TX 81 B1 F1 81 A4
2026-10-09 21:41:48,436 RX_ECHO ignored
2026-10-09 21:41:49,429 RX_TIMEOUT service=81 partial=
2026-10-09 21:41:49,429 INIT attempt: no valid C1 with two key bytes
2026-10-09 21:41:49,429 INIT attempt 17/30
2026-10-09 21:41:49,787 INIT wakeup 0x00 sent, gap=57.4 ms (not wire measurement)
2026-10-09 21:41:49,788 TX 81 B1 F1 81 A4
2026-10-09 21:41:49,799 RX_ECHO ignored
2026-10-09 21:41:50,800 RX_TIMEOUT service=81 partial=
2026-10-09 21:41:50,800 INIT attempt: no valid C1 with two key bytes
2026-10-09 21:41:50,800 INIT attempt 18/30
2026-10-09 21:41:51,158 INIT wakeup 0x00 sent, gap=57.4 ms (not wire measurement)
2026-10-09 21:41:51,159 TX 81 B1 F1 81 A4
2026-10-09 21:41:51,170 RX_ECHO ignored
2026-10-09 21:41:52,161 RX_TIMEOUT service=81 partial=
2026-10-09 21:41:52,161 INIT attempt: no valid C1 with two key bytes
2026-10-09 21:41:52,161 INIT attempt 19/30
2026-10-09 21:41:52,519 INIT wakeup 0x00 sent, gap=57.3 ms (not wire measurement)
2026-10-09 21:41:52,519 TX 81 B1 F1 81 A4
2026-10-09 21:41:52,530 RX_ECHO ignored
2026-10-09 21:41:53,520 RX_TIMEOUT service=81 partial=
2026-10-09 21:41:53,520 INIT attempt: no valid C1 with two key bytes
2026-10-09 21:41:53,520 INIT attempt 20/30
2026-10-09 21:41:53,878 INIT wakeup 0x00 sent, gap=57.2 ms (not wire measurement)
2026-10-09 21:41:53,878 TX 81 B1 F1 81 A4
2026-10-09 21:41:53,889 RX_ECHO ignored
2026-10-09 21:41:54,889 RX_TIMEOUT service=81 partial=
2026-10-09 21:41:54,890 INIT attempt: no valid C1 with two key bytes
2026-10-09 21:41:54,890 INIT attempt 21/30
2026-10-09 21:41:55,248 INIT wakeup 0x00 sent, gap=57.3 ms (not wire measurement)
2026-10-09 21:41:55,248 TX 81 B1 F1 81 A4
2026-10-09 21:41:55,259 RX_ECHO ignored
2026-10-09 21:41:56,250 RX_TIMEOUT service=81 partial=
2026-10-09 21:41:56,250 INIT attempt: no valid C1 with two key bytes
2026-10-09 21:41:56,250 INIT attempt 22/30
2026-10-09 21:41:56,609 INIT wakeup 0x00 sent, gap=57.3 ms (not wire measurement)
2026-10-09 21:41:56,609 TX 81 B1 F1 81 A4
2026-10-09 21:41:56,619 RX_ECHO ignored
2026-10-09 21:41:57,616 RX_TIMEOUT service=81 partial=
2026-10-09 21:41:57,616 INIT attempt: no valid C1 with two key bytes
2026-10-09 21:41:57,616 INIT attempt 23/30
2026-10-09 21:41:57,974 INIT wakeup 0x00 sent, gap=57.3 ms (not wire measurement)
2026-10-09 21:41:57,974 TX 81 B1 F1 81 A4
2026-10-09 21:41:57,986 RX_ECHO ignored
2026-10-09 21:41:58,978 RX_TIMEOUT service=81 partial=
2026-10-09 21:41:58,978 INIT attempt: no valid C1 with two key bytes
2026-10-09 21:41:58,978 INIT attempt 24/30
2026-10-09 21:41:59,336 INIT wakeup 0x00 sent, gap=57.4 ms (not wire measurement)
2026-10-09 21:41:59,336 TX 81 B1 F1 81 A4
2026-10-09 21:41:59,347 RX_ECHO ignored
2026-10-09 21:42:00,346 RX_TIMEOUT service=81 partial=
2026-10-09 21:42:00,347 INIT attempt: no valid C1 with two key bytes
2026-10-09 21:42:00,347 INIT attempt 25/30
2026-10-09 21:42:00,708 INIT wakeup 0x00 sent, gap=57.4 ms (not wire measurement)
2026-10-09 21:42:00,709 TX 81 B1 F1 81 A4
2026-10-09 21:42:00,720 RX_ECHO ignored
2026-10-09 21:42:01,714 RX_TIMEOUT service=81 partial=
2026-10-09 21:42:01,715 INIT attempt: no valid C1 with two key bytes
2026-10-09 21:42:01,715 INIT attempt 26/30
2026-10-09 21:42:02,073 INIT wakeup 0x00 sent, gap=57.4 ms (not wire measurement)
2026-10-09 21:42:02,073 TX 81 B1 F1 81 A4
2026-10-09 21:42:02,085 RX_ECHO ignored
2026-10-09 21:42:03,083 RX_TIMEOUT service=81 partial=
2026-10-09 21:42:03,084 INIT attempt: no valid C1 with two key bytes
2026-10-09 21:42:03,084 INIT attempt 27/30
2026-10-09 21:42:03,443 INIT wakeup 0x00 sent, gap=57.2 ms (not wire measurement)
2026-10-09 21:42:03,444 TX 81 B1 F1 81 A4
2026-10-09 21:42:03,455 RX_ECHO ignored
2026-10-09 21:42:04,446 RX_TIMEOUT service=81 partial=
2026-10-09 21:42:04,447 INIT attempt: no valid C1 with two key bytes
2026-10-09 21:42:04,447 INIT attempt 28/30
2026-10-09 21:42:04,805 INIT wakeup 0x00 sent, gap=57.2 ms (not wire measurement)
2026-10-09 21:42:04,806 TX 81 B1 F1 81 A4
2026-10-09 21:42:04,817 RX_ECHO ignored
2026-10-09 21:42:05,812 RX_TIMEOUT service=81 partial=
2026-10-09 21:42:05,812 INIT attempt: no valid C1 with two key bytes
2026-10-09 21:42:05,812 INIT attempt 29/30
2026-10-09 21:42:06,170 INIT wakeup 0x00 sent, gap=57.4 ms (not wire measurement)
2026-10-09 21:42:06,171 TX 81 B1 F1 81 A4
2026-10-09 21:42:06,182 RX_ECHO ignored
2026-10-09 21:42:07,176 RX_TIMEOUT service=81 partial=
2026-10-09 21:42:07,176 INIT attempt: no valid C1 with two key bytes
2026-10-09 21:42:07,176 INIT attempt 30/30
2026-10-09 21:42:07,548 INIT wakeup 0x00 sent, gap=58.0 ms (not wire measurement)
2026-10-09 21:42:07,550 TX 81 B1 F1 81 A4
2026-10-09 21:42:07,562 RX_ECHO ignored
2026-10-09 21:42:08,553 RX_TIMEOUT service=81 partial=
2026-10-09 21:42:08,554 INIT attempt: no valid C1 with two key bytes
2026-10-09 21:42:08,554 INIT failed: no valid C1 after 30 attempts
2026-10-09 21:42:08,554 PROBE failed: no positive parameter response
