2026-10-09 23:16:26,859 LOG_FILE /Users/alex/IdeaProjects/ELM327wifi/captures/elm-20261009-231626-859239.log
2026-10-09 23:16:26,914 INIT begin target=B1 tester=F1 attempts=30
2026-10-09 23:16:26,914 INIT attempt 1/30
2026-10-09 23:16:27,272 INIT wakeup 0x00 sent, gap=57.4 ms (not wire measurement)
2026-10-09 23:16:27,273 TX 81 B1 F1 81 A4
2026-10-09 23:16:27,284 RX_ECHO ignored
2026-10-09 23:16:28,279 RX_TIMEOUT service=81 partial=
2026-10-09 23:16:28,279 INIT attempt: no valid C1 with two key bytes
2026-10-09 23:16:28,279 INIT attempt 2/30
2026-10-09 23:16:28,638 INIT wakeup 0x00 sent, gap=57.4 ms (not wire measurement)
2026-10-09 23:16:28,639 TX 81 B1 F1 81 A4
2026-10-09 23:16:28,650 RX_ECHO ignored
2026-10-09 23:16:29,646 RX_TIMEOUT service=81 partial=
2026-10-09 23:16:29,647 INIT attempt: no valid C1 with two key bytes
2026-10-09 23:16:29,647 INIT attempt 3/30
2026-10-09 23:16:30,006 INIT wakeup 0x00 sent, gap=57.4 ms (not wire measurement)
2026-10-09 23:16:30,006 TX 81 B1 F1 81 A4
2026-10-09 23:16:30,017 RX_ECHO ignored
2026-10-09 23:16:31,007 RX_TIMEOUT service=81 partial=
2026-10-09 23:16:31,007 INIT attempt: no valid C1 with two key bytes
2026-10-09 23:16:31,008 INIT attempt 4/30
2026-10-09 23:16:31,366 INIT wakeup 0x00 sent, gap=57.4 ms (not wire measurement)
2026-10-09 23:16:31,367 TX 81 B1 F1 81 A4
2026-10-09 23:16:31,378 RX_ECHO ignored
2026-10-09 23:16:32,372 RX_TIMEOUT service=81 partial=
2026-10-09 23:16:32,372 INIT attempt: no valid C1 with two key bytes
2026-10-09 23:16:32,372 INIT attempt 5/30
2026-10-09 23:16:32,733 INIT wakeup 0x00 sent, gap=58.2 ms (not wire measurement)
2026-10-09 23:16:32,733 TX 81 B1 F1 81 A4
2026-10-09 23:16:32,744 RX_ECHO ignored
2026-10-09 23:16:33,741 RX_TIMEOUT service=81 partial=
2026-10-09 23:16:33,741 INIT attempt: no valid C1 with two key bytes
2026-10-09 23:16:33,741 INIT attempt 6/30
2026-10-09 23:16:34,099 INIT wakeup 0x00 sent, gap=57.4 ms (not wire measurement)
2026-10-09 23:16:34,101 TX 81 B1 F1 81 A4
2026-10-09 23:16:34,112 RX_ECHO ignored
2026-10-09 23:16:35,108 RX_TIMEOUT service=81 partial=
2026-10-09 23:16:35,108 INIT attempt: no valid C1 with two key bytes
2026-10-09 23:16:35,108 INIT attempt 7/30
2026-10-09 23:16:35,467 INIT wakeup 0x00 sent, gap=57.4 ms (not wire measurement)
2026-10-09 23:16:35,467 TX 81 B1 F1 81 A4
2026-10-09 23:16:35,479 RX_ECHO ignored
2026-10-09 23:16:36,472 RX_TIMEOUT service=81 partial=
2026-10-09 23:16:36,472 INIT attempt: no valid C1 with two key bytes
2026-10-09 23:16:36,472 INIT attempt 8/30
2026-10-09 23:16:36,830 INIT wakeup 0x00 sent, gap=57.4 ms (not wire measurement)
2026-10-09 23:16:36,831 TX 81 B1 F1 81 A4
2026-10-09 23:16:36,842 RX_ECHO ignored
2026-10-09 23:16:37,843 RX_TIMEOUT service=81 partial=
2026-10-09 23:16:37,843 INIT attempt: no valid C1 with two key bytes
2026-10-09 23:16:37,843 INIT attempt 9/30
2026-10-09 23:16:38,202 INIT wakeup 0x00 sent, gap=57.5 ms (not wire measurement)
2026-10-09 23:16:38,203 TX 81 B1 F1 81 A4
2026-10-09 23:16:38,215 RX_ECHO ignored
2026-10-09 23:16:39,212 RX_TIMEOUT service=81 partial=
2026-10-09 23:16:39,213 INIT attempt: no valid C1 with two key bytes
2026-10-09 23:16:39,213 INIT attempt 10/30
2026-10-09 23:16:39,571 INIT wakeup 0x00 sent, gap=57.4 ms (not wire measurement)
2026-10-09 23:16:39,572 TX 81 B1 F1 81 A4
2026-10-09 23:16:39,583 RX_ECHO ignored
2026-10-09 23:16:40,579 RX_TIMEOUT service=81 partial=
2026-10-09 23:16:40,580 INIT attempt: no valid C1 with two key bytes
2026-10-09 23:16:40,580 INIT attempt 11/30
2026-10-09 23:16:40,938 INIT wakeup 0x00 sent, gap=57.4 ms (not wire measurement)
2026-10-09 23:16:40,939 TX 81 B1 F1 81 A4
2026-10-09 23:16:40,950 RX_ECHO ignored
2026-10-09 23:16:41,951 RX_TIMEOUT service=81 partial=
2026-10-09 23:16:41,951 INIT attempt: no valid C1 with two key bytes
2026-10-09 23:16:41,952 INIT attempt 12/30
2026-10-09 23:16:42,310 INIT wakeup 0x00 sent, gap=57.4 ms (not wire measurement)
2026-10-09 23:16:42,311 TX 81 B1 F1 81 A4
2026-10-09 23:16:42,322 RX_ECHO ignored
2026-10-09 23:16:43,318 RX_TIMEOUT service=81 partial=
2026-10-09 23:16:43,319 INIT attempt: no valid C1 with two key bytes
2026-10-09 23:16:43,319 INIT attempt 13/30
2026-10-09 23:16:43,677 INIT wakeup 0x00 sent, gap=57.3 ms (not wire measurement)
2026-10-09 23:16:43,678 TX 81 B1 F1 81 A4
2026-10-09 23:16:43,689 RX_ECHO ignored
2026-10-09 23:16:44,684 RX_TIMEOUT service=81 partial=
2026-10-09 23:16:44,685 INIT attempt: no valid C1 with two key bytes
2026-10-09 23:16:44,685 INIT attempt 14/30
2026-10-09 23:16:45,043 INIT wakeup 0x00 sent, gap=57.4 ms (not wire measurement)
2026-10-09 23:16:45,044 TX 81 B1 F1 81 A4
2026-10-09 23:16:45,055 RX_ECHO ignored
2026-10-09 23:16:46,053 RX_TIMEOUT service=81 partial=
2026-10-09 23:16:46,053 INIT attempt: no valid C1 with two key bytes
2026-10-09 23:16:46,053 INIT attempt 15/30
2026-10-09 23:16:46,412 INIT wakeup 0x00 sent, gap=57.4 ms (not wire measurement)
2026-10-09 23:16:46,413 TX 81 B1 F1 81 A4
2026-10-09 23:16:46,424 RX_ECHO ignored
2026-10-09 23:16:47,415 RX_TIMEOUT service=81 partial=
2026-10-09 23:16:47,415 INIT attempt: no valid C1 with two key bytes
2026-10-09 23:16:47,415 INIT attempt 16/30
2026-10-09 23:16:47,774 INIT wakeup 0x00 sent, gap=57.4 ms (not wire measurement)
2026-10-09 23:16:47,774 TX 81 B1 F1 81 A4
2026-10-09 23:16:47,784 RX_ECHO ignored
2026-10-09 23:16:48,778 RX_TIMEOUT service=81 partial=
2026-10-09 23:16:48,780 INIT attempt: no valid C1 with two key bytes
2026-10-09 23:16:48,780 INIT attempt 17/30
2026-10-09 23:16:49,138 INIT wakeup 0x00 sent, gap=57.4 ms (not wire measurement)
2026-10-09 23:16:49,139 TX 81 B1 F1 81 A4
2026-10-09 23:16:49,149 RX_ECHO ignored
2026-10-09 23:16:50,142 RX_TIMEOUT service=81 partial=
2026-10-09 23:16:50,142 INIT attempt: no valid C1 with two key bytes
2026-10-09 23:16:50,143 INIT attempt 18/30
2026-10-09 23:16:50,501 INIT wakeup 0x00 sent, gap=57.4 ms (not wire measurement)
2026-10-09 23:16:50,501 TX 81 B1 F1 81 A4
2026-10-09 23:16:50,512 RX_ECHO ignored
2026-10-09 23:16:51,503 RX_TIMEOUT service=81 partial=
2026-10-09 23:16:51,504 INIT attempt: no valid C1 with two key bytes
2026-10-09 23:16:51,504 INIT attempt 19/30
2026-10-09 23:16:51,862 INIT wakeup 0x00 sent, gap=57.4 ms (not wire measurement)
2026-10-09 23:16:51,863 TX 81 B1 F1 81 A4
2026-10-09 23:16:51,873 RX_ECHO ignored
2026-10-09 23:16:52,873 RX_TIMEOUT service=81 partial=
2026-10-09 23:16:52,873 INIT attempt: no valid C1 with two key bytes
2026-10-09 23:16:52,873 INIT attempt 20/30
2026-10-09 23:16:53,232 INIT wakeup 0x00 sent, gap=57.4 ms (not wire measurement)
2026-10-09 23:16:53,233 TX 81 B1 F1 81 A4
2026-10-09 23:16:53,244 RX_ECHO ignored
2026-10-09 23:16:54,238 RX_TIMEOUT service=81 partial=
2026-10-09 23:16:54,238 INIT attempt: no valid C1 with two key bytes
2026-10-09 23:16:54,238 INIT attempt 21/30
2026-10-09 23:16:54,597 INIT wakeup 0x00 sent, gap=57.3 ms (not wire measurement)
2026-10-09 23:16:54,597 TX 81 B1 F1 81 A4
2026-10-09 23:16:54,609 RX_ECHO ignored
2026-10-09 23:16:55,605 RX_TIMEOUT service=81 partial=
2026-10-09 23:16:55,605 INIT attempt: no valid C1 with two key bytes
2026-10-09 23:16:55,605 INIT attempt 22/30
2026-10-09 23:16:55,964 INIT wakeup 0x00 sent, gap=57.4 ms (not wire measurement)
2026-10-09 23:16:55,964 TX 81 B1 F1 81 A4
2026-10-09 23:16:55,976 RX_ECHO ignored
2026-10-09 23:16:56,976 RX_TIMEOUT service=81 partial=
2026-10-09 23:16:56,976 INIT attempt: no valid C1 with two key bytes
2026-10-09 23:16:56,976 INIT attempt 23/30
2026-10-09 23:16:57,335 INIT wakeup 0x00 sent, gap=57.3 ms (not wire measurement)
2026-10-09 23:16:57,335 TX 81 B1 F1 81 A4
2026-10-09 23:16:57,347 RX_ECHO ignored
2026-10-09 23:16:58,342 RX_TIMEOUT service=81 partial=
2026-10-09 23:16:58,342 INIT attempt: no valid C1 with two key bytes
2026-10-09 23:16:58,342 INIT attempt 24/30
2026-10-09 23:16:58,701 INIT wakeup 0x00 sent, gap=57.4 ms (not wire measurement)
2026-10-09 23:16:58,702 TX 81 B1 F1 81 A4
2026-10-09 23:16:58,713 RX_ECHO ignored
2026-10-09 23:16:59,705 RX_TIMEOUT service=81 partial=
2026-10-09 23:16:59,705 INIT attempt: no valid C1 with two key bytes
2026-10-09 23:16:59,705 INIT attempt 25/30
2026-10-09 23:17:00,064 INIT wakeup 0x00 sent, gap=57.1 ms (not wire measurement)
2026-10-09 23:17:00,065 TX 81 B1 F1 81 A4
2026-10-09 23:17:00,075 RX_ECHO ignored
2026-10-09 23:17:01,075 RX_TIMEOUT service=81 partial=
2026-10-09 23:17:01,075 INIT attempt: no valid C1 with two key bytes
2026-10-09 23:17:01,075 INIT attempt 26/30
2026-10-09 23:17:01,434 INIT wakeup 0x00 sent, gap=57.4 ms (not wire measurement)
2026-10-09 23:17:01,435 TX 81 B1 F1 81 A4
2026-10-09 23:17:01,446 RX_ECHO ignored
2026-10-09 23:17:02,444 RX_TIMEOUT service=81 partial=
2026-10-09 23:17:02,444 INIT attempt: no valid C1 with two key bytes
2026-10-09 23:17:02,444 INIT attempt 27/30
2026-10-09 23:17:02,803 INIT wakeup 0x00 sent, gap=57.3 ms (not wire measurement)
2026-10-09 23:17:02,804 TX 81 B1 F1 81 A4
2026-10-09 23:17:02,815 RX_ECHO ignored
2026-10-09 23:17:03,816 RX_TIMEOUT service=81 partial=
2026-10-09 23:17:03,816 INIT attempt: no valid C1 with two key bytes
2026-10-09 23:17:03,817 INIT attempt 28/30
2026-10-09 23:17:04,175 INIT wakeup 0x00 sent, gap=57.4 ms (not wire measurement)
2026-10-09 23:17:04,176 TX 81 B1 F1 81 A4
2026-10-09 23:17:04,187 RX_ECHO ignored
2026-10-09 23:17:05,184 RX_TIMEOUT service=81 partial=
2026-10-09 23:17:05,185 INIT attempt: no valid C1 with two key bytes
2026-10-09 23:17:05,185 INIT attempt 29/30
2026-10-09 23:17:05,544 INIT wakeup 0x00 sent, gap=57.4 ms (not wire measurement)
2026-10-09 23:17:05,544 TX 81 B1 F1 81 A4
2026-10-09 23:17:05,556 RX_ECHO ignored
2026-10-09 23:17:06,549 RX_TIMEOUT service=81 partial=
2026-10-09 23:17:06,550 INIT attempt: no valid C1 with two key bytes
2026-10-09 23:17:06,550 INIT attempt 30/30
2026-10-09 23:17:06,909 INIT wakeup 0x00 sent, gap=57.3 ms (not wire measurement)
2026-10-09 23:17:06,909 TX 81 B1 F1 81 A4
2026-10-09 23:17:06,921 RX_ECHO ignored
2026-10-09 23:17:07,915 RX_TIMEOUT service=81 partial=
2026-10-09 23:17:07,915 INIT attempt: no valid C1 with two key bytes
2026-10-09 23:17:07,915 INIT failed: no valid C1 after 30 attempts
2026-10-09 23:17:07,915 PROBE failed: no positive parameter response
