2026-10-09 21:18:53,770 LOG_FILE /Users/alex/IdeaProjects/ELM327wifi/captures/elm-20261009-211853-770660.log
2026-10-09 21:18:53,781 INIT begin target=B1 tester=F1 attempts=30
2026-10-09 21:18:53,781 INIT attempt 1/30
2026-10-09 21:18:54,136 INIT host low=26.067 ms high=25.015 ms (not wire measurements)
2026-10-09 21:18:54,136 TX 81 B1 F1 81 A4
2026-10-09 21:18:54,147 RX_ECHO ignored
2026-10-09 21:18:55,139 RX_TIMEOUT service=81 partial=
2026-10-09 21:18:55,140 INIT attempt: no valid C1 with two key bytes
2026-10-09 21:18:55,140 INIT attempt 2/30
2026-10-09 21:18:55,495 INIT host low=26.218 ms high=25.011 ms (not wire measurements)
2026-10-09 21:18:55,496 TX 81 B1 F1 81 A4
2026-10-09 21:18:55,506 RX_ECHO ignored
2026-10-09 21:18:56,498 RX_TIMEOUT service=81 partial=
2026-10-09 21:18:56,498 INIT attempt: no valid C1 with two key bytes
2026-10-09 21:18:56,498 INIT attempt 3/30
2026-10-09 21:18:56,854 INIT host low=26.071 ms high=25.004 ms (not wire measurements)
2026-10-09 21:18:56,854 TX 81 B1 F1 81 A4
2026-10-09 21:18:56,864 RX_ECHO ignored
2026-10-09 21:18:57,858 RX_TIMEOUT service=81 partial=
2026-10-09 21:18:57,858 INIT attempt: no valid C1 with two key bytes
2026-10-09 21:18:57,858 INIT attempt 4/30
2026-10-09 21:18:58,213 INIT host low=26.056 ms high=25.015 ms (not wire measurements)
2026-10-09 21:18:58,213 TX 81 B1 F1 81 A4
2026-10-09 21:18:58,224 RX_ECHO ignored
2026-10-09 21:18:59,217 RX_TIMEOUT service=81 partial=
2026-10-09 21:18:59,217 INIT attempt: no valid C1 with two key bytes
2026-10-09 21:18:59,217 INIT attempt 5/30
2026-10-09 21:18:59,572 INIT host low=26.067 ms high=25.007 ms (not wire measurements)
2026-10-09 21:18:59,573 TX 81 B1 F1 81 A4
2026-10-09 21:18:59,583 RX_ECHO ignored
2026-10-09 21:19:00,576 RX_TIMEOUT service=81 partial=
2026-10-09 21:19:00,577 INIT attempt: no valid C1 with two key bytes
2026-10-09 21:19:00,577 INIT attempt 6/30
2026-10-09 21:19:00,932 INIT host low=26.128 ms high=25.017 ms (not wire measurements)
2026-10-09 21:19:00,933 TX 81 B1 F1 81 A4
2026-10-09 21:19:00,943 RX_ECHO ignored
2026-10-09 21:19:01,945 RX_TIMEOUT service=81 partial=
2026-10-09 21:19:01,946 INIT attempt: no valid C1 with two key bytes
2026-10-09 21:19:01,946 INIT attempt 7/30
2026-10-09 21:19:02,301 INIT host low=26.105 ms high=25.025 ms (not wire measurements)
2026-10-09 21:19:02,302 TX 81 B1 F1 81 A4
2026-10-09 21:19:02,312 RX_ECHO ignored
2026-10-09 21:19:03,303 RX_TIMEOUT service=81 partial=
2026-10-09 21:19:03,303 INIT attempt: no valid C1 with two key bytes
2026-10-09 21:19:03,303 INIT attempt 8/30
2026-10-09 21:19:03,658 INIT host low=26.079 ms high=25.005 ms (not wire measurements)
2026-10-09 21:19:03,659 TX 81 B1 F1 81 A4
2026-10-09 21:19:03,669 RX_ECHO ignored
2026-10-09 21:19:04,664 RX_TIMEOUT service=81 partial=
2026-10-09 21:19:04,665 INIT attempt: no valid C1 with two key bytes
2026-10-09 21:19:04,665 INIT attempt 9/30
2026-10-09 21:19:05,020 INIT host low=26.264 ms high=25.006 ms (not wire measurements)
2026-10-09 21:19:05,020 TX 81 B1 F1 81 A4
2026-10-09 21:19:05,031 RX_ECHO ignored
2026-10-09 21:19:06,027 RX_TIMEOUT service=81 partial=
2026-10-09 21:19:06,027 INIT attempt: no valid C1 with two key bytes
2026-10-09 21:19:06,027 INIT attempt 10/30
2026-10-09 21:19:06,382 INIT host low=26.199 ms high=25.026 ms (not wire measurements)
2026-10-09 21:19:06,383 TX 81 B1 F1 81 A4
2026-10-09 21:19:06,394 RX_ECHO ignored
2026-10-09 21:19:07,392 RX_TIMEOUT service=81 partial=
2026-10-09 21:19:07,393 INIT attempt: no valid C1 with two key bytes
2026-10-09 21:19:07,393 INIT attempt 11/30
2026-10-09 21:19:07,747 INIT host low=26.079 ms high=25.006 ms (not wire measurements)
2026-10-09 21:19:07,748 TX 81 B1 F1 81 A4
2026-10-09 21:19:07,758 RX_ECHO ignored
2026-10-09 21:19:08,749 RX_TIMEOUT service=81 partial=
2026-10-09 21:19:08,749 INIT attempt: no valid C1 with two key bytes
2026-10-09 21:19:08,749 INIT attempt 12/30
2026-10-09 21:19:09,104 INIT host low=26.167 ms high=25.004 ms (not wire measurements)
2026-10-09 21:19:09,105 TX 81 B1 F1 81 A4
2026-10-09 21:19:09,115 RX_ECHO ignored
2026-10-09 21:19:10,106 RX_TIMEOUT service=81 partial=
2026-10-09 21:19:10,107 INIT attempt: no valid C1 with two key bytes
2026-10-09 21:19:10,107 INIT attempt 13/30
2026-10-09 21:19:10,462 INIT host low=26.164 ms high=25.005 ms (not wire measurements)
2026-10-09 21:19:10,463 TX 81 B1 F1 81 A4
2026-10-09 21:19:10,473 RX_ECHO ignored
2026-10-09 21:19:11,469 RX_TIMEOUT service=81 partial=
2026-10-09 21:19:11,469 INIT attempt: no valid C1 with two key bytes
2026-10-09 21:19:11,469 INIT attempt 14/30
2026-10-09 21:19:11,824 INIT host low=26.114 ms high=25.006 ms (not wire measurements)
2026-10-09 21:19:11,824 TX 81 B1 F1 81 A4
2026-10-09 21:19:11,835 RX_ECHO ignored
2026-10-09 21:19:12,832 RX_TIMEOUT service=81 partial=
2026-10-09 21:19:12,832 INIT attempt: no valid C1 with two key bytes
2026-10-09 21:19:12,832 INIT attempt 15/30
2026-10-09 21:19:13,188 INIT host low=26.121 ms high=25.005 ms (not wire measurements)
2026-10-09 21:19:13,188 TX 81 B1 F1 81 A4
2026-10-09 21:19:13,198 RX_ECHO ignored
2026-10-09 21:19:14,189 RX_TIMEOUT service=81 partial=
2026-10-09 21:19:14,189 INIT attempt: no valid C1 with two key bytes
2026-10-09 21:19:14,190 INIT attempt 16/30
2026-10-09 21:19:14,545 INIT host low=25.945 ms high=25.004 ms (not wire measurements)
2026-10-09 21:19:14,545 TX 81 B1 F1 81 A4
2026-10-09 21:19:14,556 RX_ECHO ignored
2026-10-09 21:19:15,554 RX_TIMEOUT service=81 partial=
2026-10-09 21:19:15,554 INIT attempt: no valid C1 with two key bytes
2026-10-09 21:19:15,554 INIT attempt 17/30
2026-10-09 21:19:15,910 INIT host low=26.207 ms high=25.005 ms (not wire measurements)
2026-10-09 21:19:15,910 TX 81 B1 F1 81 A4
2026-10-09 21:19:15,921 RX_ECHO ignored
2026-10-09 21:19:16,920 RX_TIMEOUT service=81 partial=
2026-10-09 21:19:16,921 INIT attempt: no valid C1 with two key bytes
2026-10-09 21:19:16,921 INIT attempt 18/30
2026-10-09 21:19:17,276 INIT host low=26.184 ms high=25.005 ms (not wire measurements)
2026-10-09 21:19:17,276 TX 81 B1 F1 81 A4
2026-10-09 21:19:17,287 RX_ECHO ignored
2026-10-09 21:19:18,282 RX_TIMEOUT service=81 partial=
2026-10-09 21:19:18,282 INIT attempt: no valid C1 with two key bytes
2026-10-09 21:19:18,282 INIT attempt 19/30
2026-10-09 21:19:18,636 INIT host low=26.027 ms high=25.005 ms (not wire measurements)
2026-10-09 21:19:18,637 TX 81 B1 F1 81 A4
2026-10-09 21:19:18,647 RX_ECHO ignored
2026-10-09 21:19:19,640 RX_TIMEOUT service=81 partial=
2026-10-09 21:19:19,641 INIT attempt: no valid C1 with two key bytes
2026-10-09 21:19:19,641 INIT attempt 20/30
2026-10-09 21:19:19,996 INIT host low=26.221 ms high=25.006 ms (not wire measurements)
2026-10-09 21:19:19,997 TX 81 B1 F1 81 A4
2026-10-09 21:19:20,007 RX_ECHO ignored
2026-10-09 21:19:21,006 RX_TIMEOUT service=81 partial=
2026-10-09 21:19:21,006 INIT attempt: no valid C1 with two key bytes
2026-10-09 21:19:21,007 INIT attempt 21/30
2026-10-09 21:19:21,362 INIT host low=26.241 ms high=25.006 ms (not wire measurements)
2026-10-09 21:19:21,362 TX 81 B1 F1 81 A4
2026-10-09 21:19:21,373 RX_ECHO ignored
2026-10-09 21:19:22,375 RX_TIMEOUT service=81 partial=
2026-10-09 21:19:22,375 INIT attempt: no valid C1 with two key bytes
2026-10-09 21:19:22,375 INIT attempt 22/30
2026-10-09 21:19:22,730 INIT host low=26.123 ms high=25.006 ms (not wire measurements)
2026-10-09 21:19:22,730 TX 81 B1 F1 81 A4
2026-10-09 21:19:22,741 RX_ECHO ignored
2026-10-09 21:19:23,739 RX_TIMEOUT service=81 partial=
2026-10-09 21:19:23,739 INIT attempt: no valid C1 with two key bytes
2026-10-09 21:19:23,739 INIT attempt 23/30
2026-10-09 21:19:24,094 INIT host low=26.134 ms high=25.004 ms (not wire measurements)
2026-10-09 21:19:24,095 TX 81 B1 F1 81 A4
2026-10-09 21:19:24,105 RX_ECHO ignored
2026-10-09 21:19:25,097 RX_TIMEOUT service=81 partial=
2026-10-09 21:19:25,097 INIT attempt: no valid C1 with two key bytes
2026-10-09 21:19:25,097 INIT attempt 24/30
2026-10-09 21:19:25,453 INIT host low=26.114 ms high=25.006 ms (not wire measurements)
2026-10-09 21:19:25,453 TX 81 B1 F1 81 A4
2026-10-09 21:19:25,464 RX_ECHO ignored
2026-10-09 21:19:26,460 RX_TIMEOUT service=81 partial=
2026-10-09 21:19:26,460 INIT attempt: no valid C1 with two key bytes
2026-10-09 21:19:26,460 INIT attempt 25/30
2026-10-09 21:19:26,816 INIT host low=26.134 ms high=25.016 ms (not wire measurements)
2026-10-09 21:19:26,816 TX 81 B1 F1 81 A4
2026-10-09 21:19:26,827 RX_ECHO ignored
2026-10-09 21:19:27,819 RX_TIMEOUT service=81 partial=
2026-10-09 21:19:27,819 INIT attempt: no valid C1 with two key bytes
2026-10-09 21:19:27,819 INIT attempt 26/30
2026-10-09 21:19:28,174 INIT host low=25.970 ms high=25.005 ms (not wire measurements)
2026-10-09 21:19:28,174 TX 81 B1 F1 81 A4
2026-10-09 21:19:28,184 RX_ECHO ignored
2026-10-09 21:19:29,180 RX_TIMEOUT service=81 partial=
2026-10-09 21:19:29,181 INIT attempt: no valid C1 with two key bytes
2026-10-09 21:19:29,181 INIT attempt 27/30
2026-10-09 21:19:29,536 INIT host low=26.123 ms high=25.005 ms (not wire measurements)
2026-10-09 21:19:29,537 TX 81 B1 F1 81 A4
2026-10-09 21:19:29,547 RX_ECHO ignored
2026-10-09 21:19:30,543 RX_TIMEOUT service=81 partial=
2026-10-09 21:19:30,543 INIT attempt: no valid C1 with two key bytes
2026-10-09 21:19:30,543 INIT attempt 28/30
2026-10-09 21:19:30,899 INIT host low=26.208 ms high=25.017 ms (not wire measurements)
2026-10-09 21:19:30,899 TX 81 B1 F1 81 A4
2026-10-09 21:19:30,909 RX_ECHO ignored
2026-10-09 21:19:31,905 RX_TIMEOUT service=81 partial=
2026-10-09 21:19:31,905 INIT attempt: no valid C1 with two key bytes
2026-10-09 21:19:31,905 INIT attempt 29/30
2026-10-09 21:19:32,260 INIT host low=25.841 ms high=25.004 ms (not wire measurements)
2026-10-09 21:19:32,260 TX 81 B1 F1 81 A4
2026-10-09 21:19:32,271 RX_ECHO ignored
2026-10-09 21:19:33,273 RX_TIMEOUT service=81 partial=
2026-10-09 21:19:33,273 INIT attempt: no valid C1 with two key bytes
2026-10-09 21:19:33,273 INIT attempt 30/30
2026-10-09 21:19:33,629 INIT host low=26.214 ms high=25.008 ms (not wire measurements)
2026-10-09 21:19:33,629 TX 81 B1 F1 81 A4
2026-10-09 21:19:33,640 RX_ECHO ignored
2026-10-09 21:19:34,629 RX_TIMEOUT service=81 partial=
2026-10-09 21:19:34,630 INIT attempt: no valid C1 with two key bytes
2026-10-09 21:19:34,630 INIT failed: no valid C1 after 30 attempts
2026-10-09 21:19:34,630 PROBE failed: no positive parameter response
