2026-10-10 00:41:56,743 LOG_FILE /Users/alex/IdeaProjects/ELM327wifi/captures/elm-20261010-004156-742913.log
2026-10-10 00:41:56,758 INIT begin target=B1 tester=F1 attempts=60
2026-10-10 00:41:56,758 INIT attempt 1/60
2026-10-10 00:41:57,123 INIT low-baud wakeup 0x00 @360 sent, gap=63.8 ms (not wire measurement)
2026-10-10 00:41:58,142 INIT attempt: no valid C1 with two key bytes
2026-10-10 00:41:58,142 INIT attempt 2/60
2026-10-10 00:41:58,507 INIT low-baud wakeup 0x00 @360 sent, gap=63.5 ms (not wire measurement)
2026-10-10 00:41:59,526 INIT attempt: no valid C1 with two key bytes
2026-10-10 00:41:59,526 INIT attempt 3/60
2026-10-10 00:41:59,891 INIT low-baud wakeup 0x00 @360 sent, gap=63.3 ms (not wire measurement)
2026-10-10 00:42:00,910 INIT attempt: no valid C1 with two key bytes
2026-10-10 00:42:00,910 INIT attempt 4/60
2026-10-10 00:42:01,278 INIT low-baud wakeup 0x00 @360 sent, gap=65.6 ms (not wire measurement)
2026-10-10 00:42:02,291 INIT attempt: no valid C1 with two key bytes
2026-10-10 00:42:02,291 INIT attempt 5/60
2026-10-10 00:42:02,657 INIT low-baud wakeup 0x00 @360 sent, gap=64.0 ms (not wire measurement)
2026-10-10 00:42:03,669 INIT attempt: no valid C1 with two key bytes
2026-10-10 00:42:03,670 INIT attempt 6/60
2026-10-10 00:42:04,036 INIT low-baud wakeup 0x00 @360 sent, gap=63.6 ms (not wire measurement)
2026-10-10 00:42:05,047 INIT attempt: no valid C1 with two key bytes
2026-10-10 00:42:05,048 INIT attempt 7/60
2026-10-10 00:42:05,413 INIT low-baud wakeup 0x00 @360 sent, gap=63.4 ms (not wire measurement)
2026-10-10 00:42:06,430 INIT attempt: no valid C1 with two key bytes
2026-10-10 00:42:06,430 INIT attempt 8/60
2026-10-10 00:42:06,797 INIT low-baud wakeup 0x00 @360 sent, gap=64.6 ms (not wire measurement)
2026-10-10 00:42:07,811 INIT attempt: no valid C1 with two key bytes
2026-10-10 00:42:07,811 INIT attempt 9/60
2026-10-10 00:42:08,176 INIT low-baud wakeup 0x00 @360 sent, gap=62.4 ms (not wire measurement)
2026-10-10 00:42:08,279 INIT success key_bytes=D9 8F
2026-10-10 00:42:08,335 TX 82 B1 F1 21 01 46
2026-10-10 00:42:08,345 RX_ECHO ignored
2026-10-10 00:42:08,414 RX 8B F1 B1 61 01 92 C2 CF 9C 94 B0 00 00 00 92
2026-10-10 00:42:08,414 PROBE success REAL_DATA 8B F1 B1 61 01 92 C2 CF 9C 94 B0 00 00 00 92
