2026-10-09 22:28:11,494 LOG_FILE /Users/alex/IdeaProjects/ELM327wifi/captures/elm-20261009-222811-494576.log
2026-10-09 22:28:11,502 INIT begin target=B1 tester=F1 attempts=30
2026-10-09 22:28:11,502 INIT attempt 1/30
2026-10-09 22:28:11,861 INIT wakeup 0x00 sent, gap=57.3 ms (not wire measurement)
2026-10-09 22:28:11,861 TX 81 B1 F1 81 A4
2026-10-09 22:28:11,872 RX_ECHO ignored
2026-10-09 22:28:12,862 RX_TIMEOUT service=81 partial=
2026-10-09 22:28:12,863 INIT attempt: no valid C1 with two key bytes
2026-10-09 22:28:12,863 INIT attempt 2/30
2026-10-09 22:28:13,224 INIT wakeup 0x00 sent, gap=57.4 ms (not wire measurement)
2026-10-09 22:28:13,225 TX 81 B1 F1 81 A4
2026-10-09 22:28:13,235 RX_ECHO ignored
2026-10-09 22:28:14,228 RX_TIMEOUT service=81 partial=
2026-10-09 22:28:14,229 INIT attempt: no valid C1 with two key bytes
2026-10-09 22:28:14,229 INIT attempt 3/30
2026-10-09 22:28:14,590 INIT wakeup 0x00 sent, gap=57.4 ms (not wire measurement)
2026-10-09 22:28:14,591 TX 81 B1 F1 81 A4
2026-10-09 22:28:14,601 RX_ECHO ignored
2026-10-09 22:28:15,600 RX_TIMEOUT service=81 partial=
2026-10-09 22:28:15,601 INIT attempt: no valid C1 with two key bytes
2026-10-09 22:28:15,601 INIT attempt 4/30
2026-10-09 22:28:15,961 INIT wakeup 0x00 sent, gap=57.3 ms (not wire measurement)
2026-10-09 22:28:15,962 TX 81 B1 F1 81 A4
2026-10-09 22:28:15,972 RX_ECHO ignored
2026-10-09 22:28:16,970 RX_TIMEOUT service=81 partial=
2026-10-09 22:28:16,970 INIT attempt: no valid C1 with two key bytes
2026-10-09 22:28:16,970 INIT attempt 5/30
2026-10-09 22:28:17,330 INIT wakeup 0x00 sent, gap=57.1 ms (not wire measurement)
2026-10-09 22:28:17,330 TX 81 B1 F1 81 A4
2026-10-09 22:28:17,341 RX_ECHO ignored
2026-10-09 22:28:18,341 RX_TIMEOUT service=81 partial=
2026-10-09 22:28:18,341 INIT attempt: no valid C1 with two key bytes
2026-10-09 22:28:18,341 INIT attempt 6/30
2026-10-09 22:28:18,702 INIT wakeup 0x00 sent, gap=57.4 ms (not wire measurement)
2026-10-09 22:28:18,703 TX 81 B1 F1 81 A4
2026-10-09 22:28:18,713 RX_ECHO ignored
2026-10-09 22:28:19,712 RX_TIMEOUT service=81 partial=
2026-10-09 22:28:19,713 INIT attempt: no valid C1 with two key bytes
2026-10-09 22:28:19,713 INIT attempt 7/30
2026-10-09 22:28:20,073 INIT wakeup 0x00 sent, gap=57.4 ms (not wire measurement)
2026-10-09 22:28:20,074 TX 81 B1 F1 81 A4
2026-10-09 22:28:20,085 RX_ECHO ignored
2026-10-09 22:28:21,082 RX_TIMEOUT service=81 partial=
2026-10-09 22:28:21,082 INIT attempt: no valid C1 with two key bytes
2026-10-09 22:28:21,083 INIT attempt 8/30
2026-10-09 22:28:21,443 INIT wakeup 0x00 sent, gap=57.3 ms (not wire measurement)
2026-10-09 22:28:21,444 TX 81 B1 F1 81 A4
2026-10-09 22:28:21,455 RX_ECHO ignored
2026-10-09 22:28:22,451 RX_TIMEOUT service=81 partial=
2026-10-09 22:28:22,452 INIT attempt: no valid C1 with two key bytes
2026-10-09 22:28:22,452 INIT attempt 9/30
2026-10-09 22:28:22,812 INIT wakeup 0x00 sent, gap=57.4 ms (not wire measurement)
2026-10-09 22:28:22,812 TX 81 B1 F1 81 A4
2026-10-09 22:28:22,823 RX_ECHO ignored
2026-10-09 22:28:23,824 RX_TIMEOUT service=81 partial=
2026-10-09 22:28:23,824 INIT attempt: no valid C1 with two key bytes
2026-10-09 22:28:23,824 INIT attempt 10/30
2026-10-09 22:28:24,185 INIT wakeup 0x00 sent, gap=57.4 ms (not wire measurement)
2026-10-09 22:28:24,185 TX 81 B1 F1 81 A4
2026-10-09 22:28:24,196 RX_ECHO ignored
2026-10-09 22:28:25,190 RX_TIMEOUT service=81 partial=
2026-10-09 22:28:25,190 INIT attempt: no valid C1 with two key bytes
2026-10-09 22:28:25,191 INIT attempt 11/30
2026-10-09 22:28:25,551 INIT wakeup 0x00 sent, gap=57.4 ms (not wire measurement)
2026-10-09 22:28:25,552 TX 81 B1 F1 81 A4
2026-10-09 22:28:25,563 RX_ECHO ignored
2026-10-09 22:28:26,556 RX_TIMEOUT service=81 partial=
2026-10-09 22:28:26,557 INIT attempt: no valid C1 with two key bytes
2026-10-09 22:28:26,557 INIT attempt 12/30
2026-10-09 22:28:26,917 INIT wakeup 0x00 sent, gap=57.3 ms (not wire measurement)
2026-10-09 22:28:26,918 TX 81 B1 F1 81 A4
2026-10-09 22:28:26,928 RX_ECHO ignored
2026-10-09 22:28:27,929 RX_TIMEOUT service=81 partial=
2026-10-09 22:28:27,930 INIT attempt: no valid C1 with two key bytes
2026-10-09 22:28:27,930 INIT attempt 13/30
2026-10-09 22:28:28,291 INIT wakeup 0x00 sent, gap=57.3 ms (not wire measurement)
2026-10-09 22:28:28,291 TX 81 B1 F1 81 A4
2026-10-09 22:28:28,302 RX_ECHO ignored
2026-10-09 22:28:29,292 RX_TIMEOUT service=81 partial=
2026-10-09 22:28:29,292 INIT attempt: no valid C1 with two key bytes
2026-10-09 22:28:29,292 INIT attempt 14/30
2026-10-09 22:28:29,653 INIT wakeup 0x00 sent, gap=57.4 ms (not wire measurement)
2026-10-09 22:28:29,654 TX 81 B1 F1 81 A4
2026-10-09 22:28:29,664 RX_ECHO ignored
2026-10-09 22:28:30,664 RX_TIMEOUT service=81 partial=
2026-10-09 22:28:30,665 INIT attempt: no valid C1 with two key bytes
2026-10-09 22:28:30,665 INIT attempt 15/30
2026-10-09 22:28:31,028 INIT wakeup 0x00 sent, gap=57.4 ms (not wire measurement)
2026-10-09 22:28:31,029 TX 81 B1 F1 81 A4
2026-10-09 22:28:31,039 RX_ECHO ignored
2026-10-09 22:28:32,038 RX_TIMEOUT service=81 partial=
2026-10-09 22:28:32,038 INIT attempt: no valid C1 with two key bytes
2026-10-09 22:28:32,038 INIT attempt 16/30
2026-10-09 22:28:32,399 INIT wakeup 0x00 sent, gap=57.3 ms (not wire measurement)
2026-10-09 22:28:32,399 TX 81 B1 F1 81 A4
2026-10-09 22:28:32,410 RX_ECHO ignored
2026-10-09 22:28:33,408 RX_TIMEOUT service=81 partial=
2026-10-09 22:28:33,408 INIT attempt: no valid C1 with two key bytes
2026-10-09 22:28:33,409 INIT attempt 17/30
2026-10-09 22:28:33,769 INIT wakeup 0x00 sent, gap=57.4 ms (not wire measurement)
2026-10-09 22:28:33,770 TX 81 B1 F1 81 A4
2026-10-09 22:28:33,781 RX_ECHO ignored
2026-10-09 22:28:34,774 RX_TIMEOUT service=81 partial=
2026-10-09 22:28:34,775 INIT attempt: no valid C1 with two key bytes
2026-10-09 22:28:34,775 INIT attempt 18/30
2026-10-09 22:28:35,135 INIT wakeup 0x00 sent, gap=57.4 ms (not wire measurement)
2026-10-09 22:28:35,136 TX 81 B1 F1 81 A4
2026-10-09 22:28:35,147 RX_ECHO ignored
