2026-10-09 22:36:30,796 LOG_FILE /Users/alex/IdeaProjects/ELM327wifi/captures/elm-20261009-223630-796608.log
2026-10-09 22:36:30,840 INIT begin target=B1 tester=F1 attempts=30
2026-10-09 22:36:30,840 INIT attempt 1/30
2026-10-09 22:36:31,202 INIT wakeup 0x00 sent, gap=57.4 ms (not wire measurement)
2026-10-09 22:36:31,202 TX 81 B1 F1 81 A4
2026-10-09 22:36:31,213 RX 88 F1 B1 58 02 13 89 00 13 28 00 5B
2026-10-09 22:36:31,214 RX_ECHO ignored
2026-10-09 22:36:31,236 RX 88 F1 B1 58 02 13 89 00 13 28 00 5B
2026-10-09 22:36:31,936 RX 88 F1 B1 58 02 13 89 00 13 28 00 5B
2026-10-09 22:36:32,211 RX_TIMEOUT service=81 partial=
2026-10-09 22:36:32,212 INIT attempt: no valid C1 with two key bytes
2026-10-09 22:36:32,212 INIT attempt 2/30
2026-10-09 22:36:32,572 INIT wakeup 0x00 sent, gap=57.2 ms (not wire measurement)
2026-10-09 22:36:32,572 TX 81 B1 F1 81 A4
2026-10-09 22:36:32,582 RX_ECHO ignored
2026-10-09 22:36:33,574 RX_TIMEOUT service=81 partial=
2026-10-09 22:36:33,574 INIT attempt: no valid C1 with two key bytes
2026-10-09 22:36:33,574 INIT attempt 3/30
2026-10-09 22:36:33,935 INIT wakeup 0x00 sent, gap=57.5 ms (not wire measurement)
2026-10-09 22:36:33,937 TX 81 B1 F1 81 A4
2026-10-09 22:36:33,947 RX_ECHO ignored
2026-10-09 22:36:34,942 RX_TIMEOUT service=81 partial=
2026-10-09 22:36:34,942 INIT attempt: no valid C1 with two key bytes
2026-10-09 22:36:34,942 INIT attempt 4/30
2026-10-09 22:36:35,302 INIT wakeup 0x00 sent, gap=57.4 ms (not wire measurement)
2026-10-09 22:36:35,302 TX 81 B1 F1 81 A4
2026-10-09 22:36:35,313 RX_ECHO ignored
2026-10-09 22:36:36,305 RX_TIMEOUT service=81 partial=
2026-10-09 22:36:36,306 INIT attempt: no valid C1 with two key bytes
2026-10-09 22:36:36,306 INIT attempt 5/30
2026-10-09 22:36:36,666 INIT wakeup 0x00 sent, gap=57.4 ms (not wire measurement)
2026-10-09 22:36:36,667 TX 81 B1 F1 81 A4
2026-10-09 22:36:36,677 RX_ECHO ignored
2026-10-09 22:36:37,676 RX_TIMEOUT service=81 partial=
2026-10-09 22:36:37,677 INIT attempt: no valid C1 with two key bytes
2026-10-09 22:36:37,677 INIT attempt 6/30
2026-10-09 22:36:38,037 INIT wakeup 0x00 sent, gap=57.3 ms (not wire measurement)
2026-10-09 22:36:38,038 TX 81 B1 F1 81 A4
2026-10-09 22:36:38,048 RX_ECHO ignored
2026-10-09 22:36:38,193 RX_ECHO ignored
2026-10-09 22:36:39,038 RX_TIMEOUT service=81 partial=00
2026-10-09 22:36:39,038 INIT attempt: no valid C1 with two key bytes
2026-10-09 22:36:39,038 INIT attempt 7/30
2026-10-09 22:36:39,398 INIT wakeup 0x00 sent, gap=57.4 ms (not wire measurement)
2026-10-09 22:36:39,399 TX 81 B1 F1 81 A4
2026-10-09 22:36:39,410 RX_ECHO ignored
2026-10-09 22:36:40,400 RX_TIMEOUT service=81 partial=
2026-10-09 22:36:40,401 INIT attempt: no valid C1 with two key bytes
2026-10-09 22:36:40,401 INIT attempt 8/30
2026-10-09 22:36:40,761 INIT wakeup 0x00 sent, gap=57.4 ms (not wire measurement)
2026-10-09 22:36:40,762 TX 81 B1 F1 81 A4
2026-10-09 22:36:40,772 RX_ECHO ignored
2026-10-09 22:36:41,768 RX_TIMEOUT service=81 partial=
2026-10-09 22:36:41,769 INIT attempt: no valid C1 with two key bytes
2026-10-09 22:36:41,769 INIT attempt 9/30
2026-10-09 22:36:42,130 INIT wakeup 0x00 sent, gap=57.4 ms (not wire measurement)
2026-10-09 22:36:42,131 TX 81 B1 F1 81 A4
2026-10-09 22:36:42,141 RX_ECHO ignored
2026-10-09 22:36:43,134 RX_TIMEOUT service=81 partial=
2026-10-09 22:36:43,135 INIT attempt: no valid C1 with two key bytes
2026-10-09 22:36:43,135 INIT attempt 10/30
2026-10-09 22:36:43,495 INIT wakeup 0x00 sent, gap=57.4 ms (not wire measurement)
2026-10-09 22:36:43,496 TX 81 B1 F1 81 A4
2026-10-09 22:36:43,507 RX_ECHO ignored
2026-10-09 22:36:44,502 RX_TIMEOUT service=81 partial=
2026-10-09 22:36:44,502 INIT attempt: no valid C1 with two key bytes
2026-10-09 22:36:44,502 INIT attempt 11/30
2026-10-09 22:36:44,863 INIT wakeup 0x00 sent, gap=57.2 ms (not wire measurement)
2026-10-09 22:36:44,864 TX 81 B1 F1 81 A4
2026-10-09 22:36:44,874 RX_ECHO ignored
2026-10-09 22:36:45,870 RX_TIMEOUT service=81 partial=
2026-10-09 22:36:45,871 INIT attempt: no valid C1 with two key bytes
2026-10-09 22:36:45,871 INIT attempt 12/30
2026-10-09 22:36:46,231 INIT wakeup 0x00 sent, gap=57.2 ms (not wire measurement)
2026-10-09 22:36:46,232 TX 81 B1 F1 81 A4
2026-10-09 22:36:46,243 RX_ECHO ignored
2026-10-09 22:36:47,235 RX_TIMEOUT service=81 partial=
2026-10-09 22:36:47,235 INIT attempt: no valid C1 with two key bytes
2026-10-09 22:36:47,235 INIT attempt 13/30
2026-10-09 22:36:47,595 INIT wakeup 0x00 sent, gap=57.3 ms (not wire measurement)
2026-10-09 22:36:47,595 TX 81 B1 F1 81 A4
2026-10-09 22:36:47,606 RX_ECHO ignored
2026-10-09 22:36:48,603 RX_TIMEOUT service=81 partial=00 80 B1 F1 81 A4
2026-10-09 22:36:48,604 INIT attempt: no valid C1 with two key bytes
2026-10-09 22:36:48,604 INIT attempt 14/30
2026-10-09 22:36:48,964 INIT wakeup 0x00 sent, gap=57.3 ms (not wire measurement)
2026-10-09 22:36:48,965 TX 81 B1 F1 81 A4
2026-10-09 22:36:48,975 RX_ECHO ignored
2026-10-09 22:36:49,973 RX_TIMEOUT service=81 partial=FC
2026-10-09 22:36:49,974 INIT attempt: no valid C1 with two key bytes
2026-10-09 22:36:49,974 INIT attempt 15/30
2026-10-09 22:36:50,334 INIT wakeup 0x00 sent, gap=57.4 ms (not wire measurement)
2026-10-09 22:36:50,334 TX 81 B1 F1 81 A4
2026-10-09 22:36:50,345 RX_ECHO ignored
2026-10-09 22:36:51,340 RX_TIMEOUT service=81 partial=
2026-10-09 22:36:51,340 INIT attempt: no valid C1 with two key bytes
2026-10-09 22:36:51,340 INIT attempt 16/30
2026-10-09 22:36:51,700 INIT wakeup 0x00 sent, gap=57.3 ms (not wire measurement)
2026-10-09 22:36:51,701 TX 81 B1 F1 81 A4
2026-10-09 22:36:51,712 RX_ECHO ignored
2026-10-09 22:36:52,705 RX_TIMEOUT service=81 partial=
2026-10-09 22:36:52,706 INIT attempt: no valid C1 with two key bytes
2026-10-09 22:36:52,706 INIT attempt 17/30
2026-10-09 22:36:53,066 INIT wakeup 0x00 sent, gap=57.4 ms (not wire measurement)
2026-10-09 22:36:53,067 TX 81 B1 F1 81 A4
2026-10-09 22:36:53,078 RX_ECHO ignored
2026-10-09 22:36:54,076 RX_TIMEOUT service=81 partial=
2026-10-09 22:36:54,078 INIT attempt: no valid C1 with two key bytes
2026-10-09 22:36:54,078 INIT attempt 18/30
2026-10-09 22:36:54,439 INIT wakeup 0x00 sent, gap=57.4 ms (not wire measurement)
2026-10-09 22:36:54,440 TX 81 B1 F1 81 A4
2026-10-09 22:36:54,450 RX_ECHO ignored
2026-10-09 22:36:55,451 RX_TIMEOUT service=81 partial=
2026-10-09 22:36:55,451 INIT attempt: no valid C1 with two key bytes
2026-10-09 22:36:55,451 INIT attempt 19/30
2026-10-09 22:36:55,812 INIT wakeup 0x00 sent, gap=57.4 ms (not wire measurement)
2026-10-09 22:36:55,812 TX 81 B1 F1 81 A4
2026-10-09 22:36:55,822 RX_ECHO ignored
2026-10-09 22:36:56,820 RX_TIMEOUT service=81 partial=00 80 B1 F1 81 A4
2026-10-09 22:36:56,821 INIT attempt: no valid C1 with two key bytes
2026-10-09 22:36:56,821 INIT attempt 20/30
2026-10-09 22:36:57,180 INIT wakeup 0x00 sent, gap=57.3 ms (not wire measurement)
2026-10-09 22:36:57,181 TX 81 B1 F1 81 A4
2026-10-09 22:36:57,191 RX_ECHO ignored
2026-10-09 22:36:58,189 RX_TIMEOUT service=81 partial=00 80 B1 F1 81 A4
2026-10-09 22:36:58,190 INIT attempt: no valid C1 with two key bytes
2026-10-09 22:36:58,190 INIT attempt 21/30
2026-10-09 22:36:58,550 INIT wakeup 0x00 sent, gap=57.4 ms (not wire measurement)
2026-10-09 22:36:58,551 TX 81 B1 F1 81 A4
2026-10-09 22:36:58,562 RX_ECHO ignored
2026-10-09 22:36:59,555 RX_TIMEOUT service=81 partial=00 80 B1 F1 81 A4
2026-10-09 22:36:59,556 INIT attempt: no valid C1 with two key bytes
2026-10-09 22:36:59,556 INIT attempt 22/30
2026-10-09 22:36:59,917 INIT wakeup 0x00 sent, gap=57.4 ms (not wire measurement)
2026-10-09 22:36:59,917 TX 81 B1 F1 81 A4
2026-10-09 22:36:59,928 RX_ECHO ignored
2026-10-09 22:37:00,925 RX_TIMEOUT service=81 partial=FD FF 00 80 B1 F1 81 A4
2026-10-09 22:37:00,926 INIT attempt: no valid C1 with two key bytes
2026-10-09 22:37:00,926 INIT attempt 23/30
2026-10-09 22:37:01,287 INIT wakeup 0x00 sent, gap=57.4 ms (not wire measurement)
2026-10-09 22:37:01,287 TX 81 B1 F1 81 A4
2026-10-09 22:37:01,298 RX_ECHO ignored
2026-10-09 22:37:01,642 RX_ECHO ignored
2026-10-09 22:37:02,291 RX_TIMEOUT service=81 partial=
2026-10-09 22:37:02,291 INIT attempt: no valid C1 with two key bytes
2026-10-09 22:37:02,291 INIT attempt 24/30
2026-10-09 22:37:02,652 INIT wakeup 0x00 sent, gap=57.5 ms (not wire measurement)
2026-10-09 22:37:02,653 TX 81 B1 F1 81 A4
2026-10-09 22:37:02,664 RX_ECHO ignored
2026-10-09 22:37:03,663 RX_TIMEOUT service=81 partial=
2026-10-09 22:37:03,663 INIT attempt: no valid C1 with two key bytes
2026-10-09 22:37:03,663 INIT attempt 25/30
2026-10-09 22:37:04,024 INIT wakeup 0x00 sent, gap=57.2 ms (not wire measurement)
2026-10-09 22:37:04,025 TX 81 B1 F1 81 A4
2026-10-09 22:37:04,035 RX_ECHO ignored
2026-10-09 22:37:05,027 RX_TIMEOUT service=81 partial=
2026-10-09 22:37:05,027 INIT attempt: no valid C1 with two key bytes
2026-10-09 22:37:05,028 INIT attempt 26/30
2026-10-09 22:37:05,388 INIT wakeup 0x00 sent, gap=57.4 ms (not wire measurement)
2026-10-09 22:37:05,389 TX 81 B1 F1 81 A4
2026-10-09 22:37:05,400 RX_ECHO ignored
2026-10-09 22:37:06,397 RX_TIMEOUT service=81 partial=
2026-10-09 22:37:06,397 INIT attempt: no valid C1 with two key bytes
2026-10-09 22:37:06,398 INIT attempt 27/30
2026-10-09 22:37:06,758 INIT wakeup 0x00 sent, gap=57.3 ms (not wire measurement)
2026-10-09 22:37:06,758 TX 81 B1 F1 81 A4
2026-10-09 22:37:06,768 RX_ECHO ignored
2026-10-09 22:37:07,764 RX_TIMEOUT service=81 partial=
2026-10-09 22:37:07,765 INIT attempt: no valid C1 with two key bytes
2026-10-09 22:37:07,765 INIT attempt 28/30
2026-10-09 22:37:08,126 INIT wakeup 0x00 sent, gap=57.4 ms (not wire measurement)
2026-10-09 22:37:08,126 TX 81 B1 F1 81 A4
2026-10-09 22:37:08,137 RX_ECHO ignored
2026-10-09 22:37:09,137 RX_TIMEOUT service=81 partial=
2026-10-09 22:37:09,138 INIT attempt: no valid C1 with two key bytes
2026-10-09 22:37:09,138 INIT attempt 29/30
2026-10-09 22:37:09,498 INIT wakeup 0x00 sent, gap=57.4 ms (not wire measurement)
2026-10-09 22:37:09,499 TX 81 B1 F1 81 A4
2026-10-09 22:37:09,510 RX_ECHO ignored
2026-10-09 22:37:10,509 RX_TIMEOUT service=81 partial=
2026-10-09 22:37:10,510 INIT attempt: no valid C1 with two key bytes
2026-10-09 22:37:10,510 INIT attempt 30/30
2026-10-09 22:37:10,870 INIT wakeup 0x00 sent, gap=57.4 ms (not wire measurement)
2026-10-09 22:37:10,871 TX 81 B1 F1 81 A4
2026-10-09 22:37:10,882 RX_ECHO ignored
2026-10-09 22:37:11,880 RX_TIMEOUT service=81 partial=
2026-10-09 22:37:11,881 INIT attempt: no valid C1 with two key bytes
2026-10-09 22:37:11,881 INIT failed: no valid C1 after 30 attempts
2026-10-09 22:37:11,882 PROBE failed: no positive parameter response
