2026-10-09 23:09:45,048 LOG_FILE /Users/alex/IdeaProjects/ELM327wifi/captures/elm-20261009-230945-048532.log
2026-10-09 23:09:45,058 INIT begin target=B1 tester=F1 attempts=30
2026-10-09 23:09:45,058 INIT attempt 1/30
2026-10-09 23:09:45,418 INIT wakeup 0x00 sent, gap=57.5 ms (not wire measurement)
2026-10-09 23:09:45,419 TX 81 B1 F1 81 A4
2026-10-09 23:09:45,432 RX_ECHO ignored
2026-10-09 23:09:46,427 RX_TIMEOUT service=81 partial=
2026-10-09 23:09:46,428 INIT attempt: no valid C1 with two key bytes
2026-10-09 23:09:46,428 INIT attempt 2/30
2026-10-09 23:09:46,787 INIT wakeup 0x00 sent, gap=57.3 ms (not wire measurement)
2026-10-09 23:09:46,788 TX 81 B1 F1 81 A4
2026-10-09 23:09:46,798 RX_ECHO ignored
2026-10-09 23:09:47,789 RX_TIMEOUT service=81 partial=
2026-10-09 23:09:47,790 INIT attempt: no valid C1 with two key bytes
2026-10-09 23:09:47,790 INIT attempt 3/30
2026-10-09 23:09:48,149 INIT wakeup 0x00 sent, gap=57.4 ms (not wire measurement)
2026-10-09 23:09:48,150 TX 81 B1 F1 81 A4
2026-10-09 23:09:48,160 RX_ECHO ignored
2026-10-09 23:09:49,157 RX_TIMEOUT service=81 partial=
2026-10-09 23:09:49,158 INIT attempt: no valid C1 with two key bytes
2026-10-09 23:09:49,158 INIT attempt 4/30
2026-10-09 23:09:49,518 INIT wakeup 0x00 sent, gap=57.4 ms (not wire measurement)
2026-10-09 23:09:49,519 TX 81 B1 F1 81 A4
2026-10-09 23:09:49,529 RX_ECHO ignored
2026-10-09 23:09:50,527 RX_TIMEOUT service=81 partial=
2026-10-09 23:09:50,527 INIT attempt: no valid C1 with two key bytes
2026-10-09 23:09:50,527 INIT attempt 5/30
2026-10-09 23:09:50,887 INIT wakeup 0x00 sent, gap=57.4 ms (not wire measurement)
2026-10-09 23:09:50,888 TX 81 B1 F1 81 A4
2026-10-09 23:09:50,899 RX_ECHO ignored
2026-10-09 23:09:51,889 RX_TIMEOUT service=81 partial=
2026-10-09 23:09:51,889 INIT attempt: no valid C1 with two key bytes
2026-10-09 23:09:51,889 INIT attempt 6/30
2026-10-09 23:09:52,250 INIT wakeup 0x00 sent, gap=57.4 ms (not wire measurement)
2026-10-09 23:09:52,250 TX 81 B1 F1 81 A4
2026-10-09 23:09:52,261 RX_ECHO ignored
2026-10-09 23:09:53,260 RX_TIMEOUT service=81 partial=
2026-10-09 23:09:53,261 INIT attempt: no valid C1 with two key bytes
2026-10-09 23:09:53,261 INIT attempt 7/30
2026-10-09 23:09:53,620 INIT wakeup 0x00 sent, gap=57.4 ms (not wire measurement)
2026-10-09 23:09:53,621 TX 81 B1 F1 81 A4
2026-10-09 23:09:53,632 RX_ECHO ignored
2026-10-09 23:09:54,623 RX_TIMEOUT service=81 partial=
2026-10-09 23:09:54,623 INIT attempt: no valid C1 with two key bytes
2026-10-09 23:09:54,623 INIT attempt 8/30
2026-10-09 23:09:54,983 INIT wakeup 0x00 sent, gap=57.4 ms (not wire measurement)
2026-10-09 23:09:54,983 TX 81 B1 F1 81 A4
2026-10-09 23:09:54,994 RX_ECHO ignored
2026-10-09 23:09:55,994 RX_TIMEOUT service=81 partial=
2026-10-09 23:09:55,994 INIT attempt: no valid C1 with two key bytes
2026-10-09 23:09:55,994 INIT attempt 9/30
2026-10-09 23:09:56,354 INIT wakeup 0x00 sent, gap=57.4 ms (not wire measurement)
2026-10-09 23:09:56,355 TX 81 B1 F1 81 A4
2026-10-09 23:09:56,365 RX_ECHO ignored
2026-10-09 23:09:57,363 RX_TIMEOUT service=81 partial=
2026-10-09 23:09:57,363 INIT attempt: no valid C1 with two key bytes
2026-10-09 23:09:57,363 INIT attempt 10/30
2026-10-09 23:09:57,722 INIT wakeup 0x00 sent, gap=57.4 ms (not wire measurement)
2026-10-09 23:09:57,723 TX 81 B1 F1 81 A4
2026-10-09 23:09:57,734 RX_ECHO ignored
2026-10-09 23:09:58,726 RX_TIMEOUT service=81 partial=
2026-10-09 23:09:58,727 INIT attempt: no valid C1 with two key bytes
2026-10-09 23:09:58,727 INIT attempt 11/30
2026-10-09 23:09:59,087 INIT wakeup 0x00 sent, gap=57.4 ms (not wire measurement)
2026-10-09 23:09:59,087 TX 81 B1 F1 81 A4
2026-10-09 23:09:59,098 RX_ECHO ignored
2026-10-09 23:10:00,095 RX_TIMEOUT service=81 partial=
2026-10-09 23:10:00,095 INIT attempt: no valid C1 with two key bytes
2026-10-09 23:10:00,095 INIT attempt 12/30
2026-10-09 23:10:00,456 INIT wakeup 0x00 sent, gap=57.4 ms (not wire measurement)
2026-10-09 23:10:00,456 TX 81 B1 F1 81 A4
2026-10-09 23:10:00,467 RX_ECHO ignored
2026-10-09 23:10:01,457 RX_TIMEOUT service=81 partial=
2026-10-09 23:10:01,457 INIT attempt: no valid C1 with two key bytes
2026-10-09 23:10:01,457 INIT attempt 13/30
2026-10-09 23:10:01,817 INIT wakeup 0x00 sent, gap=57.3 ms (not wire measurement)
2026-10-09 23:10:01,817 TX 81 B1 F1 81 A4
2026-10-09 23:10:01,828 RX_ECHO ignored
2026-10-09 23:10:02,819 RX_TIMEOUT service=81 partial=
2026-10-09 23:10:02,820 INIT attempt: no valid C1 with two key bytes
2026-10-09 23:10:02,820 INIT attempt 14/30
2026-10-09 23:10:03,180 INIT wakeup 0x00 sent, gap=57.3 ms (not wire measurement)
2026-10-09 23:10:03,181 TX 81 B1 F1 81 A4
2026-10-09 23:10:03,191 RX_ECHO ignored
2026-10-09 23:10:04,183 RX_TIMEOUT service=81 partial=
2026-10-09 23:10:04,184 INIT attempt: no valid C1 with two key bytes
2026-10-09 23:10:04,184 INIT attempt 15/30
2026-10-09 23:10:04,544 INIT wakeup 0x00 sent, gap=57.4 ms (not wire measurement)
2026-10-09 23:10:04,545 TX 81 B1 F1 81 A4
2026-10-09 23:10:04,556 RX_ECHO ignored
2026-10-09 23:10:05,546 RX_TIMEOUT service=81 partial=
2026-10-09 23:10:05,547 INIT attempt: no valid C1 with two key bytes
2026-10-09 23:10:05,547 INIT attempt 16/30
2026-10-09 23:10:05,907 INIT wakeup 0x00 sent, gap=57.4 ms (not wire measurement)
2026-10-09 23:10:05,907 TX 81 B1 F1 81 A4
2026-10-09 23:10:05,917 RX_ECHO ignored
2026-10-09 23:10:06,915 RX_TIMEOUT service=81 partial=
2026-10-09 23:10:06,916 INIT attempt: no valid C1 with two key bytes
2026-10-09 23:10:06,916 INIT attempt 17/30
2026-10-09 23:10:07,275 INIT wakeup 0x00 sent, gap=57.3 ms (not wire measurement)
2026-10-09 23:10:07,276 TX 81 B1 F1 81 A4
2026-10-09 23:10:07,286 RX_ECHO ignored
2026-10-09 23:10:08,289 RX_TIMEOUT service=81 partial=
2026-10-09 23:10:08,289 INIT attempt: no valid C1 with two key bytes
2026-10-09 23:10:08,289 INIT attempt 18/30
2026-10-09 23:10:08,650 INIT wakeup 0x00 sent, gap=57.4 ms (not wire measurement)
2026-10-09 23:10:08,651 TX 81 B1 F1 81 A4
2026-10-09 23:10:08,661 RX_ECHO ignored
2026-10-09 23:10:09,656 RX_TIMEOUT service=81 partial=
2026-10-09 23:10:09,657 INIT attempt: no valid C1 with two key bytes
2026-10-09 23:10:09,657 INIT attempt 19/30
2026-10-09 23:10:10,017 INIT wakeup 0x00 sent, gap=57.4 ms (not wire measurement)
2026-10-09 23:10:10,018 TX 81 B1 F1 81 A4
2026-10-09 23:10:10,028 RX_ECHO ignored
2026-10-09 23:10:11,026 RX_TIMEOUT service=81 partial=
2026-10-09 23:10:11,027 INIT attempt: no valid C1 with two key bytes
2026-10-09 23:10:11,027 INIT attempt 20/30
2026-10-09 23:10:11,388 INIT wakeup 0x00 sent, gap=57.4 ms (not wire measurement)
2026-10-09 23:10:11,389 TX 81 B1 F1 81 A4
2026-10-09 23:10:11,399 RX_ECHO ignored
2026-10-09 23:10:12,398 RX_TIMEOUT service=81 partial=
2026-10-09 23:10:12,399 INIT attempt: no valid C1 with two key bytes
2026-10-09 23:10:12,399 INIT attempt 21/30
2026-10-09 23:10:12,760 INIT wakeup 0x00 sent, gap=57.4 ms (not wire measurement)
2026-10-09 23:10:12,760 TX 81 B1 F1 81 A4
2026-10-09 23:10:12,771 RX_ECHO ignored
2026-10-09 23:10:13,772 RX_TIMEOUT service=81 partial=
2026-10-09 23:10:13,773 INIT attempt: no valid C1 with two key bytes
2026-10-09 23:10:13,773 INIT attempt 22/30
2026-10-09 23:10:14,133 INIT wakeup 0x00 sent, gap=57.3 ms (not wire measurement)
2026-10-09 23:10:14,133 TX 81 B1 F1 81 A4
2026-10-09 23:10:14,144 RX_ECHO ignored
2026-10-09 23:10:15,144 RX_TIMEOUT service=81 partial=
2026-10-09 23:10:15,145 INIT attempt: no valid C1 with two key bytes
2026-10-09 23:10:15,145 INIT attempt 23/30
2026-10-09 23:10:15,505 INIT wakeup 0x00 sent, gap=57.3 ms (not wire measurement)
2026-10-09 23:10:15,505 TX 81 B1 F1 81 A4
2026-10-09 23:10:15,516 RX_ECHO ignored
2026-10-09 23:10:16,513 RX_TIMEOUT service=81 partial=
2026-10-09 23:10:16,513 INIT attempt: no valid C1 with two key bytes
2026-10-09 23:10:16,514 INIT attempt 24/30
2026-10-09 23:10:16,874 INIT wakeup 0x00 sent, gap=57.3 ms (not wire measurement)
2026-10-09 23:10:16,874 TX 81 B1 F1 81 A4
2026-10-09 23:10:16,885 RX_ECHO ignored
2026-10-09 23:10:17,877 RX_TIMEOUT service=81 partial=
2026-10-09 23:10:17,878 INIT attempt: no valid C1 with two key bytes
2026-10-09 23:10:17,878 INIT attempt 25/30
2026-10-09 23:10:18,238 INIT wakeup 0x00 sent, gap=57.4 ms (not wire measurement)
2026-10-09 23:10:18,239 TX 81 B1 F1 81 A4
2026-10-09 23:10:18,250 RX_ECHO ignored
2026-10-09 23:10:19,244 RX_TIMEOUT service=81 partial=
2026-10-09 23:10:19,244 INIT attempt: no valid C1 with two key bytes
2026-10-09 23:10:19,244 INIT attempt 26/30
2026-10-09 23:10:19,604 INIT wakeup 0x00 sent, gap=57.4 ms (not wire measurement)
2026-10-09 23:10:19,605 TX 81 B1 F1 81 A4
2026-10-09 23:10:19,615 RX_ECHO ignored
2026-10-09 23:10:20,612 RX_TIMEOUT service=81 partial=
2026-10-09 23:10:20,612 INIT attempt: no valid C1 with two key bytes
2026-10-09 23:10:20,612 INIT attempt 27/30
2026-10-09 23:10:20,973 INIT wakeup 0x00 sent, gap=57.3 ms (not wire measurement)
2026-10-09 23:10:20,973 TX 81 B1 F1 81 A4
2026-10-09 23:10:20,984 RX_ECHO ignored
2026-10-09 23:10:21,986 RX_TIMEOUT service=81 partial=
2026-10-09 23:10:21,987 INIT attempt: no valid C1 with two key bytes
2026-10-09 23:10:21,987 INIT attempt 28/30
2026-10-09 23:10:22,348 INIT wakeup 0x00 sent, gap=57.4 ms (not wire measurement)
2026-10-09 23:10:22,348 TX 81 B1 F1 81 A4
2026-10-09 23:10:22,359 RX_ECHO ignored
2026-10-09 23:10:23,352 RX_TIMEOUT service=81 partial=
2026-10-09 23:10:23,352 INIT attempt: no valid C1 with two key bytes
2026-10-09 23:10:23,353 INIT attempt 29/30
2026-10-09 23:10:23,713 INIT wakeup 0x00 sent, gap=57.4 ms (not wire measurement)
2026-10-09 23:10:23,714 TX 81 B1 F1 81 A4
2026-10-09 23:10:23,724 RX_ECHO ignored
2026-10-09 23:10:24,724 RX_TIMEOUT service=81 partial=
2026-10-09 23:10:24,725 INIT attempt: no valid C1 with two key bytes
2026-10-09 23:10:24,725 INIT attempt 30/30
2026-10-09 23:10:25,085 INIT wakeup 0x00 sent, gap=57.3 ms (not wire measurement)
2026-10-09 23:10:25,086 TX 81 B1 F1 81 A4
2026-10-09 23:10:25,096 RX_ECHO ignored
2026-10-09 23:10:26,094 RX_TIMEOUT service=81 partial=
2026-10-09 23:10:26,094 INIT attempt: no valid C1 with two key bytes
2026-10-09 23:10:26,094 INIT failed: no valid C1 after 30 attempts
2026-10-09 23:10:26,094 PROBE failed: no positive parameter response
