2026-10-09 21:39:32,941 LOG_FILE /Users/alex/IdeaProjects/ELM327wifi/captures/elm-20261009-213932-940895.log
2026-10-09 21:39:32,987 INIT begin target=B1 tester=F1 attempts=30
2026-10-09 21:39:32,987 INIT attempt 1/30
2026-10-09 21:39:33,348 INIT wakeup 0x00 sent, gap=57.4 ms (not wire measurement)
2026-10-09 21:39:33,349 TX 81 B1 F1 81 A4
2026-10-09 21:39:33,360 RX_ECHO ignored
2026-10-09 21:39:34,358 RX_TIMEOUT service=81 partial=
2026-10-09 21:39:34,359 INIT attempt: no valid C1 with two key bytes
2026-10-09 21:39:34,359 INIT attempt 2/30
2026-10-09 21:39:34,718 INIT wakeup 0x00 sent, gap=57.3 ms (not wire measurement)
2026-10-09 21:39:34,718 TX 81 B1 F1 81 A4
2026-10-09 21:39:34,729 RX_ECHO ignored
2026-10-09 21:39:35,719 RX_TIMEOUT service=81 partial=
2026-10-09 21:39:35,720 INIT attempt: no valid C1 with two key bytes
2026-10-09 21:39:35,720 INIT attempt 3/30
2026-10-09 21:39:36,080 INIT wakeup 0x00 sent, gap=57.3 ms (not wire measurement)
2026-10-09 21:39:36,081 TX 81 B1 F1 81 A4
2026-10-09 21:39:36,092 RX_ECHO ignored
2026-10-09 21:39:37,091 RX_TIMEOUT service=81 partial=
2026-10-09 21:39:37,092 INIT attempt: no valid C1 with two key bytes
2026-10-09 21:39:37,092 INIT attempt 4/30
2026-10-09 21:39:37,451 INIT wakeup 0x00 sent, gap=57.3 ms (not wire measurement)
2026-10-09 21:39:37,452 TX 81 B1 F1 81 A4
2026-10-09 21:39:37,462 RX_ECHO ignored
2026-10-09 21:39:38,454 RX_TIMEOUT service=81 partial=
2026-10-09 21:39:38,454 INIT attempt: no valid C1 with two key bytes
2026-10-09 21:39:38,455 INIT attempt 5/30
2026-10-09 21:39:38,814 INIT wakeup 0x00 sent, gap=57.3 ms (not wire measurement)
2026-10-09 21:39:38,814 TX 81 B1 F1 81 A4
2026-10-09 21:39:38,825 RX_ECHO ignored
2026-10-09 21:39:39,817 RX_TIMEOUT service=81 partial=
2026-10-09 21:39:39,818 INIT attempt: no valid C1 with two key bytes
2026-10-09 21:39:39,818 INIT attempt 6/30
2026-10-09 21:39:40,178 INIT wakeup 0x00 sent, gap=57.3 ms (not wire measurement)
2026-10-09 21:39:40,178 TX 81 B1 F1 81 A4
2026-10-09 21:39:40,188 RX_ECHO ignored
2026-10-09 21:39:41,186 RX_TIMEOUT service=81 partial=
2026-10-09 21:39:41,186 INIT attempt: no valid C1 with two key bytes
2026-10-09 21:39:41,187 INIT attempt 7/30
2026-10-09 21:39:41,546 INIT wakeup 0x00 sent, gap=57.3 ms (not wire measurement)
2026-10-09 21:39:41,546 TX 81 B1 F1 81 A4
2026-10-09 21:39:41,557 RX_ECHO ignored
2026-10-09 21:39:42,555 RX_TIMEOUT service=81 partial=
2026-10-09 21:39:42,556 INIT attempt: no valid C1 with two key bytes
2026-10-09 21:39:42,556 INIT attempt 8/30
2026-10-09 21:39:42,915 INIT wakeup 0x00 sent, gap=57.3 ms (not wire measurement)
2026-10-09 21:39:42,915 TX 81 B1 F1 81 A4
2026-10-09 21:39:42,926 RX_ECHO ignored
2026-10-09 21:39:43,920 RX_TIMEOUT service=81 partial=
2026-10-09 21:39:43,921 INIT attempt: no valid C1 with two key bytes
2026-10-09 21:39:43,921 INIT attempt 9/30
2026-10-09 21:39:44,280 INIT wakeup 0x00 sent, gap=57.1 ms (not wire measurement)
2026-10-09 21:39:44,281 TX 81 B1 F1 81 A4
2026-10-09 21:39:44,291 RX_ECHO ignored
2026-10-09 21:39:45,286 RX_TIMEOUT service=81 partial=FC
2026-10-09 21:39:45,287 INIT attempt: no valid C1 with two key bytes
2026-10-09 21:39:45,287 INIT attempt 10/30
2026-10-09 21:39:45,647 INIT wakeup 0x00 sent, gap=57.4 ms (not wire measurement)
2026-10-09 21:39:45,647 TX 81 B1 F1 81 A4
2026-10-09 21:39:45,658 RX_ECHO ignored
2026-10-09 21:39:46,657 RX_TIMEOUT service=81 partial=
2026-10-09 21:39:46,657 INIT attempt: no valid C1 with two key bytes
2026-10-09 21:39:46,657 INIT attempt 11/30
2026-10-09 21:39:47,016 INIT wakeup 0x00 sent, gap=57.3 ms (not wire measurement)
2026-10-09 21:39:47,017 TX 81 B1 F1 81 A4
2026-10-09 21:39:47,027 RX_ECHO ignored
2026-10-09 21:39:48,026 RX_TIMEOUT service=81 partial=
2026-10-09 21:39:48,027 INIT attempt: no valid C1 with two key bytes
2026-10-09 21:39:48,027 INIT attempt 12/30
2026-10-09 21:39:48,386 INIT wakeup 0x00 sent, gap=57.7 ms (not wire measurement)
2026-10-09 21:39:48,387 TX 81 B1 F1 81 A4
2026-10-09 21:39:48,398 RX_ECHO ignored
2026-10-09 21:39:49,392 RX_TIMEOUT service=81 partial=
2026-10-09 21:39:49,392 INIT attempt: no valid C1 with two key bytes
2026-10-09 21:39:49,392 INIT attempt 13/30
2026-10-09 21:39:49,752 INIT wakeup 0x00 sent, gap=57.3 ms (not wire measurement)
2026-10-09 21:39:49,752 TX 81 B1 F1 81 A4
2026-10-09 21:39:49,763 RX_ECHO ignored
2026-10-09 21:39:50,756 RX_TIMEOUT service=81 partial=
2026-10-09 21:39:50,756 INIT attempt: no valid C1 with two key bytes
2026-10-09 21:39:50,756 INIT attempt 14/30
2026-10-09 21:39:51,116 INIT wakeup 0x00 sent, gap=57.3 ms (not wire measurement)
2026-10-09 21:39:51,116 TX 81 B1 F1 81 A4
2026-10-09 21:39:51,127 RX_ECHO ignored
2026-10-09 21:39:52,125 RX_TIMEOUT service=81 partial=
2026-10-09 21:39:52,125 INIT attempt: no valid C1 with two key bytes
2026-10-09 21:39:52,125 INIT attempt 15/30
2026-10-09 21:39:52,485 INIT wakeup 0x00 sent, gap=57.3 ms (not wire measurement)
2026-10-09 21:39:52,485 TX 81 B1 F1 81 A4
2026-10-09 21:39:52,496 RX_ECHO ignored
2026-10-09 21:39:53,492 RX_TIMEOUT service=81 partial=
2026-10-09 21:39:53,492 INIT attempt: no valid C1 with two key bytes
2026-10-09 21:39:53,492 INIT attempt 16/30
2026-10-09 21:39:53,852 INIT wakeup 0x00 sent, gap=57.3 ms (not wire measurement)
2026-10-09 21:39:53,852 TX 81 B1 F1 81 A4
2026-10-09 21:39:53,863 RX_ECHO ignored
2026-10-09 21:39:54,855 RX_TIMEOUT service=81 partial=
2026-10-09 21:39:54,856 INIT attempt: no valid C1 with two key bytes
2026-10-09 21:39:54,856 INIT attempt 17/30
2026-10-09 21:39:55,215 INIT wakeup 0x00 sent, gap=57.4 ms (not wire measurement)
2026-10-09 21:39:55,216 TX 81 B1 F1 81 A4
2026-10-09 21:39:55,226 RX_ECHO ignored
2026-10-09 21:39:56,219 RX_TIMEOUT service=81 partial=
2026-10-09 21:39:56,220 INIT attempt: no valid C1 with two key bytes
2026-10-09 21:39:56,220 INIT attempt 18/30
2026-10-09 21:39:56,579 INIT wakeup 0x00 sent, gap=57.3 ms (not wire measurement)
2026-10-09 21:39:56,579 TX 81 B1 F1 81 A4
2026-10-09 21:39:56,590 RX_ECHO ignored
2026-10-09 21:39:57,580 RX_TIMEOUT service=81 partial=
2026-10-09 21:39:57,580 INIT attempt: no valid C1 with two key bytes
2026-10-09 21:39:57,580 INIT attempt 19/30
2026-10-09 21:39:57,940 INIT wakeup 0x00 sent, gap=57.2 ms (not wire measurement)
2026-10-09 21:39:57,940 TX 81 B1 F1 81 A4
2026-10-09 21:39:57,950 RX_ECHO ignored
2026-10-09 21:39:58,947 RX_TIMEOUT service=81 partial=
2026-10-09 21:39:58,947 INIT attempt: no valid C1 with two key bytes
2026-10-09 21:39:58,947 INIT attempt 20/30
2026-10-09 21:39:59,307 INIT wakeup 0x00 sent, gap=57.4 ms (not wire measurement)
2026-10-09 21:39:59,307 TX 81 B1 F1 81 A4
2026-10-09 21:39:59,318 RX_ECHO ignored
2026-10-09 21:40:00,313 RX_TIMEOUT service=81 partial=
2026-10-09 21:40:00,313 INIT attempt: no valid C1 with two key bytes
2026-10-09 21:40:00,313 INIT attempt 21/30
2026-10-09 21:40:00,673 INIT wakeup 0x00 sent, gap=57.3 ms (not wire measurement)
2026-10-09 21:40:00,673 TX 81 B1 F1 81 A4
2026-10-09 21:40:00,683 RX_ECHO ignored
2026-10-09 21:40:01,677 RX_TIMEOUT service=81 partial=
2026-10-09 21:40:01,677 INIT attempt: no valid C1 with two key bytes
2026-10-09 21:40:01,677 INIT attempt 22/30
2026-10-09 21:40:02,037 INIT wakeup 0x00 sent, gap=57.4 ms (not wire measurement)
2026-10-09 21:40:02,037 TX 81 B1 F1 81 A4
2026-10-09 21:40:02,048 RX_ECHO ignored
2026-10-09 21:40:03,039 RX_TIMEOUT service=81 partial=
2026-10-09 21:40:03,039 INIT attempt: no valid C1 with two key bytes
2026-10-09 21:40:03,039 INIT attempt 23/30
2026-10-09 21:40:03,398 INIT wakeup 0x00 sent, gap=57.3 ms (not wire measurement)
2026-10-09 21:40:03,399 TX 81 B1 F1 81 A4
2026-10-09 21:40:03,409 RX_ECHO ignored
2026-10-09 21:40:04,401 RX_TIMEOUT service=81 partial=
2026-10-09 21:40:04,402 INIT attempt: no valid C1 with two key bytes
2026-10-09 21:40:04,403 INIT attempt 24/30
2026-10-09 21:40:04,762 INIT wakeup 0x00 sent, gap=57.3 ms (not wire measurement)
2026-10-09 21:40:04,762 TX 81 B1 F1 81 A4
2026-10-09 21:40:04,773 RX_ECHO ignored
2026-10-09 21:40:05,773 RX_TIMEOUT service=81 partial=
2026-10-09 21:40:05,773 INIT attempt: no valid C1 with two key bytes
2026-10-09 21:40:05,773 INIT attempt 25/30
2026-10-09 21:40:06,133 INIT wakeup 0x00 sent, gap=57.3 ms (not wire measurement)
2026-10-09 21:40:06,133 TX 81 B1 F1 81 A4
2026-10-09 21:40:06,143 RX_ECHO ignored
2026-10-09 21:40:07,142 RX_TIMEOUT service=81 partial=
2026-10-09 21:40:07,142 INIT attempt: no valid C1 with two key bytes
2026-10-09 21:40:07,142 INIT attempt 26/30
2026-10-09 21:40:07,502 INIT wakeup 0x00 sent, gap=57.3 ms (not wire measurement)
2026-10-09 21:40:07,502 TX 81 B1 F1 81 A4
2026-10-09 21:40:07,512 RX_ECHO ignored
2026-10-09 21:40:08,506 RX_TIMEOUT service=81 partial=
2026-10-09 21:40:08,506 INIT attempt: no valid C1 with two key bytes
2026-10-09 21:40:08,506 INIT attempt 27/30
2026-10-09 21:40:08,866 INIT wakeup 0x00 sent, gap=57.3 ms (not wire measurement)
2026-10-09 21:40:08,866 TX 81 B1 F1 81 A4
2026-10-09 21:40:08,877 RX_ECHO ignored
2026-10-09 21:40:09,869 RX_TIMEOUT service=81 partial=
2026-10-09 21:40:09,870 INIT attempt: no valid C1 with two key bytes
2026-10-09 21:40:09,870 INIT attempt 28/30
2026-10-09 21:40:10,230 INIT wakeup 0x00 sent, gap=57.3 ms (not wire measurement)
2026-10-09 21:40:10,230 TX 81 B1 F1 81 A4
2026-10-09 21:40:10,241 RX_ECHO ignored
2026-10-09 21:40:11,239 RX_TIMEOUT service=81 partial=
2026-10-09 21:40:11,239 INIT attempt: no valid C1 with two key bytes
2026-10-09 21:40:11,239 INIT attempt 29/30
2026-10-09 21:40:11,598 INIT wakeup 0x00 sent, gap=57.3 ms (not wire measurement)
2026-10-09 21:40:11,599 TX 81 B1 F1 81 A4
2026-10-09 21:40:11,609 RX_ECHO ignored
2026-10-09 21:40:12,602 RX_TIMEOUT service=81 partial=
2026-10-09 21:40:12,602 INIT attempt: no valid C1 with two key bytes
2026-10-09 21:40:12,602 INIT attempt 30/30
2026-10-09 21:40:12,962 INIT wakeup 0x00 sent, gap=57.3 ms (not wire measurement)
2026-10-09 21:40:12,962 TX 81 B1 F1 81 A4
2026-10-09 21:40:12,973 RX_ECHO ignored
2026-10-09 21:40:13,963 RX_TIMEOUT service=81 partial=
2026-10-09 21:40:13,964 INIT attempt: no valid C1 with two key bytes
2026-10-09 21:40:13,964 INIT failed: no valid C1 after 30 attempts
2026-10-09 21:40:13,964 PROBE failed: no positive parameter response
