2026-10-09 23:17:15,447 LOG_FILE /Users/alex/IdeaProjects/ELM327wifi/captures/elm-20261009-231715-447629.log
2026-10-09 23:17:15,499 INIT begin target=B1 tester=F1 attempts=30
2026-10-09 23:17:15,499 INIT attempt 1/30
2026-10-09 23:17:15,858 INIT wakeup 0x00 sent, gap=57.4 ms (not wire measurement)
2026-10-09 23:17:15,858 TX 81 B1 F1 81 A4
2026-10-09 23:17:15,870 RX_ECHO ignored
2026-10-09 23:17:16,864 RX_TIMEOUT service=81 partial=
2026-10-09 23:17:16,864 INIT attempt: no valid C1 with two key bytes
2026-10-09 23:17:16,864 INIT attempt 2/30
2026-10-09 23:17:17,222 INIT wakeup 0x00 sent, gap=57.3 ms (not wire measurement)
2026-10-09 23:17:17,222 TX 81 B1 F1 81 A4
2026-10-09 23:17:17,233 RX_ECHO ignored
2026-10-09 23:17:18,231 RX_TIMEOUT service=81 partial=
2026-10-09 23:17:18,232 INIT attempt: no valid C1 with two key bytes
2026-10-09 23:17:18,232 INIT attempt 3/30
2026-10-09 23:17:18,591 INIT wakeup 0x00 sent, gap=57.4 ms (not wire measurement)
2026-10-09 23:17:18,591 TX 81 B1 F1 81 A4
2026-10-09 23:17:18,603 RX_ECHO ignored
2026-10-09 23:17:19,601 RX_TIMEOUT service=81 partial=
2026-10-09 23:17:19,602 INIT attempt: no valid C1 with two key bytes
2026-10-09 23:17:19,602 INIT attempt 4/30
2026-10-09 23:17:19,961 INIT wakeup 0x00 sent, gap=57.7 ms (not wire measurement)
2026-10-09 23:17:19,961 TX 81 B1 F1 81 A4
2026-10-09 23:17:19,972 RX_ECHO ignored
2026-10-09 23:17:20,962 RX_TIMEOUT service=81 partial=
2026-10-09 23:17:20,962 INIT attempt: no valid C1 with two key bytes
2026-10-09 23:17:20,963 INIT attempt 5/30
2026-10-09 23:17:21,322 INIT wakeup 0x00 sent, gap=57.4 ms (not wire measurement)
2026-10-09 23:17:21,323 TX 81 B1 F1 81 A4
2026-10-09 23:17:22,331 RX_TIMEOUT service=81 partial=
2026-10-09 23:17:22,332 INIT attempt: no valid C1 with two key bytes
2026-10-09 23:17:22,332 INIT attempt 6/30
2026-10-09 23:17:22,691 INIT wakeup 0x00 sent, gap=57.4 ms (not wire measurement)
2026-10-09 23:17:22,692 TX 81 B1 F1 81 A4
2026-10-09 23:17:23,702 RX_TIMEOUT service=81 partial=
2026-10-09 23:17:23,704 INIT attempt: no valid C1 with two key bytes
2026-10-09 23:17:23,704 INIT attempt 7/30
2026-10-09 23:17:24,063 INIT wakeup 0x00 sent, gap=57.3 ms (not wire measurement)
2026-10-09 23:17:24,064 TX 81 B1 F1 81 A4
2026-10-09 23:17:25,072 RX_TIMEOUT service=81 partial=
2026-10-09 23:17:25,073 INIT attempt: no valid C1 with two key bytes
2026-10-09 23:17:25,073 INIT attempt 8/30
2026-10-09 23:17:25,432 INIT wakeup 0x00 sent, gap=57.4 ms (not wire measurement)
2026-10-09 23:17:25,433 TX 81 B1 F1 81 A4
2026-10-09 23:17:26,434 RX_TIMEOUT service=81 partial=
2026-10-09 23:17:26,435 INIT attempt: no valid C1 with two key bytes
2026-10-09 23:17:26,435 INIT attempt 9/30
2026-10-09 23:17:26,795 INIT wakeup 0x00 sent, gap=57.3 ms (not wire measurement)
2026-10-09 23:17:26,795 TX 81 B1 F1 81 A4
2026-10-09 23:17:27,799 RX_TIMEOUT service=81 partial=
2026-10-09 23:17:27,799 INIT attempt: no valid C1 with two key bytes
2026-10-09 23:17:27,800 INIT attempt 10/30
2026-10-09 23:17:28,159 INIT wakeup 0x00 sent, gap=57.4 ms (not wire measurement)
2026-10-09 23:17:28,160 TX 81 B1 F1 81 A4
2026-10-09 23:17:29,161 RX_TIMEOUT service=81 partial=
2026-10-09 23:17:29,162 INIT attempt: no valid C1 with two key bytes
2026-10-09 23:17:29,162 INIT attempt 11/30
2026-10-09 23:17:29,521 INIT wakeup 0x00 sent, gap=57.4 ms (not wire measurement)
2026-10-09 23:17:29,521 TX 81 B1 F1 81 A4
2026-10-09 23:17:30,526 RX_TIMEOUT service=81 partial=
2026-10-09 23:17:30,526 INIT attempt: no valid C1 with two key bytes
2026-10-09 23:17:30,526 INIT attempt 12/30
2026-10-09 23:17:30,886 INIT wakeup 0x00 sent, gap=57.4 ms (not wire measurement)
2026-10-09 23:17:30,886 TX 81 B1 F1 81 A4
2026-10-09 23:17:31,897 RX_TIMEOUT service=81 partial=
2026-10-09 23:17:31,897 INIT attempt: no valid C1 with two key bytes
2026-10-09 23:17:31,897 INIT attempt 13/30
2026-10-09 23:17:32,256 INIT wakeup 0x00 sent, gap=57.4 ms (not wire measurement)
2026-10-09 23:17:32,257 TX 81 B1 F1 81 A4
2026-10-09 23:17:33,265 RX_TIMEOUT service=81 partial=
2026-10-09 23:17:33,265 INIT attempt: no valid C1 with two key bytes
2026-10-09 23:17:33,266 INIT attempt 14/30
2026-10-09 23:17:33,625 INIT wakeup 0x00 sent, gap=57.4 ms (not wire measurement)
2026-10-09 23:17:33,626 TX 81 B1 F1 81 A4
2026-10-09 23:17:34,636 RX_TIMEOUT service=81 partial=
2026-10-09 23:17:34,636 INIT attempt: no valid C1 with two key bytes
2026-10-09 23:17:34,636 INIT attempt 15/30
2026-10-09 23:17:34,995 INIT wakeup 0x00 sent, gap=57.1 ms (not wire measurement)
2026-10-09 23:17:34,995 TX 81 B1 F1 81 A4
2026-10-09 23:17:36,007 RX_TIMEOUT service=81 partial=
2026-10-09 23:17:36,007 INIT attempt: no valid C1 with two key bytes
2026-10-09 23:17:36,007 INIT attempt 16/30
2026-10-09 23:17:36,366 INIT wakeup 0x00 sent, gap=57.4 ms (not wire measurement)
2026-10-09 23:17:36,367 TX 81 B1 F1 81 A4
2026-10-09 23:17:37,371 RX_TIMEOUT service=81 partial=
2026-10-09 23:17:37,371 INIT attempt: no valid C1 with two key bytes
2026-10-09 23:17:37,371 INIT attempt 17/30
2026-10-09 23:17:37,731 INIT wakeup 0x00 sent, gap=57.4 ms (not wire measurement)
2026-10-09 23:17:37,732 TX 81 B1 F1 81 A4
2026-10-09 23:17:38,744 RX_TIMEOUT service=81 partial=
2026-10-09 23:17:38,744 INIT attempt: no valid C1 with two key bytes
2026-10-09 23:17:38,744 INIT attempt 18/30
2026-10-09 23:17:39,103 INIT wakeup 0x00 sent, gap=57.3 ms (not wire measurement)
2026-10-09 23:17:39,103 TX 81 B1 F1 81 A4
2026-10-09 23:17:40,114 RX_TIMEOUT service=81 partial=
2026-10-09 23:17:40,114 INIT attempt: no valid C1 with two key bytes
2026-10-09 23:17:40,114 INIT attempt 19/30
2026-10-09 23:17:40,473 INIT wakeup 0x00 sent, gap=57.4 ms (not wire measurement)
2026-10-09 23:17:40,474 TX 81 B1 F1 81 A4
2026-10-09 23:17:41,487 RX_TIMEOUT service=81 partial=
2026-10-09 23:17:41,487 INIT attempt: no valid C1 with two key bytes
2026-10-09 23:17:41,487 INIT attempt 20/30
2026-10-09 23:17:41,846 INIT wakeup 0x00 sent, gap=57.4 ms (not wire measurement)
2026-10-09 23:17:41,847 TX 81 B1 F1 81 A4
2026-10-09 23:17:42,860 RX_TIMEOUT service=81 partial=
2026-10-09 23:17:42,860 INIT attempt: no valid C1 with two key bytes
2026-10-09 23:17:42,860 INIT attempt 21/30
2026-10-09 23:17:43,219 INIT wakeup 0x00 sent, gap=57.3 ms (not wire measurement)
2026-10-09 23:17:43,220 TX 81 B1 F1 81 A4
2026-10-09 23:17:44,225 RX_TIMEOUT service=81 partial=
2026-10-09 23:17:44,225 INIT attempt: no valid C1 with two key bytes
2026-10-09 23:17:44,226 INIT attempt 22/30
2026-10-09 23:17:44,584 INIT wakeup 0x00 sent, gap=57.4 ms (not wire measurement)
2026-10-09 23:17:44,585 TX 81 B1 F1 81 A4
2026-10-09 23:17:45,597 RX_TIMEOUT service=81 partial=
2026-10-09 23:17:45,597 INIT attempt: no valid C1 with two key bytes
2026-10-09 23:17:45,597 INIT attempt 23/30
2026-10-09 23:17:45,956 INIT wakeup 0x00 sent, gap=57.3 ms (not wire measurement)
2026-10-09 23:17:45,956 TX 81 B1 F1 81 A4
2026-10-09 23:17:46,960 RX_TIMEOUT service=81 partial=
2026-10-09 23:17:46,961 INIT attempt: no valid C1 with two key bytes
2026-10-09 23:17:46,961 INIT attempt 24/30
2026-10-09 23:17:47,320 INIT wakeup 0x00 sent, gap=57.3 ms (not wire measurement)
2026-10-09 23:17:47,320 TX 81 B1 F1 81 A4
2026-10-09 23:17:48,326 RX_TIMEOUT service=81 partial=
2026-10-09 23:17:48,326 INIT attempt: no valid C1 with two key bytes
2026-10-09 23:17:48,326 INIT attempt 25/30
2026-10-09 23:17:48,685 INIT wakeup 0x00 sent, gap=57.3 ms (not wire measurement)
2026-10-09 23:17:48,686 TX 81 B1 F1 81 A4
2026-10-09 23:17:49,690 RX_TIMEOUT service=81 partial=
2026-10-09 23:17:49,691 INIT attempt: no valid C1 with two key bytes
2026-10-09 23:17:49,691 INIT attempt 26/30
2026-10-09 23:17:50,050 INIT wakeup 0x00 sent, gap=57.4 ms (not wire measurement)
2026-10-09 23:17:50,051 TX 81 B1 F1 81 A4
2026-10-09 23:17:51,055 RX_TIMEOUT service=81 partial=
2026-10-09 23:17:51,056 INIT attempt: no valid C1 with two key bytes
2026-10-09 23:17:51,056 INIT attempt 27/30
2026-10-09 23:17:51,415 INIT wakeup 0x00 sent, gap=57.4 ms (not wire measurement)
2026-10-09 23:17:51,416 TX 81 B1 F1 81 A4
2026-10-09 23:17:52,423 RX_TIMEOUT service=81 partial=
2026-10-09 23:17:52,423 INIT attempt: no valid C1 with two key bytes
2026-10-09 23:17:52,423 INIT attempt 28/30
2026-10-09 23:17:52,783 INIT wakeup 0x00 sent, gap=57.4 ms (not wire measurement)
2026-10-09 23:17:52,783 TX 81 B1 F1 81 A4
2026-10-09 23:17:53,792 RX_TIMEOUT service=81 partial=
2026-10-09 23:17:53,793 INIT attempt: no valid C1 with two key bytes
2026-10-09 23:17:53,793 INIT attempt 29/30
2026-10-09 23:17:54,152 INIT wakeup 0x00 sent, gap=57.3 ms (not wire measurement)
2026-10-09 23:17:54,153 TX 81 B1 F1 81 A4
2026-10-09 23:17:55,155 RX_TIMEOUT service=81 partial=
2026-10-09 23:17:55,156 INIT attempt: no valid C1 with two key bytes
2026-10-09 23:17:55,156 INIT attempt 30/30
2026-10-09 23:17:55,515 INIT wakeup 0x00 sent, gap=57.4 ms (not wire measurement)
2026-10-09 23:17:55,516 TX 81 B1 F1 81 A4
2026-10-09 23:17:56,517 RX_TIMEOUT service=81 partial=
2026-10-09 23:17:56,517 INIT attempt: no valid C1 with two key bytes
2026-10-09 23:17:56,517 INIT failed: no valid C1 after 30 attempts
2026-10-09 23:17:56,517 PROBE failed: no positive parameter response
