2026-10-09 22:35:41,771 LOG_FILE /Users/alex/IdeaProjects/ELM327wifi/captures/elm-20261009-223541-771104.log
2026-10-09 22:35:41,782 INIT begin target=B1 tester=F1 attempts=30
2026-10-09 22:35:41,782 INIT attempt 1/30
2026-10-09 22:35:42,141 INIT wakeup 0x00 sent, gap=57.3 ms (not wire measurement)
2026-10-09 22:35:42,142 TX 81 B1 F1 81 A4
2026-10-09 22:35:42,153 RX_ECHO ignored
2026-10-09 22:35:43,152 RX_TIMEOUT service=81 partial=
2026-10-09 22:35:43,152 INIT attempt: no valid C1 with two key bytes
2026-10-09 22:35:43,152 INIT attempt 2/30
2026-10-09 22:35:43,513 INIT wakeup 0x00 sent, gap=57.3 ms (not wire measurement)
2026-10-09 22:35:43,514 TX 81 B1 F1 81 A4
2026-10-09 22:35:43,525 RX_ECHO ignored
2026-10-09 22:35:44,526 RX_TIMEOUT service=81 partial=
2026-10-09 22:35:44,526 INIT attempt: no valid C1 with two key bytes
2026-10-09 22:35:44,526 INIT attempt 3/30
2026-10-09 22:35:44,887 INIT wakeup 0x00 sent, gap=57.4 ms (not wire measurement)
2026-10-09 22:35:44,887 TX 81 B1 F1 81 A4
2026-10-09 22:35:44,898 RX_ECHO ignored
2026-10-09 22:35:45,891 RX_TIMEOUT service=81 partial=
2026-10-09 22:35:45,892 INIT attempt: no valid C1 with two key bytes
2026-10-09 22:35:45,892 INIT attempt 4/30
2026-10-09 22:35:46,252 INIT wakeup 0x00 sent, gap=57.1 ms (not wire measurement)
2026-10-09 22:35:46,252 TX 81 B1 F1 81 A4
2026-10-09 22:35:46,263 RX_ECHO ignored
2026-10-09 22:35:47,264 RX_TIMEOUT service=81 partial=
2026-10-09 22:35:47,264 INIT attempt: no valid C1 with two key bytes
2026-10-09 22:35:47,264 INIT attempt 5/30
2026-10-09 22:35:47,624 INIT wakeup 0x00 sent, gap=57.3 ms (not wire measurement)
2026-10-09 22:35:47,624 TX 81 B1 F1 81 A4
2026-10-09 22:35:47,635 RX_ECHO ignored
2026-10-09 22:35:48,630 RX_TIMEOUT service=81 partial=
2026-10-09 22:35:48,631 INIT attempt: no valid C1 with two key bytes
2026-10-09 22:35:48,631 INIT attempt 6/30
2026-10-09 22:35:48,991 INIT wakeup 0x00 sent, gap=57.3 ms (not wire measurement)
2026-10-09 22:35:48,992 TX 81 B1 F1 81 A4
2026-10-09 22:35:49,002 RX_ECHO ignored
2026-10-09 22:35:49,996 RX_TIMEOUT service=81 partial=
2026-10-09 22:35:49,996 INIT attempt: no valid C1 with two key bytes
2026-10-09 22:35:49,996 INIT attempt 7/30
2026-10-09 22:35:50,356 INIT wakeup 0x00 sent, gap=57.3 ms (not wire measurement)
2026-10-09 22:35:50,357 TX 81 B1 F1 81 A4
2026-10-09 22:35:50,368 RX_ECHO ignored
2026-10-09 22:35:51,358 RX_TIMEOUT service=81 partial=
2026-10-09 22:35:51,358 INIT attempt: no valid C1 with two key bytes
2026-10-09 22:35:51,359 INIT attempt 8/30
2026-10-09 22:35:51,719 INIT wakeup 0x00 sent, gap=57.4 ms (not wire measurement)
2026-10-09 22:35:51,720 TX 81 B1 F1 81 A4
2026-10-09 22:35:51,730 RX_ECHO ignored
2026-10-09 22:35:52,726 RX_TIMEOUT service=81 partial=
2026-10-09 22:35:52,727 INIT attempt: no valid C1 with two key bytes
2026-10-09 22:35:52,727 INIT attempt 9/30
2026-10-09 22:35:53,088 INIT wakeup 0x00 sent, gap=57.4 ms (not wire measurement)
2026-10-09 22:35:53,088 TX 81 B1 F1 81 A4
2026-10-09 22:35:53,099 RX_ECHO ignored
2026-10-09 22:35:54,090 RX_TIMEOUT service=81 partial=
2026-10-09 22:35:54,090 INIT attempt: no valid C1 with two key bytes
2026-10-09 22:35:54,090 INIT attempt 10/30
2026-10-09 22:35:54,450 INIT wakeup 0x00 sent, gap=57.4 ms (not wire measurement)
2026-10-09 22:35:54,450 TX 81 B1 F1 81 A4
2026-10-09 22:35:54,461 RX_ECHO ignored
2026-10-09 22:35:55,458 RX_TIMEOUT service=81 partial=
2026-10-09 22:35:55,459 INIT attempt: no valid C1 with two key bytes
2026-10-09 22:35:55,459 INIT attempt 11/30
2026-10-09 22:35:55,819 INIT wakeup 0x00 sent, gap=57.3 ms (not wire measurement)
2026-10-09 22:35:55,820 TX 81 B1 F1 81 A4
2026-10-09 22:35:55,830 RX_ECHO ignored
2026-10-09 22:35:56,822 RX_TIMEOUT service=81 partial=
2026-10-09 22:35:56,822 INIT attempt: no valid C1 with two key bytes
2026-10-09 22:35:56,822 INIT attempt 12/30
2026-10-09 22:35:57,182 INIT wakeup 0x00 sent, gap=57.3 ms (not wire measurement)
2026-10-09 22:35:57,182 TX 81 B1 F1 81 A4
2026-10-09 22:35:57,193 RX_ECHO ignored
2026-10-09 22:35:58,185 RX_TIMEOUT service=81 partial=
2026-10-09 22:35:58,185 INIT attempt: no valid C1 with two key bytes
2026-10-09 22:35:58,186 INIT attempt 13/30
2026-10-09 22:35:58,546 INIT wakeup 0x00 sent, gap=57.4 ms (not wire measurement)
2026-10-09 22:35:58,547 TX 81 B1 F1 81 A4
2026-10-09 22:35:58,558 RX_ECHO ignored
2026-10-09 22:35:59,549 RX_TIMEOUT service=81 partial=
2026-10-09 22:35:59,550 INIT attempt: no valid C1 with two key bytes
2026-10-09 22:35:59,550 INIT attempt 14/30
2026-10-09 22:35:59,910 INIT wakeup 0x00 sent, gap=57.4 ms (not wire measurement)
2026-10-09 22:35:59,911 TX 81 B1 F1 81 A4
2026-10-09 22:35:59,922 RX_ECHO ignored
2026-10-09 22:36:00,917 RX_TIMEOUT service=81 partial=
2026-10-09 22:36:00,917 INIT attempt: no valid C1 with two key bytes
2026-10-09 22:36:00,918 INIT attempt 15/30
2026-10-09 22:36:01,277 INIT wakeup 0x00 sent, gap=57.3 ms (not wire measurement)
2026-10-09 22:36:01,278 TX 81 B1 F1 81 A4
2026-10-09 22:36:01,289 RX_ECHO ignored
2026-10-09 22:36:02,284 RX_TIMEOUT service=81 partial=
2026-10-09 22:36:02,285 INIT attempt: no valid C1 with two key bytes
2026-10-09 22:36:02,285 INIT attempt 16/30
2026-10-09 22:36:02,646 INIT wakeup 0x00 sent, gap=57.4 ms (not wire measurement)
2026-10-09 22:36:02,646 TX 81 B1 F1 81 A4
2026-10-09 22:36:02,657 RX_ECHO ignored
2026-10-09 22:36:03,649 RX_TIMEOUT service=81 partial=
2026-10-09 22:36:03,650 INIT attempt: no valid C1 with two key bytes
2026-10-09 22:36:03,650 INIT attempt 17/30
2026-10-09 22:36:04,011 INIT wakeup 0x00 sent, gap=57.3 ms (not wire measurement)
2026-10-09 22:36:04,011 TX 81 B1 F1 81 A4
2026-10-09 22:36:04,021 RX_ECHO ignored
2026-10-09 22:36:05,020 RX_TIMEOUT service=81 partial=
2026-10-09 22:36:05,021 INIT attempt: no valid C1 with two key bytes
2026-10-09 22:36:05,021 INIT attempt 18/30
2026-10-09 22:36:05,381 INIT wakeup 0x00 sent, gap=57.2 ms (not wire measurement)
2026-10-09 22:36:05,382 TX 81 B1 F1 81 A4
2026-10-09 22:36:05,392 RX_ECHO ignored
2026-10-09 22:36:06,387 RX_TIMEOUT service=81 partial=
2026-10-09 22:36:06,387 INIT attempt: no valid C1 with two key bytes
2026-10-09 22:36:06,388 INIT attempt 19/30
2026-10-09 22:36:06,748 INIT wakeup 0x00 sent, gap=57.3 ms (not wire measurement)
2026-10-09 22:36:06,749 TX 81 B1 F1 81 A4
2026-10-09 22:36:06,759 RX_ECHO ignored
2026-10-09 22:36:07,757 RX_TIMEOUT service=81 partial=
2026-10-09 22:36:07,758 INIT attempt: no valid C1 with two key bytes
2026-10-09 22:36:07,758 INIT attempt 20/30
2026-10-09 22:36:08,118 INIT wakeup 0x00 sent, gap=57.3 ms (not wire measurement)
2026-10-09 22:36:08,118 TX 81 B1 F1 81 A4
2026-10-09 22:36:08,129 RX_ECHO ignored
2026-10-09 22:36:09,121 RX_TIMEOUT service=81 partial=
2026-10-09 22:36:09,122 INIT attempt: no valid C1 with two key bytes
2026-10-09 22:36:09,122 INIT attempt 21/30
2026-10-09 22:36:09,482 INIT wakeup 0x00 sent, gap=57.3 ms (not wire measurement)
2026-10-09 22:36:09,483 TX 81 B1 F1 81 A4
2026-10-09 22:36:09,494 RX_ECHO ignored
2026-10-09 22:36:10,484 RX_TIMEOUT service=81 partial=
2026-10-09 22:36:10,485 INIT attempt: no valid C1 with two key bytes
2026-10-09 22:36:10,485 INIT attempt 22/30
2026-10-09 22:36:10,846 INIT wakeup 0x00 sent, gap=57.4 ms (not wire measurement)
2026-10-09 22:36:10,846 TX 81 B1 F1 81 A4
2026-10-09 22:36:10,857 RX_ECHO ignored
2026-10-09 22:36:11,849 RX_TIMEOUT service=81 partial=
2026-10-09 22:36:11,849 INIT attempt: no valid C1 with two key bytes
2026-10-09 22:36:11,849 INIT attempt 23/30
2026-10-09 22:36:12,210 INIT wakeup 0x00 sent, gap=57.2 ms (not wire measurement)
2026-10-09 22:36:12,211 TX 81 B1 F1 81 A4
2026-10-09 22:36:12,221 RX_ECHO ignored
2026-10-09 22:36:13,216 RX_TIMEOUT service=81 partial=
2026-10-09 22:36:13,216 INIT attempt: no valid C1 with two key bytes
2026-10-09 22:36:13,216 INIT attempt 24/30
2026-10-09 22:36:13,576 INIT wakeup 0x00 sent, gap=57.1 ms (not wire measurement)
2026-10-09 22:36:13,577 TX 81 B1 F1 81 A4
2026-10-09 22:36:13,587 RX_ECHO ignored
2026-10-09 22:36:14,579 RX_TIMEOUT service=81 partial=
2026-10-09 22:36:14,579 INIT attempt: no valid C1 with two key bytes
2026-10-09 22:36:14,580 INIT attempt 25/30
2026-10-09 22:36:14,940 INIT wakeup 0x00 sent, gap=57.4 ms (not wire measurement)
2026-10-09 22:36:14,940 TX 81 B1 F1 81 A4
2026-10-09 22:36:14,951 RX_ECHO ignored
2026-10-09 22:36:15,949 RX_TIMEOUT service=81 partial=
2026-10-09 22:36:15,949 INIT attempt: no valid C1 with two key bytes
2026-10-09 22:36:15,949 INIT attempt 26/30
2026-10-09 22:36:16,309 INIT wakeup 0x00 sent, gap=57.4 ms (not wire measurement)
2026-10-09 22:36:16,310 TX 81 B1 F1 81 A4
2026-10-09 22:36:16,320 RX_ECHO ignored
2026-10-09 22:36:17,314 RX_TIMEOUT service=81 partial=
2026-10-09 22:36:17,314 INIT attempt: no valid C1 with two key bytes
2026-10-09 22:36:17,314 INIT attempt 27/30
2026-10-09 22:36:17,674 INIT wakeup 0x00 sent, gap=57.3 ms (not wire measurement)
2026-10-09 22:36:17,674 TX 81 B1 F1 81 A4
2026-10-09 22:36:17,685 RX_ECHO ignored
2026-10-09 22:36:18,684 RX_TIMEOUT service=81 partial=
2026-10-09 22:36:18,684 INIT attempt: no valid C1 with two key bytes
2026-10-09 22:36:18,684 INIT attempt 28/30
2026-10-09 22:36:19,044 INIT wakeup 0x00 sent, gap=57.4 ms (not wire measurement)
2026-10-09 22:36:19,045 TX 81 B1 F1 81 A4
2026-10-09 22:36:19,056 RX_ECHO ignored
2026-10-09 22:36:20,053 RX_TIMEOUT service=81 partial=
2026-10-09 22:36:20,053 INIT attempt: no valid C1 with two key bytes
2026-10-09 22:36:20,053 INIT attempt 29/30
2026-10-09 22:36:20,414 INIT wakeup 0x00 sent, gap=57.2 ms (not wire measurement)
2026-10-09 22:36:20,414 TX 81 B1 F1 81 A4
2026-10-09 22:36:20,425 RX_ECHO ignored
2026-10-09 22:36:21,423 RX_TIMEOUT service=81 partial=
2026-10-09 22:36:21,424 INIT attempt: no valid C1 with two key bytes
2026-10-09 22:36:21,424 INIT attempt 30/30
2026-10-09 22:36:21,784 INIT wakeup 0x00 sent, gap=57.4 ms (not wire measurement)
2026-10-09 22:36:21,785 TX 81 B1 F1 81 A4
2026-10-09 22:36:21,795 RX_ECHO ignored
2026-10-09 22:36:22,796 RX_TIMEOUT service=81 partial=00 80 B1 F1 81 A4
2026-10-09 22:36:22,797 INIT attempt: no valid C1 with two key bytes
2026-10-09 22:36:22,797 INIT failed: no valid C1 after 30 attempts
2026-10-09 22:36:22,798 PROBE failed: no positive parameter response
