2026-10-09 21:29:46,531 LOG_FILE /Users/alex/IdeaProjects/ELM327wifi/captures/elm-20261009-212946-530807.log
2026-10-09 21:29:46,540 INIT begin target=B1 tester=F1 attempts=30
2026-10-09 21:29:46,541 INIT attempt 1/30
2026-10-09 21:29:46,895 INIT host low=26.109 ms high=25.006 ms (not wire measurements)
2026-10-09 21:29:46,896 TX 81 B1 F1 81 A4
2026-10-09 21:29:46,906 RX_ECHO ignored
2026-10-09 21:29:47,902 RX_TIMEOUT service=81 partial=
2026-10-09 21:29:47,902 INIT attempt: no valid C1 with two key bytes
2026-10-09 21:29:47,902 INIT attempt 2/30
2026-10-09 21:29:48,259 INIT host low=26.380 ms high=25.020 ms (not wire measurements)
2026-10-09 21:29:48,259 TX 81 B1 F1 81 A4
2026-10-09 21:29:48,270 RX_ECHO ignored
2026-10-09 21:29:49,260 RX_TIMEOUT service=81 partial=
2026-10-09 21:29:49,260 INIT attempt: no valid C1 with two key bytes
2026-10-09 21:29:49,260 INIT attempt 3/30
2026-10-09 21:29:49,617 INIT host low=26.115 ms high=25.004 ms (not wire measurements)
2026-10-09 21:29:49,617 TX 81 B1 F1 81 A4
2026-10-09 21:29:49,628 RX_ECHO ignored
2026-10-09 21:29:50,624 RX_TIMEOUT service=81 partial=
2026-10-09 21:29:50,625 INIT attempt: no valid C1 with two key bytes
2026-10-09 21:29:50,625 INIT attempt 4/30
2026-10-09 21:29:50,981 INIT host low=26.179 ms high=25.002 ms (not wire measurements)
2026-10-09 21:29:50,981 TX 81 B1 F1 81 A4
2026-10-09 21:29:50,992 RX_ECHO ignored
2026-10-09 21:29:51,993 RX_TIMEOUT service=81 partial=
2026-10-09 21:29:51,993 INIT attempt: no valid C1 with two key bytes
2026-10-09 21:29:51,993 INIT attempt 5/30
2026-10-09 21:29:52,349 INIT host low=26.240 ms high=25.011 ms (not wire measurements)
2026-10-09 21:29:52,350 TX 81 B1 F1 81 A4
2026-10-09 21:29:52,360 RX_ECHO ignored
2026-10-09 21:29:53,357 RX_TIMEOUT service=81 partial=FC
2026-10-09 21:29:53,358 INIT attempt: no valid C1 with two key bytes
2026-10-09 21:29:53,358 INIT attempt 6/30
2026-10-09 21:29:53,715 INIT host low=26.469 ms high=25.007 ms (not wire measurements)
2026-10-09 21:29:53,715 TX 81 B1 F1 81 A4
2026-10-09 21:29:53,726 RX_ECHO ignored
2026-10-09 21:29:54,717 RX_TIMEOUT service=81 partial=
2026-10-09 21:29:54,718 INIT attempt: no valid C1 with two key bytes
2026-10-09 21:29:54,718 INIT attempt 7/30
2026-10-09 21:29:55,076 INIT host low=26.671 ms high=25.027 ms (not wire measurements)
2026-10-09 21:29:55,077 TX 81 B1 F1 81 A4
2026-10-09 21:29:55,087 RX_ECHO ignored
2026-10-09 21:29:56,080 RX_TIMEOUT service=81 partial=
2026-10-09 21:29:56,080 INIT attempt: no valid C1 with two key bytes
2026-10-09 21:29:56,080 INIT attempt 8/30
2026-10-09 21:29:56,436 INIT host low=26.432 ms high=25.007 ms (not wire measurements)
2026-10-09 21:29:56,437 TX 81 B1 F1 81 A4
2026-10-09 21:29:56,448 RX_ECHO ignored
2026-10-09 21:29:57,448 RX_TIMEOUT service=81 partial=
2026-10-09 21:29:57,448 INIT attempt: no valid C1 with two key bytes
2026-10-09 21:29:57,449 INIT attempt 9/30
2026-10-09 21:29:57,804 INIT host low=26.329 ms high=25.008 ms (not wire measurements)
2026-10-09 21:29:57,804 TX 81 B1 F1 81 A4
2026-10-09 21:29:57,815 RX_ECHO ignored
2026-10-09 21:29:58,815 RX_TIMEOUT service=81 partial=
2026-10-09 21:29:58,815 INIT attempt: no valid C1 with two key bytes
2026-10-09 21:29:58,816 INIT attempt 10/30
2026-10-09 21:29:59,172 INIT host low=26.185 ms high=25.021 ms (not wire measurements)
2026-10-09 21:29:59,172 TX 81 B1 F1 81 A4
2026-10-09 21:29:59,183 RX_ECHO ignored
2026-10-09 21:30:00,179 RX_TIMEOUT service=81 partial=
2026-10-09 21:30:00,179 INIT attempt: no valid C1 with two key bytes
2026-10-09 21:30:00,179 INIT attempt 11/30
2026-10-09 21:30:00,536 INIT host low=26.063 ms high=25.004 ms (not wire measurements)
2026-10-09 21:30:00,536 TX 81 B1 F1 81 A4
2026-10-09 21:30:00,546 RX_ECHO ignored
2026-10-09 21:30:01,537 RX_TIMEOUT service=81 partial=
2026-10-09 21:30:01,538 INIT attempt: no valid C1 with two key bytes
2026-10-09 21:30:01,538 INIT attempt 12/30
2026-10-09 21:30:01,894 INIT host low=26.287 ms high=25.021 ms (not wire measurements)
2026-10-09 21:30:01,895 TX 81 B1 F1 81 A4
2026-10-09 21:30:01,905 RX_ECHO ignored
2026-10-09 21:30:02,897 RX_TIMEOUT service=81 partial=
2026-10-09 21:30:02,897 INIT attempt: no valid C1 with two key bytes
2026-10-09 21:30:02,897 INIT attempt 13/30
2026-10-09 21:30:03,255 INIT host low=26.388 ms high=25.023 ms (not wire measurements)
2026-10-09 21:30:03,255 TX 81 B1 F1 81 A4
2026-10-09 21:30:03,265 RX_ECHO ignored
2026-10-09 21:30:04,261 RX_TIMEOUT service=81 partial=
2026-10-09 21:30:04,262 INIT attempt: no valid C1 with two key bytes
2026-10-09 21:30:04,262 INIT attempt 14/30
2026-10-09 21:30:04,618 INIT host low=26.462 ms high=25.005 ms (not wire measurements)
2026-10-09 21:30:04,618 TX 81 B1 F1 81 A4
2026-10-09 21:30:04,629 RX_ECHO ignored
2026-10-09 21:30:05,626 RX_TIMEOUT service=81 partial=
2026-10-09 21:30:05,627 INIT attempt: no valid C1 with two key bytes
2026-10-09 21:30:05,627 INIT attempt 15/30
2026-10-09 21:30:05,983 INIT host low=26.301 ms high=25.007 ms (not wire measurements)
2026-10-09 21:30:05,984 TX 81 B1 F1 81 A4
2026-10-09 21:30:05,994 RX_ECHO ignored
2026-10-09 21:30:06,994 RX_TIMEOUT service=81 partial=
2026-10-09 21:30:06,994 INIT attempt: no valid C1 with two key bytes
2026-10-09 21:30:06,994 INIT attempt 16/30
2026-10-09 21:30:07,349 INIT host low=26.120 ms high=25.003 ms (not wire measurements)
2026-10-09 21:30:07,349 TX 81 B1 F1 81 A4
2026-10-09 21:30:07,360 RX_ECHO ignored
2026-10-09 21:30:08,352 RX_TIMEOUT service=81 partial=FC
2026-10-09 21:30:08,352 INIT attempt: no valid C1 with two key bytes
2026-10-09 21:30:08,352 INIT attempt 17/30
2026-10-09 21:30:08,709 INIT host low=26.074 ms high=25.021 ms (not wire measurements)
2026-10-09 21:30:08,709 TX 81 B1 F1 81 A4
2026-10-09 21:30:08,720 RX_ECHO ignored
2026-10-09 21:30:09,718 RX_TIMEOUT service=81 partial=
2026-10-09 21:30:09,718 INIT attempt: no valid C1 with two key bytes
2026-10-09 21:30:09,718 INIT attempt 18/30
2026-10-09 21:30:10,075 INIT host low=26.257 ms high=25.004 ms (not wire measurements)
2026-10-09 21:30:10,075 TX 81 B1 F1 81 A4
2026-10-09 21:30:10,085 RX_ECHO ignored
2026-10-09 21:30:11,085 RX_TIMEOUT service=81 partial=
2026-10-09 21:30:11,085 INIT attempt: no valid C1 with two key bytes
2026-10-09 21:30:11,085 INIT attempt 19/30
2026-10-09 21:30:11,441 INIT host low=26.205 ms high=25.022 ms (not wire measurements)
2026-10-09 21:30:11,442 TX 81 B1 F1 81 A4
2026-10-09 21:30:11,452 RX_ECHO ignored
2026-10-09 21:30:12,444 RX_TIMEOUT service=81 partial=
2026-10-09 21:30:12,444 INIT attempt: no valid C1 with two key bytes
2026-10-09 21:30:12,444 INIT attempt 20/30
2026-10-09 21:30:12,800 INIT host low=26.430 ms high=25.005 ms (not wire measurements)
2026-10-09 21:30:12,800 TX 81 B1 F1 81 A4
2026-10-09 21:30:12,811 RX_ECHO ignored
2026-10-09 21:30:13,806 RX_TIMEOUT service=81 partial=
2026-10-09 21:30:13,807 INIT attempt: no valid C1 with two key bytes
2026-10-09 21:30:13,807 INIT attempt 21/30
2026-10-09 21:30:14,162 INIT host low=25.974 ms high=25.002 ms (not wire measurements)
2026-10-09 21:30:14,162 TX 81 B1 F1 81 A4
2026-10-09 21:30:14,173 RX_ECHO ignored
2026-10-09 21:30:15,169 RX_TIMEOUT service=81 partial=
2026-10-09 21:30:15,169 INIT attempt: no valid C1 with two key bytes
2026-10-09 21:30:15,169 INIT attempt 22/30
2026-10-09 21:30:15,526 INIT host low=26.248 ms high=25.022 ms (not wire measurements)
2026-10-09 21:30:15,526 TX 81 B1 F1 81 A4
2026-10-09 21:30:15,537 RX_ECHO ignored
2026-10-09 21:30:16,538 RX_TIMEOUT service=81 partial=
2026-10-09 21:30:16,539 INIT attempt: no valid C1 with two key bytes
2026-10-09 21:30:16,539 INIT attempt 23/30
2026-10-09 21:30:16,896 INIT host low=26.315 ms high=25.005 ms (not wire measurements)
2026-10-09 21:30:16,896 TX 81 B1 F1 81 A4
2026-10-09 21:30:16,906 RX_ECHO ignored
2026-10-09 21:30:17,902 RX_TIMEOUT service=81 partial=
2026-10-09 21:30:17,902 INIT attempt: no valid C1 with two key bytes
2026-10-09 21:30:17,902 INIT attempt 24/30
2026-10-09 21:30:18,259 INIT host low=26.287 ms high=25.004 ms (not wire measurements)
2026-10-09 21:30:18,260 TX 81 B1 F1 81 A4
2026-10-09 21:30:18,271 RX_ECHO ignored
2026-10-09 21:30:19,262 RX_TIMEOUT service=81 partial=
2026-10-09 21:30:19,262 INIT attempt: no valid C1 with two key bytes
2026-10-09 21:30:19,262 INIT attempt 25/30
2026-10-09 21:30:19,618 INIT host low=26.364 ms high=25.003 ms (not wire measurements)
2026-10-09 21:30:19,618 TX 81 B1 F1 81 A4
2026-10-09 21:30:19,629 RX_ECHO ignored
2026-10-09 21:30:20,630 RX_TIMEOUT service=81 partial=
2026-10-09 21:30:20,630 INIT attempt: no valid C1 with two key bytes
2026-10-09 21:30:20,630 INIT attempt 26/30
2026-10-09 21:30:20,987 INIT host low=26.473 ms high=25.019 ms (not wire measurements)
2026-10-09 21:30:20,988 TX 81 B1 F1 81 A4
2026-10-09 21:30:20,998 RX_ECHO ignored
2026-10-09 21:30:21,994 RX_TIMEOUT service=81 partial=
2026-10-09 21:30:21,994 INIT attempt: no valid C1 with two key bytes
2026-10-09 21:30:21,995 INIT attempt 27/30
2026-10-09 21:30:22,350 INIT host low=26.104 ms high=25.002 ms (not wire measurements)
2026-10-09 21:30:22,351 TX 81 B1 F1 81 A4
2026-10-09 21:30:22,361 RX_ECHO ignored
2026-10-09 21:30:23,355 RX_TIMEOUT service=81 partial=
2026-10-09 21:30:23,355 INIT attempt: no valid C1 with two key bytes
2026-10-09 21:30:23,355 INIT attempt 28/30
2026-10-09 21:30:23,711 INIT host low=26.416 ms high=25.022 ms (not wire measurements)
2026-10-09 21:30:23,712 TX 81 B1 F1 81 A4
2026-10-09 21:30:23,722 RX_ECHO ignored
2026-10-09 21:30:24,719 RX_TIMEOUT service=81 partial=
2026-10-09 21:30:24,719 INIT attempt: no valid C1 with two key bytes
2026-10-09 21:30:24,720 INIT attempt 29/30
2026-10-09 21:30:25,076 INIT host low=26.189 ms high=25.023 ms (not wire measurements)
2026-10-09 21:30:25,076 TX 81 B1 F1 81 A4
2026-10-09 21:30:25,087 RX_ECHO ignored
2026-10-09 21:30:26,083 RX_TIMEOUT service=81 partial=
2026-10-09 21:30:26,084 INIT attempt: no valid C1 with two key bytes
2026-10-09 21:30:26,084 INIT attempt 30/30
2026-10-09 21:30:26,440 INIT host low=26.241 ms high=25.003 ms (not wire measurements)
2026-10-09 21:30:26,440 TX 81 B1 F1 81 A4
2026-10-09 21:30:26,451 RX_ECHO ignored
2026-10-09 21:30:27,451 RX_TIMEOUT service=81 partial=
2026-10-09 21:30:27,451 INIT attempt: no valid C1 with two key bytes
2026-10-09 21:30:27,451 INIT failed: no valid C1 after 30 attempts
2026-10-09 21:30:27,452 PROBE failed: no positive parameter response
