2026-10-09 19:07:53,782 LOG_FILE /Users/alex/IdeaProjects/ELM327wifi/captures/elm-20261009-190753-782725.log
2026-10-09 19:07:53,835 INIT begin target=B1 tester=F1 attempts=15
2026-10-09 19:07:53,835 INIT attempt 1/15
2026-10-09 19:07:54,187 INIT host low=25.341 ms high=25.019 ms (not wire measurements)
2026-10-09 19:07:54,187 TX 81 B1 F1 81 A4
2026-10-09 19:07:54,198 RX_ECHO ignored
2026-10-09 19:07:55,200 RX_TIMEOUT service=81 partial=
2026-10-09 19:07:55,200 INIT attempt: no valid C1 with two key bytes
2026-10-09 19:07:55,200 INIT attempt 2/15
2026-10-09 19:07:55,551 INIT host low=25.418 ms high=25.010 ms (not wire measurements)
2026-10-09 19:07:55,552 TX 81 B1 F1 81 A4
2026-10-09 19:07:55,563 RX_ECHO ignored
2026-10-09 19:07:56,559 RX_TIMEOUT service=81 partial=FF
2026-10-09 19:07:56,559 INIT attempt: no valid C1 with two key bytes
2026-10-09 19:07:56,559 INIT attempt 3/15
2026-10-09 19:07:56,910 INIT host low=25.337 ms high=25.015 ms (not wire measurements)
2026-10-09 19:07:56,911 TX 81 B1 F1 81 A4
2026-10-09 19:07:56,922 RX_ECHO ignored
2026-10-09 19:07:57,919 RX_TIMEOUT service=81 partial=
2026-10-09 19:07:57,919 INIT attempt: no valid C1 with two key bytes
2026-10-09 19:07:57,919 INIT attempt 4/15
2026-10-09 19:07:58,270 INIT host low=25.299 ms high=25.003 ms (not wire measurements)
2026-10-09 19:07:58,270 TX 81 B1 F1 81 A4
2026-10-09 19:07:58,281 RX_ECHO ignored
2026-10-09 19:07:59,275 RX_TIMEOUT service=81 partial=
2026-10-09 19:07:59,275 INIT attempt: no valid C1 with two key bytes
2026-10-09 19:07:59,275 INIT attempt 5/15
2026-10-09 19:07:59,627 INIT host low=25.447 ms high=25.008 ms (not wire measurements)
2026-10-09 19:07:59,627 TX 81 B1 F1 81 A4
2026-10-09 19:07:59,639 RX_ECHO ignored
2026-10-09 19:08:00,638 RX_TIMEOUT service=81 partial=
2026-10-09 19:08:00,639 INIT attempt: no valid C1 with two key bytes
2026-10-09 19:08:00,639 INIT attempt 6/15
2026-10-09 19:08:00,991 INIT host low=25.407 ms high=25.007 ms (not wire measurements)
2026-10-09 19:08:00,991 TX 81 B1 F1 81 A4
2026-10-09 19:08:01,002 RX_ECHO ignored
2026-10-09 19:08:01,992 RX_TIMEOUT service=81 partial=
2026-10-09 19:08:01,993 INIT attempt: no valid C1 with two key bytes
2026-10-09 19:08:01,993 INIT attempt 7/15
2026-10-09 19:08:02,345 INIT host low=25.302 ms high=25.004 ms (not wire measurements)
2026-10-09 19:08:02,345 TX 81 B1 F1 81 A4
2026-10-09 19:08:02,356 RX_ECHO ignored
2026-10-09 19:08:03,355 RX_TIMEOUT service=81 partial=
2026-10-09 19:08:03,356 INIT attempt: no valid C1 with two key bytes
2026-10-09 19:08:03,356 INIT attempt 8/15
2026-10-09 19:08:03,707 INIT host low=25.389 ms high=25.008 ms (not wire measurements)
2026-10-09 19:08:03,707 TX 81 B1 F1 81 A4
2026-10-09 19:08:03,719 RX_ECHO ignored
2026-10-09 19:08:04,708 RX_TIMEOUT service=81 partial=
2026-10-09 19:08:04,709 INIT attempt: no valid C1 with two key bytes
2026-10-09 19:08:04,709 INIT attempt 9/15
2026-10-09 19:08:05,060 INIT host low=25.333 ms high=25.005 ms (not wire measurements)
2026-10-09 19:08:05,061 TX 81 B1 F1 81 A4
2026-10-09 19:08:05,072 RX_ECHO ignored
2026-10-09 19:08:06,061 RX_TIMEOUT service=81 partial=
2026-10-09 19:08:06,062 INIT attempt: no valid C1 with two key bytes
2026-10-09 19:08:06,062 INIT attempt 10/15
2026-10-09 19:08:06,414 INIT host low=25.324 ms high=25.005 ms (not wire measurements)
2026-10-09 19:08:06,414 TX 81 B1 F1 81 A4
2026-10-09 19:08:06,425 RX_ECHO ignored
2026-10-09 19:08:07,426 RX_TIMEOUT service=81 partial=FF
2026-10-09 19:08:07,426 INIT attempt: no valid C1 with two key bytes
2026-10-09 19:08:07,426 INIT attempt 11/15
2026-10-09 19:08:07,778 INIT host low=25.291 ms high=25.006 ms (not wire measurements)
2026-10-09 19:08:07,778 TX 81 B1 F1 81 A4
2026-10-09 19:08:07,789 RX_ECHO ignored
2026-10-09 19:08:08,779 RX_TIMEOUT service=81 partial=
2026-10-09 19:08:08,780 INIT attempt: no valid C1 with two key bytes
2026-10-09 19:08:08,780 INIT attempt 12/15
2026-10-09 19:08:09,131 INIT host low=25.425 ms high=25.018 ms (not wire measurements)
2026-10-09 19:08:09,132 TX 81 B1 F1 81 A4
2026-10-09 19:08:09,142 RX_ECHO ignored
2026-10-09 19:08:10,137 RX_TIMEOUT service=81 partial=
2026-10-09 19:08:10,138 INIT attempt: no valid C1 with two key bytes
2026-10-09 19:08:10,138 INIT attempt 13/15
2026-10-09 19:08:10,490 INIT host low=25.478 ms high=25.006 ms (not wire measurements)
2026-10-09 19:08:10,490 TX 81 B1 F1 81 A4
2026-10-09 19:08:10,500 RX_ECHO ignored
2026-10-09 19:08:11,496 RX_TIMEOUT service=81 partial=
2026-10-09 19:08:11,497 INIT attempt: no valid C1 with two key bytes
2026-10-09 19:08:11,497 INIT attempt 14/15
2026-10-09 19:08:11,848 INIT host low=25.363 ms high=25.006 ms (not wire measurements)
2026-10-09 19:08:11,848 TX 81 B1 F1 81 A4
2026-10-09 19:08:11,860 RX_ECHO ignored
2026-10-09 19:08:12,850 RX_TIMEOUT service=81 partial=
2026-10-09 19:08:12,851 INIT attempt: no valid C1 with two key bytes
2026-10-09 19:08:12,851 INIT attempt 15/15
2026-10-09 19:08:13,202 INIT host low=25.362 ms high=25.004 ms (not wire measurements)
2026-10-09 19:08:13,203 TX 81 B1 F1 81 A4
2026-10-09 19:08:13,214 RX_ECHO ignored
2026-10-09 19:08:14,207 RX_TIMEOUT service=81 partial=
2026-10-09 19:08:14,207 INIT attempt: no valid C1 with two key bytes
2026-10-09 19:08:14,207 INIT failed: no valid C1 after 15 attempts
2026-10-09 19:08:14,207 PROBE failed: no positive parameter response
