2026-10-09 18:39:39,266 LOG_FILE /Users/alex/IdeaProjects/ELM327wifi/captures/elm-20261009-183939-266337.log
2026-10-09 18:39:39,311 INIT begin target=B1 tester=F1 attempts=5
2026-10-09 18:39:39,311 INIT attempt 1/5
2026-10-09 18:39:39,668 INIT host low=26.077 ms high=25.015 ms (not wire measurements)
2026-10-09 18:39:39,668 TX 81 B1 F1 81 A4
2026-10-09 18:39:39,671 RX 8B F1 B1 61 01 90 D2 A6 93 94 B0 FB 04 00 6D
2026-10-09 18:39:39,682 RX_ECHO ignored
2026-10-09 18:39:39,776 RX 8B F1 B1 61 01 90 D2 A6 93 94 B0 FB 04 00 6D
2026-10-09 18:39:40,016 RX 8B F1 B1 61 01 90 D2 A6 93 94 B0 FB 04 00 6D
2026-10-09 18:39:40,368 RX 8B F1 B1 61 01 90 D2 A6 93 94 B0 FB 04 00 6D
2026-10-09 18:39:40,672 RX_TIMEOUT service=81 partial=
2026-10-09 18:39:40,673 INIT attempt: no valid C1 with two key bytes
2026-10-09 18:39:40,673 INIT attempt 2/5
2026-10-09 18:39:41,028 INIT host low=26.062 ms high=25.014 ms (not wire measurements)
2026-10-09 18:39:41,028 TX 81 B1 F1 81 A4
2026-10-09 18:39:41,038 RX_ECHO ignored
2026-10-09 18:39:41,086 RX 8B F1 B1 61 01 90 D2 A6 93 94 B0 FB 04 00 6D
2026-10-09 18:39:41,331 RX 8B F1 B1 61 01 90 D2 A6 93 94 B0 FB 04 00 6D
2026-10-09 18:39:41,693 RX 8B F1 B1 61 01 90 D2 A6 93 94 B0 FB 04 00 6D
2026-10-09 18:39:42,035 RX_TIMEOUT service=81 partial=
2026-10-09 18:39:42,035 INIT attempt: no valid C1 with two key bytes
2026-10-09 18:39:42,035 INIT attempt 3/5
2026-10-09 18:39:42,391 INIT host low=26.164 ms high=25.007 ms (not wire measurements)
2026-10-09 18:39:42,391 TX 81 B1 F1 81 A4
2026-10-09 18:39:42,764 RX 8B F1 B1 61 01 90 D2 A6 93 94 B0 FB 04 00 6D
2026-10-09 18:39:43,126 RX 8B F1 B1 61 01 90 D2 A6 93 94 B0 FB 04 00 6D
2026-10-09 18:39:43,403 RX_TIMEOUT service=81 partial=
2026-10-09 18:39:43,404 INIT attempt: no valid C1 with two key bytes
2026-10-09 18:39:43,404 INIT attempt 4/5
2026-10-09 18:39:43,759 INIT host low=26.207 ms high=25.019 ms (not wire measurements)
2026-10-09 18:39:43,759 TX 81 B1 F1 81 A4
2026-10-09 18:39:43,770 RX_ECHO ignored
2026-10-09 18:39:43,841 RX 8B F1 B1 61 01 90 D2 A6 93 94 B0 FB 04 00 6D
2026-10-09 18:39:44,078 RX 8B F1 B1 61 01 90 D2 A6 93 94 B0 FB 04 00 6D
2026-10-09 18:39:44,443 RX 8B F1 B1 61 01 90 D2 A6 93 94 B0 FB 04 00 6D
2026-10-09 18:39:44,766 RX_TIMEOUT service=81 partial=
2026-10-09 18:39:44,766 INIT attempt: no valid C1 with two key bytes
2026-10-09 18:39:44,766 INIT attempt 5/5
2026-10-09 18:39:45,121 INIT host low=26.045 ms high=25.003 ms (not wire measurements)
2026-10-09 18:39:45,121 TX 81 B1 F1 81 A4
2026-10-09 18:39:45,132 RX_ECHO ignored
2026-10-09 18:39:45,155 RX 8B F1 B1 61 01 90 D2 A6 93 94 B0 FB 04 00 6D
2026-10-09 18:39:45,519 RX 8B F1 B1 61 01 90 D2 A6 93 94 B0 FB 04 00 6D
2026-10-09 18:39:45,873 RX 8B F1 B1 61 01 90 D2 A6 93 94 B0 FB 04 00 6D
2026-10-09 18:39:46,127 RX_TIMEOUT service=81 partial=
2026-10-09 18:39:46,127 INIT attempt: no valid C1 with two key bytes
2026-10-09 18:39:46,127 INIT failed: no valid C1 after 5 attempts
2026-10-09 18:39:46,127 PROBE failed: no positive parameter response
