2026-10-09 21:23:58,880 LOG_FILE /Users/alex/IdeaProjects/ELM327wifi/captures/elm-20261009-212358-880133.log
2026-10-09 21:23:58,890 INIT begin target=B1 tester=F1 attempts=30
2026-10-09 21:23:58,891 INIT attempt 1/30
2026-10-09 21:23:59,245 INIT host low=26.097 ms high=25.020 ms (not wire measurements)
2026-10-09 21:23:59,245 TX 81 B1 F1 81 A4
2026-10-09 21:23:59,256 RX_ECHO ignored
2026-10-09 21:24:00,257 RX_TIMEOUT service=81 partial=
2026-10-09 21:24:00,257 INIT attempt: no valid C1 with two key bytes
2026-10-09 21:24:00,257 INIT attempt 2/30
2026-10-09 21:24:00,612 INIT host low=26.097 ms high=25.008 ms (not wire measurements)
2026-10-09 21:24:00,613 TX 81 B1 F1 81 A4
2026-10-09 21:24:00,623 RX_ECHO ignored
2026-10-09 21:24:01,617 RX_TIMEOUT service=81 partial=
2026-10-09 21:24:01,617 INIT attempt: no valid C1 with two key bytes
2026-10-09 21:24:01,617 INIT attempt 3/30
2026-10-09 21:24:01,972 INIT host low=26.245 ms high=25.003 ms (not wire measurements)
2026-10-09 21:24:01,973 TX 81 B1 F1 81 A4
2026-10-09 21:24:01,983 RX_ECHO ignored
2026-10-09 21:24:02,981 RX_TIMEOUT service=81 partial=
2026-10-09 21:24:02,981 INIT attempt: no valid C1 with two key bytes
2026-10-09 21:24:02,982 INIT attempt 4/30
2026-10-09 21:24:03,337 INIT host low=26.217 ms high=25.004 ms (not wire measurements)
2026-10-09 21:24:03,337 TX 81 B1 F1 81 A4
2026-10-09 21:24:03,348 RX_ECHO ignored
2026-10-09 21:24:04,343 RX_TIMEOUT service=81 partial=
2026-10-09 21:24:04,343 INIT attempt: no valid C1 with two key bytes
2026-10-09 21:24:04,343 INIT attempt 5/30
2026-10-09 21:24:04,698 INIT host low=26.136 ms high=25.006 ms (not wire measurements)
2026-10-09 21:24:04,698 TX 81 B1 F1 81 A4
2026-10-09 21:24:04,709 RX_ECHO ignored
2026-10-09 21:24:05,702 RX_TIMEOUT service=81 partial=
2026-10-09 21:24:05,702 INIT attempt: no valid C1 with two key bytes
2026-10-09 21:24:05,702 INIT attempt 6/30
2026-10-09 21:24:06,057 INIT host low=26.099 ms high=25.003 ms (not wire measurements)
2026-10-09 21:24:06,058 TX 81 B1 F1 81 A4
2026-10-09 21:24:06,068 RX_ECHO ignored
2026-10-09 21:24:07,064 RX_TIMEOUT service=81 partial=
2026-10-09 21:24:07,064 INIT attempt: no valid C1 with two key bytes
2026-10-09 21:24:07,064 INIT attempt 7/30
2026-10-09 21:24:07,419 INIT host low=26.042 ms high=25.004 ms (not wire measurements)
2026-10-09 21:24:07,419 TX 81 B1 F1 81 A4
2026-10-09 21:24:07,430 RX_ECHO ignored
2026-10-09 21:24:08,419 RX_TIMEOUT service=81 partial=
2026-10-09 21:24:08,420 INIT attempt: no valid C1 with two key bytes
2026-10-09 21:24:08,420 INIT attempt 8/30
2026-10-09 21:24:08,775 INIT host low=26.196 ms high=25.005 ms (not wire measurements)
2026-10-09 21:24:08,775 TX 81 B1 F1 81 A4
2026-10-09 21:24:08,786 RX_ECHO ignored
2026-10-09 21:24:09,783 RX_TIMEOUT service=81 partial=
2026-10-09 21:24:09,784 INIT attempt: no valid C1 with two key bytes
2026-10-09 21:24:09,784 INIT attempt 9/30
2026-10-09 21:24:10,139 INIT host low=26.380 ms high=25.016 ms (not wire measurements)
2026-10-09 21:24:10,139 TX 81 B1 F1 81 A4
2026-10-09 21:24:10,150 RX_ECHO ignored
2026-10-09 21:24:11,140 RX_TIMEOUT service=81 partial=
2026-10-09 21:24:11,140 INIT attempt: no valid C1 with two key bytes
2026-10-09 21:24:11,140 INIT attempt 10/30
2026-10-09 21:24:11,495 INIT host low=26.133 ms high=25.018 ms (not wire measurements)
2026-10-09 21:24:11,496 TX 81 B1 F1 81 A4
2026-10-09 21:24:11,506 RX_ECHO ignored
2026-10-09 21:24:12,506 RX_TIMEOUT service=81 partial=
2026-10-09 21:24:12,507 INIT attempt: no valid C1 with two key bytes
2026-10-09 21:24:12,507 INIT attempt 11/30
2026-10-09 21:24:12,862 INIT host low=26.209 ms high=25.017 ms (not wire measurements)
2026-10-09 21:24:12,862 TX 81 B1 F1 81 A4
2026-10-09 21:24:12,873 RX_ECHO ignored
2026-10-09 21:24:13,868 RX_TIMEOUT service=81 partial=FC
2026-10-09 21:24:13,869 INIT attempt: no valid C1 with two key bytes
2026-10-09 21:24:13,869 INIT attempt 12/30
2026-10-09 21:24:14,224 INIT host low=25.977 ms high=25.005 ms (not wire measurements)
2026-10-09 21:24:14,224 TX 81 B1 F1 81 A4
2026-10-09 21:24:14,235 RX_ECHO ignored
2026-10-09 21:24:15,228 RX_TIMEOUT service=81 partial=
2026-10-09 21:24:15,229 INIT attempt: no valid C1 with two key bytes
2026-10-09 21:24:15,229 INIT attempt 13/30
2026-10-09 21:24:15,584 INIT host low=26.136 ms high=25.003 ms (not wire measurements)
2026-10-09 21:24:15,584 TX 81 B1 F1 81 A4
2026-10-09 21:24:15,594 RX_ECHO ignored
2026-10-09 21:24:16,591 RX_TIMEOUT service=81 partial=
2026-10-09 21:24:16,592 INIT attempt: no valid C1 with two key bytes
2026-10-09 21:24:16,592 INIT attempt 14/30
2026-10-09 21:24:16,947 INIT host low=26.248 ms high=25.004 ms (not wire measurements)
2026-10-09 21:24:16,947 TX 81 B1 F1 81 A4
2026-10-09 21:24:16,958 RX_ECHO ignored
2026-10-09 21:24:17,959 RX_TIMEOUT service=81 partial=
2026-10-09 21:24:17,960 INIT attempt: no valid C1 with two key bytes
2026-10-09 21:24:17,960 INIT attempt 15/30
2026-10-09 21:24:18,314 INIT host low=26.033 ms high=25.005 ms (not wire measurements)
2026-10-09 21:24:18,314 TX 81 B1 F1 81 A4
2026-10-09 21:24:18,325 RX_ECHO ignored
2026-10-09 21:24:19,323 RX_TIMEOUT service=81 partial=
2026-10-09 21:24:19,325 INIT attempt: no valid C1 with two key bytes
2026-10-09 21:24:19,326 INIT attempt 16/30
2026-10-09 21:24:19,682 INIT host low=26.207 ms high=25.004 ms (not wire measurements)
2026-10-09 21:24:19,682 TX 81 B1 F1 81 A4
2026-10-09 21:24:19,693 RX_ECHO ignored
2026-10-09 21:24:20,692 RX_TIMEOUT service=81 partial=
2026-10-09 21:24:20,693 INIT attempt: no valid C1 with two key bytes
2026-10-09 21:24:20,693 INIT attempt 17/30
2026-10-09 21:24:21,048 INIT host low=26.174 ms high=25.006 ms (not wire measurements)
2026-10-09 21:24:21,048 TX 81 B1 F1 81 A4
2026-10-09 21:24:21,059 RX_ECHO ignored
2026-10-09 21:24:22,058 RX_TIMEOUT service=81 partial=
2026-10-09 21:24:22,059 INIT attempt: no valid C1 with two key bytes
2026-10-09 21:24:22,059 INIT attempt 18/30
2026-10-09 21:24:22,414 INIT host low=26.159 ms high=25.017 ms (not wire measurements)
2026-10-09 21:24:22,414 TX 81 B1 F1 81 A4
2026-10-09 21:24:22,425 RX_ECHO ignored
2026-10-09 21:24:23,424 RX_TIMEOUT service=81 partial=
2026-10-09 21:24:23,426 INIT attempt: no valid C1 with two key bytes
2026-10-09 21:24:23,426 INIT attempt 19/30
2026-10-09 21:24:23,781 INIT host low=26.140 ms high=25.005 ms (not wire measurements)
2026-10-09 21:24:23,782 TX 81 B1 F1 81 A4
2026-10-09 21:24:23,792 RX_ECHO ignored
2026-10-09 21:24:24,786 RX_TIMEOUT service=81 partial=
2026-10-09 21:24:24,786 INIT attempt: no valid C1 with two key bytes
2026-10-09 21:24:24,786 INIT attempt 20/30
2026-10-09 21:24:25,142 INIT host low=26.352 ms high=25.006 ms (not wire measurements)
2026-10-09 21:24:25,142 TX 81 B1 F1 81 A4
2026-10-09 21:24:25,153 RX_ECHO ignored
2026-10-09 21:24:26,150 RX_TIMEOUT service=81 partial=
2026-10-09 21:24:26,150 INIT attempt: no valid C1 with two key bytes
2026-10-09 21:24:26,150 INIT attempt 21/30
2026-10-09 21:24:26,505 INIT host low=26.241 ms high=25.003 ms (not wire measurements)
2026-10-09 21:24:26,505 TX 81 B1 F1 81 A4
2026-10-09 21:24:26,516 RX_ECHO ignored
2026-10-09 21:24:27,514 RX_TIMEOUT service=81 partial=
2026-10-09 21:24:27,514 INIT attempt: no valid C1 with two key bytes
2026-10-09 21:24:27,514 INIT attempt 22/30
2026-10-09 21:24:27,868 INIT host low=25.964 ms high=25.003 ms (not wire measurements)
2026-10-09 21:24:27,869 TX 81 B1 F1 81 A4
2026-10-09 21:24:27,879 RX_ECHO ignored
2026-10-09 21:24:28,870 RX_TIMEOUT service=81 partial=
2026-10-09 21:24:28,870 INIT attempt: no valid C1 with two key bytes
2026-10-09 21:24:28,870 INIT attempt 23/30
2026-10-09 21:24:29,225 INIT host low=26.239 ms high=25.005 ms (not wire measurements)
2026-10-09 21:24:29,226 TX 81 B1 F1 81 A4
2026-10-09 21:24:29,236 RX_ECHO ignored
2026-10-09 21:24:30,236 RX_TIMEOUT service=81 partial=
2026-10-09 21:24:30,236 INIT attempt: no valid C1 with two key bytes
2026-10-09 21:24:30,236 INIT attempt 24/30
2026-10-09 21:24:30,592 INIT host low=26.331 ms high=25.005 ms (not wire measurements)
2026-10-09 21:24:30,592 TX 81 B1 F1 81 A4
2026-10-09 21:24:30,603 RX_ECHO ignored
2026-10-09 21:24:31,593 RX_TIMEOUT service=81 partial=
2026-10-09 21:24:31,594 INIT attempt: no valid C1 with two key bytes
2026-10-09 21:24:31,594 INIT attempt 25/30
2026-10-09 21:24:31,949 INIT host low=26.238 ms high=25.007 ms (not wire measurements)
2026-10-09 21:24:31,949 TX 81 B1 F1 81 A4
2026-10-09 21:24:31,960 RX_ECHO ignored
2026-10-09 21:24:32,961 RX_TIMEOUT service=81 partial=
2026-10-09 21:24:32,962 INIT attempt: no valid C1 with two key bytes
2026-10-09 21:24:32,962 INIT attempt 26/30
2026-10-09 21:24:33,317 INIT host low=26.130 ms high=25.006 ms (not wire measurements)
2026-10-09 21:24:33,317 TX 81 B1 F1 81 A4
2026-10-09 21:24:33,328 RX_ECHO ignored
2026-10-09 21:24:34,319 RX_TIMEOUT service=81 partial=
2026-10-09 21:24:34,319 INIT attempt: no valid C1 with two key bytes
2026-10-09 21:24:34,319 INIT attempt 27/30
2026-10-09 21:24:34,674 INIT host low=26.133 ms high=25.005 ms (not wire measurements)
2026-10-09 21:24:34,674 TX 81 B1 F1 81 A4
2026-10-09 21:24:34,685 RX_ECHO ignored
2026-10-09 21:24:35,685 RX_TIMEOUT service=81 partial=
2026-10-09 21:24:35,686 INIT attempt: no valid C1 with two key bytes
2026-10-09 21:24:35,686 INIT attempt 28/30
2026-10-09 21:24:36,041 INIT host low=26.180 ms high=25.005 ms (not wire measurements)
2026-10-09 21:24:36,041 TX 81 B1 F1 81 A4
2026-10-09 21:24:36,052 RX_ECHO ignored
2026-10-09 21:24:37,045 RX_TIMEOUT service=81 partial=
2026-10-09 21:24:37,045 INIT attempt: no valid C1 with two key bytes
2026-10-09 21:24:37,045 INIT attempt 29/30
2026-10-09 21:24:37,399 INIT host low=26.031 ms high=25.004 ms (not wire measurements)
2026-10-09 21:24:37,399 TX 81 B1 F1 81 A4
2026-10-09 21:24:37,410 RX_ECHO ignored
2026-10-09 21:24:38,411 RX_TIMEOUT service=81 partial=
2026-10-09 21:24:38,411 INIT attempt: no valid C1 with two key bytes
2026-10-09 21:24:38,411 INIT attempt 30/30
2026-10-09 21:24:38,766 INIT host low=26.153 ms high=25.005 ms (not wire measurements)
2026-10-09 21:24:38,767 TX 81 B1 F1 81 A4
2026-10-09 21:24:38,777 RX_ECHO ignored
2026-10-09 21:24:39,769 RX_TIMEOUT service=81 partial=
2026-10-09 21:24:39,770 INIT attempt: no valid C1 with two key bytes
2026-10-09 21:24:39,770 INIT failed: no valid C1 after 30 attempts
2026-10-09 21:24:39,770 PROBE failed: no positive parameter response
