2026-10-09 23:07:25,702 LOG_FILE /Users/alex/IdeaProjects/ELM327wifi/captures/elm-20261009-230725-702354.log
2026-10-09 23:07:25,713 INIT begin target=B1 tester=F1 attempts=30
2026-10-09 23:07:25,713 INIT attempt 1/30
2026-10-09 23:07:26,072 INIT wakeup 0x00 sent, gap=57.4 ms (not wire measurement)
2026-10-09 23:07:26,073 TX 81 B1 F1 81 A4
2026-10-09 23:07:26,084 RX_ECHO ignored
2026-10-09 23:07:27,073 RX_TIMEOUT service=81 partial=
2026-10-09 23:07:27,074 INIT attempt: no valid C1 with two key bytes
2026-10-09 23:07:27,074 INIT attempt 2/30
2026-10-09 23:07:27,435 INIT wakeup 0x00 sent, gap=57.3 ms (not wire measurement)
2026-10-09 23:07:27,435 TX 81 B1 F1 81 A4
2026-10-09 23:07:27,446 RX_ECHO ignored
2026-10-09 23:07:28,444 RX_TIMEOUT service=81 partial=
2026-10-09 23:07:28,444 INIT attempt: no valid C1 with two key bytes
2026-10-09 23:07:28,444 INIT attempt 3/30
2026-10-09 23:07:28,803 INIT wakeup 0x00 sent, gap=57.4 ms (not wire measurement)
2026-10-09 23:07:28,804 TX 81 B1 F1 81 A4
2026-10-09 23:07:28,814 RX_ECHO ignored
2026-10-09 23:07:29,805 RX_TIMEOUT service=81 partial=
2026-10-09 23:07:29,805 INIT attempt: no valid C1 with two key bytes
2026-10-09 23:07:29,805 INIT attempt 4/30
2026-10-09 23:07:30,166 INIT wakeup 0x00 sent, gap=57.3 ms (not wire measurement)
2026-10-09 23:07:30,166 TX 81 B1 F1 81 A4
2026-10-09 23:07:30,177 RX_ECHO ignored
2026-10-09 23:07:31,170 RX_TIMEOUT service=81 partial=
2026-10-09 23:07:31,170 INIT attempt: no valid C1 with two key bytes
2026-10-09 23:07:31,171 INIT attempt 5/30
2026-10-09 23:07:31,530 INIT wakeup 0x00 sent, gap=57.3 ms (not wire measurement)
2026-10-09 23:07:31,530 TX 81 B1 F1 81 A4
2026-10-09 23:07:31,541 RX_ECHO ignored
2026-10-09 23:07:32,539 RX_TIMEOUT service=81 partial=
2026-10-09 23:07:32,539 INIT attempt: no valid C1 with two key bytes
2026-10-09 23:07:32,539 INIT attempt 6/30
2026-10-09 23:07:32,899 INIT wakeup 0x00 sent, gap=57.3 ms (not wire measurement)
2026-10-09 23:07:32,900 TX 81 B1 F1 81 A4
2026-10-09 23:07:32,910 RX_ECHO ignored
2026-10-09 23:07:33,901 RX_TIMEOUT service=81 partial=
2026-10-09 23:07:33,901 INIT attempt: no valid C1 with two key bytes
2026-10-09 23:07:33,901 INIT attempt 7/30
2026-10-09 23:07:34,261 INIT wakeup 0x00 sent, gap=57.3 ms (not wire measurement)
2026-10-09 23:07:34,261 TX 81 B1 F1 81 A4
2026-10-09 23:07:34,272 RX_ECHO ignored
2026-10-09 23:07:35,264 RX_TIMEOUT service=81 partial=
2026-10-09 23:07:35,264 INIT attempt: no valid C1 with two key bytes
2026-10-09 23:07:35,264 INIT attempt 8/30
2026-10-09 23:07:35,624 INIT wakeup 0x00 sent, gap=57.4 ms (not wire measurement)
2026-10-09 23:07:35,624 TX 81 B1 F1 81 A4
2026-10-09 23:07:35,635 RX_ECHO ignored
2026-10-09 23:07:36,635 RX_TIMEOUT service=81 partial=
2026-10-09 23:07:36,635 INIT attempt: no valid C1 with two key bytes
2026-10-09 23:07:36,635 INIT attempt 9/30
2026-10-09 23:07:36,995 INIT wakeup 0x00 sent, gap=57.3 ms (not wire measurement)
2026-10-09 23:07:36,995 TX 81 B1 F1 81 A4
2026-10-09 23:07:37,005 RX_ECHO ignored
2026-10-09 23:07:37,998 RX_TIMEOUT service=81 partial=
2026-10-09 23:07:37,998 INIT attempt: no valid C1 with two key bytes
2026-10-09 23:07:37,998 INIT attempt 10/30
2026-10-09 23:07:38,357 INIT wakeup 0x00 sent, gap=57.4 ms (not wire measurement)
2026-10-09 23:07:38,358 TX 81 B1 F1 81 A4
2026-10-09 23:07:38,368 RX_ECHO ignored
2026-10-09 23:07:39,364 RX_TIMEOUT service=81 partial=
2026-10-09 23:07:39,364 INIT attempt: no valid C1 with two key bytes
2026-10-09 23:07:39,365 INIT attempt 11/30
2026-10-09 23:07:39,724 INIT wakeup 0x00 sent, gap=57.3 ms (not wire measurement)
2026-10-09 23:07:39,724 TX 81 B1 F1 81 A4
2026-10-09 23:07:39,735 RX_ECHO ignored
2026-10-09 23:07:40,726 RX_TIMEOUT service=81 partial=
2026-10-09 23:07:40,726 INIT attempt: no valid C1 with two key bytes
2026-10-09 23:07:40,726 INIT attempt 12/30
2026-10-09 23:07:41,086 INIT wakeup 0x00 sent, gap=57.4 ms (not wire measurement)
2026-10-09 23:07:41,086 TX 81 B1 F1 81 A4
2026-10-09 23:07:41,097 RX_ECHO ignored
2026-10-09 23:07:42,093 RX_TIMEOUT service=81 partial=
2026-10-09 23:07:42,093 INIT attempt: no valid C1 with two key bytes
2026-10-09 23:07:42,094 INIT attempt 13/30
2026-10-09 23:07:42,453 INIT wakeup 0x00 sent, gap=57.3 ms (not wire measurement)
2026-10-09 23:07:42,454 TX 81 B1 F1 81 A4
2026-10-09 23:07:42,464 RX_ECHO ignored
2026-10-09 23:07:43,464 RX_TIMEOUT service=81 partial=
2026-10-09 23:07:43,464 INIT attempt: no valid C1 with two key bytes
2026-10-09 23:07:43,464 INIT attempt 14/30
2026-10-09 23:07:43,823 INIT wakeup 0x00 sent, gap=57.4 ms (not wire measurement)
2026-10-09 23:07:43,823 TX 81 B1 F1 81 A4
2026-10-09 23:07:43,834 RX_ECHO ignored
2026-10-09 23:07:44,832 RX_TIMEOUT service=81 partial=
2026-10-09 23:07:44,832 INIT attempt: no valid C1 with two key bytes
2026-10-09 23:07:44,832 INIT attempt 15/30
2026-10-09 23:07:45,191 INIT wakeup 0x00 sent, gap=57.3 ms (not wire measurement)
2026-10-09 23:07:45,192 TX 81 B1 F1 81 A4
2026-10-09 23:07:45,202 RX_ECHO ignored
2026-10-09 23:07:46,203 RX_TIMEOUT service=81 partial=FD FF
2026-10-09 23:07:46,203 INIT attempt: no valid C1 with two key bytes
2026-10-09 23:07:46,203 INIT attempt 16/30
2026-10-09 23:07:46,562 INIT wakeup 0x00 sent, gap=57.3 ms (not wire measurement)
2026-10-09 23:07:46,563 TX 81 B1 F1 81 A4
2026-10-09 23:07:46,573 RX_ECHO ignored
2026-10-09 23:07:47,572 RX_TIMEOUT service=81 partial=
2026-10-09 23:07:47,573 INIT attempt: no valid C1 with two key bytes
2026-10-09 23:07:47,573 INIT attempt 17/30
2026-10-09 23:07:47,933 INIT wakeup 0x00 sent, gap=57.3 ms (not wire measurement)
2026-10-09 23:07:47,933 TX 81 B1 F1 81 A4
2026-10-09 23:07:47,944 RX_ECHO ignored
2026-10-09 23:07:48,938 RX_TIMEOUT service=81 partial=
2026-10-09 23:07:48,939 INIT attempt: no valid C1 with two key bytes
2026-10-09 23:07:48,939 INIT attempt 18/30
2026-10-09 23:07:49,298 INIT wakeup 0x00 sent, gap=57.4 ms (not wire measurement)
2026-10-09 23:07:49,299 TX 81 B1 F1 81 A4
2026-10-09 23:07:49,309 RX_ECHO ignored
2026-10-09 23:07:50,301 RX_TIMEOUT service=81 partial=
2026-10-09 23:07:50,301 INIT attempt: no valid C1 with two key bytes
2026-10-09 23:07:50,301 INIT attempt 19/30
2026-10-09 23:07:50,660 INIT wakeup 0x00 sent, gap=57.3 ms (not wire measurement)
2026-10-09 23:07:50,661 TX 81 B1 F1 81 A4
2026-10-09 23:07:50,672 RX_ECHO ignored
2026-10-09 23:07:51,669 RX_TIMEOUT service=81 partial=
2026-10-09 23:07:51,669 INIT attempt: no valid C1 with two key bytes
2026-10-09 23:07:51,669 INIT attempt 20/30
2026-10-09 23:07:52,029 INIT wakeup 0x00 sent, gap=57.4 ms (not wire measurement)
2026-10-09 23:07:52,029 TX 81 B1 F1 81 A4
2026-10-09 23:07:52,040 RX_ECHO ignored
2026-10-09 23:07:53,031 RX_TIMEOUT service=81 partial=
2026-10-09 23:07:53,031 INIT attempt: no valid C1 with two key bytes
2026-10-09 23:07:53,031 INIT attempt 21/30
2026-10-09 23:07:53,390 INIT wakeup 0x00 sent, gap=57.4 ms (not wire measurement)
2026-10-09 23:07:53,391 TX 81 B1 F1 81 A4
2026-10-09 23:07:53,401 RX_ECHO ignored
2026-10-09 23:07:54,393 RX_TIMEOUT service=81 partial=
2026-10-09 23:07:54,394 INIT attempt: no valid C1 with two key bytes
2026-10-09 23:07:54,394 INIT attempt 22/30
2026-10-09 23:07:54,753 INIT wakeup 0x00 sent, gap=57.4 ms (not wire measurement)
2026-10-09 23:07:54,754 TX 81 B1 F1 81 A4
2026-10-09 23:07:54,764 RX_ECHO ignored
2026-10-09 23:07:55,755 RX_TIMEOUT service=81 partial=
2026-10-09 23:07:55,756 INIT attempt: no valid C1 with two key bytes
2026-10-09 23:07:55,756 INIT attempt 23/30
2026-10-09 23:07:56,115 INIT wakeup 0x00 sent, gap=57.3 ms (not wire measurement)
2026-10-09 23:07:56,116 TX 81 B1 F1 81 A4
2026-10-09 23:07:56,126 RX_ECHO ignored
2026-10-09 23:07:57,121 RX_TIMEOUT service=81 partial=
2026-10-09 23:07:57,121 INIT attempt: no valid C1 with two key bytes
2026-10-09 23:07:57,121 INIT attempt 24/30
2026-10-09 23:07:57,480 INIT wakeup 0x00 sent, gap=57.2 ms (not wire measurement)
2026-10-09 23:07:57,480 TX 81 B1 F1 81 A4
2026-10-09 23:07:57,491 RX_ECHO ignored
2026-10-09 23:07:58,482 RX_TIMEOUT service=81 partial=
2026-10-09 23:07:58,482 INIT attempt: no valid C1 with two key bytes
2026-10-09 23:07:58,482 INIT attempt 25/30
2026-10-09 23:07:58,842 INIT wakeup 0x00 sent, gap=57.3 ms (not wire measurement)
2026-10-09 23:07:58,842 TX 81 B1 F1 81 A4
2026-10-09 23:07:58,853 RX_ECHO ignored
2026-10-09 23:07:59,848 RX_TIMEOUT service=81 partial=
2026-10-09 23:07:59,848 INIT attempt: no valid C1 with two key bytes
2026-10-09 23:07:59,848 INIT attempt 26/30
2026-10-09 23:08:00,208 INIT wakeup 0x00 sent, gap=57.4 ms (not wire measurement)
2026-10-09 23:08:00,208 TX 81 B1 F1 81 A4
2026-10-09 23:08:00,219 RX_ECHO ignored
2026-10-09 23:08:01,209 RX_TIMEOUT service=81 partial=
2026-10-09 23:08:01,210 INIT attempt: no valid C1 with two key bytes
2026-10-09 23:08:01,210 INIT attempt 27/30
2026-10-09 23:08:01,570 INIT wakeup 0x00 sent, gap=57.3 ms (not wire measurement)
2026-10-09 23:08:01,570 TX 81 B1 F1 81 A4
2026-10-09 23:08:01,580 RX_ECHO ignored
2026-10-09 23:08:02,582 RX_TIMEOUT service=81 partial=FC
2026-10-09 23:08:02,582 INIT attempt: no valid C1 with two key bytes
2026-10-09 23:08:02,582 INIT attempt 28/30
2026-10-09 23:08:02,942 INIT wakeup 0x00 sent, gap=57.4 ms (not wire measurement)
2026-10-09 23:08:02,942 TX 81 B1 F1 81 A4
2026-10-09 23:08:02,953 RX_ECHO ignored
2026-10-09 23:08:03,943 RX_TIMEOUT service=81 partial=
2026-10-09 23:08:03,943 INIT attempt: no valid C1 with two key bytes
2026-10-09 23:08:03,944 INIT attempt 29/30
2026-10-09 23:08:04,303 INIT wakeup 0x00 sent, gap=57.1 ms (not wire measurement)
2026-10-09 23:08:04,303 TX 81 B1 F1 81 A4
2026-10-09 23:08:04,314 RX_ECHO ignored
2026-10-09 23:08:05,306 RX_TIMEOUT service=81 partial=
2026-10-09 23:08:05,306 INIT attempt: no valid C1 with two key bytes
2026-10-09 23:08:05,306 INIT attempt 30/30
2026-10-09 23:08:05,666 INIT wakeup 0x00 sent, gap=57.3 ms (not wire measurement)
2026-10-09 23:08:05,666 TX 81 B1 F1 81 A4
2026-10-09 23:08:05,677 RX_ECHO ignored
2026-10-09 23:08:06,678 RX_TIMEOUT service=81 partial=
2026-10-09 23:08:06,678 INIT attempt: no valid C1 with two key bytes
2026-10-09 23:08:06,678 INIT failed: no valid C1 after 30 attempts
2026-10-09 23:08:06,678 PROBE failed: no positive parameter response
