2026-10-09 18:41:27,274 LOG_FILE /Users/alex/IdeaProjects/ELM327wifi/captures/elm-20261009-184127-273844.log
2026-10-09 18:41:27,283 INIT begin target=B1 tester=F1 attempts=20
2026-10-09 18:41:27,283 INIT attempt 1/20
2026-10-09 18:41:27,638 INIT host low=26.249 ms high=25.008 ms (not wire measurements)
2026-10-09 18:41:27,639 TX 81 B1 F1 81 A4
2026-10-09 18:41:27,649 RX_ECHO ignored
2026-10-09 18:41:28,644 RX_TIMEOUT service=81 partial=
2026-10-09 18:41:28,644 INIT attempt: no valid C1 with two key bytes
2026-10-09 18:41:28,644 INIT attempt 2/20
2026-10-09 18:41:29,000 INIT host low=26.379 ms high=25.011 ms (not wire measurements)
2026-10-09 18:41:29,000 TX 81 B1 F1 81 A4
2026-10-09 18:41:29,011 RX_ECHO ignored
2026-10-09 18:41:30,002 RX_TIMEOUT service=81 partial=
2026-10-09 18:41:30,003 INIT attempt: no valid C1 with two key bytes
2026-10-09 18:41:30,003 INIT attempt 3/20
2026-10-09 18:41:30,358 INIT host low=26.174 ms high=25.006 ms (not wire measurements)
2026-10-09 18:41:30,359 TX 81 B1 F1 81 A4
2026-10-09 18:41:30,369 RX_ECHO ignored
2026-10-09 18:41:31,369 RX_TIMEOUT service=81 partial=
2026-10-09 18:41:31,370 INIT attempt: no valid C1 with two key bytes
2026-10-09 18:41:31,370 INIT attempt 4/20
2026-10-09 18:41:31,725 INIT host low=26.100 ms high=25.018 ms (not wire measurements)
2026-10-09 18:41:31,725 TX 81 B1 F1 81 A4
2026-10-09 18:41:31,736 RX_ECHO ignored
2026-10-09 18:41:32,731 RX_TIMEOUT service=81 partial=
2026-10-09 18:41:32,731 INIT attempt: no valid C1 with two key bytes
2026-10-09 18:41:32,732 INIT attempt 5/20
2026-10-09 18:41:33,087 INIT host low=26.088 ms high=25.005 ms (not wire measurements)
2026-10-09 18:41:33,087 TX 81 B1 F1 81 A4
2026-10-09 18:41:33,098 RX_ECHO ignored
2026-10-09 18:41:34,094 RX_TIMEOUT service=81 partial=
2026-10-09 18:41:34,094 INIT attempt: no valid C1 with two key bytes
2026-10-09 18:41:34,094 INIT attempt 6/20
2026-10-09 18:41:34,450 INIT host low=26.307 ms high=25.005 ms (not wire measurements)
2026-10-09 18:41:34,450 TX 81 B1 F1 81 A4
2026-10-09 18:41:34,461 RX_ECHO ignored
2026-10-09 18:41:35,457 RX_TIMEOUT service=81 partial=
2026-10-09 18:41:35,457 INIT attempt: no valid C1 with two key bytes
2026-10-09 18:41:35,457 INIT attempt 7/20
2026-10-09 18:41:35,812 INIT host low=26.378 ms high=25.007 ms (not wire measurements)
2026-10-09 18:41:35,813 TX 81 B1 F1 81 A4
2026-10-09 18:41:35,823 RX_ECHO ignored
2026-10-09 18:41:36,824 RX_TIMEOUT service=81 partial=
2026-10-09 18:41:36,824 INIT attempt: no valid C1 with two key bytes
2026-10-09 18:41:36,824 INIT attempt 8/20
2026-10-09 18:41:37,179 INIT host low=26.137 ms high=25.004 ms (not wire measurements)
2026-10-09 18:41:37,179 TX 81 B1 F1 81 A4
2026-10-09 18:41:37,190 RX_ECHO ignored
2026-10-09 18:41:38,190 RX_TIMEOUT service=81 partial=
2026-10-09 18:41:38,190 INIT attempt: no valid C1 with two key bytes
2026-10-09 18:41:38,190 INIT attempt 9/20
2026-10-09 18:41:38,545 INIT host low=26.204 ms high=25.006 ms (not wire measurements)
2026-10-09 18:41:38,546 TX 81 B1 F1 81 A4
2026-10-09 18:41:38,556 RX_ECHO ignored
2026-10-09 18:41:39,551 RX_TIMEOUT service=81 partial=
2026-10-09 18:41:39,552 INIT attempt: no valid C1 with two key bytes
2026-10-09 18:41:39,552 INIT attempt 10/20
2026-10-09 18:41:39,907 INIT host low=26.205 ms high=25.006 ms (not wire measurements)
2026-10-09 18:41:39,907 TX 81 B1 F1 81 A4
2026-10-09 18:41:39,918 RX_ECHO ignored
2026-10-09 18:41:40,914 RX_TIMEOUT service=81 partial=
2026-10-09 18:41:40,914 INIT attempt: no valid C1 with two key bytes
2026-10-09 18:41:40,915 INIT attempt 11/20
2026-10-09 18:41:41,270 INIT host low=26.243 ms high=25.005 ms (not wire measurements)
2026-10-09 18:41:41,270 TX 81 B1 F1 81 A4
2026-10-09 18:41:41,281 RX_ECHO ignored
2026-10-09 18:41:42,282 RX_TIMEOUT service=81 partial=
2026-10-09 18:41:42,282 INIT attempt: no valid C1 with two key bytes
2026-10-09 18:41:42,282 INIT attempt 12/20
2026-10-09 18:41:42,637 INIT host low=26.180 ms high=25.009 ms (not wire measurements)
2026-10-09 18:41:42,638 TX 81 B1 F1 81 A4
2026-10-09 18:41:42,648 RX_ECHO ignored
2026-10-09 18:41:43,647 RX_TIMEOUT service=81 partial=
2026-10-09 18:41:43,648 INIT attempt: no valid C1 with two key bytes
2026-10-09 18:41:43,648 INIT attempt 13/20
2026-10-09 18:41:44,003 INIT host low=26.242 ms high=25.006 ms (not wire measurements)
2026-10-09 18:41:44,004 TX 81 B1 F1 81 A4
2026-10-09 18:41:44,014 RX_ECHO ignored
2026-10-09 18:41:45,004 RX_TIMEOUT service=81 partial=
2026-10-09 18:41:45,005 INIT attempt: no valid C1 with two key bytes
2026-10-09 18:41:45,005 INIT attempt 14/20
2026-10-09 18:41:45,360 INIT host low=26.103 ms high=25.006 ms (not wire measurements)
2026-10-09 18:41:45,360 TX 81 B1 F1 81 A4
2026-10-09 18:41:45,371 RX_ECHO ignored
2026-10-09 18:41:46,363 RX_TIMEOUT service=81 partial=
2026-10-09 18:41:46,363 INIT attempt: no valid C1 with two key bytes
2026-10-09 18:41:46,363 INIT attempt 15/20
2026-10-09 18:41:46,718 INIT host low=26.171 ms high=25.005 ms (not wire measurements)
2026-10-09 18:41:46,719 TX 81 B1 F1 81 A4
2026-10-09 18:41:46,729 RX_ECHO ignored
2026-10-09 18:41:47,730 RX_TIMEOUT service=81 partial=
2026-10-09 18:41:47,730 INIT attempt: no valid C1 with two key bytes
2026-10-09 18:41:47,730 INIT attempt 16/20
2026-10-09 18:41:48,085 INIT host low=26.129 ms high=25.005 ms (not wire measurements)
2026-10-09 18:41:48,086 TX 81 B1 F1 81 A4
2026-10-09 18:41:48,096 RX_ECHO ignored
2026-10-09 18:41:49,095 RX_TIMEOUT service=81 partial=
2026-10-09 18:41:49,096 INIT attempt: no valid C1 with two key bytes
2026-10-09 18:41:49,096 INIT attempt 17/20
2026-10-09 18:41:49,452 INIT host low=26.446 ms high=25.003 ms (not wire measurements)
2026-10-09 18:41:49,452 TX 81 B1 F1 81 A4
2026-10-09 18:41:49,463 RX_ECHO ignored
2026-10-09 18:41:50,460 RX_TIMEOUT service=81 partial=
2026-10-09 18:41:50,461 INIT attempt: no valid C1 with two key bytes
2026-10-09 18:41:50,461 INIT attempt 18/20
2026-10-09 18:41:50,816 INIT host low=26.269 ms high=25.020 ms (not wire measurements)
2026-10-09 18:41:50,817 TX 81 B1 F1 81 A4
2026-10-09 18:41:50,827 RX_ECHO ignored
2026-10-09 18:41:51,827 RX_TIMEOUT service=81 partial=
2026-10-09 18:41:51,827 INIT attempt: no valid C1 with two key bytes
2026-10-09 18:41:51,827 INIT attempt 19/20
2026-10-09 18:41:52,183 INIT host low=26.235 ms high=25.006 ms (not wire measurements)
2026-10-09 18:41:52,183 TX 81 B1 F1 81 A4
2026-10-09 18:41:52,194 RX_ECHO ignored
2026-10-09 18:41:53,190 RX_TIMEOUT service=81 partial=FC
2026-10-09 18:41:53,190 INIT attempt: no valid C1 with two key bytes
2026-10-09 18:41:53,190 INIT attempt 20/20
2026-10-09 18:41:53,545 INIT host low=26.198 ms high=25.006 ms (not wire measurements)
2026-10-09 18:41:53,546 TX 81 B1 F1 81 A4
2026-10-09 18:41:53,556 RX_ECHO ignored
2026-10-09 18:41:54,547 RX_TIMEOUT service=81 partial=
2026-10-09 18:41:54,547 INIT attempt: no valid C1 with two key bytes
2026-10-09 18:41:54,547 INIT failed: no valid C1 after 20 attempts
2026-10-09 18:41:54,554 PROBE failed: no positive parameter response
