2026-10-09 18:37:50,196 LOG_FILE /Users/alex/IdeaProjects/ELM327wifi/captures/elm-20261009-183750-196117.log
2026-10-09 18:37:50,216 INIT begin target=B1 tester=F1
2026-10-09 18:37:50,570 INIT host low=26.146 ms high=25.008 ms (not wire measurements)
2026-10-09 18:37:50,571 TX 81 B1 F1 81 A4
2026-10-09 18:37:50,579 RX_BYTE 81
2026-10-09 18:37:50,580 RX_BYTE B1
2026-10-09 18:37:50,580 RX_BYTE F1
2026-10-09 18:37:50,580 RX_BYTE 81
2026-10-09 18:37:50,580 RX_BYTE A4
2026-10-09 18:37:50,580 RX 81 B1 F1 81 A4
2026-10-09 18:37:50,580 RX_ECHO ignored
2026-10-09 18:37:50,603 RX_BYTE 83
2026-10-09 18:37:50,604 RX_BYTE F1
2026-10-09 18:37:50,604 RX_BYTE B1
2026-10-09 18:37:50,604 RX_BYTE C1
2026-10-09 18:37:50,604 RX_BYTE D9
2026-10-09 18:37:50,604 RX_BYTE 8F
2026-10-09 18:37:50,604 RX_BYTE 4E
2026-10-09 18:37:50,604 RX 83 F1 B1 C1 D9 8F 4E
2026-10-09 18:37:50,604 INIT success key_bytes=D9 8F
2026-10-09 18:37:50,659 TX 82 B1 F1 21 01 46
2026-10-09 18:37:50,669 RX_BYTE 82
2026-10-09 18:37:50,669 RX_BYTE B1
2026-10-09 18:37:50,669 RX_BYTE F1
2026-10-09 18:37:50,669 RX_BYTE 21
2026-10-09 18:37:50,669 RX_BYTE 01
2026-10-09 18:37:50,669 RX_BYTE 46
2026-10-09 18:37:50,669 RX 82 B1 F1 21 01 46
2026-10-09 18:37:50,669 RX_ECHO ignored
2026-10-09 18:37:50,728 RX_BYTE 8B
2026-10-09 18:37:50,728 RX_BYTE F1
2026-10-09 18:37:50,728 RX_BYTE B1
2026-10-09 18:37:50,728 RX_BYTE 61
2026-10-09 18:37:50,728 RX_BYTE 01
2026-10-09 18:37:50,728 RX_BYTE 90
2026-10-09 18:37:50,728 RX_BYTE D2
2026-10-09 18:37:50,728 RX_BYTE A6
2026-10-09 18:37:50,728 RX_BYTE 93
2026-10-09 18:37:50,728 RX_BYTE 94
2026-10-09 18:37:50,728 RX_BYTE B0
2026-10-09 18:37:50,728 RX_BYTE FB
2026-10-09 18:37:50,728 RX_BYTE 04
2026-10-09 18:37:50,728 RX_BYTE 00
2026-10-09 18:37:50,728 RX_BYTE 6D
2026-10-09 18:37:50,728 RX 8B F1 B1 61 01 90 D2 A6 93 94 B0 FB 04 00 6D
2026-10-09 18:37:50,728 PROBE success REAL_DATA 8B F1 B1 61 01 90 D2 A6 93 94 B0 FB 04 00 6D
