2026-10-09 21:27:39,534 LOG_FILE /Users/alex/IdeaProjects/ELM327wifi/captures/elm-20261009-212739-534016.log
2026-10-09 21:27:39,579 INIT begin target=B1 tester=F1 attempts=30
2026-10-09 21:27:39,580 INIT attempt 1/30
2026-10-09 21:27:39,937 INIT host low=26.327 ms high=25.013 ms (not wire measurements)
2026-10-09 21:27:39,937 TX 81 B1 F1 81 A4
2026-10-09 21:27:39,949 RX 9D F1 B1 58 08 13 89 00 13 28 00 13 75 00 13 84 00 13 84 00 13 84 00 13 89 20 13 28 20 13 75 20 82
2026-10-09 21:27:39,949 RX_ECHO ignored
2026-10-09 21:27:40,946 RX_TIMEOUT service=81 partial=
2026-10-09 21:27:40,946 INIT attempt: no valid C1 with two key bytes
2026-10-09 21:27:40,946 INIT attempt 2/30
2026-10-09 21:27:41,302 INIT host low=26.066 ms high=25.009 ms (not wire measurements)
2026-10-09 21:27:41,302 TX 81 B1 F1 81 A4
2026-10-09 21:27:41,312 RX_ECHO ignored
2026-10-09 21:27:42,313 RX_TIMEOUT service=81 partial=
2026-10-09 21:27:42,313 INIT attempt: no valid C1 with two key bytes
2026-10-09 21:27:42,313 INIT attempt 3/30
2026-10-09 21:27:42,668 INIT host low=26.147 ms high=25.007 ms (not wire measurements)
2026-10-09 21:27:42,669 TX 81 B1 F1 81 A4
2026-10-09 21:27:42,679 RX_ECHO ignored
2026-10-09 21:27:43,678 RX_TIMEOUT service=81 partial=
2026-10-09 21:27:43,678 INIT attempt: no valid C1 with two key bytes
2026-10-09 21:27:43,678 INIT attempt 4/30
2026-10-09 21:27:44,033 INIT host low=26.291 ms high=25.006 ms (not wire measurements)
2026-10-09 21:27:44,033 TX 81 B1 F1 81 A4
2026-10-09 21:27:44,044 RX_ECHO ignored
2026-10-09 21:27:45,034 RX_TIMEOUT service=81 partial=
2026-10-09 21:27:45,034 INIT attempt: no valid C1 with two key bytes
2026-10-09 21:27:45,034 INIT attempt 5/30
2026-10-09 21:27:45,389 INIT host low=26.042 ms high=25.003 ms (not wire measurements)
2026-10-09 21:27:45,390 TX 81 B1 F1 81 A4
2026-10-09 21:27:45,400 RX_ECHO ignored
2026-10-09 21:27:46,396 RX_TIMEOUT service=81 partial=
2026-10-09 21:27:46,396 INIT attempt: no valid C1 with two key bytes
2026-10-09 21:27:46,396 INIT attempt 6/30
2026-10-09 21:27:46,751 INIT host low=25.938 ms high=25.004 ms (not wire measurements)
2026-10-09 21:27:46,751 TX 81 B1 F1 81 A4
2026-10-09 21:27:46,762 RX_ECHO ignored
2026-10-09 21:27:47,753 RX_TIMEOUT service=81 partial=
2026-10-09 21:27:47,754 INIT attempt: no valid C1 with two key bytes
2026-10-09 21:27:47,754 INIT attempt 7/30
2026-10-09 21:27:48,109 INIT host low=26.147 ms high=25.005 ms (not wire measurements)
2026-10-09 21:27:48,109 TX 81 B1 F1 81 A4
2026-10-09 21:27:48,120 RX_ECHO ignored
2026-10-09 21:27:49,109 RX_TIMEOUT service=81 partial=
2026-10-09 21:27:49,110 INIT attempt: no valid C1 with two key bytes
2026-10-09 21:27:49,110 INIT attempt 8/30
2026-10-09 21:27:49,465 INIT host low=26.233 ms high=25.005 ms (not wire measurements)
2026-10-09 21:27:49,465 TX 81 B1 F1 81 A4
2026-10-09 21:27:49,476 RX_ECHO ignored
2026-10-09 21:27:50,467 RX_TIMEOUT service=81 partial=
2026-10-09 21:27:50,467 INIT attempt: no valid C1 with two key bytes
2026-10-09 21:27:50,468 INIT attempt 9/30
2026-10-09 21:27:50,823 INIT host low=26.355 ms high=25.004 ms (not wire measurements)
2026-10-09 21:27:50,823 TX 81 B1 F1 81 A4
2026-10-09 21:27:50,834 RX_ECHO ignored
2026-10-09 21:27:51,827 RX_TIMEOUT service=81 partial=
2026-10-09 21:27:51,827 INIT attempt: no valid C1 with two key bytes
2026-10-09 21:27:51,827 INIT attempt 10/30
2026-10-09 21:27:52,182 INIT host low=26.167 ms high=25.006 ms (not wire measurements)
2026-10-09 21:27:52,183 TX 81 B1 F1 81 A4
2026-10-09 21:27:52,193 RX_ECHO ignored
2026-10-09 21:27:53,189 RX_TIMEOUT service=81 partial=
2026-10-09 21:27:53,189 INIT attempt: no valid C1 with two key bytes
2026-10-09 21:27:53,189 INIT attempt 11/30
2026-10-09 21:27:53,545 INIT host low=26.059 ms high=25.007 ms (not wire measurements)
2026-10-09 21:27:53,545 TX 81 B1 F1 81 A4
2026-10-09 21:27:53,556 RX_ECHO ignored
2026-10-09 21:27:54,554 RX_TIMEOUT service=81 partial=
2026-10-09 21:27:54,555 INIT attempt: no valid C1 with two key bytes
2026-10-09 21:27:54,555 INIT attempt 12/30
2026-10-09 21:27:54,910 INIT host low=26.171 ms high=25.009 ms (not wire measurements)
2026-10-09 21:27:54,910 TX 81 B1 F1 81 A4
2026-10-09 21:27:54,921 RX_ECHO ignored
2026-10-09 21:27:55,918 RX_TIMEOUT service=81 partial=
2026-10-09 21:27:55,918 INIT attempt: no valid C1 with two key bytes
2026-10-09 21:27:55,918 INIT attempt 13/30
2026-10-09 21:27:56,273 INIT host low=26.023 ms high=25.004 ms (not wire measurements)
2026-10-09 21:27:56,274 TX 81 B1 F1 81 A4
2026-10-09 21:27:56,285 RX_ECHO ignored
2026-10-09 21:27:57,275 RX_TIMEOUT service=81 partial=
2026-10-09 21:27:57,275 INIT attempt: no valid C1 with two key bytes
2026-10-09 21:27:57,276 INIT attempt 14/30
2026-10-09 21:27:57,630 INIT host low=25.898 ms high=25.005 ms (not wire measurements)
2026-10-09 21:27:57,630 TX 81 B1 F1 81 A4
2026-10-09 21:27:57,641 RX_ECHO ignored
2026-10-09 21:27:58,637 RX_TIMEOUT service=81 partial=
2026-10-09 21:27:58,637 INIT attempt: no valid C1 with two key bytes
2026-10-09 21:27:58,638 INIT attempt 15/30
2026-10-09 21:27:58,993 INIT host low=26.242 ms high=25.012 ms (not wire measurements)
2026-10-09 21:27:58,993 TX 81 B1 F1 81 A4
2026-10-09 21:27:59,004 RX_ECHO ignored
2026-10-09 21:28:00,005 RX_TIMEOUT service=81 partial=
2026-10-09 21:28:00,005 INIT attempt: no valid C1 with two key bytes
2026-10-09 21:28:00,005 INIT attempt 16/30
2026-10-09 21:28:00,361 INIT host low=26.006 ms high=25.004 ms (not wire measurements)
2026-10-09 21:28:00,361 TX 81 B1 F1 81 A4
2026-10-09 21:28:00,371 RX_ECHO ignored
2026-10-09 21:28:01,369 RX_TIMEOUT service=81 partial=
2026-10-09 21:28:01,369 INIT attempt: no valid C1 with two key bytes
2026-10-09 21:28:01,369 INIT attempt 17/30
2026-10-09 21:28:01,724 INIT host low=26.323 ms high=25.005 ms (not wire measurements)
2026-10-09 21:28:01,725 TX 81 B1 F1 81 A4
2026-10-09 21:28:01,735 RX_ECHO ignored
2026-10-09 21:28:02,730 RX_TIMEOUT service=81 partial=
2026-10-09 21:28:02,731 INIT attempt: no valid C1 with two key bytes
2026-10-09 21:28:02,731 INIT attempt 18/30
2026-10-09 21:28:03,086 INIT host low=26.099 ms high=25.004 ms (not wire measurements)
2026-10-09 21:28:03,087 TX 81 B1 F1 81 A4
2026-10-09 21:28:03,097 RX_ECHO ignored
2026-10-09 21:28:04,088 RX_TIMEOUT service=81 partial=
2026-10-09 21:28:04,088 INIT attempt: no valid C1 with two key bytes
2026-10-09 21:28:04,088 INIT attempt 19/30
2026-10-09 21:28:04,444 INIT host low=26.209 ms high=25.017 ms (not wire measurements)
2026-10-09 21:28:04,444 TX 81 B1 F1 81 A4
2026-10-09 21:28:04,454 RX_ECHO ignored
2026-10-09 21:28:05,447 RX_TIMEOUT service=81 partial=
2026-10-09 21:28:05,447 INIT attempt: no valid C1 with two key bytes
2026-10-09 21:28:05,447 INIT attempt 20/30
2026-10-09 21:28:05,802 INIT host low=26.097 ms high=25.006 ms (not wire measurements)
2026-10-09 21:28:05,803 TX 81 B1 F1 81 A4
2026-10-09 21:28:05,813 RX_ECHO ignored
2026-10-09 21:28:06,808 RX_TIMEOUT service=81 partial=
2026-10-09 21:28:06,808 INIT attempt: no valid C1 with two key bytes
2026-10-09 21:28:06,809 INIT attempt 21/30
2026-10-09 21:28:07,164 INIT host low=26.023 ms high=25.007 ms (not wire measurements)
2026-10-09 21:28:07,164 TX 81 B1 F1 81 A4
2026-10-09 21:28:07,174 RX_ECHO ignored
2026-10-09 21:28:08,173 RX_TIMEOUT service=81 partial=
2026-10-09 21:28:08,173 INIT attempt: no valid C1 with two key bytes
2026-10-09 21:28:08,173 INIT attempt 22/30
2026-10-09 21:28:08,528 INIT host low=26.040 ms high=25.004 ms (not wire measurements)
2026-10-09 21:28:08,528 TX 81 B1 F1 81 A4
2026-10-09 21:28:08,539 RX_ECHO ignored
2026-10-09 21:28:09,533 RX_TIMEOUT service=81 partial=
2026-10-09 21:28:09,533 INIT attempt: no valid C1 with two key bytes
2026-10-09 21:28:09,533 INIT attempt 23/30
2026-10-09 21:28:09,889 INIT host low=26.190 ms high=25.008 ms (not wire measurements)
2026-10-09 21:28:09,889 TX 81 B1 F1 81 A4
2026-10-09 21:28:09,900 RX_ECHO ignored
2026-10-09 21:28:10,900 RX_TIMEOUT service=81 partial=
2026-10-09 21:28:10,900 INIT attempt: no valid C1 with two key bytes
2026-10-09 21:28:10,900 INIT attempt 24/30
2026-10-09 21:28:11,255 INIT host low=26.514 ms high=25.004 ms (not wire measurements)
2026-10-09 21:28:11,256 TX 81 B1 F1 81 A4
2026-10-09 21:28:11,266 RX_ECHO ignored
2026-10-09 21:28:12,266 RX_TIMEOUT service=81 partial=
2026-10-09 21:28:12,266 INIT attempt: no valid C1 with two key bytes
2026-10-09 21:28:12,266 INIT attempt 25/30
2026-10-09 21:28:12,621 INIT host low=26.105 ms high=25.006 ms (not wire measurements)
2026-10-09 21:28:12,621 TX 81 B1 F1 81 A4
2026-10-09 21:28:12,631 RX_ECHO ignored
2026-10-09 21:28:13,623 RX_TIMEOUT service=81 partial=
2026-10-09 21:28:13,623 INIT attempt: no valid C1 with two key bytes
2026-10-09 21:28:13,623 INIT attempt 26/30
2026-10-09 21:28:13,978 INIT host low=26.288 ms high=25.005 ms (not wire measurements)
2026-10-09 21:28:13,978 TX 81 B1 F1 81 A4
2026-10-09 21:28:13,989 RX_ECHO ignored
2026-10-09 21:28:14,980 RX_TIMEOUT service=81 partial=
2026-10-09 21:28:14,980 INIT attempt: no valid C1 with two key bytes
2026-10-09 21:28:14,980 INIT attempt 27/30
2026-10-09 21:28:15,335 INIT host low=26.218 ms high=25.004 ms (not wire measurements)
2026-10-09 21:28:15,335 TX 81 B1 F1 81 A4
2026-10-09 21:28:15,346 RX_ECHO ignored
2026-10-09 21:28:16,339 RX_TIMEOUT service=81 partial=
2026-10-09 21:28:16,340 INIT attempt: no valid C1 with two key bytes
2026-10-09 21:28:16,340 INIT attempt 28/30
2026-10-09 21:28:16,695 INIT host low=25.954 ms high=25.005 ms (not wire measurements)
2026-10-09 21:28:16,695 TX 81 B1 F1 81 A4
2026-10-09 21:28:16,706 RX_ECHO ignored
2026-10-09 21:28:17,703 RX_TIMEOUT service=81 partial=
2026-10-09 21:28:17,703 INIT attempt: no valid C1 with two key bytes
2026-10-09 21:28:17,704 INIT attempt 29/30
2026-10-09 21:28:18,058 INIT host low=26.011 ms high=25.007 ms (not wire measurements)
2026-10-09 21:28:18,059 TX 81 B1 F1 81 A4
2026-10-09 21:28:18,069 RX_ECHO ignored
2026-10-09 21:28:19,070 RX_TIMEOUT service=81 partial=
2026-10-09 21:28:19,071 INIT attempt: no valid C1 with two key bytes
2026-10-09 21:28:19,071 INIT attempt 30/30
2026-10-09 21:28:19,426 INIT host low=26.078 ms high=25.017 ms (not wire measurements)
2026-10-09 21:28:19,427 TX 81 B1 F1 81 A4
2026-10-09 21:28:19,437 RX_ECHO ignored
2026-10-09 21:28:20,435 RX_TIMEOUT service=81 partial=
2026-10-09 21:28:20,436 INIT attempt: no valid C1 with two key bytes
2026-10-09 21:28:20,436 INIT failed: no valid C1 after 30 attempts
2026-10-09 21:28:20,436 PROBE failed: no positive parameter response
