2026-10-09 23:12:09,626 LOG_FILE /Users/alex/IdeaProjects/ELM327wifi/captures/elm-20261009-231209-626532.log
2026-10-09 23:12:09,641 INIT begin target=B1 tester=F1 attempts=30
2026-10-09 23:12:09,642 INIT attempt 1/30
2026-10-09 23:12:10,001 INIT wakeup 0x00 sent, gap=57.4 ms (not wire measurement)
2026-10-09 23:12:10,001 TX 81 B1 F1 81 A4
2026-10-09 23:12:10,012 RX_ECHO ignored
2026-10-09 23:12:11,004 RX_TIMEOUT service=81 partial=
2026-10-09 23:12:11,005 INIT attempt: no valid C1 with two key bytes
2026-10-09 23:12:11,005 INIT attempt 2/30
2026-10-09 23:12:11,365 INIT wakeup 0x00 sent, gap=57.4 ms (not wire measurement)
2026-10-09 23:12:11,366 TX 81 B1 F1 81 A4
2026-10-09 23:12:11,377 RX_ECHO ignored
2026-10-09 23:12:12,378 RX_TIMEOUT service=81 partial=
2026-10-09 23:12:12,379 INIT attempt: no valid C1 with two key bytes
2026-10-09 23:12:12,379 INIT attempt 3/30
2026-10-09 23:12:12,739 INIT wakeup 0x00 sent, gap=57.4 ms (not wire measurement)
2026-10-09 23:12:12,740 TX 81 B1 F1 81 A4
2026-10-09 23:12:12,751 RX_ECHO ignored
2026-10-09 23:12:13,750 RX_TIMEOUT service=81 partial=FC
2026-10-09 23:12:13,750 INIT attempt: no valid C1 with two key bytes
2026-10-09 23:12:13,750 INIT attempt 4/30
2026-10-09 23:12:14,110 INIT wakeup 0x00 sent, gap=57.4 ms (not wire measurement)
2026-10-09 23:12:14,111 TX 81 B1 F1 81 A4
2026-10-09 23:12:14,122 RX_ECHO ignored
2026-10-09 23:12:15,117 RX_TIMEOUT service=81 partial=
2026-10-09 23:12:15,118 INIT attempt: no valid C1 with two key bytes
2026-10-09 23:12:15,118 INIT attempt 5/30
2026-10-09 23:12:15,479 INIT wakeup 0x00 sent, gap=57.3 ms (not wire measurement)
2026-10-09 23:12:15,479 TX 81 B1 F1 81 A4
2026-10-09 23:12:15,490 RX_ECHO ignored
2026-10-09 23:12:16,489 RX_TIMEOUT service=81 partial=
2026-10-09 23:12:16,490 INIT attempt: no valid C1 with two key bytes
2026-10-09 23:12:16,490 INIT attempt 6/30
2026-10-09 23:12:16,850 INIT wakeup 0x00 sent, gap=57.3 ms (not wire measurement)
2026-10-09 23:12:16,851 TX 81 B1 F1 81 A4
2026-10-09 23:12:16,861 RX_ECHO ignored
2026-10-09 23:12:17,860 RX_TIMEOUT service=81 partial=
2026-10-09 23:12:17,860 INIT attempt: no valid C1 with two key bytes
2026-10-09 23:12:17,860 INIT attempt 7/30
2026-10-09 23:12:18,221 INIT wakeup 0x00 sent, gap=57.4 ms (not wire measurement)
2026-10-09 23:12:18,222 TX 81 B1 F1 81 A4
2026-10-09 23:12:18,233 RX_ECHO ignored
2026-10-09 23:12:19,222 RX_TIMEOUT service=81 partial=
2026-10-09 23:12:19,223 INIT attempt: no valid C1 with two key bytes
2026-10-09 23:12:19,223 INIT attempt 8/30
2026-10-09 23:12:19,583 INIT wakeup 0x00 sent, gap=57.4 ms (not wire measurement)
2026-10-09 23:12:19,584 TX 81 B1 F1 81 A4
2026-10-09 23:12:19,594 RX_ECHO ignored
2026-10-09 23:12:20,589 RX_TIMEOUT service=81 partial=
2026-10-09 23:12:20,590 INIT attempt: no valid C1 with two key bytes
2026-10-09 23:12:20,590 INIT attempt 9/30
2026-10-09 23:12:20,950 INIT wakeup 0x00 sent, gap=57.4 ms (not wire measurement)
2026-10-09 23:12:20,951 TX 81 B1 F1 81 A4
2026-10-09 23:12:20,962 RX_ECHO ignored
2026-10-09 23:12:21,959 RX_TIMEOUT service=81 partial=
2026-10-09 23:12:21,960 INIT attempt: no valid C1 with two key bytes
2026-10-09 23:12:21,960 INIT attempt 10/30
2026-10-09 23:12:22,320 INIT wakeup 0x00 sent, gap=57.3 ms (not wire measurement)
2026-10-09 23:12:22,321 TX 81 B1 F1 81 A4
2026-10-09 23:12:22,331 RX_ECHO ignored
2026-10-09 23:12:23,333 RX_TIMEOUT service=81 partial=FD FF
2026-10-09 23:12:23,334 INIT attempt: no valid C1 with two key bytes
2026-10-09 23:12:23,334 INIT attempt 11/30
2026-10-09 23:12:23,695 INIT wakeup 0x00 sent, gap=57.4 ms (not wire measurement)
2026-10-09 23:12:23,695 TX 81 B1 F1 81 A4
2026-10-09 23:12:23,706 RX_ECHO ignored
2026-10-09 23:12:24,706 RX_TIMEOUT service=81 partial=
2026-10-09 23:12:24,707 INIT attempt: no valid C1 with two key bytes
2026-10-09 23:12:24,707 INIT attempt 12/30
2026-10-09 23:12:25,067 INIT wakeup 0x00 sent, gap=57.4 ms (not wire measurement)
2026-10-09 23:12:25,068 TX 81 B1 F1 81 A4
2026-10-09 23:12:25,078 RX_ECHO ignored
2026-10-09 23:12:26,075 RX_TIMEOUT service=81 partial=
2026-10-09 23:12:26,075 INIT attempt: no valid C1 with two key bytes
2026-10-09 23:12:26,075 INIT attempt 13/30
2026-10-09 23:12:26,435 INIT wakeup 0x00 sent, gap=57.4 ms (not wire measurement)
2026-10-09 23:12:26,435 TX 81 B1 F1 81 A4
2026-10-09 23:12:26,446 RX_ECHO ignored
2026-10-09 23:12:27,448 RX_TIMEOUT service=81 partial=
2026-10-09 23:12:27,448 INIT attempt: no valid C1 with two key bytes
2026-10-09 23:12:27,448 INIT attempt 14/30
2026-10-09 23:12:27,808 INIT wakeup 0x00 sent, gap=57.4 ms (not wire measurement)
2026-10-09 23:12:27,808 TX 81 B1 F1 81 A4
2026-10-09 23:12:27,819 RX_ECHO ignored
2026-10-09 23:12:28,812 RX_TIMEOUT service=81 partial=
2026-10-09 23:12:28,812 INIT attempt: no valid C1 with two key bytes
2026-10-09 23:12:28,812 INIT attempt 15/30
2026-10-09 23:12:29,172 INIT wakeup 0x00 sent, gap=57.5 ms (not wire measurement)
2026-10-09 23:12:29,173 TX 81 B1 F1 81 A4
2026-10-09 23:12:29,184 RX_ECHO ignored
2026-10-09 23:12:30,182 RX_TIMEOUT service=81 partial=
2026-10-09 23:12:30,182 INIT attempt: no valid C1 with two key bytes
2026-10-09 23:12:30,182 INIT attempt 16/30
2026-10-09 23:12:30,543 INIT wakeup 0x00 sent, gap=57.4 ms (not wire measurement)
2026-10-09 23:12:30,543 TX 81 B1 F1 81 A4
2026-10-09 23:12:30,554 RX_ECHO ignored
2026-10-09 23:12:31,551 RX_TIMEOUT service=81 partial=FC
2026-10-09 23:12:31,551 INIT attempt: no valid C1 with two key bytes
2026-10-09 23:12:31,551 INIT attempt 17/30
2026-10-09 23:12:31,911 INIT wakeup 0x00 sent, gap=57.4 ms (not wire measurement)
2026-10-09 23:12:31,912 TX 81 B1 F1 81 A4
2026-10-09 23:12:31,923 RX_ECHO ignored
2026-10-09 23:12:32,915 RX_TIMEOUT service=81 partial=
2026-10-09 23:12:32,916 INIT attempt: no valid C1 with two key bytes
2026-10-09 23:12:32,916 INIT attempt 18/30
2026-10-09 23:12:33,280 INIT wakeup 0x00 sent, gap=57.9 ms (not wire measurement)
2026-10-09 23:12:33,280 TX 81 B1 F1 81 A4
2026-10-09 23:12:33,291 RX_ECHO ignored
2026-10-09 23:12:34,282 RX_TIMEOUT service=81 partial=
2026-10-09 23:12:34,282 INIT attempt: no valid C1 with two key bytes
2026-10-09 23:12:34,282 INIT attempt 19/30
2026-10-09 23:12:34,643 INIT wakeup 0x00 sent, gap=57.2 ms (not wire measurement)
2026-10-09 23:12:34,643 TX 81 B1 F1 81 A4
2026-10-09 23:12:34,654 RX_ECHO ignored
2026-10-09 23:12:35,645 RX_TIMEOUT service=81 partial=
2026-10-09 23:12:35,645 INIT attempt: no valid C1 with two key bytes
2026-10-09 23:12:35,645 INIT attempt 20/30
2026-10-09 23:12:36,004 INIT wakeup 0x00 sent, gap=57.3 ms (not wire measurement)
2026-10-09 23:12:36,005 TX 81 B1 F1 81 A4
2026-10-09 23:12:36,015 RX_ECHO ignored
2026-10-09 23:12:37,013 RX_TIMEOUT service=81 partial=
2026-10-09 23:12:37,014 INIT attempt: no valid C1 with two key bytes
2026-10-09 23:12:37,014 INIT attempt 21/30
2026-10-09 23:12:37,373 INIT wakeup 0x00 sent, gap=57.2 ms (not wire measurement)
2026-10-09 23:12:37,373 TX 81 B1 F1 81 A4
2026-10-09 23:12:37,384 RX_ECHO ignored
2026-10-09 23:12:38,377 RX_TIMEOUT service=81 partial=FD FF
2026-10-09 23:12:38,377 INIT attempt: no valid C1 with two key bytes
2026-10-09 23:12:38,377 INIT attempt 22/30
2026-10-09 23:12:38,738 INIT wakeup 0x00 sent, gap=57.4 ms (not wire measurement)
2026-10-09 23:12:38,738 TX 81 B1 F1 81 A4
2026-10-09 23:12:38,749 RX_ECHO ignored
2026-10-09 23:12:39,746 RX_TIMEOUT service=81 partial=
2026-10-09 23:12:39,747 INIT attempt: no valid C1 with two key bytes
2026-10-09 23:12:39,747 INIT attempt 23/30
2026-10-09 23:12:40,107 INIT wakeup 0x00 sent, gap=57.3 ms (not wire measurement)
2026-10-09 23:12:40,108 TX 81 B1 F1 81 A4
2026-10-09 23:12:40,119 RX_ECHO ignored
2026-10-09 23:12:41,115 RX_TIMEOUT service=81 partial=
2026-10-09 23:12:41,116 INIT attempt: no valid C1 with two key bytes
2026-10-09 23:12:41,116 INIT attempt 24/30
2026-10-09 23:12:41,477 INIT wakeup 0x00 sent, gap=57.4 ms (not wire measurement)
2026-10-09 23:12:41,477 TX 81 B1 F1 81 A4
2026-10-09 23:12:41,488 RX_ECHO ignored
2026-10-09 23:12:42,489 RX_TIMEOUT service=81 partial=FC
2026-10-09 23:12:42,489 INIT attempt: no valid C1 with two key bytes
2026-10-09 23:12:42,489 INIT attempt 25/30
2026-10-09 23:12:42,850 INIT wakeup 0x00 sent, gap=57.4 ms (not wire measurement)
2026-10-09 23:12:42,851 TX 81 B1 F1 81 A4
2026-10-09 23:12:42,861 RX_ECHO ignored
2026-10-09 23:12:43,852 RX_TIMEOUT service=81 partial=
2026-10-09 23:12:43,852 INIT attempt: no valid C1 with two key bytes
2026-10-09 23:12:43,853 INIT attempt 26/30
2026-10-09 23:12:44,213 INIT wakeup 0x00 sent, gap=57.4 ms (not wire measurement)
2026-10-09 23:12:44,214 TX 81 B1 F1 81 A4
2026-10-09 23:12:44,224 RX_ECHO ignored
2026-10-09 23:12:45,218 RX_TIMEOUT service=81 partial=
2026-10-09 23:12:45,219 INIT attempt: no valid C1 with two key bytes
2026-10-09 23:12:45,219 INIT attempt 27/30
2026-10-09 23:12:45,580 INIT wakeup 0x00 sent, gap=57.4 ms (not wire measurement)
2026-10-09 23:12:45,580 TX 81 B1 F1 81 A4
2026-10-09 23:12:45,591 RX_ECHO ignored
2026-10-09 23:12:46,589 RX_TIMEOUT service=81 partial=
2026-10-09 23:12:46,589 INIT attempt: no valid C1 with two key bytes
2026-10-09 23:12:46,589 INIT attempt 28/30
2026-10-09 23:12:46,949 INIT wakeup 0x00 sent, gap=57.2 ms (not wire measurement)
2026-10-09 23:12:46,949 TX 81 B1 F1 81 A4
2026-10-09 23:12:46,960 RX_ECHO ignored
2026-10-09 23:12:47,951 RX_TIMEOUT service=81 partial=
2026-10-09 23:12:47,952 INIT attempt: no valid C1 with two key bytes
2026-10-09 23:12:47,952 INIT attempt 29/30
2026-10-09 23:12:48,313 INIT wakeup 0x00 sent, gap=57.4 ms (not wire measurement)
2026-10-09 23:12:48,313 TX 81 B1 F1 81 A4
2026-10-09 23:12:48,324 RX_ECHO ignored
2026-10-09 23:12:49,320 RX_TIMEOUT service=81 partial=
2026-10-09 23:12:49,321 INIT attempt: no valid C1 with two key bytes
2026-10-09 23:12:49,321 INIT attempt 30/30
2026-10-09 23:12:49,681 INIT wakeup 0x00 sent, gap=57.4 ms (not wire measurement)
2026-10-09 23:12:49,682 TX 81 B1 F1 81 A4
2026-10-09 23:12:49,693 RX_ECHO ignored
2026-10-09 23:12:50,683 RX_TIMEOUT service=81 partial=FD FF
2026-10-09 23:12:50,683 INIT attempt: no valid C1 with two key bytes
2026-10-09 23:12:50,683 INIT failed: no valid C1 after 30 attempts
2026-10-09 23:12:50,684 PROBE failed: no positive parameter response
