2026-10-09 21:43:43,882 LOG_FILE /Users/alex/IdeaProjects/ELM327wifi/captures/elm-20261009-214343-881930.log
2026-10-09 21:43:43,934 INIT begin target=B1 tester=F1 attempts=30
2026-10-09 21:43:43,934 INIT attempt 1/30
2026-10-09 21:43:44,293 INIT wakeup 0x00 sent, gap=57.3 ms (not wire measurement)
2026-10-09 21:43:44,293 TX 81 B1 F1 81 A4
2026-10-09 21:43:44,304 RX_ECHO ignored
2026-10-09 21:43:45,300 RX_TIMEOUT service=81 partial=
2026-10-09 21:43:45,301 INIT attempt: no valid C1 with two key bytes
2026-10-09 21:43:45,301 INIT attempt 2/30
2026-10-09 21:43:45,659 INIT wakeup 0x00 sent, gap=57.3 ms (not wire measurement)
2026-10-09 21:43:45,659 TX 81 B1 F1 81 A4
2026-10-09 21:43:45,671 RX_ECHO ignored
2026-10-09 21:43:46,660 RX_TIMEOUT service=81 partial=
2026-10-09 21:43:46,660 INIT attempt: no valid C1 with two key bytes
2026-10-09 21:43:46,660 INIT attempt 3/30
2026-10-09 21:43:47,019 INIT wakeup 0x00 sent, gap=57.3 ms (not wire measurement)
2026-10-09 21:43:47,019 TX 81 B1 F1 81 A4
2026-10-09 21:43:47,030 RX_ECHO ignored
2026-10-09 21:43:48,030 RX_TIMEOUT service=81 partial=
2026-10-09 21:43:48,031 INIT attempt: no valid C1 with two key bytes
2026-10-09 21:43:48,031 INIT attempt 4/30
2026-10-09 21:43:48,389 INIT wakeup 0x00 sent, gap=57.3 ms (not wire measurement)
2026-10-09 21:43:48,389 TX 81 B1 F1 81 A4
2026-10-09 21:43:48,400 RX_ECHO ignored
2026-10-09 21:43:49,395 RX_TIMEOUT service=81 partial=
2026-10-09 21:43:49,395 INIT attempt: no valid C1 with two key bytes
2026-10-09 21:43:49,395 INIT attempt 5/30
2026-10-09 21:43:49,753 INIT wakeup 0x00 sent, gap=57.3 ms (not wire measurement)
2026-10-09 21:43:49,754 TX 81 B1 F1 81 A4
2026-10-09 21:43:49,765 RX_ECHO ignored
2026-10-09 21:43:50,758 RX_TIMEOUT service=81 partial=
2026-10-09 21:43:50,758 INIT attempt: no valid C1 with two key bytes
2026-10-09 21:43:50,758 INIT attempt 6/30
2026-10-09 21:43:51,116 INIT wakeup 0x00 sent, gap=57.3 ms (not wire measurement)
2026-10-09 21:43:51,117 TX 81 B1 F1 81 A4
2026-10-09 21:43:51,128 RX_ECHO ignored
2026-10-09 21:43:52,126 RX_TIMEOUT service=81 partial=
2026-10-09 21:43:52,126 INIT attempt: no valid C1 with two key bytes
2026-10-09 21:43:52,126 INIT attempt 7/30
2026-10-09 21:43:52,484 INIT wakeup 0x00 sent, gap=57.4 ms (not wire measurement)
2026-10-09 21:43:52,484 TX 81 B1 F1 81 A4
2026-10-09 21:43:52,496 RX_ECHO ignored
2026-10-09 21:43:53,494 RX_TIMEOUT service=81 partial=
2026-10-09 21:43:53,494 INIT attempt: no valid C1 with two key bytes
2026-10-09 21:43:53,494 INIT attempt 8/30
2026-10-09 21:43:53,852 INIT wakeup 0x00 sent, gap=57.3 ms (not wire measurement)
2026-10-09 21:43:53,852 TX 81 B1 F1 81 A4
2026-10-09 21:43:53,863 RX_ECHO ignored
2026-10-09 21:43:54,862 RX_TIMEOUT service=81 partial=
2026-10-09 21:43:54,863 INIT attempt: no valid C1 with two key bytes
2026-10-09 21:43:54,863 INIT attempt 9/30
2026-10-09 21:43:55,221 INIT wakeup 0x00 sent, gap=57.4 ms (not wire measurement)
2026-10-09 21:43:55,221 TX 81 B1 F1 81 A4
2026-10-09 21:43:55,233 RX_ECHO ignored
2026-10-09 21:43:56,232 RX_TIMEOUT service=81 partial=
2026-10-09 21:43:56,232 INIT attempt: no valid C1 with two key bytes
2026-10-09 21:43:56,232 INIT attempt 10/30
2026-10-09 21:43:56,590 INIT wakeup 0x00 sent, gap=57.4 ms (not wire measurement)
2026-10-09 21:43:56,590 TX 81 B1 F1 81 A4
2026-10-09 21:43:56,601 RX_ECHO ignored
2026-10-09 21:43:57,601 RX_TIMEOUT service=81 partial=
2026-10-09 21:43:57,601 INIT attempt: no valid C1 with two key bytes
2026-10-09 21:43:57,601 INIT attempt 11/30
2026-10-09 21:43:57,959 INIT wakeup 0x00 sent, gap=57.3 ms (not wire measurement)
2026-10-09 21:43:57,960 TX 81 B1 F1 81 A4
2026-10-09 21:43:57,971 RX_ECHO ignored
2026-10-09 21:43:58,969 RX_TIMEOUT service=81 partial=
2026-10-09 21:43:58,969 INIT attempt: no valid C1 with two key bytes
2026-10-09 21:43:58,969 INIT attempt 12/30
2026-10-09 21:43:59,327 INIT wakeup 0x00 sent, gap=57.3 ms (not wire measurement)
2026-10-09 21:43:59,327 TX 81 B1 F1 81 A4
2026-10-09 21:43:59,339 RX_ECHO ignored
2026-10-09 21:44:00,334 RX_TIMEOUT service=81 partial=
2026-10-09 21:44:00,335 INIT attempt: no valid C1 with two key bytes
2026-10-09 21:44:00,335 INIT attempt 13/30
2026-10-09 21:44:00,693 INIT wakeup 0x00 sent, gap=57.3 ms (not wire measurement)
2026-10-09 21:44:00,693 TX 81 B1 F1 81 A4
2026-10-09 21:44:00,705 RX_ECHO ignored
2026-10-09 21:44:01,701 RX_TIMEOUT service=81 partial=
2026-10-09 21:44:01,702 INIT attempt: no valid C1 with two key bytes
2026-10-09 21:44:01,702 INIT attempt 14/30
2026-10-09 21:44:02,060 INIT wakeup 0x00 sent, gap=57.1 ms (not wire measurement)
2026-10-09 21:44:02,060 TX 81 B1 F1 81 A4
2026-10-09 21:44:02,072 RX_ECHO ignored
2026-10-09 21:44:03,063 RX_TIMEOUT service=81 partial=
2026-10-09 21:44:03,063 INIT attempt: no valid C1 with two key bytes
2026-10-09 21:44:03,063 INIT attempt 15/30
2026-10-09 21:44:03,421 INIT wakeup 0x00 sent, gap=57.3 ms (not wire measurement)
2026-10-09 21:44:03,422 TX 81 B1 F1 81 A4
2026-10-09 21:44:03,433 RX_ECHO ignored
2026-10-09 21:44:04,428 RX_TIMEOUT service=81 partial=
2026-10-09 21:44:04,428 INIT attempt: no valid C1 with two key bytes
2026-10-09 21:44:04,428 INIT attempt 16/30
2026-10-09 21:44:04,786 INIT wakeup 0x00 sent, gap=57.2 ms (not wire measurement)
2026-10-09 21:44:04,787 TX 81 B1 F1 81 A4
2026-10-09 21:44:04,798 RX_ECHO ignored
2026-10-09 21:44:05,791 RX_TIMEOUT service=81 partial=
2026-10-09 21:44:05,792 INIT attempt: no valid C1 with two key bytes
2026-10-09 21:44:05,792 INIT attempt 17/30
2026-10-09 21:44:06,150 INIT wakeup 0x00 sent, gap=57.3 ms (not wire measurement)
2026-10-09 21:44:06,150 TX 81 B1 F1 81 A4
2026-10-09 21:44:06,161 RX_ECHO ignored
2026-10-09 21:44:07,150 RX_TIMEOUT service=81 partial=
2026-10-09 21:44:07,151 INIT attempt: no valid C1 with two key bytes
2026-10-09 21:44:07,151 INIT attempt 18/30
2026-10-09 21:44:07,509 INIT wakeup 0x00 sent, gap=57.3 ms (not wire measurement)
2026-10-09 21:44:07,510 TX 81 B1 F1 81 A4
2026-10-09 21:44:07,520 RX_ECHO ignored
2026-10-09 21:44:08,516 RX_TIMEOUT service=81 partial=
2026-10-09 21:44:08,516 INIT attempt: no valid C1 with two key bytes
2026-10-09 21:44:08,516 INIT attempt 19/30
2026-10-09 21:44:08,875 INIT wakeup 0x00 sent, gap=57.3 ms (not wire measurement)
2026-10-09 21:44:08,875 TX 81 B1 F1 81 A4
2026-10-09 21:44:08,886 RX_ECHO ignored
2026-10-09 21:44:09,880 RX_TIMEOUT service=81 partial=
2026-10-09 21:44:09,880 INIT attempt: no valid C1 with two key bytes
2026-10-09 21:44:09,880 INIT attempt 20/30
2026-10-09 21:44:10,239 INIT wakeup 0x00 sent, gap=57.4 ms (not wire measurement)
2026-10-09 21:44:10,239 TX 81 B1 F1 81 A4
2026-10-09 21:44:10,250 RX_ECHO ignored
2026-10-09 21:44:11,242 RX_TIMEOUT service=81 partial=
2026-10-09 21:44:11,242 INIT attempt: no valid C1 with two key bytes
2026-10-09 21:44:11,242 INIT attempt 21/30
2026-10-09 21:44:11,600 INIT wakeup 0x00 sent, gap=57.3 ms (not wire measurement)
2026-10-09 21:44:11,601 TX 81 B1 F1 81 A4
2026-10-09 21:44:11,612 RX_ECHO ignored
2026-10-09 21:44:12,607 RX_TIMEOUT service=81 partial=
2026-10-09 21:44:12,607 INIT attempt: no valid C1 with two key bytes
2026-10-09 21:44:12,607 INIT attempt 22/30
2026-10-09 21:44:12,965 INIT wakeup 0x00 sent, gap=57.4 ms (not wire measurement)
2026-10-09 21:44:12,966 TX 81 B1 F1 81 A4
2026-10-09 21:44:12,977 RX_ECHO ignored
2026-10-09 21:44:13,967 RX_TIMEOUT service=81 partial=
2026-10-09 21:44:13,968 INIT attempt: no valid C1 with two key bytes
2026-10-09 21:44:13,968 INIT attempt 23/30
2026-10-09 21:44:14,326 INIT wakeup 0x00 sent, gap=57.3 ms (not wire measurement)
2026-10-09 21:44:14,326 TX 81 B1 F1 81 A4
2026-10-09 21:44:14,338 RX_ECHO ignored
2026-10-09 21:44:15,327 RX_TIMEOUT service=81 partial=
2026-10-09 21:44:15,327 INIT attempt: no valid C1 with two key bytes
2026-10-09 21:44:15,327 INIT attempt 24/30
2026-10-09 21:44:15,685 INIT wakeup 0x00 sent, gap=57.3 ms (not wire measurement)
2026-10-09 21:44:15,686 TX 81 B1 F1 81 A4
2026-10-09 21:44:15,697 RX_ECHO ignored
2026-10-09 21:44:16,697 RX_TIMEOUT service=81 partial=
2026-10-09 21:44:16,697 INIT attempt: no valid C1 with two key bytes
2026-10-09 21:44:16,697 INIT attempt 25/30
2026-10-09 21:44:17,055 INIT wakeup 0x00 sent, gap=57.4 ms (not wire measurement)
2026-10-09 21:44:17,056 TX 81 B1 F1 81 A4
2026-10-09 21:44:17,067 RX_ECHO ignored
2026-10-09 21:44:18,065 RX_TIMEOUT service=81 partial=
2026-10-09 21:44:18,065 INIT attempt: no valid C1 with two key bytes
2026-10-09 21:44:18,065 INIT attempt 26/30
2026-10-09 21:44:18,424 INIT wakeup 0x00 sent, gap=57.3 ms (not wire measurement)
2026-10-09 21:44:18,424 TX 81 B1 F1 81 A4
2026-10-09 21:44:18,434 RX_ECHO ignored
2026-10-09 21:44:19,435 RX_TIMEOUT service=81 partial=
2026-10-09 21:44:19,435 INIT attempt: no valid C1 with two key bytes
2026-10-09 21:44:19,436 INIT attempt 27/30
2026-10-09 21:44:19,794 INIT wakeup 0x00 sent, gap=57.4 ms (not wire measurement)
2026-10-09 21:44:19,794 TX 81 B1 F1 81 A4
2026-10-09 21:44:19,805 RX_ECHO ignored
2026-10-09 21:44:20,796 RX_TIMEOUT service=81 partial=
2026-10-09 21:44:20,796 INIT attempt: no valid C1 with two key bytes
2026-10-09 21:44:20,797 INIT attempt 28/30
2026-10-09 21:44:21,155 INIT wakeup 0x00 sent, gap=57.3 ms (not wire measurement)
2026-10-09 21:44:21,155 TX 81 B1 F1 81 A4
2026-10-09 21:44:21,166 RX_ECHO ignored
2026-10-09 21:44:22,167 RX_TIMEOUT service=81 partial=
2026-10-09 21:44:22,167 INIT attempt: no valid C1 with two key bytes
2026-10-09 21:44:22,167 INIT attempt 29/30
2026-10-09 21:44:22,525 INIT wakeup 0x00 sent, gap=57.4 ms (not wire measurement)
2026-10-09 21:44:22,525 TX 81 B1 F1 81 A4
2026-10-09 21:44:22,537 RX_ECHO ignored
2026-10-09 21:44:23,527 RX_TIMEOUT service=81 partial=
2026-10-09 21:44:23,527 INIT attempt: no valid C1 with two key bytes
2026-10-09 21:44:23,527 INIT attempt 30/30
2026-10-09 21:44:23,885 INIT wakeup 0x00 sent, gap=57.4 ms (not wire measurement)
2026-10-09 21:44:23,886 TX 81 B1 F1 81 A4
2026-10-09 21:44:23,897 RX_ECHO ignored
2026-10-09 21:44:24,894 RX_TIMEOUT service=81 partial=
2026-10-09 21:44:24,895 INIT attempt: no valid C1 with two key bytes
2026-10-09 21:44:24,895 INIT failed: no valid C1 after 30 attempts
2026-10-09 21:44:24,895 PROBE failed: no positive parameter response
