2026-10-09 23:09:03,284 LOG_FILE /Users/alex/IdeaProjects/ELM327wifi/captures/elm-20261009-230903-284222.log
2026-10-09 23:09:03,295 INIT begin target=B1 tester=F1 attempts=30
2026-10-09 23:09:03,295 INIT attempt 1/30
2026-10-09 23:09:03,654 INIT wakeup 0x00 sent, gap=57.4 ms (not wire measurement)
2026-10-09 23:09:03,655 TX 81 B1 F1 81 A4
2026-10-09 23:09:03,666 RX_ECHO ignored
2026-10-09 23:09:04,660 RX_TIMEOUT service=81 partial=
2026-10-09 23:09:04,660 INIT attempt: no valid C1 with two key bytes
2026-10-09 23:09:04,660 INIT attempt 2/30
2026-10-09 23:09:05,021 INIT wakeup 0x00 sent, gap=57.4 ms (not wire measurement)
2026-10-09 23:09:05,021 TX 81 B1 F1 81 A4
2026-10-09 23:09:05,032 RX_ECHO ignored
2026-10-09 23:09:06,025 RX_TIMEOUT service=81 partial=
2026-10-09 23:09:06,025 INIT attempt: no valid C1 with two key bytes
2026-10-09 23:09:06,025 INIT attempt 3/30
2026-10-09 23:09:06,385 INIT wakeup 0x00 sent, gap=57.4 ms (not wire measurement)
2026-10-09 23:09:06,386 TX 81 B1 F1 81 A4
2026-10-09 23:09:06,397 RX_ECHO ignored
2026-10-09 23:09:07,397 RX_TIMEOUT service=81 partial=
2026-10-09 23:09:07,397 INIT attempt: no valid C1 with two key bytes
2026-10-09 23:09:07,397 INIT attempt 4/30
2026-10-09 23:09:07,757 INIT wakeup 0x00 sent, gap=57.1 ms (not wire measurement)
2026-10-09 23:09:07,758 TX 81 B1 F1 81 A4
2026-10-09 23:09:07,768 RX_ECHO ignored
2026-10-09 23:09:08,760 RX_TIMEOUT service=81 partial=
2026-10-09 23:09:08,761 INIT attempt: no valid C1 with two key bytes
2026-10-09 23:09:08,761 INIT attempt 5/30
2026-10-09 23:09:09,122 INIT wakeup 0x00 sent, gap=57.4 ms (not wire measurement)
2026-10-09 23:09:09,122 TX 81 B1 F1 81 A4
2026-10-09 23:09:09,133 RX_ECHO ignored
2026-10-09 23:09:10,124 RX_TIMEOUT service=81 partial=
2026-10-09 23:09:10,125 INIT attempt: no valid C1 with two key bytes
2026-10-09 23:09:10,125 INIT attempt 6/30
2026-10-09 23:09:10,486 INIT wakeup 0x00 sent, gap=57.4 ms (not wire measurement)
2026-10-09 23:09:10,487 TX 81 B1 F1 81 A4
2026-10-09 23:09:10,498 RX_ECHO ignored
2026-10-09 23:09:11,492 RX_TIMEOUT service=81 partial=
2026-10-09 23:09:11,492 INIT attempt: no valid C1 with two key bytes
2026-10-09 23:09:11,492 INIT attempt 7/30
2026-10-09 23:09:11,853 INIT wakeup 0x00 sent, gap=57.4 ms (not wire measurement)
2026-10-09 23:09:11,853 TX 81 B1 F1 81 A4
2026-10-09 23:09:11,864 RX_ECHO ignored
2026-10-09 23:09:12,857 RX_TIMEOUT service=81 partial=FC
2026-10-09 23:09:12,858 INIT attempt: no valid C1 with two key bytes
2026-10-09 23:09:12,858 INIT attempt 8/30
2026-10-09 23:09:13,219 INIT wakeup 0x00 sent, gap=57.4 ms (not wire measurement)
2026-10-09 23:09:13,220 TX 81 B1 F1 81 A4
2026-10-09 23:09:13,230 RX_ECHO ignored
2026-10-09 23:09:14,228 RX_TIMEOUT service=81 partial=
2026-10-09 23:09:14,229 INIT attempt: no valid C1 with two key bytes
2026-10-09 23:09:14,229 INIT attempt 9/30
2026-10-09 23:09:14,590 INIT wakeup 0x00 sent, gap=57.4 ms (not wire measurement)
2026-10-09 23:09:14,590 TX 81 B1 F1 81 A4
2026-10-09 23:09:14,601 RX_ECHO ignored
2026-10-09 23:09:15,590 RX_TIMEOUT service=81 partial=
2026-10-09 23:09:15,591 INIT attempt: no valid C1 with two key bytes
2026-10-09 23:09:15,591 INIT attempt 10/30
2026-10-09 23:09:15,952 INIT wakeup 0x00 sent, gap=57.2 ms (not wire measurement)
2026-10-09 23:09:15,952 TX 81 B1 F1 81 A4
2026-10-09 23:09:15,963 RX_ECHO ignored
2026-10-09 23:09:16,964 RX_TIMEOUT service=81 partial=
2026-10-09 23:09:16,964 INIT attempt: no valid C1 with two key bytes
2026-10-09 23:09:16,964 INIT attempt 11/30
2026-10-09 23:09:17,324 INIT wakeup 0x00 sent, gap=57.3 ms (not wire measurement)
2026-10-09 23:09:17,324 TX 81 B1 F1 81 A4
2026-10-09 23:09:17,335 RX_ECHO ignored
2026-10-09 23:09:18,328 RX_TIMEOUT service=81 partial=
2026-10-09 23:09:18,329 INIT attempt: no valid C1 with two key bytes
2026-10-09 23:09:18,329 INIT attempt 12/30
2026-10-09 23:09:18,690 INIT wakeup 0x00 sent, gap=57.3 ms (not wire measurement)
2026-10-09 23:09:18,690 TX 81 B1 F1 81 A4
2026-10-09 23:09:18,701 RX_ECHO ignored
2026-10-09 23:09:19,693 RX_TIMEOUT service=81 partial=
2026-10-09 23:09:19,693 INIT attempt: no valid C1 with two key bytes
2026-10-09 23:09:19,693 INIT attempt 13/30
2026-10-09 23:09:20,054 INIT wakeup 0x00 sent, gap=57.4 ms (not wire measurement)
2026-10-09 23:09:20,054 TX 81 B1 F1 81 A4
2026-10-09 23:09:20,065 RX_ECHO ignored
2026-10-09 23:09:21,066 RX_TIMEOUT service=81 partial=
2026-10-09 23:09:21,067 INIT attempt: no valid C1 with two key bytes
2026-10-09 23:09:21,067 INIT attempt 14/30
2026-10-09 23:09:21,428 INIT wakeup 0x00 sent, gap=57.4 ms (not wire measurement)
2026-10-09 23:09:21,428 TX 81 B1 F1 81 A4
2026-10-09 23:09:21,439 RX_ECHO ignored
2026-10-09 23:09:22,434 RX_TIMEOUT service=81 partial=
2026-10-09 23:09:22,434 INIT attempt: no valid C1 with two key bytes
2026-10-09 23:09:22,434 INIT attempt 15/30
2026-10-09 23:09:22,795 INIT wakeup 0x00 sent, gap=57.4 ms (not wire measurement)
2026-10-09 23:09:22,795 TX 81 B1 F1 81 A4
2026-10-09 23:09:22,806 RX_ECHO ignored
2026-10-09 23:09:23,807 RX_TIMEOUT service=81 partial=
2026-10-09 23:09:23,808 INIT attempt: no valid C1 with two key bytes
2026-10-09 23:09:23,808 INIT attempt 16/30
2026-10-09 23:09:24,168 INIT wakeup 0x00 sent, gap=57.4 ms (not wire measurement)
2026-10-09 23:09:24,169 TX 81 B1 F1 81 A4
2026-10-09 23:09:24,180 RX_ECHO ignored
2026-10-09 23:09:25,172 RX_TIMEOUT service=81 partial=
2026-10-09 23:09:25,173 INIT attempt: no valid C1 with two key bytes
2026-10-09 23:09:25,173 INIT attempt 17/30
2026-10-09 23:09:25,534 INIT wakeup 0x00 sent, gap=57.4 ms (not wire measurement)
2026-10-09 23:09:25,535 TX 81 B1 F1 81 A4
2026-10-09 23:09:25,545 RX_ECHO ignored
2026-10-09 23:09:26,539 RX_TIMEOUT service=81 partial=
2026-10-09 23:09:26,539 INIT attempt: no valid C1 with two key bytes
2026-10-09 23:09:26,540 INIT attempt 18/30
2026-10-09 23:09:26,900 INIT wakeup 0x00 sent, gap=57.3 ms (not wire measurement)
2026-10-09 23:09:26,900 TX 81 B1 F1 81 A4
2026-10-09 23:09:26,910 RX_ECHO ignored
2026-10-09 23:09:27,902 RX_TIMEOUT service=81 partial=
2026-10-09 23:09:27,902 INIT attempt: no valid C1 with two key bytes
2026-10-09 23:09:27,902 INIT attempt 19/30
2026-10-09 23:09:28,263 INIT wakeup 0x00 sent, gap=57.4 ms (not wire measurement)
2026-10-09 23:09:28,263 TX 81 B1 F1 81 A4
2026-10-09 23:09:28,274 RX_ECHO ignored
2026-10-09 23:09:29,268 RX_TIMEOUT service=81 partial=
2026-10-09 23:09:29,269 INIT attempt: no valid C1 with two key bytes
2026-10-09 23:09:29,269 INIT attempt 20/30
2026-10-09 23:09:29,630 INIT wakeup 0x00 sent, gap=57.4 ms (not wire measurement)
2026-10-09 23:09:29,630 TX 81 B1 F1 81 A4
2026-10-09 23:09:29,641 RX_ECHO ignored
2026-10-09 23:09:30,639 RX_TIMEOUT service=81 partial=
2026-10-09 23:09:30,640 INIT attempt: no valid C1 with two key bytes
2026-10-09 23:09:30,640 INIT attempt 21/30
2026-10-09 23:09:31,000 INIT wakeup 0x00 sent, gap=57.3 ms (not wire measurement)
2026-10-09 23:09:31,000 TX 81 B1 F1 81 A4
2026-10-09 23:09:31,011 RX_ECHO ignored
2026-10-09 23:09:32,009 RX_TIMEOUT service=81 partial=
2026-10-09 23:09:32,009 INIT attempt: no valid C1 with two key bytes
2026-10-09 23:09:32,009 INIT attempt 22/30
2026-10-09 23:09:32,369 INIT wakeup 0x00 sent, gap=57.3 ms (not wire measurement)
2026-10-09 23:09:32,369 TX 81 B1 F1 81 A4
2026-10-09 23:09:32,380 RX_ECHO ignored
2026-10-09 23:09:33,371 RX_TIMEOUT service=81 partial=
2026-10-09 23:09:33,371 INIT attempt: no valid C1 with two key bytes
2026-10-09 23:09:33,371 INIT attempt 23/30
2026-10-09 23:09:33,731 INIT wakeup 0x00 sent, gap=57.3 ms (not wire measurement)
2026-10-09 23:09:33,731 TX 81 B1 F1 81 A4
2026-10-09 23:09:33,742 RX_ECHO ignored
2026-10-09 23:09:34,742 RX_TIMEOUT service=81 partial=
2026-10-09 23:09:34,743 INIT attempt: no valid C1 with two key bytes
2026-10-09 23:09:34,743 INIT attempt 24/30
2026-10-09 23:09:35,103 INIT wakeup 0x00 sent, gap=57.3 ms (not wire measurement)
2026-10-09 23:09:35,104 TX 81 B1 F1 81 A4
2026-10-09 23:09:35,114 RX_ECHO ignored
2026-10-09 23:09:36,112 RX_TIMEOUT service=81 partial=
2026-10-09 23:09:36,113 INIT attempt: no valid C1 with two key bytes
2026-10-09 23:09:36,113 INIT attempt 25/30
2026-10-09 23:09:36,473 INIT wakeup 0x00 sent, gap=57.3 ms (not wire measurement)
2026-10-09 23:09:36,474 TX 81 B1 F1 81 A4
2026-10-09 23:09:36,484 RX_ECHO ignored
2026-10-09 23:09:37,485 RX_TIMEOUT service=81 partial=
2026-10-09 23:09:37,485 INIT attempt: no valid C1 with two key bytes
2026-10-09 23:09:37,486 INIT attempt 26/30
2026-10-09 23:09:37,845 INIT wakeup 0x00 sent, gap=57.4 ms (not wire measurement)
2026-10-09 23:09:37,846 TX 81 B1 F1 81 A4
2026-10-09 23:09:37,857 RX_ECHO ignored
2026-10-09 23:09:38,850 RX_TIMEOUT service=81 partial=
2026-10-09 23:09:38,851 INIT attempt: no valid C1 with two key bytes
2026-10-09 23:09:38,851 INIT attempt 27/30
2026-10-09 23:09:39,212 INIT wakeup 0x00 sent, gap=57.4 ms (not wire measurement)
2026-10-09 23:09:39,212 TX 81 B1 F1 81 A4
2026-10-09 23:09:39,223 RX_ECHO ignored
2026-10-09 23:09:40,214 RX_TIMEOUT service=81 partial=
2026-10-09 23:09:40,215 INIT attempt: no valid C1 with two key bytes
2026-10-09 23:09:40,215 INIT attempt 28/30
2026-10-09 23:09:40,574 INIT wakeup 0x00 sent, gap=57.4 ms (not wire measurement)
2026-10-09 23:09:40,575 TX 81 B1 F1 81 A4
2026-10-09 23:09:40,586 RX_ECHO ignored
2026-10-09 23:09:41,580 RX_TIMEOUT service=81 partial=
2026-10-09 23:09:41,581 INIT attempt: no valid C1 with two key bytes
2026-10-09 23:09:41,581 INIT attempt 29/30
2026-10-09 23:09:41,941 INIT wakeup 0x00 sent, gap=57.4 ms (not wire measurement)
2026-10-09 23:09:41,942 TX 81 B1 F1 81 A4
2026-10-09 23:09:41,953 RX_ECHO ignored
