2026-10-09 22:33:42,107 LOG_FILE /Users/alex/IdeaProjects/ELM327wifi/captures/elm-20261009-223342-107108.log
2026-10-09 22:33:42,115 INIT begin target=B1 tester=F1 attempts=30
2026-10-09 22:33:42,115 INIT attempt 1/30
2026-10-09 22:33:42,474 INIT wakeup 0x00 sent, gap=57.4 ms (not wire measurement)
2026-10-09 22:33:42,476 TX 81 B1 F1 81 A4
2026-10-09 22:33:42,486 RX_ECHO ignored
2026-10-09 22:33:43,477 RX_TIMEOUT service=81 partial=
2026-10-09 22:33:43,477 INIT attempt: no valid C1 with two key bytes
2026-10-09 22:33:43,477 INIT attempt 2/30
2026-10-09 22:33:43,838 INIT wakeup 0x00 sent, gap=57.4 ms (not wire measurement)
2026-10-09 22:33:43,839 TX 81 B1 F1 81 A4
2026-10-09 22:33:43,849 RX_ECHO ignored
2026-10-09 22:33:44,839 RX_TIMEOUT service=81 partial=
2026-10-09 22:33:44,840 INIT attempt: no valid C1 with two key bytes
2026-10-09 22:33:44,840 INIT attempt 3/30
2026-10-09 22:33:45,201 INIT wakeup 0x00 sent, gap=57.4 ms (not wire measurement)
2026-10-09 22:33:45,202 TX 81 B1 F1 81 A4
2026-10-09 22:33:45,212 RX_ECHO ignored
2026-10-09 22:33:46,208 RX_TIMEOUT service=81 partial=
2026-10-09 22:33:46,209 INIT attempt: no valid C1 with two key bytes
2026-10-09 22:33:46,209 INIT attempt 4/30
2026-10-09 22:33:46,569 INIT wakeup 0x00 sent, gap=57.3 ms (not wire measurement)
2026-10-09 22:33:46,569 TX 81 B1 F1 81 A4
2026-10-09 22:33:46,580 RX_ECHO ignored
2026-10-09 22:33:47,577 RX_TIMEOUT service=81 partial=
2026-10-09 22:33:47,578 INIT attempt: no valid C1 with two key bytes
2026-10-09 22:33:47,578 INIT attempt 5/30
2026-10-09 22:33:47,938 INIT wakeup 0x00 sent, gap=57.4 ms (not wire measurement)
2026-10-09 22:33:47,939 TX 81 B1 F1 81 A4
2026-10-09 22:33:47,949 RX_ECHO ignored
2026-10-09 22:33:48,946 RX_TIMEOUT service=81 partial=
2026-10-09 22:33:48,947 INIT attempt: no valid C1 with two key bytes
2026-10-09 22:33:48,947 INIT attempt 6/30
2026-10-09 22:33:49,307 INIT wakeup 0x00 sent, gap=57.4 ms (not wire measurement)
2026-10-09 22:33:49,308 TX 81 B1 F1 81 A4
2026-10-09 22:33:49,318 RX_ECHO ignored
2026-10-09 22:33:50,309 RX_TIMEOUT service=81 partial=
2026-10-09 22:33:50,309 INIT attempt: no valid C1 with two key bytes
2026-10-09 22:33:50,309 INIT attempt 7/30
2026-10-09 22:33:50,670 INIT wakeup 0x00 sent, gap=57.4 ms (not wire measurement)
2026-10-09 22:33:50,671 TX 81 B1 F1 81 A4
2026-10-09 22:33:50,681 RX_ECHO ignored
2026-10-09 22:33:51,679 RX_TIMEOUT service=81 partial=
2026-10-09 22:33:51,680 INIT attempt: no valid C1 with two key bytes
2026-10-09 22:33:51,680 INIT attempt 8/30
2026-10-09 22:33:52,041 INIT wakeup 0x00 sent, gap=57.4 ms (not wire measurement)
2026-10-09 22:33:52,041 TX 81 B1 F1 81 A4
2026-10-09 22:33:52,052 RX_ECHO ignored
2026-10-09 22:33:53,044 RX_TIMEOUT service=81 partial=
2026-10-09 22:33:53,044 INIT attempt: no valid C1 with two key bytes
2026-10-09 22:33:53,044 INIT attempt 9/30
2026-10-09 22:33:53,405 INIT wakeup 0x00 sent, gap=57.4 ms (not wire measurement)
2026-10-09 22:33:53,406 TX 81 B1 F1 81 A4
2026-10-09 22:33:53,416 RX_ECHO ignored
2026-10-09 22:33:54,417 RX_TIMEOUT service=81 partial=
2026-10-09 22:33:54,418 INIT attempt: no valid C1 with two key bytes
2026-10-09 22:33:54,418 INIT attempt 10/30
2026-10-09 22:33:54,778 INIT wakeup 0x00 sent, gap=57.3 ms (not wire measurement)
2026-10-09 22:33:54,778 TX 81 B1 F1 81 A4
2026-10-09 22:33:54,789 RX_ECHO ignored
2026-10-09 22:33:55,785 RX_TIMEOUT service=81 partial=
2026-10-09 22:33:55,785 INIT attempt: no valid C1 with two key bytes
2026-10-09 22:33:55,785 INIT attempt 11/30
2026-10-09 22:33:56,144 INIT wakeup 0x00 sent, gap=57.3 ms (not wire measurement)
2026-10-09 22:33:56,145 TX 81 B1 F1 81 A4
2026-10-09 22:33:56,156 RX_ECHO ignored
2026-10-09 22:33:57,151 RX_TIMEOUT service=81 partial=
2026-10-09 22:33:57,151 INIT attempt: no valid C1 with two key bytes
2026-10-09 22:33:57,152 INIT attempt 12/30
2026-10-09 22:33:57,511 INIT wakeup 0x00 sent, gap=57.3 ms (not wire measurement)
2026-10-09 22:33:57,511 TX 81 B1 F1 81 A4
2026-10-09 22:33:57,522 RX_ECHO ignored
2026-10-09 22:33:58,512 RX_TIMEOUT service=81 partial=
2026-10-09 22:33:58,513 INIT attempt: no valid C1 with two key bytes
2026-10-09 22:33:58,513 INIT attempt 13/30
2026-10-09 22:33:58,874 INIT wakeup 0x00 sent, gap=57.4 ms (not wire measurement)
2026-10-09 22:33:58,875 TX 81 B1 F1 81 A4
2026-10-09 22:33:58,885 RX_ECHO ignored
2026-10-09 22:33:59,886 RX_TIMEOUT service=81 partial=
2026-10-09 22:33:59,887 INIT attempt: no valid C1 with two key bytes
2026-10-09 22:33:59,887 INIT attempt 14/30
2026-10-09 22:34:00,247 INIT wakeup 0x00 sent, gap=57.4 ms (not wire measurement)
2026-10-09 22:34:00,248 TX 81 B1 F1 81 A4
2026-10-09 22:34:00,258 RX_ECHO ignored
2026-10-09 22:34:01,249 RX_TIMEOUT service=81 partial=
2026-10-09 22:34:01,250 INIT attempt: no valid C1 with two key bytes
2026-10-09 22:34:01,250 INIT attempt 15/30
2026-10-09 22:34:01,611 INIT wakeup 0x00 sent, gap=57.4 ms (not wire measurement)
2026-10-09 22:34:01,611 TX 81 B1 F1 81 A4
2026-10-09 22:34:01,622 RX_ECHO ignored
2026-10-09 22:34:02,612 RX_TIMEOUT service=81 partial=
2026-10-09 22:34:02,612 INIT attempt: no valid C1 with two key bytes
2026-10-09 22:34:02,612 INIT attempt 16/30
2026-10-09 22:34:02,973 INIT wakeup 0x00 sent, gap=57.3 ms (not wire measurement)
2026-10-09 22:34:02,973 TX 81 B1 F1 81 A4
2026-10-09 22:34:02,984 RX_ECHO ignored
2026-10-09 22:34:03,983 RX_TIMEOUT service=81 partial=
2026-10-09 22:34:03,983 INIT attempt: no valid C1 with two key bytes
2026-10-09 22:34:03,983 INIT attempt 17/30
2026-10-09 22:34:04,343 INIT wakeup 0x00 sent, gap=57.4 ms (not wire measurement)
2026-10-09 22:34:04,344 TX 81 B1 F1 81 A4
2026-10-09 22:34:04,355 RX_ECHO ignored
2026-10-09 22:34:05,348 RX_TIMEOUT service=81 partial=
2026-10-09 22:34:05,348 INIT attempt: no valid C1 with two key bytes
2026-10-09 22:34:05,348 INIT attempt 18/30
2026-10-09 22:34:05,709 INIT wakeup 0x00 sent, gap=57.4 ms (not wire measurement)
2026-10-09 22:34:05,710 TX 81 B1 F1 81 A4
2026-10-09 22:34:05,720 RX_ECHO ignored
2026-10-09 22:34:06,720 RX_TIMEOUT service=81 partial=
2026-10-09 22:34:06,721 INIT attempt: no valid C1 with two key bytes
2026-10-09 22:34:06,721 INIT attempt 19/30
2026-10-09 22:34:07,080 INIT wakeup 0x00 sent, gap=57.2 ms (not wire measurement)
2026-10-09 22:34:07,081 TX 81 B1 F1 81 A4
2026-10-09 22:34:07,091 RX_ECHO ignored
2026-10-09 22:34:08,082 RX_TIMEOUT service=81 partial=
2026-10-09 22:34:08,083 INIT attempt: no valid C1 with two key bytes
2026-10-09 22:34:08,083 INIT attempt 20/30
2026-10-09 22:34:08,443 INIT wakeup 0x00 sent, gap=57.4 ms (not wire measurement)
2026-10-09 22:34:08,444 TX 81 B1 F1 81 A4
2026-10-09 22:34:08,454 RX_ECHO ignored
2026-10-09 22:34:09,451 RX_TIMEOUT service=81 partial=
2026-10-09 22:34:09,452 INIT attempt: no valid C1 with two key bytes
2026-10-09 22:34:09,452 INIT attempt 21/30
2026-10-09 22:34:09,812 INIT wakeup 0x00 sent, gap=57.3 ms (not wire measurement)
2026-10-09 22:34:09,813 TX 81 B1 F1 81 A4
2026-10-09 22:34:09,824 RX_ECHO ignored
2026-10-09 22:34:10,821 RX_TIMEOUT service=81 partial=
2026-10-09 22:34:10,821 INIT attempt: no valid C1 with two key bytes
2026-10-09 22:34:10,821 INIT attempt 22/30
2026-10-09 22:34:11,182 INIT wakeup 0x00 sent, gap=57.4 ms (not wire measurement)
2026-10-09 22:34:11,183 TX 81 B1 F1 81 A4
2026-10-09 22:34:11,194 RX_ECHO ignored
2026-10-09 22:34:12,189 RX_TIMEOUT service=81 partial=
2026-10-09 22:34:12,189 INIT attempt: no valid C1 with two key bytes
2026-10-09 22:34:12,190 INIT attempt 23/30
2026-10-09 22:34:12,550 INIT wakeup 0x00 sent, gap=57.4 ms (not wire measurement)
2026-10-09 22:34:12,551 TX 81 B1 F1 81 A4
2026-10-09 22:34:12,562 RX_ECHO ignored
2026-10-09 22:34:13,559 RX_TIMEOUT service=81 partial=
2026-10-09 22:34:13,559 INIT attempt: no valid C1 with two key bytes
2026-10-09 22:34:13,559 INIT attempt 24/30
2026-10-09 22:34:13,920 INIT wakeup 0x00 sent, gap=57.4 ms (not wire measurement)
2026-10-09 22:34:13,921 TX 81 B1 F1 81 A4
2026-10-09 22:34:13,931 RX_ECHO ignored
2026-10-09 22:34:14,921 RX_TIMEOUT service=81 partial=
2026-10-09 22:34:14,922 INIT attempt: no valid C1 with two key bytes
2026-10-09 22:34:14,922 INIT attempt 25/30
2026-10-09 22:34:15,282 INIT wakeup 0x00 sent, gap=57.3 ms (not wire measurement)
2026-10-09 22:34:15,283 TX 81 B1 F1 81 A4
2026-10-09 22:34:15,293 RX_ECHO ignored
2026-10-09 22:34:16,284 RX_TIMEOUT service=81 partial=
2026-10-09 22:34:16,286 INIT attempt: no valid C1 with two key bytes
2026-10-09 22:34:16,286 INIT attempt 26/30
2026-10-09 22:34:16,647 INIT wakeup 0x00 sent, gap=57.3 ms (not wire measurement)
2026-10-09 22:34:16,647 TX 81 B1 F1 81 A4
2026-10-09 22:34:16,658 RX_ECHO ignored
2026-10-09 22:34:17,655 RX_TIMEOUT service=81 partial=
2026-10-09 22:34:17,656 INIT attempt: no valid C1 with two key bytes
2026-10-09 22:34:17,656 INIT attempt 27/30
2026-10-09 22:34:18,016 INIT wakeup 0x00 sent, gap=57.4 ms (not wire measurement)
2026-10-09 22:34:18,017 TX 81 B1 F1 81 A4
2026-10-09 22:34:18,027 RX_ECHO ignored
2026-10-09 22:34:19,022 RX_TIMEOUT service=81 partial=
2026-10-09 22:34:19,023 INIT attempt: no valid C1 with two key bytes
2026-10-09 22:34:19,023 INIT attempt 28/30
2026-10-09 22:34:19,383 INIT wakeup 0x00 sent, gap=57.4 ms (not wire measurement)
2026-10-09 22:34:19,384 TX 81 B1 F1 81 A4
2026-10-09 22:34:19,395 RX_ECHO ignored
2026-10-09 22:34:20,396 RX_TIMEOUT service=81 partial=
2026-10-09 22:34:20,396 INIT attempt: no valid C1 with two key bytes
2026-10-09 22:34:20,397 INIT attempt 29/30
2026-10-09 22:34:20,757 INIT wakeup 0x00 sent, gap=57.4 ms (not wire measurement)
2026-10-09 22:34:20,758 TX 81 B1 F1 81 A4
2026-10-09 22:34:20,769 RX_ECHO ignored
2026-10-09 22:34:21,767 RX_TIMEOUT service=81 partial=
2026-10-09 22:34:21,767 INIT attempt: no valid C1 with two key bytes
2026-10-09 22:34:21,767 INIT attempt 30/30
2026-10-09 22:34:22,128 INIT wakeup 0x00 sent, gap=57.3 ms (not wire measurement)
2026-10-09 22:34:22,129 TX 81 B1 F1 81 A4
2026-10-09 22:34:22,139 RX_ECHO ignored
2026-10-09 22:34:23,138 RX_TIMEOUT service=81 partial=
2026-10-09 22:34:23,139 INIT attempt: no valid C1 with two key bytes
2026-10-09 22:34:23,139 INIT failed: no valid C1 after 30 attempts
2026-10-09 22:34:23,139 PROBE failed: no positive parameter response
