2026-10-09 18:06:26,579 READY: repeated initialization active for up to 120 seconds
2026-10-09 18:06:26,580 ATTEMPT 1
2026-10-09 18:06:26,580 INIT begin target=B1 tester=F1
2026-10-09 18:06:26,934 INIT host low=26.103 ms high=25.029 ms (not wire measurements)
2026-10-09 18:06:26,934 TX 81 B1 F1 81 A4
2026-10-09 18:06:26,943 RX_BYTE 81
2026-10-09 18:06:26,943 RX_BYTE B1
2026-10-09 18:06:26,943 RX_BYTE F1
2026-10-09 18:06:26,943 RX_BYTE 81
2026-10-09 18:06:26,943 RX_BYTE A4
2026-10-09 18:06:26,943 RX 81 B1 F1 81 A4
2026-10-09 18:06:26,943 RX_ECHO ignored
2026-10-09 18:06:27,940 RX_TIMEOUT service=81 partial=
2026-10-09 18:06:27,940 INIT failed: no valid C1 with two key bytes
2026-10-09 18:06:28,345 ATTEMPT 2
2026-10-09 18:06:28,345 INIT begin target=B1 tester=F1
2026-10-09 18:06:28,700 INIT host low=26.136 ms high=25.007 ms (not wire measurements)
2026-10-09 18:06:28,701 TX 81 B1 F1 81 A4
2026-10-09 18:06:28,709 RX_BYTE 81
2026-10-09 18:06:28,709 RX_BYTE B1
2026-10-09 18:06:28,709 RX_BYTE F1
2026-10-09 18:06:28,709 RX_BYTE 81
2026-10-09 18:06:28,709 RX_BYTE A4
2026-10-09 18:06:28,709 RX 81 B1 F1 81 A4
2026-10-09 18:06:28,709 RX_ECHO ignored
2026-10-09 18:06:29,707 RX_TIMEOUT service=81 partial=
2026-10-09 18:06:29,707 INIT failed: no valid C1 with two key bytes
2026-10-09 18:06:30,109 ATTEMPT 3
2026-10-09 18:06:30,109 INIT begin target=B1 tester=F1
2026-10-09 18:06:30,464 INIT host low=26.020 ms high=25.005 ms (not wire measurements)
2026-10-09 18:06:30,464 TX 81 B1 F1 81 A4
2026-10-09 18:06:30,472 RX_BYTE 81
2026-10-09 18:06:30,472 RX_BYTE B1
2026-10-09 18:06:30,472 RX_BYTE F1
2026-10-09 18:06:30,473 RX_BYTE 81
2026-10-09 18:06:30,473 RX_BYTE A4
2026-10-09 18:06:30,473 RX 81 B1 F1 81 A4
2026-10-09 18:06:30,473 RX_ECHO ignored
2026-10-09 18:06:30,911 RX_BYTE FF
2026-10-09 18:06:30,975 RX_BYTE FF
2026-10-09 18:06:31,472 RX_TIMEOUT service=81 partial=FF FF
2026-10-09 18:06:31,472 INIT failed: no valid C1 with two key bytes
2026-10-09 18:06:31,877 ATTEMPT 4
2026-10-09 18:06:31,877 INIT begin target=B1 tester=F1
2026-10-09 18:06:32,231 INIT host low=26.023 ms high=25.004 ms (not wire measurements)
2026-10-09 18:06:32,232 TX 81 B1 F1 81 A4
2026-10-09 18:06:32,240 RX_BYTE 81
2026-10-09 18:06:32,240 RX_BYTE B1
2026-10-09 18:06:32,240 RX_BYTE F1
2026-10-09 18:06:32,240 RX_BYTE 81
2026-10-09 18:06:32,240 RX_BYTE A4
2026-10-09 18:06:32,240 RX 81 B1 F1 81 A4
2026-10-09 18:06:32,240 RX_ECHO ignored
2026-10-09 18:06:33,232 RX_TIMEOUT service=81 partial=
2026-10-09 18:06:33,233 INIT failed: no valid C1 with two key bytes
2026-10-09 18:06:33,635 ATTEMPT 5
2026-10-09 18:06:33,636 INIT begin target=B1 tester=F1
2026-10-09 18:06:33,992 INIT host low=26.238 ms high=25.004 ms (not wire measurements)
2026-10-09 18:06:33,993 TX 81 B1 F1 81 A4
2026-10-09 18:06:34,001 RX_BYTE 81
2026-10-09 18:06:34,001 RX_BYTE B1
2026-10-09 18:06:34,001 RX_BYTE F1
2026-10-09 18:06:34,001 RX_BYTE 81
2026-10-09 18:06:34,001 RX_BYTE A4
2026-10-09 18:06:34,001 RX 81 B1 F1 81 A4
2026-10-09 18:06:34,001 RX_ECHO ignored
2026-10-09 18:06:35,000 RX_TIMEOUT service=81 partial=
2026-10-09 18:06:35,000 INIT failed: no valid C1 with two key bytes
2026-10-09 18:06:35,405 ATTEMPT 6
2026-10-09 18:06:35,406 INIT begin target=B1 tester=F1
2026-10-09 18:06:35,762 INIT host low=26.123 ms high=25.008 ms (not wire measurements)
2026-10-09 18:06:35,762 TX 81 B1 F1 81 A4
2026-10-09 18:06:35,770 RX_BYTE 81
2026-10-09 18:06:35,771 RX_BYTE B1
2026-10-09 18:06:35,771 RX_BYTE F1
2026-10-09 18:06:35,771 RX_BYTE 81
2026-10-09 18:06:35,771 RX_BYTE A4
2026-10-09 18:06:35,771 RX 81 B1 F1 81 A4
2026-10-09 18:06:35,771 RX_ECHO ignored
2026-10-09 18:06:36,771 RX_TIMEOUT service=81 partial=
2026-10-09 18:06:36,771 INIT failed: no valid C1 with two key bytes
2026-10-09 18:06:37,173 ATTEMPT 7
2026-10-09 18:06:37,174 INIT begin target=B1 tester=F1
2026-10-09 18:06:37,530 INIT host low=26.338 ms high=25.008 ms (not wire measurements)
2026-10-09 18:06:37,531 TX 81 B1 F1 81 A4
2026-10-09 18:06:37,539 RX_BYTE 81
2026-10-09 18:06:37,539 RX_BYTE B1
2026-10-09 18:06:37,539 RX_BYTE F1
2026-10-09 18:06:37,539 RX_BYTE 81
2026-10-09 18:06:37,540 RX_BYTE A4
2026-10-09 18:06:37,540 RX 81 B1 F1 81 A4
2026-10-09 18:06:37,540 RX_ECHO ignored
2026-10-09 18:06:38,535 RX_TIMEOUT service=81 partial=
2026-10-09 18:06:38,536 INIT failed: no valid C1 with two key bytes
2026-10-09 18:06:38,936 ATTEMPT 8
2026-10-09 18:06:38,937 INIT begin target=B1 tester=F1
2026-10-09 18:06:39,292 INIT host low=26.140 ms high=25.004 ms (not wire measurements)
2026-10-09 18:06:39,293 TX 81 B1 F1 81 A4
2026-10-09 18:06:39,301 RX_BYTE 81
2026-10-09 18:06:39,302 RX_BYTE B1
2026-10-09 18:06:39,302 RX_BYTE F1
2026-10-09 18:06:39,302 RX_BYTE 81
2026-10-09 18:06:39,302 RX_BYTE A4
2026-10-09 18:06:39,302 RX 81 B1 F1 81 A4
2026-10-09 18:06:39,302 RX_ECHO ignored
2026-10-09 18:06:40,294 RX_TIMEOUT service=81 partial=
2026-10-09 18:06:40,294 INIT failed: no valid C1 with two key bytes
2026-10-09 18:06:40,699 ATTEMPT 9
2026-10-09 18:06:40,700 INIT begin target=B1 tester=F1
2026-10-09 18:06:41,056 INIT host low=26.083 ms high=25.022 ms (not wire measurements)
2026-10-09 18:06:41,056 TX 81 B1 F1 81 A4
2026-10-09 18:06:41,065 RX_BYTE 81
2026-10-09 18:06:41,065 RX_BYTE B1
2026-10-09 18:06:41,065 RX_BYTE F1
2026-10-09 18:06:41,065 RX_BYTE 81
2026-10-09 18:06:41,065 RX_BYTE A4
2026-10-09 18:06:41,065 RX 81 B1 F1 81 A4
2026-10-09 18:06:41,066 RX_ECHO ignored
2026-10-09 18:06:42,058 RX_TIMEOUT service=81 partial=
2026-10-09 18:06:42,058 INIT failed: no valid C1 with two key bytes
2026-10-09 18:06:42,463 ATTEMPT 10
2026-10-09 18:06:42,463 INIT begin target=B1 tester=F1
2026-10-09 18:06:42,819 INIT host low=26.235 ms high=25.004 ms (not wire measurements)
2026-10-09 18:06:42,819 TX 81 B1 F1 81 A4
2026-10-09 18:06:42,828 RX_BYTE 81
2026-10-09 18:06:42,828 RX_BYTE B1
2026-10-09 18:06:42,828 RX_BYTE F1
2026-10-09 18:06:42,828 RX_BYTE 81
2026-10-09 18:06:42,828 RX_BYTE A4
2026-10-09 18:06:42,828 RX 81 B1 F1 81 A4
2026-10-09 18:06:42,828 RX_ECHO ignored
2026-10-09 18:06:43,832 RX_TIMEOUT service=81 partial=
2026-10-09 18:06:43,832 INIT failed: no valid C1 with two key bytes
2026-10-09 18:06:44,234 ATTEMPT 11
2026-10-09 18:06:44,234 INIT begin target=B1 tester=F1
2026-10-09 18:06:44,590 INIT host low=26.450 ms high=25.023 ms (not wire measurements)
2026-10-09 18:06:44,591 TX 81 B1 F1 81 A4
2026-10-09 18:06:44,599 RX_BYTE 81
2026-10-09 18:06:44,599 RX_BYTE B1
2026-10-09 18:06:44,599 RX_BYTE F1
2026-10-09 18:06:44,599 RX_BYTE 81
2026-10-09 18:06:44,599 RX_BYTE A4
2026-10-09 18:06:44,599 RX 81 B1 F1 81 A4
2026-10-09 18:06:44,599 RX_ECHO ignored
2026-10-09 18:06:45,599 RX_TIMEOUT service=81 partial=
2026-10-09 18:06:45,599 INIT failed: no valid C1 with two key bytes
2026-10-09 18:06:46,002 ATTEMPT 12
2026-10-09 18:06:46,003 INIT begin target=B1 tester=F1
2026-10-09 18:06:46,358 INIT host low=25.946 ms high=25.007 ms (not wire measurements)
2026-10-09 18:06:46,359 TX 81 B1 F1 81 A4
2026-10-09 18:06:46,367 RX_BYTE 81
2026-10-09 18:06:46,367 RX_BYTE B1
2026-10-09 18:06:46,367 RX_BYTE F1
2026-10-09 18:06:46,367 RX_BYTE 81
2026-10-09 18:06:46,367 RX_BYTE A4
2026-10-09 18:06:46,367 RX 81 B1 F1 81 A4
2026-10-09 18:06:46,367 RX_ECHO ignored
2026-10-09 18:06:47,368 RX_TIMEOUT service=81 partial=
2026-10-09 18:06:47,368 INIT failed: no valid C1 with two key bytes
2026-10-09 18:06:47,772 ATTEMPT 13
2026-10-09 18:06:47,773 INIT begin target=B1 tester=F1
2026-10-09 18:06:48,128 INIT host low=26.296 ms high=25.026 ms (not wire measurements)
2026-10-09 18:06:48,129 TX 81 B1 F1 81 A4
2026-10-09 18:06:48,137 RX_BYTE 81
2026-10-09 18:06:48,137 RX_BYTE B1
2026-10-09 18:06:48,138 RX_BYTE F1
2026-10-09 18:06:48,138 RX_BYTE 81
2026-10-09 18:06:48,138 RX_BYTE A4
2026-10-09 18:06:48,138 RX 81 B1 F1 81 A4
2026-10-09 18:06:48,138 RX_ECHO ignored
2026-10-09 18:06:49,137 RX_TIMEOUT service=81 partial=
2026-10-09 18:06:49,137 INIT failed: no valid C1 with two key bytes
2026-10-09 18:06:49,539 ATTEMPT 14
2026-10-09 18:06:49,540 INIT begin target=B1 tester=F1
2026-10-09 18:06:49,896 INIT host low=26.469 ms high=25.020 ms (not wire measurements)
2026-10-09 18:06:49,897 TX 81 B1 F1 81 A4
2026-10-09 18:06:49,905 RX_BYTE 81
2026-10-09 18:06:49,905 RX_BYTE B1
2026-10-09 18:06:49,905 RX_BYTE F1
2026-10-09 18:06:49,906 RX_BYTE 81
2026-10-09 18:06:49,906 RX_BYTE A4
2026-10-09 18:06:49,906 RX 81 B1 F1 81 A4
2026-10-09 18:06:49,906 RX_ECHO ignored
2026-10-09 18:06:50,899 RX_TIMEOUT service=81 partial=
2026-10-09 18:06:50,900 INIT failed: no valid C1 with two key bytes
2026-10-09 18:06:51,304 ATTEMPT 15
2026-10-09 18:06:51,304 INIT begin target=B1 tester=F1
2026-10-09 18:06:51,660 INIT host low=26.297 ms high=25.012 ms (not wire measurements)
2026-10-09 18:06:51,661 TX 81 B1 F1 81 A4
2026-10-09 18:06:51,669 RX_BYTE 81
2026-10-09 18:06:51,669 RX_BYTE B1
2026-10-09 18:06:51,669 RX_BYTE F1
2026-10-09 18:06:51,669 RX_BYTE 81
2026-10-09 18:06:51,669 RX_BYTE A4
2026-10-09 18:06:51,669 RX 81 B1 F1 81 A4
2026-10-09 18:06:51,669 RX_ECHO ignored
2026-10-09 18:06:52,669 RX_TIMEOUT service=81 partial=
2026-10-09 18:06:52,670 INIT failed: no valid C1 with two key bytes
2026-10-09 18:06:53,071 ATTEMPT 16
2026-10-09 18:06:53,072 INIT begin target=B1 tester=F1
2026-10-09 18:06:53,428 INIT host low=26.323 ms high=25.005 ms (not wire measurements)
2026-10-09 18:06:53,428 TX 81 B1 F1 81 A4
2026-10-09 18:06:53,437 RX_BYTE 81
2026-10-09 18:06:53,437 RX_BYTE B1
2026-10-09 18:06:53,437 RX_BYTE F1
2026-10-09 18:06:53,437 RX_BYTE 81
2026-10-09 18:06:53,437 RX_BYTE A4
2026-10-09 18:06:53,437 RX 81 B1 F1 81 A4
2026-10-09 18:06:53,437 RX_ECHO ignored
2026-10-09 18:06:54,436 RX_TIMEOUT service=81 partial=
2026-10-09 18:06:54,436 INIT failed: no valid C1 with two key bytes
2026-10-09 18:06:54,841 ATTEMPT 17
2026-10-09 18:06:54,842 INIT begin target=B1 tester=F1
2026-10-09 18:06:55,201 INIT host low=26.043 ms high=25.007 ms (not wire measurements)
2026-10-09 18:06:55,202 TX 81 B1 F1 81 A4
2026-10-09 18:06:55,211 RX_BYTE 81
2026-10-09 18:06:55,211 RX_BYTE B1
2026-10-09 18:06:55,211 RX_BYTE F1
2026-10-09 18:06:55,211 RX_BYTE 81
2026-10-09 18:06:55,211 RX_BYTE A4
2026-10-09 18:06:55,211 RX 81 B1 F1 81 A4
2026-10-09 18:06:55,211 RX_ECHO ignored
2026-10-09 18:06:56,203 RX_TIMEOUT service=81 partial=
2026-10-09 18:06:56,204 INIT failed: no valid C1 with two key bytes
2026-10-09 18:06:56,604 ATTEMPT 18
2026-10-09 18:06:56,605 INIT begin target=B1 tester=F1
2026-10-09 18:06:56,961 INIT host low=26.171 ms high=25.005 ms (not wire measurements)
2026-10-09 18:06:56,961 TX 81 B1 F1 81 A4
2026-10-09 18:06:56,970 RX_BYTE 81
2026-10-09 18:06:56,970 RX_BYTE B1
2026-10-09 18:06:56,970 RX_BYTE F1
2026-10-09 18:06:56,970 RX_BYTE 81
2026-10-09 18:06:56,970 RX_BYTE A4
2026-10-09 18:06:56,970 RX 81 B1 F1 81 A4
2026-10-09 18:06:56,970 RX_ECHO ignored
2026-10-09 18:06:57,969 RX_TIMEOUT service=81 partial=
2026-10-09 18:06:57,969 INIT failed: no valid C1 with two key bytes
2026-10-09 18:06:58,370 ATTEMPT 19
2026-10-09 18:06:58,371 INIT begin target=B1 tester=F1
2026-10-09 18:06:58,725 INIT host low=25.769 ms high=25.005 ms (not wire measurements)
2026-10-09 18:06:58,725 TX 81 B1 F1 81 A4
2026-10-09 18:06:58,733 RX_BYTE 81
2026-10-09 18:06:58,734 RX_BYTE B1
2026-10-09 18:06:58,734 RX_BYTE F1
2026-10-09 18:06:58,734 RX_BYTE 81
2026-10-09 18:06:58,734 RX_BYTE A4
2026-10-09 18:06:58,734 RX 81 B1 F1 81 A4
2026-10-09 18:06:58,734 RX_ECHO ignored
2026-10-09 18:06:59,732 RX_TIMEOUT service=81 partial=
2026-10-09 18:06:59,732 INIT failed: no valid C1 with two key bytes
2026-10-09 18:07:00,133 ATTEMPT 20
2026-10-09 18:07:00,134 INIT begin target=B1 tester=F1
2026-10-09 18:07:00,490 INIT host low=26.247 ms high=25.003 ms (not wire measurements)
2026-10-09 18:07:00,490 TX 81 B1 F1 81 A4
2026-10-09 18:07:00,499 RX_BYTE 81
2026-10-09 18:07:00,499 RX_BYTE B1
2026-10-09 18:07:00,499 RX_BYTE F1
2026-10-09 18:07:00,499 RX_BYTE 81
2026-10-09 18:07:00,499 RX_BYTE A4
2026-10-09 18:07:00,499 RX 81 B1 F1 81 A4
2026-10-09 18:07:00,499 RX_ECHO ignored
2026-10-09 18:07:01,499 RX_TIMEOUT service=81 partial=
2026-10-09 18:07:01,499 INIT failed: no valid C1 with two key bytes
2026-10-09 18:07:01,905 ATTEMPT 21
2026-10-09 18:07:01,905 INIT begin target=B1 tester=F1
2026-10-09 18:07:02,261 INIT host low=26.207 ms high=25.003 ms (not wire measurements)
2026-10-09 18:07:02,261 TX 81 B1 F1 81 A4
2026-10-09 18:07:02,270 RX_BYTE 81
2026-10-09 18:07:02,270 RX_BYTE B1
2026-10-09 18:07:02,270 RX_BYTE F1
2026-10-09 18:07:02,270 RX_BYTE 81
2026-10-09 18:07:02,270 RX_BYTE A4
2026-10-09 18:07:02,270 RX 81 B1 F1 81 A4
2026-10-09 18:07:02,270 RX_ECHO ignored
2026-10-09 18:07:03,271 RX_TIMEOUT service=81 partial=
2026-10-09 18:07:03,271 INIT failed: no valid C1 with two key bytes
2026-10-09 18:07:03,675 ATTEMPT 22
2026-10-09 18:07:03,675 INIT begin target=B1 tester=F1
2026-10-09 18:07:04,029 INIT host low=25.978 ms high=25.006 ms (not wire measurements)
2026-10-09 18:07:04,030 TX 81 B1 F1 81 A4
2026-10-09 18:07:04,038 RX_BYTE 81
2026-10-09 18:07:04,038 RX_BYTE B1
2026-10-09 18:07:04,038 RX_BYTE F1
2026-10-09 18:07:04,038 RX_BYTE 81
2026-10-09 18:07:04,038 RX_BYTE A4
2026-10-09 18:07:04,038 RX 81 B1 F1 81 A4
2026-10-09 18:07:04,038 RX_ECHO ignored
2026-10-09 18:07:05,035 RX_TIMEOUT service=81 partial=
2026-10-09 18:07:05,035 INIT failed: no valid C1 with two key bytes
2026-10-09 18:07:05,438 ATTEMPT 23
2026-10-09 18:07:05,438 INIT begin target=B1 tester=F1
2026-10-09 18:07:05,793 INIT host low=25.970 ms high=25.005 ms (not wire measurements)
2026-10-09 18:07:05,793 TX 81 B1 F1 81 A4
2026-10-09 18:07:05,802 RX_BYTE 81
2026-10-09 18:07:05,802 RX_BYTE B1
2026-10-09 18:07:05,802 RX_BYTE F1
2026-10-09 18:07:05,802 RX_BYTE 81
2026-10-09 18:07:05,802 RX_BYTE A4
2026-10-09 18:07:05,802 RX 81 B1 F1 81 A4
2026-10-09 18:07:05,802 RX_ECHO ignored
2026-10-09 18:07:06,805 RX_TIMEOUT service=81 partial=
2026-10-09 18:07:06,805 INIT failed: no valid C1 with two key bytes
2026-10-09 18:07:07,209 ATTEMPT 24
2026-10-09 18:07:07,209 INIT begin target=B1 tester=F1
2026-10-09 18:07:07,564 INIT host low=26.293 ms high=25.004 ms (not wire measurements)
2026-10-09 18:07:07,564 TX 81 B1 F1 81 A4
2026-10-09 18:07:07,573 RX_BYTE 81
2026-10-09 18:07:07,573 RX_BYTE B1
2026-10-09 18:07:07,573 RX_BYTE F1
2026-10-09 18:07:07,573 RX_BYTE 81
2026-10-09 18:07:07,573 RX_BYTE A4
2026-10-09 18:07:07,573 RX 81 B1 F1 81 A4
2026-10-09 18:07:07,573 RX_ECHO ignored
2026-10-09 18:07:08,568 RX_TIMEOUT service=81 partial=
2026-10-09 18:07:08,569 INIT failed: no valid C1 with two key bytes
2026-10-09 18:07:08,975 ATTEMPT 25
2026-10-09 18:07:08,975 INIT begin target=B1 tester=F1
2026-10-09 18:07:09,361 INIT host low=26.206 ms high=25.005 ms (not wire measurements)
2026-10-09 18:07:09,362 TX 81 B1 F1 81 A4
2026-10-09 18:07:09,370 RX_BYTE 81
2026-10-09 18:07:09,370 RX_BYTE B1
2026-10-09 18:07:09,370 RX_BYTE F1
2026-10-09 18:07:09,370 RX_BYTE 81
2026-10-09 18:07:09,370 RX_BYTE A4
2026-10-09 18:07:09,370 RX 81 B1 F1 81 A4
2026-10-09 18:07:09,370 RX_ECHO ignored
2026-10-09 18:07:10,365 RX_TIMEOUT service=81 partial=
2026-10-09 18:07:10,365 INIT failed: no valid C1 with two key bytes
2026-10-09 18:07:10,771 ATTEMPT 26
2026-10-09 18:07:10,771 INIT begin target=B1 tester=F1
2026-10-09 18:07:11,126 INIT host low=26.222 ms high=25.004 ms (not wire measurements)
2026-10-09 18:07:11,127 TX 81 B1 F1 81 A4
2026-10-09 18:07:11,135 RX_BYTE 81
2026-10-09 18:07:11,136 RX_BYTE B1
2026-10-09 18:07:11,136 RX_BYTE F1
2026-10-09 18:07:11,136 RX_BYTE 81
2026-10-09 18:07:11,136 RX_BYTE A4
2026-10-09 18:07:11,136 RX 81 B1 F1 81 A4
2026-10-09 18:07:11,136 RX_ECHO ignored
2026-10-09 18:07:12,137 RX_TIMEOUT service=81 partial=
2026-10-09 18:07:12,138 INIT failed: no valid C1 with two key bytes
2026-10-09 18:07:12,540 ATTEMPT 27
2026-10-09 18:07:12,541 INIT begin target=B1 tester=F1
2026-10-09 18:07:12,896 INIT host low=26.118 ms high=25.018 ms (not wire measurements)
2026-10-09 18:07:12,897 TX 81 B1 F1 81 A4
2026-10-09 18:07:12,905 RX_BYTE 81
2026-10-09 18:07:12,905 RX_BYTE B1
2026-10-09 18:07:12,905 RX_BYTE F1
2026-10-09 18:07:12,905 RX_BYTE 81
2026-10-09 18:07:12,905 RX_BYTE A4
2026-10-09 18:07:12,905 RX 81 B1 F1 81 A4
2026-10-09 18:07:12,906 RX_ECHO ignored
2026-10-09 18:07:13,905 RX_TIMEOUT service=81 partial=
2026-10-09 18:07:13,906 INIT failed: no valid C1 with two key bytes
2026-10-09 18:07:13,958 Stopped
