BYTE 1791563647.620616  81  dt=n/a
BYTE 1791563647.620960  B1  dt=0.345 ms
BYTE 1791563647.621043  F1  dt=0.083 ms
BYTE 1791563647.621079  82  dt=0.036 ms
BYTE 1791563647.621111  A5  dt=0.032 ms
BYTE 1791563648.423563  00  dt=802.470 ms
BYTE 1791563648.476771  80  dt=53.209 ms
BYTE 1791563648.476882  B1  dt=0.112 ms
BYTE 1791563648.476914  F1  dt=0.033 ms
BYTE 1791563648.476943  81  dt=0.028 ms
BYTE 1791563648.476970  A4  dt=0.027 ms
BYTE 1791563648.599942  83  dt=122.974 ms
BYTE 1791563648.600067  F1  dt=0.125 ms
BYTE 1791563648.600103  B1  dt=0.036 ms
BYTE 1791563648.600136  C1  dt=0.033 ms
BYTE 1791563648.600167  D9  dt=0.031 ms
BYTE 1791563648.600198  8F  dt=0.031 ms
BYTE 1791563648.600227  4E  dt=0.030 ms
BYTE 1791563653.485042  81  dt=4884.928 ms
BYTE 1791563653.485150  B1  dt=0.108 ms
BYTE 1791563653.485172  F1  dt=0.022 ms
BYTE 1791563653.485188  82  dt=0.016 ms
BYTE 1791563653.485202  A5  dt=0.014 ms
BYTE 1791563654.287584  00  dt=802.400 ms
BYTE 1791563654.340446  80  dt=52.864 ms
BYTE 1791563654.340535  B1  dt=0.088 ms
BYTE 1791563654.340560  F1  dt=0.025 ms
BYTE 1791563654.340575  81  dt=0.015 ms
BYTE 1791563654.340589  A4  dt=0.014 ms
BYTE 1791563655.143501  00  dt=802.930 ms
BYTE 1791563655.197065  80  dt=53.566 ms
BYTE 1791563655.197155  B1  dt=0.090 ms
BYTE 1791563655.197176  F1  dt=0.021 ms
BYTE 1791563655.197194  81  dt=0.019 ms
BYTE 1791563655.197208  A4  dt=0.014 ms
BYTE 1791563655.999601  00  dt=802.411 ms
BYTE 1791563656.053177  80  dt=53.577 ms
BYTE 1791563656.053273  B1  dt=0.097 ms
BYTE 1791563656.053311  F1  dt=0.038 ms
BYTE 1791563656.053341  81  dt=0.030 ms
BYTE 1791563656.053370  A4  dt=0.028 ms
BYTE 1791563656.854877  00  dt=801.525 ms
BYTE 1791563656.907568  80  dt=52.693 ms
BYTE 1791563656.907699  B1  dt=0.131 ms
BYTE 1791563656.907731  F1  dt=0.032 ms
BYTE 1791563656.907762  81  dt=0.031 ms
BYTE 1791563656.907788  A4  dt=0.026 ms
BYTE 1791563657.475958  FD  dt=568.183 ms
BYTE 1791563657.539776  FF  dt=63.819 ms
BYTE 1791563657.710213  00  dt=170.441 ms
BYTE 1791563657.764344  80  dt=54.132 ms
BYTE 1791563657.764460  B1  dt=0.117 ms
BYTE 1791563657.764490  F1  dt=0.030 ms
BYTE 1791563657.764518  81  dt=0.027 ms
BYTE 1791563657.764543  A4  dt=0.025 ms
BYTE 1791563658.567336  00  dt=802.811 ms
BYTE 1791563658.623386  81  dt=56.052 ms
BYTE 1791563658.623508  B1  dt=0.122 ms
BYTE 1791563658.623544  F1  dt=0.036 ms
BYTE 1791563658.623576  81  dt=0.032 ms
BYTE 1791563658.623606  A4  dt=0.031 ms
BYTE 1791563659.426426  00  dt=802.838 ms
BYTE 1791563659.483231  81  dt=56.807 ms
BYTE 1791563659.483330  B1  dt=0.099 ms
BYTE 1791563659.483346  F1  dt=0.016 ms
BYTE 1791563659.483359  81  dt=0.013 ms
BYTE 1791563659.483369  A4  dt=0.011 ms
BYTE 1791563660.286119  00  dt=802.768 ms
BYTE 1791563660.343937  81  dt=57.820 ms
BYTE 1791563660.344080  B1  dt=0.142 ms
BYTE 1791563660.344113  F1  dt=0.034 ms
BYTE 1791563660.344130  81  dt=0.017 ms
BYTE 1791563660.344145  A4  dt=0.015 ms
BYTE 1791563660.459828  83  dt=115.685 ms
BYTE 1791563660.460297  F1  dt=0.469 ms
BYTE 1791563660.460379  B1  dt=0.082 ms
BYTE 1791563660.460480  C1  dt=0.102 ms
BYTE 1791563660.460502  D9  dt=0.022 ms
BYTE 1791563660.460516  8F  dt=0.015 ms
BYTE 1791563660.460530  4E  dt=0.013 ms
BYTE 1791563660.717274  82  dt=256.750 ms
BYTE 1791563660.717386  B1  dt=0.112 ms
BYTE 1791563660.717407  F1  dt=0.021 ms
BYTE 1791563660.717422  21  dt=0.015 ms
BYTE 1791563660.717436  01  dt=0.014 ms
BYTE 1791563660.717450  46  dt=0.014 ms
BYTE 1791563660.817263  8B  dt=99.815 ms
BYTE 1791563660.817474  F1  dt=0.211 ms
BYTE 1791563660.817506  B1  dt=0.032 ms
BYTE 1791563660.817536  61  dt=0.030 ms
BYTE 1791563660.817564  01  dt=0.027 ms
BYTE 1791563660.817590  92  dt=0.027 ms
BYTE 1791563660.817615  C2  dt=0.025 ms
BYTE 1791563660.817640  C2  dt=0.025 ms
BYTE 1791563660.817665  93  dt=0.025 ms
BYTE 1791563660.817689  94  dt=0.024 ms
BYTE 1791563660.817715  B0  dt=0.025 ms
BYTE 1791563660.817739  00  dt=0.024 ms
BYTE 1791563660.817764  00  dt=0.025 ms
BYTE 1791563660.817788  00  dt=0.025 ms
BYTE 1791563660.817813  7C  dt=0.025 ms
BYTE 1791563661.086619  82  dt=268.813 ms
BYTE 1791563661.086757  B1  dt=0.138 ms
BYTE 1791563661.086777  F1  dt=0.019 ms
BYTE 1791563661.086791  21  dt=0.014 ms
BYTE 1791563661.086804  01  dt=0.013 ms
BYTE 1791563661.086815  46  dt=0.011 ms
BYTE 1791563661.174533  8B  dt=87.720 ms
BYTE 1791563661.174668  F1  dt=0.135 ms
BYTE 1791563661.174697  B1  dt=0.029 ms
BYTE 1791563661.174722  61  dt=0.025 ms
BYTE 1791563661.174746  01  dt=0.024 ms
BYTE 1791563661.174769  92  dt=0.023 ms
BYTE 1791563661.174793  C2  dt=0.024 ms
BYTE 1791563661.174819  C2  dt=0.026 ms
BYTE 1791563661.174849  93  dt=0.030 ms
BYTE 1791563661.174871  94  dt=0.022 ms
BYTE 1791563661.174893  B0  dt=0.022 ms
BYTE 1791563661.174921  00  dt=0.029 ms
BYTE 1791563661.174943  00  dt=0.021 ms
BYTE 1791563661.174977  00  dt=0.034 ms
BYTE 1791563661.174999  7C  dt=0.022 ms
BYTE 1791563661.439212  82  dt=264.219 ms
BYTE 1791563661.439347  B1  dt=0.135 ms
BYTE 1791563661.439375  F1  dt=0.028 ms
BYTE 1791563661.439400  21  dt=0.024 ms
BYTE 1791563661.439422  01  dt=0.022 ms
BYTE 1791563661.439444  46  dt=0.022 ms
BYTE 1791563661.532044  8B  dt=92.602 ms
BYTE 1791563661.532151  F1  dt=0.108 ms
BYTE 1791563661.532167  B1  dt=0.015 ms
BYTE 1791563661.532177  61  dt=0.011 ms
BYTE 1791563661.532186  01  dt=0.009 ms
BYTE 1791563661.532197  92  dt=0.010 ms
BYTE 1791563661.532206  C2  dt=0.009 ms
BYTE 1791563661.532215  C2  dt=0.010 ms
BYTE 1791563661.532224  93  dt=0.008 ms
BYTE 1791563661.532232  94  dt=0.008 ms
BYTE 1791563661.532240  B0  dt=0.008 ms
BYTE 1791563661.532248  00  dt=0.008 ms
BYTE 1791563661.532256  00  dt=0.008 ms
BYTE 1791563661.532265  00  dt=0.008 ms
BYTE 1791563661.532273  7C  dt=0.008 ms
BYTE 1791563661.789581  82  dt=257.314 ms
BYTE 1791563661.789794  B1  dt=0.213 ms
BYTE 1791563661.789827  F1  dt=0.033 ms
BYTE 1791563661.789852  21  dt=0.025 ms
BYTE 1791563661.789875  01  dt=0.023 ms
BYTE 1791563661.789898  46  dt=0.023 ms
BYTE 1791563661.889211  8B  dt=99.315 ms
BYTE 1791563661.889288  F1  dt=0.077 ms
BYTE 1791563661.889306  B1  dt=0.018 ms
BYTE 1791563661.889320  61  dt=0.014 ms
BYTE 1791563661.889333  01  dt=0.013 ms
BYTE 1791563661.889345  92  dt=0.012 ms
BYTE 1791563661.889356  C2  dt=0.011 ms
BYTE 1791563661.889367  C2  dt=0.011 ms
BYTE 1791563661.889378  93  dt=0.011 ms
BYTE 1791563661.889389  94  dt=0.010 ms
BYTE 1791563661.889399  B0  dt=0.011 ms
BYTE 1791563661.889410  00  dt=0.010 ms
BYTE 1791563661.889420  00  dt=0.010 ms
BYTE 1791563661.889431  00  dt=0.010 ms
BYTE 1791563661.889441  7C  dt=0.010 ms
BYTE 1791563662.146029  82  dt=256.593 ms
BYTE 1791563662.146195  B1  dt=0.166 ms
BYTE 1791563662.146230  F1  dt=0.035 ms
BYTE 1791563662.146257  21  dt=0.028 ms
BYTE 1791563662.146281  01  dt=0.024 ms
BYTE 1791563662.146304  46  dt=0.023 ms
BYTE 1791563662.245977  8B  dt=99.675 ms
BYTE 1791563662.246069  F1  dt=0.092 ms
BYTE 1791563662.246088  B1  dt=0.019 ms
BYTE 1791563662.246101  61  dt=0.014 ms
BYTE 1791563662.246114  01  dt=0.012 ms
BYTE 1791563662.246125  92  dt=0.011 ms
BYTE 1791563662.246136  C2  dt=0.011 ms
BYTE 1791563662.246147  C2  dt=0.011 ms
BYTE 1791563662.246158  93  dt=0.011 ms
BYTE 1791563662.246168  94  dt=0.011 ms
BYTE 1791563662.246178  B0  dt=0.010 ms
BYTE 1791563662.246189  00  dt=0.010 ms
BYTE 1791563662.246199  00  dt=0.010 ms
BYTE 1791563662.246209  00  dt=0.010 ms
BYTE 1791563662.246220  7C  dt=0.010 ms
BYTE 1791563662.503548  82  dt=257.333 ms
BYTE 1791563662.503713  B1  dt=0.166 ms
BYTE 1791563662.503743  F1  dt=0.031 ms
BYTE 1791563662.503768  21  dt=0.024 ms
BYTE 1791563662.503791  01  dt=0.023 ms
BYTE 1791563662.503815  46  dt=0.024 ms
BYTE 1791563662.602634  8B  dt=98.820 ms
BYTE 1791563662.602820  F1  dt=0.187 ms
BYTE 1791563662.602850  B1  dt=0.029 ms
BYTE 1791563662.602876  61  dt=0.026 ms
BYTE 1791563662.602900  01  dt=0.025 ms
BYTE 1791563662.602924  92  dt=0.024 ms
BYTE 1791563662.602951  C2  dt=0.027 ms
BYTE 1791563662.602974  C2  dt=0.024 ms
BYTE 1791563662.602997  93  dt=0.023 ms
BYTE 1791563662.603020  94  dt=0.023 ms
BYTE 1791563662.603045  B0  dt=0.025 ms
BYTE 1791563662.603067  00  dt=0.022 ms
BYTE 1791563662.603088  00  dt=0.021 ms
BYTE 1791563662.603144  00  dt=0.055 ms
BYTE 1791563662.603166  7C  dt=0.022 ms
BYTE 1791563662.859056  82  dt=255.896 ms
BYTE 1791563662.859236  B1  dt=0.180 ms
BYTE 1791563662.859270  F1  dt=0.034 ms
BYTE 1791563662.859299  21  dt=0.028 ms
BYTE 1791563662.859464  01  dt=0.166 ms
BYTE 1791563662.859504  46  dt=0.039 ms
BYTE 1791563662.960579  8B  dt=101.077 ms
BYTE 1791563662.960669  F1  dt=0.091 ms
BYTE 1791563662.960688  B1  dt=0.019 ms
BYTE 1791563662.960702  61  dt=0.014 ms
BYTE 1791563662.960715  01  dt=0.013 ms
BYTE 1791563662.960727  92  dt=0.012 ms
BYTE 1791563662.960739  C2  dt=0.011 ms
BYTE 1791563662.960750  C2  dt=0.011 ms
BYTE 1791563662.960761  93  dt=0.011 ms
BYTE 1791563662.960775  94  dt=0.014 ms
BYTE 1791563662.960807  B0  dt=0.032 ms
BYTE 1791563662.960844  00  dt=0.037 ms
BYTE 1791563662.960862  00  dt=0.018 ms
BYTE 1791563662.960932  00  dt=0.070 ms
BYTE 1791563662.960950  7C  dt=0.017 ms
BYTE 1791563663.217253  82  dt=256.309 ms
BYTE 1791563663.217472  B1  dt=0.219 ms
BYTE 1791563663.217507  F1  dt=0.036 ms
BYTE 1791563663.217534  21  dt=0.027 ms
BYTE 1791563663.217563  01  dt=0.029 ms
BYTE 1791563663.217588  46  dt=0.025 ms
BYTE 1791563663.318853  8B  dt=101.266 ms
BYTE 1791563663.319046  F1  dt=0.194 ms
BYTE 1791563663.319077  B1  dt=0.031 ms
BYTE 1791563663.319103  61  dt=0.025 ms
BYTE 1791563663.319126  01  dt=0.023 ms
BYTE 1791563663.319149  92  dt=0.023 ms
BYTE 1791563663.319173  C2  dt=0.024 ms
BYTE 1791563663.319196  C2  dt=0.023 ms
BYTE 1791563663.319219  93  dt=0.022 ms
BYTE 1791563663.319248  94  dt=0.029 ms
BYTE 1791563663.319270  B0  dt=0.022 ms
BYTE 1791563663.319293  00  dt=0.023 ms
BYTE 1791563663.319315  00  dt=0.022 ms
BYTE 1791563663.319337  00  dt=0.022 ms
BYTE 1791563663.319359  7C  dt=0.022 ms
BYTE 1791563663.576283  82  dt=256.930 ms
BYTE 1791563663.576601  B1  dt=0.318 ms
BYTE 1791563663.576644  F1  dt=0.043 ms
BYTE 1791563663.576672  21  dt=0.029 ms
BYTE 1791563663.576697  01  dt=0.024 ms
BYTE 1791563663.576723  46  dt=0.026 ms
BYTE 1791563663.675600  8B  dt=98.879 ms
BYTE 1791563663.676224  F1  dt=0.624 ms
BYTE 1791563663.676300  B1  dt=0.076 ms
BYTE 1791563663.676322  61  dt=0.021 ms
BYTE 1791563663.676335  01  dt=0.013 ms
BYTE 1791563663.676347  92  dt=0.012 ms
BYTE 1791563663.676358  C2  dt=0.011 ms
BYTE 1791563663.676370  C2  dt=0.012 ms
BYTE 1791563663.676381  93  dt=0.011 ms
BYTE 1791563663.676391  94  dt=0.010 ms
BYTE 1791563663.676402  B0  dt=0.011 ms
BYTE 1791563663.676412  00  dt=0.010 ms
BYTE 1791563663.676422  00  dt=0.010 ms
BYTE 1791563663.676432  00  dt=0.010 ms
BYTE 1791563663.676443  7C  dt=0.010 ms
BYTE 1791563663.705503  00  dt=29.061 ms
BYTE 1791563674.440784  81  dt=10735.530 ms
BYTE 1791563674.441928  B1  dt=1.144 ms
BYTE 1791563674.442010  F1  dt=0.082 ms
BYTE 1791563674.442041  82  dt=0.031 ms
BYTE 1791563674.442198  A5  dt=0.157 ms
BYTE 1791563675.243667  00  dt=801.488 ms
BYTE 1791563675.296851  80  dt=53.185 ms
BYTE 1791563675.296929  B1  dt=0.078 ms
BYTE 1791563675.296949  F1  dt=0.020 ms
BYTE 1791563675.296964  81  dt=0.015 ms
BYTE 1791563675.296978  A4  dt=0.014 ms
BYTE 1791563675.349073  83  dt=52.096 ms
BYTE 1791563675.349180  F1  dt=0.107 ms
BYTE 1791563675.349203  B1  dt=0.023 ms
BYTE 1791563675.349222  C1  dt=0.020 ms
BYTE 1791563675.349239  D9  dt=0.017 ms
BYTE 1791563675.349252  8F  dt=0.012 ms
BYTE 1791563675.349317  4E  dt=0.065 ms
BYTE 1791563679.705222  81  dt=4356.005 ms
BYTE 1791563679.705333  B1  dt=0.111 ms
BYTE 1791563679.705355  F1  dt=0.022 ms
BYTE 1791563679.705370  82  dt=0.016 ms
BYTE 1791563679.705384  A5  dt=0.014 ms
BYTE 1791563680.508266  00  dt=802.900 ms
BYTE 1791563680.561131  80  dt=52.866 ms
BYTE 1791563680.561227  B1  dt=0.096 ms
BYTE 1791563680.561250  F1  dt=0.023 ms
BYTE 1791563680.561266  81  dt=0.017 ms
BYTE 1791563680.561280  A4  dt=0.014 ms
BYTE 1791563681.364146  00  dt=802.883 ms
BYTE 1791563681.417117  80  dt=52.973 ms
BYTE 1791563681.417213  B1  dt=0.097 ms
BYTE 1791563681.417236  F1  dt=0.023 ms
BYTE 1791563681.417251  81  dt=0.015 ms
BYTE 1791563681.417265  A4  dt=0.013 ms
BYTE 1791563681.565664  FD  dt=148.402 ms
BYTE 1791563681.630055  FF  dt=64.393 ms
BYTE 1791563682.220382  00  dt=590.337 ms
BYTE 1791563682.273883  80  dt=53.506 ms
BYTE 1791563682.273951  B1  dt=0.069 ms
BYTE 1791563682.273970  F1  dt=0.018 ms
BYTE 1791563682.273983  81  dt=0.013 ms
BYTE 1791563682.273995  A4  dt=0.012 ms
BYTE 1791563683.076954  00  dt=802.977 ms
BYTE 1791563683.130678  80  dt=53.726 ms
BYTE 1791563683.130751  B1  dt=0.073 ms
BYTE 1791563683.130769  F1  dt=0.018 ms
BYTE 1791563683.130783  81  dt=0.014 ms
BYTE 1791563683.130797  A4  dt=0.014 ms
BYTE 1791563683.932712  00  dt=801.934 ms
BYTE 1791563683.987822  81  dt=55.111 ms
BYTE 1791563683.988021  B1  dt=0.199 ms
BYTE 1791563683.988049  F1  dt=0.028 ms
BYTE 1791563683.988075  81  dt=0.026 ms
BYTE 1791563683.988100  A4  dt=0.025 ms
BYTE 1791563684.789952  00  dt=801.870 ms
BYTE 1791563684.846144  81  dt=56.192 ms
BYTE 1791563684.846247  B1  dt=0.104 ms
BYTE 1791563684.846282  F1  dt=0.035 ms
BYTE 1791563684.846310  81  dt=0.028 ms
BYTE 1791563684.846336  A4  dt=0.025 ms
BYTE 1791563684.901343  83  dt=55.008 ms
BYTE 1791563684.901492  F1  dt=0.150 ms
BYTE 1791563684.901531  B1  dt=0.038 ms
BYTE 1791563684.901562  C1  dt=0.031 ms
BYTE 1791563684.901590  D9  dt=0.028 ms
BYTE 1791563684.901617  8F  dt=0.027 ms
BYTE 1791563684.901644  4E  dt=0.027 ms
BYTE 1791563685.163118  82  dt=261.479 ms
BYTE 1791563685.163203  B1  dt=0.086 ms
BYTE 1791563685.163221  F1  dt=0.018 ms
BYTE 1791563685.163237  21  dt=0.015 ms
BYTE 1791563685.163249  01  dt=0.012 ms
BYTE 1791563685.163261  46  dt=0.012 ms
BYTE 1791563685.260706  8B  dt=97.446 ms
BYTE 1791563685.260910  F1  dt=0.205 ms
BYTE 1791563685.260947  B1  dt=0.037 ms
BYTE 1791563685.260976  61  dt=0.029 ms
BYTE 1791563685.261205  01  dt=0.229 ms
BYTE 1791563685.261232  92  dt=0.027 ms
BYTE 1791563685.261259  C2  dt=0.027 ms
BYTE 1791563685.261361  A6  dt=0.102 ms
BYTE 1791563685.261384  93  dt=0.023 ms
BYTE 1791563685.261407  94  dt=0.022 ms
BYTE 1791563685.261466  B0  dt=0.060 ms
BYTE 1791563685.261489  00  dt=0.022 ms
BYTE 1791563685.261536  00  dt=0.047 ms
BYTE 1791563685.261559  00  dt=0.023 ms
BYTE 1791563685.261638  60  dt=0.079 ms
BYTE 1791563685.534166  82  dt=272.530 ms
BYTE 1791563685.534370  B1  dt=0.210 ms
BYTE 1791563685.534407  F1  dt=0.037 ms
BYTE 1791563685.534433  21  dt=0.026 ms
BYTE 1791563685.534457  01  dt=0.024 ms
BYTE 1791563685.534480  46  dt=0.023 ms
BYTE 1791563685.617350  8B  dt=82.872 ms
BYTE 1791563685.617433  F1  dt=0.083 ms
BYTE 1791563685.617451  B1  dt=0.018 ms
BYTE 1791563685.617464  61  dt=0.013 ms
BYTE 1791563685.617477  01  dt=0.013 ms
BYTE 1791563685.617488  92  dt=0.011 ms
BYTE 1791563685.617499  C2  dt=0.011 ms
BYTE 1791563685.617511  A6  dt=0.011 ms
BYTE 1791563685.617521  93  dt=0.011 ms
BYTE 1791563685.617532  94  dt=0.011 ms
BYTE 1791563685.617542  B0  dt=0.010 ms
BYTE 1791563685.617553  00  dt=0.010 ms
BYTE 1791563685.617563  00  dt=0.010 ms
BYTE 1791563685.617573  00  dt=0.010 ms
BYTE 1791563685.617583  60  dt=0.010 ms
BYTE 1791563685.887679  82  dt=270.102 ms
BYTE 1791563685.887869  B1  dt=0.190 ms
BYTE 1791563685.887900  F1  dt=0.031 ms
BYTE 1791563685.887925  21  dt=0.025 ms
BYTE 1791563685.887948  01  dt=0.023 ms
BYTE 1791563685.887970  46  dt=0.023 ms
BYTE 1791563685.974616  8B  dt=86.647 ms
BYTE 1791563685.974763  F1  dt=0.147 ms
BYTE 1791563685.974792  B1  dt=0.029 ms
BYTE 1791563685.974821  61  dt=0.029 ms
BYTE 1791563685.974844  01  dt=0.023 ms
BYTE 1791563685.974867  92  dt=0.023 ms
BYTE 1791563685.974901  C2  dt=0.034 ms
BYTE 1791563685.974967  A6  dt=0.066 ms
BYTE 1791563685.975001  93  dt=0.035 ms
BYTE 1791563685.975050  94  dt=0.049 ms
BYTE 1791563685.975095  B0  dt=0.045 ms
BYTE 1791563685.975125  00  dt=0.030 ms
BYTE 1791563685.975150  00  dt=0.025 ms
BYTE 1791563685.975175  00  dt=0.026 ms
BYTE 1791563685.975198  60  dt=0.023 ms
BYTE 1791563686.232053  82  dt=256.860 ms
BYTE 1791563686.232154  B1  dt=0.102 ms
BYTE 1791563686.232182  F1  dt=0.028 ms
BYTE 1791563686.232207  21  dt=0.024 ms
BYTE 1791563686.232230  01  dt=0.023 ms
BYTE 1791563686.232253  46  dt=0.023 ms
BYTE 1791563686.330339  8B  dt=98.088 ms
BYTE 1791563686.330447  F1  dt=0.109 ms
BYTE 1791563686.330535  B1  dt=0.087 ms
BYTE 1791563686.330563  61  dt=0.028 ms
BYTE 1791563686.330578  01  dt=0.016 ms
BYTE 1791563686.330591  92  dt=0.013 ms
BYTE 1791563686.330604  C2  dt=0.013 ms
BYTE 1791563686.330616  A6  dt=0.012 ms
BYTE 1791563686.330627  93  dt=0.012 ms
BYTE 1791563686.330639  94  dt=0.011 ms
BYTE 1791563686.330651  B0  dt=0.013 ms
BYTE 1791563686.330662  00  dt=0.011 ms
BYTE 1791563686.330673  00  dt=0.011 ms
BYTE 1791563686.330684  00  dt=0.011 ms
BYTE 1791563686.330694  60  dt=0.010 ms
BYTE 1791563686.588770  82  dt=258.082 ms
BYTE 1791563686.588874  B1  dt=0.104 ms
BYTE 1791563686.588896  F1  dt=0.022 ms
BYTE 1791563686.588914  21  dt=0.018 ms
BYTE 1791563686.588928  01  dt=0.014 ms
BYTE 1791563686.588940  46  dt=0.012 ms
BYTE 1791563686.686997  8B  dt=98.058 ms
BYTE 1791563686.687909  F1  dt=0.913 ms
BYTE 1791563686.687940  B1  dt=0.031 ms
BYTE 1791563686.687957  61  dt=0.018 ms
BYTE 1791563686.687972  01  dt=0.014 ms
BYTE 1791563686.687985  92  dt=0.013 ms
BYTE 1791563686.687998  C2  dt=0.013 ms
BYTE 1791563686.688010  A6  dt=0.012 ms
BYTE 1791563686.688022  93  dt=0.012 ms
BYTE 1791563686.688035  94  dt=0.012 ms
BYTE 1791563686.688047  B0  dt=0.012 ms
BYTE 1791563686.688061  00  dt=0.014 ms
BYTE 1791563686.688073  00  dt=0.011 ms
BYTE 1791563686.688084  00  dt=0.011 ms
BYTE 1791563686.688095  60  dt=0.011 ms
BYTE 1791563686.944254  82  dt=256.164 ms
BYTE 1791563686.944374  B1  dt=0.121 ms
BYTE 1791563686.944405  F1  dt=0.031 ms
BYTE 1791563686.944434  21  dt=0.028 ms
BYTE 1791563686.944461  01  dt=0.027 ms
BYTE 1791563686.944488  46  dt=0.027 ms
BYTE 1791563687.043972  8B  dt=99.487 ms
BYTE 1791563687.044080  F1  dt=0.108 ms
BYTE 1791563687.044111  B1  dt=0.030 ms
BYTE 1791563687.044138  61  dt=0.027 ms
BYTE 1791563687.044165  01  dt=0.027 ms
BYTE 1791563687.044191  92  dt=0.026 ms
BYTE 1791563687.044216  C2  dt=0.025 ms
BYTE 1791563687.044241  A6  dt=0.025 ms
BYTE 1791563687.044265  93  dt=0.025 ms
BYTE 1791563687.044290  94  dt=0.025 ms
BYTE 1791563687.044315  B0  dt=0.025 ms
BYTE 1791563687.044339  00  dt=0.024 ms
BYTE 1791563687.044363  00  dt=0.024 ms
BYTE 1791563687.044387  00  dt=0.024 ms
BYTE 1791563687.044411  60  dt=0.024 ms
BYTE 1791563687.301305  82  dt=256.900 ms
BYTE 1791563687.301373  B1  dt=0.069 ms
BYTE 1791563687.301388  F1  dt=0.015 ms
BYTE 1791563687.301403  21  dt=0.014 ms
BYTE 1791563687.301413  01  dt=0.010 ms
BYTE 1791563687.301423  46  dt=0.010 ms
BYTE 1791563687.401275  8B  dt=99.854 ms
BYTE 1791563687.401338  F1  dt=0.063 ms
BYTE 1791563687.401354  B1  dt=0.016 ms
BYTE 1791563687.401365  61  dt=0.011 ms
BYTE 1791563687.401375  01  dt=0.010 ms
BYTE 1791563687.401385  92  dt=0.009 ms
BYTE 1791563687.401394  C2  dt=0.009 ms
BYTE 1791563687.401403  A6  dt=0.009 ms
BYTE 1791563687.401411  93  dt=0.008 ms
BYTE 1791563687.401420  94  dt=0.009 ms
BYTE 1791563687.401428  B0  dt=0.009 ms
BYTE 1791563687.401437  00  dt=0.009 ms
BYTE 1791563687.401445  00  dt=0.008 ms
BYTE 1791563687.401453  00  dt=0.008 ms
BYTE 1791563687.401461  60  dt=0.008 ms
BYTE 1791563687.659624  82  dt=258.168 ms
BYTE 1791563687.659694  B1  dt=0.070 ms
BYTE 1791563687.659709  F1  dt=0.016 ms
BYTE 1791563687.659720  21  dt=0.011 ms
BYTE 1791563687.659730  01  dt=0.010 ms
BYTE 1791563687.659740  46  dt=0.009 ms
BYTE 1791563687.758385  8B  dt=98.647 ms
BYTE 1791563687.758460  F1  dt=0.075 ms
BYTE 1791563687.758478  B1  dt=0.018 ms
BYTE 1791563687.758492  61  dt=0.014 ms
BYTE 1791563687.758528  01  dt=0.036 ms
BYTE 1791563687.758544  92  dt=0.016 ms
BYTE 1791563687.758555  C2  dt=0.011 ms
BYTE 1791563687.758566  A6  dt=0.011 ms
BYTE 1791563687.758577  93  dt=0.011 ms
BYTE 1791563687.758587  94  dt=0.010 ms
BYTE 1791563687.758598  B0  dt=0.011 ms
BYTE 1791563687.758609  00  dt=0.011 ms
BYTE 1791563687.758677  00  dt=0.068 ms
BYTE 1791563687.758695  00  dt=0.018 ms
BYTE 1791563687.758783  60  dt=0.088 ms
