2026-10-09 19:07:08,714 LOG_FILE /Users/alex/IdeaProjects/ELM327wifi/captures/elm-20261009-190708-714303.log
2026-10-09 19:07:08,767 INIT begin target=B1 tester=F1 attempts=10
2026-10-09 19:07:08,767 INIT attempt 1/10
2026-10-09 19:07:09,119 INIT host low=25.414 ms high=25.012 ms (not wire measurements)
2026-10-09 19:07:09,120 TX 81 B1 F1 81 A4
2026-10-09 19:07:10,120 RX_TIMEOUT service=81 partial=
2026-10-09 19:07:10,121 INIT attempt: no valid C1 with two key bytes
2026-10-09 19:07:10,121 INIT attempt 2/10
2026-10-09 19:07:10,472 INIT host low=25.423 ms high=25.006 ms (not wire measurements)
2026-10-09 19:07:10,473 TX 81 B1 F1 81 A4
2026-10-09 19:07:11,485 RX_TIMEOUT service=81 partial=
2026-10-09 19:07:11,485 INIT attempt: no valid C1 with two key bytes
2026-10-09 19:07:11,485 INIT attempt 3/10
2026-10-09 19:07:11,836 INIT host low=25.354 ms high=25.005 ms (not wire measurements)
2026-10-09 19:07:11,837 TX 81 B1 F1 81 A4
2026-10-09 19:07:12,843 RX_TIMEOUT service=81 partial=
2026-10-09 19:07:12,843 INIT attempt: no valid C1 with two key bytes
2026-10-09 19:07:12,843 INIT attempt 4/10
2026-10-09 19:07:13,195 INIT host low=25.414 ms high=25.007 ms (not wire measurements)
2026-10-09 19:07:13,195 TX 81 B1 F1 81 A4
2026-10-09 19:07:14,203 RX_TIMEOUT service=81 partial=
2026-10-09 19:07:14,204 INIT attempt: no valid C1 with two key bytes
2026-10-09 19:07:14,204 INIT attempt 5/10
2026-10-09 19:07:14,555 INIT host low=25.343 ms high=25.005 ms (not wire measurements)
2026-10-09 19:07:14,555 TX 81 B1 F1 81 A4
2026-10-09 19:07:15,564 RX_TIMEOUT service=81 partial=
2026-10-09 19:07:15,565 INIT attempt: no valid C1 with two key bytes
2026-10-09 19:07:15,565 INIT attempt 6/10
2026-10-09 19:07:15,916 INIT host low=25.374 ms high=25.018 ms (not wire measurements)
2026-10-09 19:07:15,916 TX 81 B1 F1 81 A4
2026-10-09 19:07:16,923 RX_TIMEOUT service=81 partial=
2026-10-09 19:07:16,923 INIT attempt: no valid C1 with two key bytes
2026-10-09 19:07:16,923 INIT attempt 7/10
2026-10-09 19:07:17,274 INIT host low=25.389 ms high=25.020 ms (not wire measurements)
2026-10-09 19:07:17,275 TX 81 B1 F1 81 A4
2026-10-09 19:07:18,276 RX_TIMEOUT service=81 partial=
2026-10-09 19:07:18,279 INIT attempt: no valid C1 with two key bytes
2026-10-09 19:07:18,280 INIT attempt 8/10
2026-10-09 19:07:18,631 INIT host low=25.291 ms high=25.003 ms (not wire measurements)
2026-10-09 19:07:18,631 TX 81 B1 F1 81 A4
2026-10-09 19:07:19,640 RX_TIMEOUT service=81 partial=
2026-10-09 19:07:19,640 INIT attempt: no valid C1 with two key bytes
2026-10-09 19:07:19,640 INIT attempt 9/10
2026-10-09 19:07:19,992 INIT host low=25.395 ms high=25.004 ms (not wire measurements)
2026-10-09 19:07:19,992 TX 81 B1 F1 81 A4
2026-10-09 19:07:20,994 RX_TIMEOUT service=81 partial=
2026-10-09 19:07:20,995 INIT attempt: no valid C1 with two key bytes
2026-10-09 19:07:20,995 INIT attempt 10/10
2026-10-09 19:07:21,347 INIT host low=25.374 ms high=25.017 ms (not wire measurements)
2026-10-09 19:07:21,347 TX 81 B1 F1 81 A4
2026-10-09 19:07:22,356 RX_TIMEOUT service=81 partial=
2026-10-09 19:07:22,356 INIT attempt: no valid C1 with two key bytes
2026-10-09 19:07:22,356 INIT failed: no valid C1 after 10 attempts
2026-10-09 19:07:22,357 PROBE failed: no positive parameter response
