2026-10-09 21:21:35,558 LOG_FILE /Users/alex/IdeaProjects/ELM327wifi/captures/elm-20261009-212135-558348.log
2026-10-09 21:21:35,570 INIT begin target=B1 tester=F1 attempts=30
2026-10-09 21:21:35,570 INIT attempt 1/30
2026-10-09 21:21:35,925 INIT host low=26.308 ms high=25.027 ms (not wire measurements)
2026-10-09 21:21:35,925 TX 81 B1 F1 81 A4
2026-10-09 21:21:35,936 RX_ECHO ignored
2026-10-09 21:21:36,926 RX_TIMEOUT service=81 partial=
2026-10-09 21:21:36,927 INIT attempt: no valid C1 with two key bytes
2026-10-09 21:21:36,927 INIT attempt 2/30
2026-10-09 21:21:37,282 INIT host low=26.154 ms high=25.021 ms (not wire measurements)
2026-10-09 21:21:37,282 TX 81 B1 F1 81 A4
2026-10-09 21:21:37,293 RX_ECHO ignored
2026-10-09 21:21:38,284 RX_TIMEOUT service=81 partial=
2026-10-09 21:21:38,285 INIT attempt: no valid C1 with two key bytes
2026-10-09 21:21:38,285 INIT attempt 3/30
2026-10-09 21:21:38,640 INIT host low=26.140 ms high=25.005 ms (not wire measurements)
2026-10-09 21:21:38,640 TX 81 B1 F1 81 A4
2026-10-09 21:21:38,651 RX_ECHO ignored
2026-10-09 21:21:39,646 RX_TIMEOUT service=81 partial=
2026-10-09 21:21:39,647 INIT attempt: no valid C1 with two key bytes
2026-10-09 21:21:39,647 INIT attempt 4/30
2026-10-09 21:21:40,002 INIT host low=26.085 ms high=25.005 ms (not wire measurements)
2026-10-09 21:21:40,002 TX 81 B1 F1 81 A4
2026-10-09 21:21:40,013 RX_ECHO ignored
2026-10-09 21:21:41,012 RX_TIMEOUT service=81 partial=
2026-10-09 21:21:41,013 INIT attempt: no valid C1 with two key bytes
2026-10-09 21:21:41,014 INIT attempt 5/30
2026-10-09 21:21:41,369 INIT host low=26.007 ms high=25.004 ms (not wire measurements)
2026-10-09 21:21:41,369 TX 81 B1 F1 81 A4
2026-10-09 21:21:41,380 RX_ECHO ignored
2026-10-09 21:21:42,374 RX_TIMEOUT service=81 partial=
2026-10-09 21:21:42,374 INIT attempt: no valid C1 with two key bytes
2026-10-09 21:21:42,375 INIT attempt 6/30
2026-10-09 21:21:42,730 INIT host low=26.223 ms high=25.004 ms (not wire measurements)
2026-10-09 21:21:42,730 TX 81 B1 F1 81 A4
2026-10-09 21:21:42,741 RX_ECHO ignored
2026-10-09 21:21:43,739 RX_TIMEOUT service=81 partial=
2026-10-09 21:21:43,739 INIT attempt: no valid C1 with two key bytes
2026-10-09 21:21:43,739 INIT attempt 7/30
2026-10-09 21:21:44,095 INIT host low=26.215 ms high=25.485 ms (not wire measurements)
2026-10-09 21:21:44,096 TX 81 B1 F1 81 A4
2026-10-09 21:21:44,107 RX_ECHO ignored
2026-10-09 21:21:45,109 RX_TIMEOUT service=81 partial=
2026-10-09 21:21:45,109 INIT attempt: no valid C1 with two key bytes
2026-10-09 21:21:45,109 INIT attempt 8/30
2026-10-09 21:21:45,465 INIT host low=26.240 ms high=25.016 ms (not wire measurements)
2026-10-09 21:21:45,465 TX 81 B1 F1 81 A4
2026-10-09 21:21:45,476 RX_ECHO ignored
2026-10-09 21:21:46,476 RX_TIMEOUT service=81 partial=
2026-10-09 21:21:46,476 INIT attempt: no valid C1 with two key bytes
2026-10-09 21:21:46,477 INIT attempt 9/30
2026-10-09 21:21:46,832 INIT host low=26.193 ms high=25.013 ms (not wire measurements)
2026-10-09 21:21:46,832 TX 81 B1 F1 81 A4
2026-10-09 21:21:46,843 RX_ECHO ignored
2026-10-09 21:21:47,835 RX_TIMEOUT service=81 partial=FF FF
2026-10-09 21:21:47,835 INIT attempt: no valid C1 with two key bytes
2026-10-09 21:21:47,835 INIT attempt 10/30
2026-10-09 21:21:48,190 INIT host low=26.165 ms high=25.004 ms (not wire measurements)
2026-10-09 21:21:48,191 TX 81 B1 F1 81 A4
2026-10-09 21:21:48,201 RX_ECHO ignored
2026-10-09 21:21:49,199 RX_TIMEOUT service=81 partial=
2026-10-09 21:21:49,199 INIT attempt: no valid C1 with two key bytes
2026-10-09 21:21:49,200 INIT attempt 11/30
2026-10-09 21:21:49,555 INIT host low=26.219 ms high=25.006 ms (not wire measurements)
2026-10-09 21:21:49,556 TX 81 B1 F1 81 A4
2026-10-09 21:21:49,566 RX_ECHO ignored
2026-10-09 21:21:50,568 RX_TIMEOUT service=81 partial=
2026-10-09 21:21:50,568 INIT attempt: no valid C1 with two key bytes
2026-10-09 21:21:50,568 INIT attempt 12/30
2026-10-09 21:21:50,923 INIT host low=26.131 ms high=25.007 ms (not wire measurements)
2026-10-09 21:21:50,923 TX 81 B1 F1 81 A4
2026-10-09 21:21:50,934 RX_ECHO ignored
2026-10-09 21:21:51,933 RX_TIMEOUT service=81 partial=
2026-10-09 21:21:51,934 INIT attempt: no valid C1 with two key bytes
2026-10-09 21:21:51,934 INIT attempt 13/30
2026-10-09 21:21:52,288 INIT host low=26.145 ms high=25.007 ms (not wire measurements)
2026-10-09 21:21:52,289 TX 81 B1 F1 81 A4
2026-10-09 21:21:52,299 RX_ECHO ignored
2026-10-09 21:21:53,299 RX_TIMEOUT service=81 partial=
2026-10-09 21:21:53,299 INIT attempt: no valid C1 with two key bytes
2026-10-09 21:21:53,299 INIT attempt 14/30
2026-10-09 21:21:53,654 INIT host low=25.975 ms high=25.006 ms (not wire measurements)
2026-10-09 21:21:53,654 TX 81 B1 F1 81 A4
2026-10-09 21:21:53,664 RX_ECHO ignored
2026-10-09 21:21:54,660 RX_TIMEOUT service=81 partial=
2026-10-09 21:21:54,660 INIT attempt: no valid C1 with two key bytes
2026-10-09 21:21:54,660 INIT attempt 15/30
2026-10-09 21:21:55,015 INIT host low=25.994 ms high=25.005 ms (not wire measurements)
2026-10-09 21:21:55,015 TX 81 B1 F1 81 A4
2026-10-09 21:21:55,026 RX_ECHO ignored
2026-10-09 21:21:56,024 RX_TIMEOUT service=81 partial=
2026-10-09 21:21:56,024 INIT attempt: no valid C1 with two key bytes
2026-10-09 21:21:56,024 INIT attempt 16/30
2026-10-09 21:21:56,379 INIT host low=26.230 ms high=25.005 ms (not wire measurements)
2026-10-09 21:21:56,380 TX 81 B1 F1 81 A4
2026-10-09 21:21:56,390 RX_ECHO ignored
2026-10-09 21:21:57,380 RX_TIMEOUT service=81 partial=
2026-10-09 21:21:57,381 INIT attempt: no valid C1 with two key bytes
2026-10-09 21:21:57,381 INIT attempt 17/30
2026-10-09 21:21:57,736 INIT host low=26.224 ms high=25.005 ms (not wire measurements)
2026-10-09 21:21:57,736 TX 81 B1 F1 81 A4
2026-10-09 21:21:57,747 RX_ECHO ignored
2026-10-09 21:21:58,739 RX_TIMEOUT service=81 partial=
2026-10-09 21:21:58,739 INIT attempt: no valid C1 with two key bytes
2026-10-09 21:21:58,739 INIT attempt 18/30
2026-10-09 21:21:59,095 INIT host low=26.071 ms high=25.005 ms (not wire measurements)
2026-10-09 21:21:59,095 TX 81 B1 F1 81 A4
2026-10-09 21:21:59,105 RX_ECHO ignored
2026-10-09 21:22:00,098 RX_TIMEOUT service=81 partial=
2026-10-09 21:22:00,098 INIT attempt: no valid C1 with two key bytes
2026-10-09 21:22:00,099 INIT attempt 19/30
2026-10-09 21:22:00,453 INIT host low=26.106 ms high=25.005 ms (not wire measurements)
2026-10-09 21:22:00,454 TX 81 B1 F1 81 A4
2026-10-09 21:22:00,464 RX_ECHO ignored
2026-10-09 21:22:01,461 RX_TIMEOUT service=81 partial=
2026-10-09 21:22:01,462 INIT attempt: no valid C1 with two key bytes
2026-10-09 21:22:01,463 INIT attempt 20/30
2026-10-09 21:22:01,818 INIT host low=26.151 ms high=25.021 ms (not wire measurements)
2026-10-09 21:22:01,819 TX 81 B1 F1 81 A4
2026-10-09 21:22:01,829 RX_ECHO ignored
2026-10-09 21:22:02,819 RX_TIMEOUT service=81 partial=
2026-10-09 21:22:02,819 INIT attempt: no valid C1 with two key bytes
2026-10-09 21:22:02,820 INIT attempt 21/30
2026-10-09 21:22:03,175 INIT host low=26.110 ms high=25.003 ms (not wire measurements)
2026-10-09 21:22:03,175 TX 81 B1 F1 81 A4
2026-10-09 21:22:03,185 RX_ECHO ignored
2026-10-09 21:22:04,181 RX_TIMEOUT service=81 partial=
2026-10-09 21:22:04,182 INIT attempt: no valid C1 with two key bytes
2026-10-09 21:22:04,182 INIT attempt 22/30
2026-10-09 21:22:04,537 INIT host low=26.089 ms high=25.005 ms (not wire measurements)
2026-10-09 21:22:04,538 TX 81 B1 F1 81 A4
2026-10-09 21:22:04,548 RX_ECHO ignored
2026-10-09 21:22:05,544 RX_TIMEOUT service=81 partial=
2026-10-09 21:22:05,544 INIT attempt: no valid C1 with two key bytes
2026-10-09 21:22:05,544 INIT attempt 23/30
2026-10-09 21:22:05,899 INIT host low=26.269 ms high=25.008 ms (not wire measurements)
2026-10-09 21:22:05,900 TX 81 B1 F1 81 A4
2026-10-09 21:22:05,910 RX_ECHO ignored
2026-10-09 21:22:06,905 RX_TIMEOUT service=81 partial=
2026-10-09 21:22:06,905 INIT attempt: no valid C1 with two key bytes
2026-10-09 21:22:06,905 INIT attempt 24/30
2026-10-09 21:22:07,260 INIT host low=26.171 ms high=25.004 ms (not wire measurements)
2026-10-09 21:22:07,261 TX 81 B1 F1 81 A4
2026-10-09 21:22:07,271 RX_ECHO ignored
2026-10-09 21:22:08,267 RX_TIMEOUT service=81 partial=
2026-10-09 21:22:08,267 INIT attempt: no valid C1 with two key bytes
2026-10-09 21:22:08,267 INIT attempt 25/30
2026-10-09 21:22:08,622 INIT host low=26.080 ms high=25.003 ms (not wire measurements)
2026-10-09 21:22:08,622 TX 81 B1 F1 81 A4
2026-10-09 21:22:08,633 RX_ECHO ignored
2026-10-09 21:22:09,633 RX_TIMEOUT service=81 partial=
2026-10-09 21:22:09,633 INIT attempt: no valid C1 with two key bytes
2026-10-09 21:22:09,633 INIT attempt 26/30
2026-10-09 21:22:09,988 INIT host low=26.156 ms high=25.005 ms (not wire measurements)
2026-10-09 21:22:09,988 TX 81 B1 F1 81 A4
2026-10-09 21:22:09,999 RX_ECHO ignored
2026-10-09 21:22:10,996 RX_TIMEOUT service=81 partial=
2026-10-09 21:22:10,996 INIT attempt: no valid C1 with two key bytes
2026-10-09 21:22:10,996 INIT attempt 27/30
2026-10-09 21:22:11,351 INIT host low=26.109 ms high=25.006 ms (not wire measurements)
2026-10-09 21:22:11,351 TX 81 B1 F1 81 A4
2026-10-09 21:22:11,362 RX_ECHO ignored
2026-10-09 21:22:12,359 RX_TIMEOUT service=81 partial=
2026-10-09 21:22:12,360 INIT attempt: no valid C1 with two key bytes
2026-10-09 21:22:12,360 INIT attempt 28/30
2026-10-09 21:22:12,715 INIT host low=26.320 ms high=25.022 ms (not wire measurements)
2026-10-09 21:22:12,715 TX 81 B1 F1 81 A4
2026-10-09 21:22:12,725 RX_ECHO ignored
2026-10-09 21:22:13,726 RX_TIMEOUT service=81 partial=
2026-10-09 21:22:13,726 INIT attempt: no valid C1 with two key bytes
2026-10-09 21:22:13,726 INIT attempt 29/30
2026-10-09 21:22:14,081 INIT host low=25.995 ms high=25.016 ms (not wire measurements)
2026-10-09 21:22:14,081 TX 81 B1 F1 81 A4
2026-10-09 21:22:14,092 RX_ECHO ignored
2026-10-09 21:22:15,084 RX_TIMEOUT service=81 partial=
2026-10-09 21:22:15,084 INIT attempt: no valid C1 with two key bytes
2026-10-09 21:22:15,084 INIT attempt 30/30
2026-10-09 21:22:15,439 INIT host low=26.161 ms high=25.002 ms (not wire measurements)
2026-10-09 21:22:15,439 TX 81 B1 F1 81 A4
2026-10-09 21:22:15,450 RX_ECHO ignored
2026-10-09 21:22:16,442 RX_TIMEOUT service=81 partial=
2026-10-09 21:22:16,442 INIT attempt: no valid C1 with two key bytes
2026-10-09 21:22:16,442 INIT failed: no valid C1 after 30 attempts
2026-10-09 21:22:16,444 PROBE failed: no positive parameter response
