2026-10-09 21:08:58,181 LOG_FILE /Users/alex/IdeaProjects/ELM327wifi/captures/elm-20261009-210858-181483.log
2026-10-09 21:08:58,203 INIT begin target=B1 tester=F1 attempts=25
2026-10-09 21:08:58,203 INIT attempt 1/25
2026-10-09 21:08:58,557 INIT host low=26.049 ms high=25.007 ms (not wire measurements)
2026-10-09 21:08:58,557 TX 81 B1 F1 81 A4
2026-10-09 21:08:58,568 RX_ECHO ignored
2026-10-09 21:08:59,563 RX_TIMEOUT service=81 partial=
2026-10-09 21:08:59,564 INIT attempt: no valid C1 with two key bytes
2026-10-09 21:08:59,564 INIT attempt 2/25
2026-10-09 21:08:59,919 INIT host low=26.166 ms high=25.008 ms (not wire measurements)
2026-10-09 21:08:59,920 TX 81 B1 F1 81 A4
2026-10-09 21:08:59,930 RX_ECHO ignored
2026-10-09 21:09:00,926 RX_TIMEOUT service=81 partial=
2026-10-09 21:09:00,927 INIT attempt: no valid C1 with two key bytes
2026-10-09 21:09:00,927 INIT attempt 3/25
2026-10-09 21:09:01,282 INIT host low=26.148 ms high=25.011 ms (not wire measurements)
2026-10-09 21:09:01,282 TX 81 B1 F1 81 A4
2026-10-09 21:09:01,293 RX_ECHO ignored
2026-10-09 21:09:02,291 RX_TIMEOUT service=81 partial=
2026-10-09 21:09:02,291 INIT attempt: no valid C1 with two key bytes
2026-10-09 21:09:02,291 INIT attempt 4/25
2026-10-09 21:09:02,647 INIT host low=26.297 ms high=25.027 ms (not wire measurements)
2026-10-09 21:09:02,647 TX 81 B1 F1 81 A4
2026-10-09 21:09:02,658 RX_ECHO ignored
2026-10-09 21:09:03,660 RX_TIMEOUT service=81 partial=
2026-10-09 21:09:03,660 INIT attempt: no valid C1 with two key bytes
2026-10-09 21:09:03,660 INIT attempt 5/25
2026-10-09 21:09:04,015 INIT host low=26.077 ms high=25.005 ms (not wire measurements)
2026-10-09 21:09:04,016 TX 81 B1 F1 81 A4
2026-10-09 21:09:04,026 RX_ECHO ignored
2026-10-09 21:09:05,023 RX_TIMEOUT service=81 partial=
2026-10-09 21:09:05,023 INIT attempt: no valid C1 with two key bytes
2026-10-09 21:09:05,023 INIT attempt 6/25
2026-10-09 21:09:05,378 INIT host low=26.105 ms high=25.035 ms (not wire measurements)
2026-10-09 21:09:05,379 TX 81 B1 F1 81 A4
2026-10-09 21:09:05,390 RX_ECHO ignored
2026-10-09 21:09:06,384 RX_TIMEOUT service=81 partial=
2026-10-09 21:09:06,385 INIT attempt: no valid C1 with two key bytes
2026-10-09 21:09:06,385 INIT attempt 7/25
2026-10-09 21:09:06,740 INIT host low=26.198 ms high=25.005 ms (not wire measurements)
2026-10-09 21:09:06,740 TX 81 B1 F1 81 A4
2026-10-09 21:09:06,751 RX_ECHO ignored
2026-10-09 21:09:07,749 RX_TIMEOUT service=81 partial=
2026-10-09 21:09:07,749 INIT attempt: no valid C1 with two key bytes
2026-10-09 21:09:07,749 INIT attempt 8/25
2026-10-09 21:09:08,103 INIT host low=26.011 ms high=25.005 ms (not wire measurements)
2026-10-09 21:09:08,103 TX 81 B1 F1 81 A4
2026-10-09 21:09:08,114 RX_ECHO ignored
2026-10-09 21:09:09,103 RX_TIMEOUT service=81 partial=
2026-10-09 21:09:09,104 INIT attempt: no valid C1 with two key bytes
2026-10-09 21:09:09,104 INIT attempt 9/25
2026-10-09 21:09:09,459 INIT host low=26.287 ms high=25.006 ms (not wire measurements)
2026-10-09 21:09:09,460 TX 81 B1 F1 81 A4
2026-10-09 21:09:09,470 RX_ECHO ignored
2026-10-09 21:09:10,471 RX_TIMEOUT service=81 partial=
2026-10-09 21:09:10,472 INIT attempt: no valid C1 with two key bytes
2026-10-09 21:09:10,472 INIT attempt 10/25
2026-10-09 21:09:10,827 INIT host low=26.356 ms high=25.003 ms (not wire measurements)
2026-10-09 21:09:10,827 TX 81 B1 F1 81 A4
2026-10-09 21:09:10,838 RX_ECHO ignored
2026-10-09 21:09:11,835 RX_TIMEOUT service=81 partial=
2026-10-09 21:09:11,835 INIT attempt: no valid C1 with two key bytes
2026-10-09 21:09:11,835 INIT attempt 11/25
2026-10-09 21:09:12,191 INIT host low=26.122 ms high=25.005 ms (not wire measurements)
2026-10-09 21:09:12,191 TX 81 B1 F1 81 A4
2026-10-09 21:09:12,202 RX_ECHO ignored
2026-10-09 21:09:13,195 RX_TIMEOUT service=81 partial=
2026-10-09 21:09:13,195 INIT attempt: no valid C1 with two key bytes
2026-10-09 21:09:13,195 INIT attempt 12/25
2026-10-09 21:09:13,550 INIT host low=26.175 ms high=25.013 ms (not wire measurements)
2026-10-09 21:09:13,551 TX 81 B1 F1 81 A4
2026-10-09 21:09:13,561 RX_ECHO ignored
2026-10-09 21:09:14,554 RX_TIMEOUT service=81 partial=
2026-10-09 21:09:14,555 INIT attempt: no valid C1 with two key bytes
2026-10-09 21:09:14,555 INIT attempt 13/25
2026-10-09 21:09:14,910 INIT host low=26.294 ms high=25.004 ms (not wire measurements)
2026-10-09 21:09:14,911 TX 81 B1 F1 81 A4
2026-10-09 21:09:14,921 RX_ECHO ignored
2026-10-09 21:09:15,922 RX_TIMEOUT service=81 partial=
2026-10-09 21:09:15,923 INIT attempt: no valid C1 with two key bytes
2026-10-09 21:09:15,923 INIT attempt 14/25
2026-10-09 21:09:16,278 INIT host low=26.258 ms high=25.004 ms (not wire measurements)
2026-10-09 21:09:16,278 TX 81 B1 F1 81 A4
2026-10-09 21:09:16,288 RX_ECHO ignored
2026-10-09 21:09:17,280 RX_TIMEOUT service=81 partial=
2026-10-09 21:09:17,281 INIT attempt: no valid C1 with two key bytes
2026-10-09 21:09:17,281 INIT attempt 15/25
2026-10-09 21:09:17,636 INIT host low=26.097 ms high=25.003 ms (not wire measurements)
2026-10-09 21:09:17,636 TX 81 B1 F1 81 A4
2026-10-09 21:09:17,646 RX_ECHO ignored
2026-10-09 21:09:18,637 RX_TIMEOUT service=81 partial=
2026-10-09 21:09:18,638 INIT attempt: no valid C1 with two key bytes
2026-10-09 21:09:18,638 INIT attempt 16/25
2026-10-09 21:09:18,993 INIT host low=26.327 ms high=25.005 ms (not wire measurements)
2026-10-09 21:09:18,993 TX 81 B1 F1 81 A4
2026-10-09 21:09:19,004 RX_ECHO ignored
2026-10-09 21:09:20,004 RX_TIMEOUT service=81 partial=
2026-10-09 21:09:20,004 INIT attempt: no valid C1 with two key bytes
2026-10-09 21:09:20,004 INIT attempt 17/25
2026-10-09 21:09:20,359 INIT host low=26.081 ms high=25.004 ms (not wire measurements)
2026-10-09 21:09:20,359 TX 81 B1 F1 81 A4
2026-10-09 21:09:20,370 RX_ECHO ignored
2026-10-09 21:09:21,371 RX_TIMEOUT service=81 partial=
2026-10-09 21:09:21,371 INIT attempt: no valid C1 with two key bytes
2026-10-09 21:09:21,371 INIT attempt 18/25
2026-10-09 21:09:21,725 INIT host low=25.886 ms high=25.003 ms (not wire measurements)
2026-10-09 21:09:21,725 TX 81 B1 F1 81 A4
2026-10-09 21:09:21,736 RX_ECHO ignored
2026-10-09 21:09:22,734 RX_TIMEOUT service=81 partial=
2026-10-09 21:09:22,735 INIT attempt: no valid C1 with two key bytes
2026-10-09 21:09:22,735 INIT attempt 19/25
2026-10-09 21:09:23,090 INIT host low=26.128 ms high=25.003 ms (not wire measurements)
2026-10-09 21:09:23,090 TX 81 B1 F1 81 A4
2026-10-09 21:09:23,101 RX_ECHO ignored
2026-10-09 21:09:24,097 RX_TIMEOUT service=81 partial=
2026-10-09 21:09:24,100 INIT attempt: no valid C1 with two key bytes
2026-10-09 21:09:24,100 INIT attempt 20/25
2026-10-09 21:09:24,455 INIT host low=26.222 ms high=25.007 ms (not wire measurements)
2026-10-09 21:09:24,455 TX 81 B1 F1 81 A4
2026-10-09 21:09:24,466 RX_ECHO ignored
2026-10-09 21:09:25,458 RX_TIMEOUT service=81 partial=
2026-10-09 21:09:25,458 INIT attempt: no valid C1 with two key bytes
2026-10-09 21:09:25,458 INIT attempt 21/25
2026-10-09 21:09:25,813 INIT host low=26.195 ms high=25.006 ms (not wire measurements)
2026-10-09 21:09:25,813 TX 81 B1 F1 81 A4
2026-10-09 21:09:25,824 RX_ECHO ignored
2026-10-09 21:09:26,814 RX_TIMEOUT service=81 partial=
2026-10-09 21:09:26,815 INIT attempt: no valid C1 with two key bytes
2026-10-09 21:09:26,815 INIT attempt 22/25
2026-10-09 21:09:27,170 INIT host low=25.978 ms high=25.004 ms (not wire measurements)
2026-10-09 21:09:27,170 TX 81 B1 F1 81 A4
2026-10-09 21:09:27,180 RX_ECHO ignored
2026-10-09 21:09:28,177 RX_TIMEOUT service=81 partial=
2026-10-09 21:09:28,177 INIT attempt: no valid C1 with two key bytes
2026-10-09 21:09:28,177 INIT attempt 23/25
2026-10-09 21:09:28,533 INIT host low=25.990 ms high=25.005 ms (not wire measurements)
2026-10-09 21:09:28,533 TX 81 B1 F1 81 A4
2026-10-09 21:09:28,543 RX_ECHO ignored
2026-10-09 21:09:29,537 RX_TIMEOUT service=81 partial=
2026-10-09 21:09:29,537 INIT attempt: no valid C1 with two key bytes
2026-10-09 21:09:29,537 INIT attempt 24/25
2026-10-09 21:09:29,893 INIT host low=26.294 ms high=25.016 ms (not wire measurements)
2026-10-09 21:09:29,893 TX 81 B1 F1 81 A4
2026-10-09 21:09:29,904 RX_ECHO ignored
2026-10-09 21:09:30,902 RX_TIMEOUT service=81 partial=
2026-10-09 21:09:30,902 INIT attempt: no valid C1 with two key bytes
2026-10-09 21:09:30,902 INIT attempt 25/25
2026-10-09 21:09:31,257 INIT host low=26.051 ms high=25.005 ms (not wire measurements)
2026-10-09 21:09:31,257 TX 81 B1 F1 81 A4
2026-10-09 21:09:31,268 RX_ECHO ignored
2026-10-09 21:09:32,264 RX_TIMEOUT service=81 partial=
2026-10-09 21:09:32,264 INIT attempt: no valid C1 with two key bytes
2026-10-09 21:09:32,264 INIT failed: no valid C1 after 25 attempts
2026-10-09 21:09:32,265 PROBE failed: no positive parameter response
