2026-10-09 18:42:00,998 LOG_FILE /Users/alex/IdeaProjects/ELM327wifi/captures/elm-20261009-184200-997859.log
2026-10-09 18:42:01,005 INIT begin target=B1 tester=F1 attempts=30
2026-10-09 18:42:01,005 INIT attempt 1/30
2026-10-09 18:42:01,360 INIT host low=26.066 ms high=25.009 ms (not wire measurements)
2026-10-09 18:42:01,360 TX 81 B1 F1 81 A4
2026-10-09 18:42:01,371 RX_ECHO ignored
2026-10-09 18:42:02,372 RX_TIMEOUT service=81 partial=
2026-10-09 18:42:02,372 INIT attempt: no valid C1 with two key bytes
2026-10-09 18:42:02,372 INIT attempt 2/30
2026-10-09 18:42:02,727 INIT host low=26.101 ms high=25.010 ms (not wire measurements)
2026-10-09 18:42:02,727 TX 81 B1 F1 81 A4
2026-10-09 18:42:02,738 RX_ECHO ignored
2026-10-09 18:42:03,730 RX_TIMEOUT service=81 partial=
2026-10-09 18:42:03,731 INIT attempt: no valid C1 with two key bytes
2026-10-09 18:42:03,731 INIT attempt 3/30
2026-10-09 18:42:04,086 INIT host low=25.934 ms high=25.004 ms (not wire measurements)
2026-10-09 18:42:04,086 TX 81 B1 F1 81 A4
2026-10-09 18:42:04,097 RX_ECHO ignored
2026-10-09 18:42:05,089 RX_TIMEOUT service=81 partial=
2026-10-09 18:42:05,090 INIT attempt: no valid C1 with two key bytes
2026-10-09 18:42:05,090 INIT attempt 4/30
2026-10-09 18:42:05,445 INIT host low=26.108 ms high=25.004 ms (not wire measurements)
2026-10-09 18:42:05,445 TX 81 B1 F1 81 A4
2026-10-09 18:42:05,456 RX_ECHO ignored
2026-10-09 18:42:06,447 RX_TIMEOUT service=81 partial=
2026-10-09 18:42:06,448 INIT attempt: no valid C1 with two key bytes
2026-10-09 18:42:06,448 INIT attempt 5/30
2026-10-09 18:42:06,803 INIT host low=26.183 ms high=25.062 ms (not wire measurements)
2026-10-09 18:42:06,804 TX 81 B1 F1 81 A4
2026-10-09 18:42:06,815 RX_ECHO ignored
2026-10-09 18:42:07,807 RX_TIMEOUT service=81 partial=
2026-10-09 18:42:07,807 INIT attempt: no valid C1 with two key bytes
2026-10-09 18:42:07,808 INIT attempt 6/30
2026-10-09 18:42:08,163 INIT host low=26.082 ms high=25.005 ms (not wire measurements)
2026-10-09 18:42:08,163 TX 81 B1 F1 81 A4
2026-10-09 18:42:08,174 RX_ECHO ignored
2026-10-09 18:42:09,174 RX_TIMEOUT service=81 partial=
2026-10-09 18:42:09,175 INIT attempt: no valid C1 with two key bytes
2026-10-09 18:42:09,175 INIT attempt 7/30
2026-10-09 18:42:09,530 INIT host low=26.013 ms high=25.006 ms (not wire measurements)
2026-10-09 18:42:09,531 TX 81 B1 F1 81 A4
2026-10-09 18:42:09,541 RX_ECHO ignored
2026-10-09 18:42:10,542 RX_TIMEOUT service=81 partial=
2026-10-09 18:42:10,542 INIT attempt: no valid C1 with two key bytes
2026-10-09 18:42:10,542 INIT attempt 8/30
2026-10-09 18:42:10,898 INIT host low=26.128 ms high=25.005 ms (not wire measurements)
2026-10-09 18:42:10,898 TX 81 B1 F1 81 A4
2026-10-09 18:42:10,909 RX_ECHO ignored
2026-10-09 18:42:11,903 RX_TIMEOUT service=81 partial=
2026-10-09 18:42:11,903 INIT attempt: no valid C1 with two key bytes
2026-10-09 18:42:11,903 INIT attempt 9/30
2026-10-09 18:42:12,259 INIT host low=26.276 ms high=25.015 ms (not wire measurements)
2026-10-09 18:42:12,259 TX 81 B1 F1 81 A4
2026-10-09 18:42:12,270 RX_ECHO ignored
2026-10-09 18:42:13,269 RX_TIMEOUT service=81 partial=
2026-10-09 18:42:13,269 INIT attempt: no valid C1 with two key bytes
2026-10-09 18:42:13,270 INIT attempt 10/30
2026-10-09 18:42:13,625 INIT host low=26.248 ms high=25.005 ms (not wire measurements)
2026-10-09 18:42:13,625 TX 81 B1 F1 81 A4
2026-10-09 18:42:13,636 RX_ECHO ignored
2026-10-09 18:42:14,626 RX_TIMEOUT service=81 partial=
2026-10-09 18:42:14,627 INIT attempt: no valid C1 with two key bytes
2026-10-09 18:42:14,627 INIT attempt 11/30
2026-10-09 18:42:14,983 INIT host low=26.115 ms high=25.005 ms (not wire measurements)
2026-10-09 18:42:14,983 TX 81 B1 F1 81 A4
2026-10-09 18:42:14,993 RX_ECHO ignored
2026-10-09 18:42:15,994 RX_TIMEOUT service=81 partial=
2026-10-09 18:42:15,994 INIT attempt: no valid C1 with two key bytes
2026-10-09 18:42:15,995 INIT attempt 12/30
2026-10-09 18:42:16,350 INIT host low=26.136 ms high=25.005 ms (not wire measurements)
2026-10-09 18:42:16,350 TX 81 B1 F1 81 A4
2026-10-09 18:42:16,360 RX_ECHO ignored
2026-10-09 18:42:17,353 RX_TIMEOUT service=81 partial=
2026-10-09 18:42:17,353 INIT attempt: no valid C1 with two key bytes
2026-10-09 18:42:17,353 INIT attempt 13/30
2026-10-09 18:42:17,708 INIT host low=26.203 ms high=25.010 ms (not wire measurements)
2026-10-09 18:42:17,709 TX 81 B1 F1 81 A4
2026-10-09 18:42:17,719 RX_ECHO ignored
2026-10-09 18:42:18,718 RX_TIMEOUT service=81 partial=
2026-10-09 18:42:18,718 INIT attempt: no valid C1 with two key bytes
2026-10-09 18:42:18,718 INIT attempt 14/30
2026-10-09 18:42:19,074 INIT host low=26.378 ms high=25.004 ms (not wire measurements)
2026-10-09 18:42:19,074 TX 81 B1 F1 81 A4
2026-10-09 18:42:19,085 RX_ECHO ignored
2026-10-09 18:42:20,082 RX_TIMEOUT service=81 partial=
2026-10-09 18:42:20,082 INIT attempt: no valid C1 with two key bytes
2026-10-09 18:42:20,082 INIT attempt 15/30
2026-10-09 18:42:20,438 INIT host low=26.132 ms high=25.009 ms (not wire measurements)
2026-10-09 18:42:20,438 TX 81 B1 F1 81 A4
2026-10-09 18:42:20,449 RX_ECHO ignored
2026-10-09 18:42:21,446 RX_TIMEOUT service=81 partial=
2026-10-09 18:42:21,446 INIT attempt: no valid C1 with two key bytes
2026-10-09 18:42:21,446 INIT attempt 16/30
2026-10-09 18:42:21,801 INIT host low=26.191 ms high=25.005 ms (not wire measurements)
2026-10-09 18:42:21,802 TX 81 B1 F1 81 A4
2026-10-09 18:42:21,812 RX_ECHO ignored
2026-10-09 18:42:22,805 RX_TIMEOUT service=81 partial=
2026-10-09 18:42:22,805 INIT attempt: no valid C1 with two key bytes
2026-10-09 18:42:22,805 INIT attempt 17/30
2026-10-09 18:42:23,161 INIT host low=26.239 ms high=25.005 ms (not wire measurements)
2026-10-09 18:42:23,162 TX 81 B1 F1 81 A4
2026-10-09 18:42:23,172 RX_ECHO ignored
2026-10-09 18:42:24,164 RX_TIMEOUT service=81 partial=
2026-10-09 18:42:24,165 INIT attempt: no valid C1 with two key bytes
2026-10-09 18:42:24,165 INIT attempt 18/30
2026-10-09 18:42:24,520 INIT host low=26.208 ms high=25.004 ms (not wire measurements)
2026-10-09 18:42:24,520 TX 81 B1 F1 81 A4
2026-10-09 18:42:24,531 RX_ECHO ignored
2026-10-09 18:42:25,523 RX_TIMEOUT service=81 partial=
2026-10-09 18:42:25,523 INIT attempt: no valid C1 with two key bytes
2026-10-09 18:42:25,523 INIT attempt 19/30
2026-10-09 18:42:25,879 INIT host low=26.176 ms high=25.017 ms (not wire measurements)
2026-10-09 18:42:25,879 TX 81 B1 F1 81 A4
2026-10-09 18:42:25,889 RX_ECHO ignored
2026-10-09 18:42:26,881 RX_TIMEOUT service=81 partial=
2026-10-09 18:42:26,881 INIT attempt: no valid C1 with two key bytes
2026-10-09 18:42:26,881 INIT attempt 20/30
2026-10-09 18:42:27,236 INIT host low=26.197 ms high=25.005 ms (not wire measurements)
2026-10-09 18:42:27,237 TX 81 B1 F1 81 A4
2026-10-09 18:42:27,247 RX_ECHO ignored
2026-10-09 18:42:28,240 RX_TIMEOUT service=81 partial=
2026-10-09 18:42:28,241 INIT attempt: no valid C1 with two key bytes
2026-10-09 18:42:28,241 INIT attempt 21/30
2026-10-09 18:42:28,596 INIT host low=26.253 ms high=25.004 ms (not wire measurements)
2026-10-09 18:42:28,596 TX 81 B1 F1 81 A4
2026-10-09 18:42:28,607 RX_ECHO ignored
2026-10-09 18:42:29,604 RX_TIMEOUT service=81 partial=
2026-10-09 18:42:29,604 INIT attempt: no valid C1 with two key bytes
2026-10-09 18:42:29,604 INIT attempt 22/30
2026-10-09 18:42:29,960 INIT host low=26.321 ms high=25.004 ms (not wire measurements)
2026-10-09 18:42:29,960 TX 81 B1 F1 81 A4
2026-10-09 18:42:29,971 RX_ECHO ignored
2026-10-09 18:42:30,972 RX_TIMEOUT service=81 partial=
2026-10-09 18:42:30,972 INIT attempt: no valid C1 with two key bytes
2026-10-09 18:42:30,972 INIT attempt 23/30
2026-10-09 18:42:31,327 INIT host low=26.161 ms high=25.006 ms (not wire measurements)
2026-10-09 18:42:31,328 TX 81 B1 F1 81 A4
2026-10-09 18:42:31,339 RX_ECHO ignored
2026-10-09 18:42:32,340 RX_TIMEOUT service=81 partial=
2026-10-09 18:42:32,340 INIT attempt: no valid C1 with two key bytes
2026-10-09 18:42:32,340 INIT attempt 24/30
2026-10-09 18:42:32,695 INIT host low=25.975 ms high=25.004 ms (not wire measurements)
2026-10-09 18:42:32,695 TX 81 B1 F1 81 A4
2026-10-09 18:42:32,705 RX_ECHO ignored
2026-10-09 18:42:33,695 RX_TIMEOUT service=81 partial=
2026-10-09 18:42:33,696 INIT attempt: no valid C1 with two key bytes
2026-10-09 18:42:33,696 INIT attempt 25/30
2026-10-09 18:42:34,051 INIT host low=26.034 ms high=25.006 ms (not wire measurements)
2026-10-09 18:42:34,052 TX 81 B1 F1 81 A4
2026-10-09 18:42:34,062 RX_ECHO ignored
2026-10-09 18:42:35,056 RX_TIMEOUT service=81 partial=
2026-10-09 18:42:35,056 INIT attempt: no valid C1 with two key bytes
2026-10-09 18:42:35,056 INIT attempt 26/30
2026-10-09 18:42:35,411 INIT host low=26.067 ms high=25.004 ms (not wire measurements)
2026-10-09 18:42:35,412 TX 81 B1 F1 81 A4
2026-10-09 18:42:35,422 RX_ECHO ignored
2026-10-09 18:42:36,414 RX_TIMEOUT service=81 partial=
2026-10-09 18:42:36,415 INIT attempt: no valid C1 with two key bytes
2026-10-09 18:42:36,415 INIT attempt 27/30
2026-10-09 18:42:36,770 INIT host low=26.174 ms high=25.005 ms (not wire measurements)
2026-10-09 18:42:36,771 TX 81 B1 F1 81 A4
2026-10-09 18:42:36,781 RX_ECHO ignored
2026-10-09 18:42:37,782 RX_TIMEOUT service=81 partial=
2026-10-09 18:42:37,782 INIT attempt: no valid C1 with two key bytes
2026-10-09 18:42:37,782 INIT attempt 28/30
2026-10-09 18:42:38,137 INIT host low=26.128 ms high=25.006 ms (not wire measurements)
2026-10-09 18:42:38,138 TX 81 B1 F1 81 A4
2026-10-09 18:42:38,148 RX_ECHO ignored
2026-10-09 18:42:39,145 RX_TIMEOUT service=81 partial=
2026-10-09 18:42:39,145 INIT attempt: no valid C1 with two key bytes
2026-10-09 18:42:39,145 INIT attempt 29/30
2026-10-09 18:42:39,500 INIT host low=26.180 ms high=25.006 ms (not wire measurements)
2026-10-09 18:42:39,501 TX 81 B1 F1 81 A4
2026-10-09 18:42:39,511 RX_ECHO ignored
2026-10-09 18:42:40,511 RX_TIMEOUT service=81 partial=
2026-10-09 18:42:40,511 INIT attempt: no valid C1 with two key bytes
2026-10-09 18:42:40,512 INIT attempt 30/30
2026-10-09 18:42:40,867 INIT host low=26.255 ms high=25.005 ms (not wire measurements)
2026-10-09 18:42:40,867 TX 81 B1 F1 81 A4
2026-10-09 18:42:40,878 RX_ECHO ignored
2026-10-09 18:42:41,874 RX_TIMEOUT service=81 partial=
2026-10-09 18:42:41,875 INIT attempt: no valid C1 with two key bytes
2026-10-09 18:42:41,875 INIT failed: no valid C1 after 30 attempts
2026-10-09 18:42:41,875 PROBE failed: no positive parameter response
