2026-10-09 21:10:40,998 LOG_FILE /Users/alex/IdeaProjects/ELM327wifi/captures/elm-20261009-211040-998126.log
2026-10-09 21:10:41,049 INIT begin target=B1 tester=F1 attempts=25
2026-10-09 21:10:41,050 INIT attempt 1/25
2026-10-09 21:10:41,401 INIT host low=25.435 ms high=25.011 ms (not wire measurements)
2026-10-09 21:10:41,402 TX 81 B1 F1 81 A4
2026-10-09 21:10:41,413 RX_ECHO ignored
2026-10-09 21:10:42,409 RX_TIMEOUT service=81 partial=
2026-10-09 21:10:42,409 INIT attempt: no valid C1 with two key bytes
2026-10-09 21:10:42,409 INIT attempt 2/25
2026-10-09 21:10:42,760 INIT host low=25.321 ms high=25.018 ms (not wire measurements)
2026-10-09 21:10:42,761 TX 81 B1 F1 81 A4
2026-10-09 21:10:42,772 RX_ECHO ignored
2026-10-09 21:10:43,762 RX_TIMEOUT service=81 partial=
2026-10-09 21:10:43,765 INIT attempt: no valid C1 with two key bytes
2026-10-09 21:10:43,766 INIT attempt 3/25
2026-10-09 21:10:44,117 INIT host low=25.408 ms high=25.005 ms (not wire measurements)
2026-10-09 21:10:44,117 TX 81 B1 F1 81 A4
2026-10-09 21:10:44,128 RX_ECHO ignored
2026-10-09 21:10:45,120 RX_TIMEOUT service=81 partial=
2026-10-09 21:10:45,120 INIT attempt: no valid C1 with two key bytes
2026-10-09 21:10:45,120 INIT attempt 4/25
2026-10-09 21:10:45,472 INIT host low=25.415 ms high=25.004 ms (not wire measurements)
2026-10-09 21:10:45,472 TX 81 B1 F1 81 A4
2026-10-09 21:10:45,483 RX_ECHO ignored
2026-10-09 21:10:46,483 RX_TIMEOUT service=81 partial=
2026-10-09 21:10:46,484 INIT attempt: no valid C1 with two key bytes
2026-10-09 21:10:46,484 INIT attempt 5/25
2026-10-09 21:10:46,835 INIT host low=25.352 ms high=25.005 ms (not wire measurements)
2026-10-09 21:10:46,836 TX 81 B1 F1 81 A4
2026-10-09 21:10:46,847 RX_ECHO ignored
2026-10-09 21:10:47,837 RX_TIMEOUT service=81 partial=
2026-10-09 21:10:47,837 INIT attempt: no valid C1 with two key bytes
2026-10-09 21:10:47,838 INIT attempt 6/25
2026-10-09 21:10:48,189 INIT host low=25.374 ms high=25.004 ms (not wire measurements)
2026-10-09 21:10:48,189 TX 81 B1 F1 81 A4
2026-10-09 21:10:48,200 RX_ECHO ignored
2026-10-09 21:10:49,196 RX_TIMEOUT service=81 partial=
2026-10-09 21:10:49,197 INIT attempt: no valid C1 with two key bytes
2026-10-09 21:10:49,198 INIT attempt 7/25
2026-10-09 21:10:49,549 INIT host low=25.389 ms high=25.014 ms (not wire measurements)
2026-10-09 21:10:49,550 TX 81 B1 F1 81 A4
2026-10-09 21:10:49,561 RX_ECHO ignored
2026-10-09 21:10:50,552 RX_TIMEOUT service=81 partial=
2026-10-09 21:10:50,553 INIT attempt: no valid C1 with two key bytes
2026-10-09 21:10:50,553 INIT attempt 8/25
2026-10-09 21:10:50,904 INIT host low=25.483 ms high=25.005 ms (not wire measurements)
2026-10-09 21:10:50,904 TX 81 B1 F1 81 A4
2026-10-09 21:10:50,915 RX_ECHO ignored
2026-10-09 21:10:51,907 RX_TIMEOUT service=81 partial=
2026-10-09 21:10:51,907 INIT attempt: no valid C1 with two key bytes
2026-10-09 21:10:51,907 INIT attempt 9/25
2026-10-09 21:10:52,259 INIT host low=25.410 ms high=25.004 ms (not wire measurements)
2026-10-09 21:10:52,259 TX 81 B1 F1 81 A4
2026-10-09 21:10:52,271 RX_ECHO ignored
2026-10-09 21:10:53,265 RX_TIMEOUT service=81 partial=
2026-10-09 21:10:53,265 INIT attempt: no valid C1 with two key bytes
2026-10-09 21:10:53,265 INIT attempt 10/25
2026-10-09 21:10:53,617 INIT host low=25.391 ms high=25.017 ms (not wire measurements)
2026-10-09 21:10:53,617 TX 81 B1 F1 81 A4
2026-10-09 21:10:53,628 RX_ECHO ignored
2026-10-09 21:10:54,618 RX_TIMEOUT service=81 partial=
2026-10-09 21:10:54,618 INIT attempt: no valid C1 with two key bytes
2026-10-09 21:10:54,618 INIT attempt 11/25
2026-10-09 21:10:54,971 INIT host low=25.309 ms high=25.003 ms (not wire measurements)
2026-10-09 21:10:54,971 TX 81 B1 F1 81 A4
2026-10-09 21:10:54,982 RX_ECHO ignored
2026-10-09 21:10:55,977 RX_TIMEOUT service=81 partial=
2026-10-09 21:10:55,977 INIT attempt: no valid C1 with two key bytes
2026-10-09 21:10:55,978 INIT attempt 12/25
2026-10-09 21:10:56,332 INIT host low=25.489 ms high=25.004 ms (not wire measurements)
2026-10-09 21:10:56,333 TX 81 B1 F1 81 A4
2026-10-09 21:10:56,344 RX_ECHO ignored
2026-10-09 21:10:57,338 RX_TIMEOUT service=81 partial=
2026-10-09 21:10:57,338 INIT attempt: no valid C1 with two key bytes
2026-10-09 21:10:57,338 INIT attempt 13/25
2026-10-09 21:10:57,689 INIT host low=25.315 ms high=25.004 ms (not wire measurements)
2026-10-09 21:10:57,689 TX 81 B1 F1 81 A4
2026-10-09 21:10:57,701 RX_ECHO ignored
2026-10-09 21:10:58,690 RX_TIMEOUT service=81 partial=
2026-10-09 21:10:58,690 INIT attempt: no valid C1 with two key bytes
2026-10-09 21:10:58,690 INIT attempt 14/25
2026-10-09 21:10:59,042 INIT host low=25.388 ms high=25.004 ms (not wire measurements)
2026-10-09 21:10:59,042 TX 81 B1 F1 81 A4
2026-10-09 21:10:59,053 RX_ECHO ignored
2026-10-09 21:11:00,054 RX_TIMEOUT service=81 partial=
2026-10-09 21:11:00,054 INIT attempt: no valid C1 with two key bytes
2026-10-09 21:11:00,054 INIT attempt 15/25
2026-10-09 21:11:00,406 INIT host low=25.350 ms high=25.005 ms (not wire measurements)
2026-10-09 21:11:00,406 TX 81 B1 F1 81 A4
2026-10-09 21:11:00,418 RX_ECHO ignored
2026-10-09 21:11:01,414 RX_TIMEOUT service=81 partial=
2026-10-09 21:11:01,415 INIT attempt: no valid C1 with two key bytes
2026-10-09 21:11:01,415 INIT attempt 16/25
2026-10-09 21:11:01,766 INIT host low=25.387 ms high=25.011 ms (not wire measurements)
2026-10-09 21:11:01,767 TX 81 B1 F1 81 A4
2026-10-09 21:11:01,778 RX_ECHO ignored
2026-10-09 21:11:02,775 RX_TIMEOUT service=81 partial=
2026-10-09 21:11:02,775 INIT attempt: no valid C1 with two key bytes
2026-10-09 21:11:02,775 INIT attempt 17/25
2026-10-09 21:11:03,127 INIT host low=25.450 ms high=25.004 ms (not wire measurements)
2026-10-09 21:11:03,127 TX 81 B1 F1 81 A4
2026-10-09 21:11:03,138 RX_ECHO ignored
2026-10-09 21:11:04,134 RX_TIMEOUT service=81 partial=
2026-10-09 21:11:04,134 INIT attempt: no valid C1 with two key bytes
2026-10-09 21:11:04,134 INIT attempt 18/25
2026-10-09 21:11:04,485 INIT host low=25.308 ms high=25.003 ms (not wire measurements)
2026-10-09 21:11:04,485 TX 81 B1 F1 81 A4
2026-10-09 21:11:04,496 RX_ECHO ignored
2026-10-09 21:11:05,488 RX_TIMEOUT service=81 partial=
2026-10-09 21:11:05,488 INIT attempt: no valid C1 with two key bytes
2026-10-09 21:11:05,489 INIT attempt 19/25
2026-10-09 21:11:05,840 INIT host low=25.365 ms high=25.004 ms (not wire measurements)
2026-10-09 21:11:05,840 TX 81 B1 F1 81 A4
2026-10-09 21:11:05,852 RX_ECHO ignored
2026-10-09 21:11:06,851 RX_TIMEOUT service=81 partial=
2026-10-09 21:11:06,851 INIT attempt: no valid C1 with two key bytes
2026-10-09 21:11:06,851 INIT attempt 20/25
2026-10-09 21:11:07,202 INIT host low=25.374 ms high=25.007 ms (not wire measurements)
2026-10-09 21:11:07,203 TX 81 B1 F1 81 A4
2026-10-09 21:11:07,214 RX_ECHO ignored
2026-10-09 21:11:08,215 RX_TIMEOUT service=81 partial=
2026-10-09 21:11:08,216 INIT attempt: no valid C1 with two key bytes
2026-10-09 21:11:08,216 INIT attempt 21/25
2026-10-09 21:11:08,567 INIT host low=25.296 ms high=25.004 ms (not wire measurements)
2026-10-09 21:11:08,567 TX 81 B1 F1 81 A4
2026-10-09 21:11:08,577 RX_ECHO ignored
2026-10-09 21:11:09,568 RX_TIMEOUT service=81 partial=
2026-10-09 21:11:09,568 INIT attempt: no valid C1 with two key bytes
2026-10-09 21:11:09,568 INIT attempt 22/25
2026-10-09 21:11:09,920 INIT host low=25.385 ms high=25.005 ms (not wire measurements)
2026-10-09 21:11:09,920 TX 81 B1 F1 81 A4
2026-10-09 21:11:09,931 RX_ECHO ignored
2026-10-09 21:11:10,931 RX_TIMEOUT service=81 partial=
2026-10-09 21:11:10,931 INIT attempt: no valid C1 with two key bytes
2026-10-09 21:11:10,931 INIT attempt 23/25
2026-10-09 21:11:11,283 INIT host low=25.369 ms high=25.016 ms (not wire measurements)
2026-10-09 21:11:11,283 TX 81 B1 F1 81 A4
2026-10-09 21:11:11,295 RX_ECHO ignored
2026-10-09 21:11:12,290 RX_TIMEOUT service=81 partial=
2026-10-09 21:11:12,290 INIT attempt: no valid C1 with two key bytes
2026-10-09 21:11:12,290 INIT attempt 24/25
2026-10-09 21:11:12,641 INIT host low=25.364 ms high=25.003 ms (not wire measurements)
2026-10-09 21:11:12,642 TX 81 B1 F1 81 A4
2026-10-09 21:11:12,652 RX_ECHO ignored
2026-10-09 21:11:13,646 RX_TIMEOUT service=81 partial=
2026-10-09 21:11:13,647 INIT attempt: no valid C1 with two key bytes
2026-10-09 21:11:13,647 INIT attempt 25/25
2026-10-09 21:11:13,998 INIT host low=25.445 ms high=25.005 ms (not wire measurements)
2026-10-09 21:11:13,998 TX 81 B1 F1 81 A4
2026-10-09 21:11:14,009 RX_ECHO ignored
2026-10-09 21:11:15,010 RX_TIMEOUT service=81 partial=
2026-10-09 21:11:15,010 INIT attempt: no valid C1 with two key bytes
2026-10-09 21:11:15,010 INIT failed: no valid C1 after 25 attempts
2026-10-09 21:11:15,011 PROBE failed: no positive parameter response
