2026-10-09 21:26:03,101 LOG_FILE /Users/alex/IdeaProjects/ELM327wifi/captures/elm-20261009-212603-100988.log
2026-10-09 21:26:03,146 INIT begin target=B1 tester=F1 attempts=30
2026-10-09 21:26:03,146 INIT attempt 1/30
2026-10-09 21:26:03,505 INIT host low=26.963 ms high=25.008 ms (not wire measurements)
2026-10-09 21:26:03,505 TX 81 B1 F1 81 A4
2026-10-09 21:26:03,506 RX 8E F1 B1 58 04 13 89 00 13 28 00 13 89 20 13 28 20 7A
2026-10-09 21:26:03,506 RX 8E F1 B1 58 04 13 89 00 13 28 00 13 89 20 13 28 20 7A
2026-10-09 21:26:03,506 RX 8E F1 B1 58 04 13 89 00 13 28 00 13 89 20 13 28 20 7A
2026-10-09 21:26:03,506 RX 8E F1 B1 58 04 13 89 00 13 28 00 13 89 20 13 28 20 7A
2026-10-09 21:26:03,506 RX 8E F1 B1 58 04 13 89 00 13 28 00 13 89 20 13 28 20 7A
2026-10-09 21:26:03,506 RX 8E F1 B1 58 04 13 89 00 13 28 00 13 89 20 13 28 20 7A
2026-10-09 21:26:03,506 RX 8E F1 B1 58 04 13 89 00 13 28 00 13 89 20 13 28 20 7A
2026-10-09 21:26:03,506 RX 8E F1 B1 58 04 13 89 00 13 28 00 13 89 20 13 28 20 7A
2026-10-09 21:26:03,506 RX 8E F1 B1 58 04 13 89 00 13 28 00 13 89 20 13 28 20 7A
2026-10-09 21:26:03,506 RX 8E F1 B1 58 04 13 89 00 13 28 00 13 89 20 13 28 20 7A
2026-10-09 21:26:03,507 RX 8E F1 B1 58 04 13 89 00 13 28 00 13 89 20 13 28 20 7A
2026-10-09 21:26:03,507 RX 8E F1 B1 58 04 13 89 00 13 28 00 13 89 20 13 28 20 7A
2026-10-09 21:26:03,507 RX 8E F1 B1 58 04 13 89 00 13 28 00 13 89 20 13 28 20 7A
2026-10-09 21:26:03,507 RX 8E F1 B1 58 04 13 89 00 13 28 00 13 89 20 13 28 20 7A
2026-10-09 21:26:03,507 RX 8E F1 B1 58 04 13 89 00 13 28 00 13 89 20 13 28 20 7A
2026-10-09 21:26:03,507 RX 8E F1 B1 58 04 13 89 00 13 28 00 13 89 20 13 28 20 7A
2026-10-09 21:26:03,507 RX 8E F1 B1 58 04 13 89 00 13 28 00 13 89 20 13 28 20 7A
2026-10-09 21:26:03,507 RX 8E F1 B1 58 04 13 89 00 13 28 00 13 89 20 13 28 20 7A
2026-10-09 21:26:03,507 RX 8E F1 B1 58 04 13 89 00 13 28 00 13 89 20 13 28 20 7A
2026-10-09 21:26:03,507 RX 8E F1 B1 58 04 13 89 00 13 28 00 13 89 20 13 28 20 7A
2026-10-09 21:26:03,508 RX 8E F1 B1 58 04 13 89 00 13 28 00 13 89 20 13 28 20 7A
2026-10-09 21:26:03,508 RX 8E F1 B1 58 04 13 89 00 13 28 00 13 89 20 13 28 20 7A
2026-10-09 21:26:03,508 RX 8E F1 B1 58 04 13 89 00 13 28 00 13 89 20 13 28 20 7A
2026-10-09 21:26:03,508 RX 8E F1 B1 58 04 13 89 00 13 28 00 13 89 20 13 28 20 7A
2026-10-09 21:26:03,508 RX 8E F1 B1 58 04 13 89 00 13 28 00 13 89 20 13 28 20 7A
2026-10-09 21:26:03,508 RX 8E F1 B1 58 04 13 89 00 13 28 00 13 89 20 13 28 20 7A
2026-10-09 21:26:03,508 RX 8E F1 B1 58 04 13 89 00 13 28 00 13 89 20 13 28 20 7A
2026-10-09 21:26:03,508 RX 8E F1 B1 58 04 13 89 00 13 28 00 13 89 20 13 28 20 7A
2026-10-09 21:26:03,508 RX 8E F1 B1 58 04 13 89 00 13 28 00 13 89 20 13 28 20 7A
2026-10-09 21:26:03,508 RX 8E F1 B1 58 04 13 89 00 13 28 00 13 89 20 13 28 20 7A
2026-10-09 21:26:03,508 RX 8E F1 B1 58 04 13 89 00 13 28 00 13 89 20 13 28 20 7A
2026-10-09 21:26:03,508 RX 8E F1 B1 58 04 13 89 00 13 28 00 13 89 20 13 28 20 7A
2026-10-09 21:26:03,508 RX 8E F1 B1 58 04 13 89 00 13 28 00 13 89 20 13 28 20 7A
2026-10-09 21:26:03,508 RX 8E F1 B1 58 04 13 89 00 13 28 00 13 89 20 13 28 20 7A
2026-10-09 21:26:03,508 RX 8E F1 B1 58 04 13 89 00 13 28 00 13 89 20 13 28 20 7A
2026-10-09 21:26:03,508 RX 8E F1 B1 58 04 13 89 00 13 28 00 13 89 20 13 28 20 7A
2026-10-09 21:26:03,508 RX 8E F1 B1 58 04 13 89 00 13 28 00 13 89 20 13 28 20 7A
2026-10-09 21:26:03,508 RX 8E F1 B1 58 04 13 89 00 13 28 00 13 89 20 13 28 20 7A
2026-10-09 21:26:03,508 RX 8E F1 B1 58 04 13 89 00 13 28 00 13 89 20 13 28 20 7A
2026-10-09 21:26:03,509 RX 8E F1 B1 58 04 13 89 00 13 28 00 13 89 20 13 28 20 7A
2026-10-09 21:26:03,509 RX 8E F1 B1 58 04 13 89 00 13 28 00 13 89 20 13 28 20 7A
2026-10-09 21:26:03,509 RX 8E F1 B1 58 04 13 89 00 13 28 00 13 89 20 13 28 20 7A
2026-10-09 21:26:03,509 RX 8E F1 B1 58 04 13 89 00 13 28 00 13 89 20 13 28 20 7A
2026-10-09 21:26:03,509 RX 8E F1 B1 58 04 13 89 00 13 28 00 13 89 20 13 28 20 7A
2026-10-09 21:26:03,509 RX 8E F1 B1 58 04 13 89 00 13 28 00 13 89 20 13 28 20 7A
2026-10-09 21:26:03,509 RX 8E F1 B1 58 04 13 89 00 13 28 00 13 89 20 13 28 20 7A
2026-10-09 21:26:03,509 RX 8E F1 B1 58 04 13 89 00 13 28 00 13 89 20 13 28 20 7A
2026-10-09 21:26:03,509 RX 8E F1 B1 58 04 13 89 00 13 28 00 13 89 20 13 28 20 7A
2026-10-09 21:26:03,509 RX 8E F1 B1 58 04 13 89 00 13 28 00 13 89 20 13 28 20 7A
2026-10-09 21:26:03,509 RX 8E F1 B1 58 04 13 89 00 13 28 00 13 89 20 13 28 20 7A
2026-10-09 21:26:03,509 RX 8E F1 B1 58 04 13 89 00 13 28 00 13 89 20 13 28 20 7A
2026-10-09 21:26:03,509 RX 8E F1 B1 58 04 13 89 00 13 28 00 13 89 20 13 28 20 7A
2026-10-09 21:26:03,509 RX 8E F1 B1 58 04 13 89 00 13 28 00 13 89 20 13 28 20 7A
2026-10-09 21:26:03,509 RX 8E F1 B1 58 04 13 89 00 13 28 00 13 89 20 13 28 20 7A
2026-10-09 21:26:03,509 RX 8E F1 B1 58 04 13 89 00 13 28 00 13 89 20 13 28 20 7A
2026-10-09 21:26:03,509 RX 8E F1 B1 58 04 13 89 00 13 28 00 13 89 20 13 28 20 7A
2026-10-09 21:26:03,509 RX 8E F1 B1 58 04 13 89 00 13 28 00 13 89 20 13 28 20 7A
2026-10-09 21:26:03,509 RX 8E F1 B1 58 04 13 89 00 13 28 00 13 89 20 13 28 20 7A
2026-10-09 21:26:03,509 RX 8E F1 B1 58 04 13 89 00 13 28 00 13 89 20 13 28 20 7A
2026-10-09 21:26:03,509 RX 8E F1 B1 58 04 13 89 00 13 28 00 13 89 20 13 28 20 7A
2026-10-09 21:26:03,509 RX 8E F1 B1 58 04 13 89 00 13 28 00 13 89 20 13 28 20 7A
2026-10-09 21:26:03,510 RX 8E F1 B1 58 04 13 89 00 13 28 00 13 89 20 13 28 20 7A
2026-10-09 21:26:03,510 RX 8E F1 B1 58 04 13 89 00 13 28 00 13 89 20 13 28 20 7A
2026-10-09 21:26:03,510 RX 8E F1 B1 58 04 13 89 00 13 28 00 13 89 20 13 28 20 7A
2026-10-09 21:26:03,510 RX 8E F1 B1 58 04 13 89 00 13 28 00 13 89 20 13 28 20 7A
2026-10-09 21:26:03,510 RX 8E F1 B1 58 04 13 89 00 13 28 00 13 89 20 13 28 20 7A
2026-10-09 21:26:03,510 RX 8E F1 B1 58 04 13 89 00 13 28 00 13 89 20 13 28 20 7A
2026-10-09 21:26:03,510 RX 8E F1 B1 58 04 13 89 00 13 28 00 13 89 20 13 28 20 7A
2026-10-09 21:26:03,510 RX 8E F1 B1 58 04 13 89 00 13 28 00 13 89 20 13 28 20 7A
2026-10-09 21:26:03,510 RX 8E F1 B1 58 04 13 89 00 13 28 00 13 89 20 13 28 20 7A
2026-10-09 21:26:03,510 RX 8E F1 B1 58 04 13 89 00 13 28 00 13 89 20 13 28 20 7A
2026-10-09 21:26:03,510 RX 8E F1 B1 58 04 13 89 00 13 28 00 13 89 20 13 28 20 7A
2026-10-09 21:26:03,510 RX 8E F1 B1 58 04 13 89 00 13 28 00 13 89 20 13 28 20 7A
2026-10-09 21:26:03,510 RX 8E F1 B1 58 04 13 89 00 13 28 00 13 89 20 13 28 20 7A
2026-10-09 21:26:03,510 RX 8E F1 B1 58 04 13 89 00 13 28 00 13 89 20 13 28 20 7A
2026-10-09 21:26:03,510 RX 8E F1 B1 58 04 13 89 00 13 28 00 13 89 20 13 28 20 7A
2026-10-09 21:26:03,510 RX 8E F1 B1 58 04 13 89 00 13 28 00 13 89 20 13 28 20 7A
2026-10-09 21:26:03,510 RX 8E F1 B1 58 04 13 89 00 13 28 00 13 89 20 13 28 20 7A
2026-10-09 21:26:03,510 RX 8E F1 B1 58 04 13 89 00 13 28 00 13 89 20 13 28 20 7A
2026-10-09 21:26:03,510 RX 8E F1 B1 58 04 13 89 00 13 28 00 13 89 20 13 28 20 7A
2026-10-09 21:26:03,510 RX 8E F1 B1 58 04 13 89 00 13 28 00 13 89 20 13 28 20 7A
2026-10-09 21:26:03,510 RX 8E F1 B1 58 04 13 89 00 13 28 00 13 89 20 13 28 20 7A
2026-10-09 21:26:03,510 RX 8E F1 B1 58 04 13 89 00 13 28 00 13 89 20 13 28 20 7A
2026-10-09 21:26:03,510 RX 8E F1 B1 58 04 13 89 00 13 28 00 13 89 20 13 28 20 7A
2026-10-09 21:26:03,510 RX 8E F1 B1 58 04 13 89 00 13 28 00 13 89 20 13 28 20 7A
2026-10-09 21:26:03,510 RX 8E F1 B1 58 04 13 89 00 13 28 00 13 89 20 13 28 20 7A
2026-10-09 21:26:03,510 RX 8E F1 B1 58 04 13 89 00 13 28 00 13 89 20 13 28 20 7A
2026-10-09 21:26:03,510 RX 8E F1 B1 58 04 13 89 00 13 28 00 13 89 20 13 28 20 7A
2026-10-09 21:26:03,510 RX 8E F1 B1 58 04 13 89 00 13 28 00 13 89 20 13 28 20 7A
2026-10-09 21:26:03,510 RX 8E F1 B1 58 04 13 89 00 13 28 00 13 89 20 13 28 20 7A
2026-10-09 21:26:03,510 RX 8E F1 B1 58 04 13 89 00 13 28 00 13 89 20 13 28 20 7A
2026-10-09 21:26:03,510 RX 8E F1 B1 58 04 13 89 00 13 28 00 13 89 20 13 28 20 7A
2026-10-09 21:26:03,510 RX 8E F1 B1 58 04 13 89 00 13 28 00 13 89 20 13 28 20 7A
2026-10-09 21:26:03,511 RX 8E F1 B1 58 04 13 89 00 13 28 00 13 89 20 13 28 20 7A
2026-10-09 21:26:03,511 RX 8E F1 B1 58 04 13 89 00 13 28 00 13 89 20 13 28 20 7A
2026-10-09 21:26:03,511 RX 8E F1 B1 58 04 13 89 00 13 28 00 13 89 20 13 28 20 7A
2026-10-09 21:26:03,511 RX 8E F1 B1 58 04 13 89 00 13 28 00 13 89 20 13 28 20 7A
2026-10-09 21:26:03,511 RX 8E F1 B1 58 04 13 89 00 13 28 00 13 89 20 13 28 20 7A
2026-10-09 21:26:03,511 RX 8E F1 B1 58 04 13 89 00 13 28 00 13 89 20 13 28 20 7A
2026-10-09 21:26:03,511 RX 8E F1 B1 58 04 13 89 00 13 28 00 13 89 20 13 28 20 7A
2026-10-09 21:26:03,511 RX 8E F1 B1 58 04 13 89 00 13 28 00 13 89 20 13 28 20 7A
2026-10-09 21:26:03,511 RX 8E F1 B1 58 04 13 89 00 13 28 00 13 89 20 13 28 20 7A
2026-10-09 21:26:03,511 RX 8E F1 B1 58 04 13 89 00 13 28 00 13 89 20 13 28 20 7A
2026-10-09 21:26:03,511 RX 8E F1 B1 58 04 13 89 00 13 28 00 13 89 20 13 28 20 7A
2026-10-09 21:26:03,511 RX 8E F1 B1 58 04 13 89 00 13 28 00 13 89 20 13 28 20 7A
2026-10-09 21:26:03,511 RX 8E F1 B1 58 04 13 89 00 13 28 00 13 89 20 13 28 20 7A
2026-10-09 21:26:03,511 RX 8E F1 B1 58 04 13 89 00 13 28 00 13 89 20 13 28 20 7A
2026-10-09 21:26:03,511 RX 8E F1 B1 58 04 13 89 00 13 28 00 13 89 20 13 28 20 7A
2026-10-09 21:26:03,511 RX 8E F1 B1 58 04 13 89 00 13 28 00 13 89 20 13 28 20 7A
2026-10-09 21:26:03,511 RX 8E F1 B1 58 04 13 89 00 13 28 00 13 89 20 13 28 20 7A
2026-10-09 21:26:03,511 RX 8E F1 B1 58 04 13 89 00 13 28 00 13 89 20 13 28 20 7A
2026-10-09 21:26:03,511 RX 8E F1 B1 58 04 13 89 00 13 28 00 13 89 20 13 28 20 7A
2026-10-09 21:26:03,511 RX 8E F1 B1 58 04 13 89 00 13 28 00 13 89 20 13 28 20 7A
2026-10-09 21:26:03,511 RX 8E F1 B1 58 04 13 89 00 13 28 00 13 89 20 13 28 20 7A
2026-10-09 21:26:03,511 RX 8E F1 B1 58 04 13 89 00 13 28 00 13 89 20 13 28 20 7A
2026-10-09 21:26:03,511 RX 8E F1 B1 58 04 13 89 00 13 28 00 13 89 20 13 28 20 7A
2026-10-09 21:26:03,511 RX 8E F1 B1 58 04 13 89 00 13 28 00 13 89 20 13 28 20 7A
2026-10-09 21:26:03,511 RX 8E F1 B1 58 04 13 89 00 13 28 00 13 89 20 13 28 20 7A
2026-10-09 21:26:03,511 RX 8E F1 B1 58 04 13 89 00 13 28 00 13 89 20 13 28 20 7A
2026-10-09 21:26:03,511 RX 8E F1 B1 58 04 13 89 00 13 28 00 13 89 20 13 28 20 7A
2026-10-09 21:26:03,511 RX 8E F1 B1 58 04 13 89 00 13 28 00 13 89 20 13 28 20 7A
2026-10-09 21:26:03,511 RX 8E F1 B1 58 04 13 89 00 13 28 00 13 89 20 13 28 20 7A
2026-10-09 21:26:03,511 RX 8E F1 B1 58 04 13 89 00 13 28 00 13 89 20 13 28 20 7A
2026-10-09 21:26:03,511 RX 8E F1 B1 58 04 13 89 00 13 28 00 13 89 20 13 28 20 7A
2026-10-09 21:26:03,511 RX 8E F1 B1 58 04 13 89 00 13 28 00 13 89 20 13 28 20 7A
2026-10-09 21:26:03,512 RX 8E F1 B1 58 04 13 89 00 13 28 00 13 89 20 13 28 20 7A
2026-10-09 21:26:03,512 RX 8E F1 B1 58 04 13 89 00 13 28 00 13 89 20 13 28 20 7A
2026-10-09 21:26:03,512 RX 8E F1 B1 58 04 13 89 00 13 28 00 13 89 20 13 28 20 7A
2026-10-09 21:26:03,512 RX 8E F1 B1 58 04 13 89 00 13 28 00 13 89 20 13 28 20 7A
2026-10-09 21:26:03,512 RX 8E F1 B1 58 04 13 89 00 13 28 00 13 89 20 13 28 20 7A
2026-10-09 21:26:03,512 RX 8E F1 B1 58 04 13 89 00 13 28 00 13 89 20 13 28 20 7A
2026-10-09 21:26:03,512 RX 8E F1 B1 58 04 13 89 00 13 28 00 13 89 20 13 28 20 7A
2026-10-09 21:26:03,512 RX 8E F1 B1 58 04 13 89 00 13 28 00 13 89 20 13 28 20 7A
2026-10-09 21:26:03,512 RX 8E F1 B1 58 04 13 89 00 13 28 00 13 89 20 13 28 20 7A
2026-10-09 21:26:03,512 RX 8E F1 B1 58 04 13 89 00 13 28 00 13 89 20 13 28 20 7A
2026-10-09 21:26:03,512 RX 8E F1 B1 58 04 13 89 00 13 28 00 13 89 20 13 28 20 7A
2026-10-09 21:26:03,512 RX 8E F1 B1 58 04 13 89 00 13 28 00 13 89 20 13 28 20 7A
2026-10-09 21:26:03,512 RX 8E F1 B1 58 04 13 89 00 13 28 00 13 89 20 13 28 20 7A
2026-10-09 21:26:03,512 RX 8E F1 B1 58 04 13 89 00 13 28 00 13 89 20 13 28 20 7A
2026-10-09 21:26:03,512 RX 8E F1 B1 58 04 13 89 00 13 28 00 13 89 20 13 28 20 7A
2026-10-09 21:26:03,512 RX 8E F1 B1 58 04 13 89 00 13 28 00 13 89 20 13 28 20 7A
2026-10-09 21:26:03,512 RX 8E F1 B1 58 04 13 89 00 13 28 00 13 89 20 13 28 20 7A
2026-10-09 21:26:03,512 RX 8E F1 B1 58 04 13 89 00 13 28 00 13 89 20 13 28 20 7A
2026-10-09 21:26:03,512 RX 8E F1 B1 58 04 13 89 00 13 28 00 13 89 20 13 28 20 7A
2026-10-09 21:26:03,512 RX 8E F1 B1 58 04 13 89 00 13 28 00 13 89 20 13 28 20 7A
2026-10-09 21:26:03,512 RX 8E F1 B1 58 04 13 89 00 13 28 00 13 89 20 13 28 20 7A
2026-10-09 21:26:03,512 RX 8E F1 B1 58 04 13 89 00 13 28 00 13 89 20 13 28 20 7A
2026-10-09 21:26:03,512 RX 8E F1 B1 58 04 13 89 00 13 28 00 13 89 20 13 28 20 7A
2026-10-09 21:26:03,512 RX 8E F1 B1 58 04 13 89 00 13 28 00 13 89 20 13 28 20 7A
2026-10-09 21:26:03,512 RX 8E F1 B1 58 04 13 89 00 13 28 00 13 89 20 13 28 20 7A
2026-10-09 21:26:03,512 RX 8E F1 B1 58 04 13 89 00 13 28 00 13 89 20 13 28 20 7A
2026-10-09 21:26:03,512 RX 8E F1 B1 58 04 13 89 00 13 28 00 13 89 20 13 28 20 7A
2026-10-09 21:26:03,512 RX 8E F1 B1 58 04 13 89 00 13 28 00 13 89 20 13 28 20 7A
2026-10-09 21:26:03,512 RX 8E F1 B1 58 04 13 89 00 13 28 00 13 89 20 13 28 20 7A
2026-10-09 21:26:03,512 RX 8E F1 B1 58 04 13 89 00 13 28 00 13 89 20 13 28 20 7A
2026-10-09 21:26:03,512 RX 8E F1 B1 58 04 13 89 00 13 28 00 13 89 20 13 28 20 7A
2026-10-09 21:26:03,512 RX 8E F1 B1 58 04 13 89 00 13 28 00 13 89 20 13 28 20 7A
2026-10-09 21:26:03,512 RX 8E F1 B1 58 04 13 89 00 13 28 00 13 89 20 13 28 20 7A
2026-10-09 21:26:03,513 RX 8E F1 B1 58 04 13 89 00 13 28 00 13 89 20 13 28 20 7A
2026-10-09 21:26:03,513 RX 8E F1 B1 58 04 13 89 00 13 28 00 13 89 20 13 28 20 7A
2026-10-09 21:26:03,513 RX 8E F1 B1 58 04 13 89 00 13 28 00 13 89 20 13 28 20 7A
2026-10-09 21:26:03,513 RX 8E F1 B1 58 04 13 89 00 13 28 00 13 89 20 13 28 20 7A
2026-10-09 21:26:03,513 RX 8E F1 B1 58 04 13 89 00 13 28 00 13 89 20 13 28 20 7A
2026-10-09 21:26:03,513 RX 8E F1 B1 58 04 13 89 00 13 28 00 13 89 20 13 28 20 7A
2026-10-09 21:26:03,513 RX 8E F1 B1 58 04 13 89 00 13 28 00 13 89 20 13 28 20 7A
2026-10-09 21:26:03,513 RX 8E F1 B1 58 04 13 89 00 13 28 00 13 89 20 13 28 20 7A
2026-10-09 21:26:03,513 RX 8E F1 B1 58 04 13 89 00 13 28 00 13 89 20 13 28 20 7A
2026-10-09 21:26:03,513 RX 8E F1 B1 58 04 13 89 00 13 28 00 13 89 20 13 28 20 7A
2026-10-09 21:26:03,513 RX 8E F1 B1 58 04 13 89 00 13 28 00 13 89 20 13 28 20 7A
2026-10-09 21:26:03,513 RX 8E F1 B1 58 04 13 89 00 13 28 00 13 89 20 13 28 20 7A
2026-10-09 21:26:03,513 RX 8E F1 B1 58 04 13 89 00 13 28 00 13 89 20 13 28 20 7A
2026-10-09 21:26:03,513 RX 8E F1 B1 58 04 13 89 00 13 28 00 13 89 20 13 28 20 7A
2026-10-09 21:26:03,513 RX 8E F1 B1 58 04 13 89 00 13 28 00 13 89 20 13 28 20 7A
2026-10-09 21:26:03,513 RX 8E F1 B1 58 04 13 89 00 13 28 00 13 89 20 13 28 20 7A
2026-10-09 21:26:03,513 RX 8E F1 B1 58 04 13 89 00 13 28 00 13 89 20 13 28 20 7A
2026-10-09 21:26:03,513 RX 8E F1 B1 58 04 13 89 00 13 28 00 13 89 20 13 28 20 7A
2026-10-09 21:26:03,513 RX 8E F1 B1 58 04 13 89 00 13 28 00 13 89 20 13 28 20 7A
2026-10-09 21:26:03,513 RX 8E F1 B1 58 04 13 89 00 13 28 00 13 89 20 13 28 20 7A
2026-10-09 21:26:03,513 RX 8E F1 B1 58 04 13 89 00 13 28 00 13 89 20 13 28 20 7A
2026-10-09 21:26:03,513 RX 8E F1 B1 58 04 13 89 00 13 28 00 13 89 20 13 28 20 7A
2026-10-09 21:26:03,513 RX 8E F1 B1 58 04 13 89 00 13 28 00 13 89 20 13 28 20 7A
2026-10-09 21:26:03,513 RX 8E F1 B1 58 04 13 89 00 13 28 00 13 89 20 13 28 20 7A
2026-10-09 21:26:03,513 RX 8E F1 B1 58 04 13 89 00 13 28 00 13 89 20 13 28 20 7A
2026-10-09 21:26:03,513 RX 8E F1 B1 58 04 13 89 00 13 28 00 13 89 20 13 28 20 7A
2026-10-09 21:26:03,513 RX 8E F1 B1 58 04 13 89 00 13 28 00 13 89 20 13 28 20 7A
2026-10-09 21:26:03,513 RX 8E F1 B1 58 04 13 89 00 13 28 00 13 89 20 13 28 20 7A
2026-10-09 21:26:03,513 RX 8E F1 B1 58 04 13 89 00 13 28 00 13 89 20 13 28 20 7A
2026-10-09 21:26:03,513 RX 8E F1 B1 58 04 13 89 00 13 28 00 13 89 20 13 28 20 7A
2026-10-09 21:26:03,514 RX 8E F1 B1 58 04 13 89 00 13 28 00 13 89 20 13 28 20 7A
2026-10-09 21:26:03,514 RX 8E F1 B1 58 04 13 89 00 13 28 00 13 89 20 13 28 20 7A
2026-10-09 21:26:03,514 RX 8E F1 B1 58 04 13 89 00 13 28 00 13 89 20 13 28 20 7A
2026-10-09 21:26:03,514 RX 8E F1 B1 58 04 13 89 00 13 28 00 13 89 20 13 28 20 7A
2026-10-09 21:26:03,514 RX 8E F1 B1 58 04 13 89 00 13 28 00 13 89 20 13 28 20 7A
2026-10-09 21:26:03,514 RX 8E F1 B1 58 04 13 89 00 13 28 00 13 89 20 13 28 20 7A
2026-10-09 21:26:03,514 RX 8E F1 B1 58 04 13 89 00 13 28 00 13 89 20 13 28 20 7A
2026-10-09 21:26:03,514 RX 8E F1 B1 58 04 13 89 00 13 28 00 13 89 20 13 28 20 7A
2026-10-09 21:26:03,514 RX 8E F1 B1 58 04 13 89 00 13 28 00 13 89 20 13 28 20 7A
2026-10-09 21:26:03,514 RX 8E F1 B1 58 04 13 89 00 13 28 00 13 89 20 13 28 20 7A
2026-10-09 21:26:03,514 RX 8E F1 B1 58 04 13 89 00 13 28 00 13 89 20 13 28 20 7A
2026-10-09 21:26:03,514 RX 8E F1 B1 58 04 13 89 00 13 28 00 13 89 20 13 28 20 7A
2026-10-09 21:26:03,514 RX 8E F1 B1 58 04 13 89 00 13 28 00 13 89 20 13 28 20 7A
2026-10-09 21:26:03,514 RX 8E F1 B1 58 04 13 89 00 13 28 00 13 89 20 13 28 20 7A
2026-10-09 21:26:03,514 RX 8E F1 B1 58 04 13 89 00 13 28 00 13 89 20 13 28 20 7A
2026-10-09 21:26:03,514 RX 8E F1 B1 58 04 13 89 00 13 28 00 13 89 20 13 28 20 7A
2026-10-09 21:26:03,514 RX 8E F1 B1 58 04 13 89 00 13 28 00 13 89 20 13 28 20 7A
2026-10-09 21:26:03,514 RX 8E F1 B1 58 04 13 89 00 13 28 00 13 89 20 13 28 20 7A
2026-10-09 21:26:03,514 RX 8E F1 B1 58 04 13 89 00 13 28 00 13 89 20 13 28 20 7A
2026-10-09 21:26:03,514 RX 8E F1 B1 58 04 13 89 00 13 28 00 13 89 20 13 28 20 7A
2026-10-09 21:26:03,514 RX 8E F1 B1 58 04 13 89 00 13 28 00 13 89 20 13 28 20 7A
2026-10-09 21:26:03,514 RX 8E F1 B1 58 04 13 89 00 13 28 00 13 89 20 13 28 20 7A
2026-10-09 21:26:03,514 RX 8E F1 B1 58 04 13 89 00 13 28 00 13 89 20 13 28 20 7A
2026-10-09 21:26:03,514 RX 8E F1 B1 58 04 13 89 00 13 28 00 13 89 20 13 28 20 7A
2026-10-09 21:26:03,514 RX 8E F1 B1 58 04 13 89 00 13 28 00 13 89 20 13 28 20 7A
2026-10-09 21:26:03,514 RX 8E F1 B1 58 04 13 89 00 13 28 00 13 89 20 13 28 20 7A
2026-10-09 21:26:03,514 RX 8E F1 B1 58 04 13 89 00 13 28 00 13 89 20 13 28 20 7A
2026-10-09 21:26:03,514 RX 8E F1 B1 58 04 13 89 00 13 28 00 13 89 20 13 28 20 7A
2026-10-09 21:26:03,514 RX 8E F1 B1 58 04 13 89 00 13 28 00 13 89 20 13 28 20 7A
2026-10-09 21:26:03,514 RX 8E F1 B1 58 04 13 89 00 13 28 00 13 89 20 13 28 20 7A
2026-10-09 21:26:03,515 RX 8E F1 B1 58 04 13 89 00 13 28 00 13 89 20 13 28 20 7A
2026-10-09 21:26:03,515 RX 8E F1 B1 58 04 13 89 00 13 28 00 13 89 20 13 28 20 7A
2026-10-09 21:26:03,515 RX 8E F1 B1 58 04 13 89 00 13 28 00 13 89 20 13 28 20 7A
2026-10-09 21:26:03,515 RX 8E F1 B1 58 04 13 89 00 13 28 00 13 89 20 13 28 20 7A
2026-10-09 21:26:03,515 RX 8E F1 B1 58 04 13 89 00 13 28 00 13 89 20 13 28 20 7A
2026-10-09 21:26:03,515 RX 8E F1 B1 58 04 13 89 00 13 28 00 13 89 20 13 28 20 7A
2026-10-09 21:26:03,515 RX 8E F1 B1 58 04 13 89 00 13 28 00 13 89 20 13 28 20 7A
2026-10-09 21:26:03,515 RX 8E F1 B1 58 04 13 89 00 13 28 00 13 89 20 13 28 20 7A
2026-10-09 21:26:03,515 RX 8E F1 B1 58 04 13 89 00 13 28 00 13 89 20 13 28 20 7A
2026-10-09 21:26:03,515 RX 8E F1 B1 58 04 13 89 00 13 28 00 13 89 20 13 28 20 7A
2026-10-09 21:26:03,515 RX 8E F1 B1 58 04 13 89 00 13 28 00 13 89 20 13 28 20 7A
2026-10-09 21:26:03,515 RX 8E F1 B1 58 04 13 89 00 13 28 00 13 89 20 13 28 20 7A
2026-10-09 21:26:03,515 RX 8E F1 B1 58 04 13 89 00 13 28 00 13 89 20 13 28 20 7A
2026-10-09 21:26:03,515 RX 8E F1 B1 58 04 13 89 00 13 28 00 13 89 20 13 28 20 7A
2026-10-09 21:26:03,515 RX 8E F1 B1 58 04 13 89 00 13 28 00 13 89 20 13 28 20 7A
2026-10-09 21:26:03,515 RX 8E F1 B1 58 04 13 89 00 13 28 00 13 89 20 13 28 20 7A
2026-10-09 21:26:03,515 RX 8E F1 B1 58 04 13 89 00 13 28 00 13 89 20 13 28 20 7A
2026-10-09 21:26:03,515 RX 8E F1 B1 58 04 13 89 00 13 28 00 13 89 20 13 28 20 7A
2026-10-09 21:26:03,515 RX 8E F1 B1 58 04 13 89 00 13 28 00 13 89 20 13 28 20 7A
2026-10-09 21:26:03,515 RX 8E F1 B1 58 04 13 89 00 13 28 00 13 89 20 13 28 20 7A
2026-10-09 21:26:03,515 RX 8E F1 B1 58 04 13 89 00 13 28 00 13 89 20 13 28 20 7A
2026-10-09 21:26:03,515 RX 8E F1 B1 58 04 13 89 00 13 28 00 13 89 20 13 28 20 7A
2026-10-09 21:26:03,515 RX 8E F1 B1 58 04 13 89 00 13 28 00 13 89 20 13 28 20 7A
2026-10-09 21:26:03,515 RX 8E F1 B1 58 04 13 89 00 13 28 00 13 89 20 13 28 20 7A
2026-10-09 21:26:03,515 RX 8E F1 B1 58 04 13 89 00 13 28 00 13 89 20 13 28 20 7A
2026-10-09 21:26:03,515 RX 8E F1 B1 58 04 13 89 00 13 28 00 13 89 20 13 28 20 7A
2026-10-09 21:26:03,515 RX 8E F1 B1 58 04 13 89 00 13 28 00 13 89 20 13 28 20 7A
2026-10-09 21:26:03,515 RX 8E F1 B1 58 04 13 89 00 13 28 00 13 89 20 13 28 20 7A
2026-10-09 21:26:03,515 RX 8E F1 B1 58 04 13 89 00 13 28 00 13 89 20 13 28 20 7A
2026-10-09 21:26:03,515 RX 8E F1 B1 58 04 13 89 00 13 28 00 13 89 20 13 28 20 7A
2026-10-09 21:26:03,515 RX 8E F1 B1 58 04 13 89 00 13 28 00 13 89 20 13 28 20 7A
2026-10-09 21:26:03,515 RX 8E F1 B1 58 04 13 89 00 13 28 00 13 89 20 13 28 20 7A
2026-10-09 21:26:03,515 RX 8E F1 B1 58 04 13 89 00 13 28 00 13 89 20 13 28 20 7A
2026-10-09 21:26:03,515 RX 8E F1 B1 58 04 13 89 00 13 28 00 13 89 20 13 28 20 7A
2026-10-09 21:26:03,516 RX 8E F1 B1 58 04 13 89 00 13 28 00 13 89 20 13 28 20 7A
2026-10-09 21:26:03,516 RX 8E F1 B1 58 04 13 89 00 13 28 00 13 89 20 13 28 20 7A
2026-10-09 21:26:03,516 RX 8E F1 B1 58 04 13 89 00 13 28 00 13 89 20 13 28 20 7A
2026-10-09 21:26:03,516 RX 8E F1 B1 58 04 13 89 00 13 28 00 13 89 20 13 28 20 7A
2026-10-09 21:26:03,516 RX 8E F1 B1 58 04 13 89 00 13 28 00 13 89 20 13 28 20 7A
2026-10-09 21:26:03,516 RX 8E F1 B1 58 04 13 89 00 13 28 00 13 89 20 13 28 20 7A
2026-10-09 21:26:03,516 RX 8E F1 B1 58 04 13 89 00 13 28 00 13 89 20 13 28 20 7A
2026-10-09 21:26:03,516 RX 8E F1 B1 58 04 13 89 00 13 28 00 13 89 20 13 28 20 7A
2026-10-09 21:26:03,516 RX 8E F1 B1 58 04 13 89 00 13 28 00 13 89 20 13 28 20 7A
2026-10-09 21:26:03,516 RX 8E F1 B1 58 04 13 89 00 13 28 00 13 89 20 13 28 20 7A
2026-10-09 21:26:03,516 RX 8E F1 B1 58 04 13 89 00 13 28 00 13 89 20 13 28 20 7A
2026-10-09 21:26:03,516 RX 8E F1 B1 58 04 13 89 00 13 28 00 13 89 20 13 28 20 7A
2026-10-09 21:26:03,516 RX 8E F1 B1 58 04 13 89 00 13 28 00 13 89 20 13 28 20 7A
2026-10-09 21:26:03,516 RX 8E F1 B1 58 04 13 89 00 13 28 00 13 89 20 13 28 20 7A
2026-10-09 21:26:03,516 RX 8E F1 B1 58 04 13 89 00 13 28 00 13 89 20 13 28 20 7A
2026-10-09 21:26:03,516 RX 8E F1 B1 58 04 13 89 00 13 28 00 13 89 20 13 28 20 7A
2026-10-09 21:26:03,516 RX 8E F1 B1 58 04 13 89 00 13 28 00 13 89 20 13 28 20 7A
2026-10-09 21:26:03,516 RX 8E F1 B1 58 04 13 89 00 13 28 00 13 89 20 13 28 20 7A
2026-10-09 21:26:03,516 RX 8E F1 B1 58 04 13 89 00 13 28 00 13 89 20 13 28 20 7A
2026-10-09 21:26:03,516 RX 8E F1 B1 58 04 13 89 00 13 28 00 13 89 20 13 28 20 7A
2026-10-09 21:26:03,516 RX 8E F1 B1 58 04 13 89 00 13 28 00 13 89 20 13 28 20 7A
2026-10-09 21:26:03,516 RX 8E F1 B1 58 04 13 89 00 13 28 00 13 89 20 13 28 20 7A
2026-10-09 21:26:03,516 RX 8E F1 B1 58 04 13 89 00 13 28 00 13 89 20 13 28 20 7A
2026-10-09 21:26:03,516 RX 8E F1 B1 58 04 13 89 00 13 28 00 13 89 20 13 28 20 7A
2026-10-09 21:26:03,516 RX 8E F1 B1 58 04 13 89 00 13 28 00 13 89 20 13 28 20 7A
2026-10-09 21:26:03,516 RX 8E F1 B1 58 04 13 89 00 13 28 00 13 89 20 13 28 20 7A
2026-10-09 21:26:03,516 RX 8E F1 B1 58 04 13 89 00 13 28 00 13 89 20 13 28 20 7A
2026-10-09 21:26:03,516 RX 8E F1 B1 58 04 13 89 00 13 28 00 13 89 20 13 28 20 7A
2026-10-09 21:26:03,516 RX 8E F1 B1 58 04 13 89 00 13 28 00 13 89 20 13 28 20 7A
2026-10-09 21:26:03,516 RX 8E F1 B1 58 04 13 89 00 13 28 00 13 89 20 13 28 20 7A
2026-10-09 21:26:03,516 RX 8E F1 B1 58 04 13 89 00 13 28 00 13 89 20 13 28 20 7A
2026-10-09 21:26:03,516 RX 8E F1 B1 58 04 13 89 00 13 28 00 13 89 20 13 28 20 7A
2026-10-09 21:26:03,516 RX 8E F1 B1 58 04 13 89 00 13 28 00 13 89 20 13 28 20 7A
2026-10-09 21:26:03,516 RX 8E F1 B1 58 04 13 89 00 13 28 00 13 89 20 13 28 20 7A
2026-10-09 21:26:03,517 RX 8E F1 B1 58 04 13 89 00 13 28 00 13 89 20 13 28 20 7A
2026-10-09 21:26:03,517 RX 8E F1 B1 58 04 13 89 00 13 28 00 13 89 20 13 28 20 7A
2026-10-09 21:26:03,517 RX 8E F1 B1 58 04 13 89 00 13 28 00 13 89 20 13 28 20 7A
2026-10-09 21:26:03,517 RX 8E F1 B1 58 04 13 89 00 13 28 00 13 89 20 13 28 20 7A
2026-10-09 21:26:03,517 RX 8E F1 B1 58 04 13 89 00 13 28 00 13 89 20 13 28 20 7A
2026-10-09 21:26:03,517 RX 8E F1 B1 58 04 13 89 00 13 28 00 13 89 20 13 28 20 7A
2026-10-09 21:26:03,517 RX 8E F1 B1 58 04 13 89 00 13 28 00 13 89 20 13 28 20 7A
2026-10-09 21:26:03,517 RX 8E F1 B1 58 04 13 89 00 13 28 00 13 89 20 13 28 20 7A
2026-10-09 21:26:03,517 RX 8E F1 B1 58 04 13 89 00 13 28 00 13 89 20 13 28 20 7A
2026-10-09 21:26:03,517 RX 8E F1 B1 58 04 13 89 00 13 28 00 13 89 20 13 28 20 7A
2026-10-09 21:26:03,517 RX 8E F1 B1 58 04 13 89 00 13 28 00 13 89 20 13 28 20 7A
2026-10-09 21:26:03,517 RX 8E F1 B1 58 04 13 89 00 13 28 00 13 89 20 13 28 20 7A
2026-10-09 21:26:03,517 RX 8E F1 B1 58 04 13 89 00 13 28 00 13 89 20 13 28 20 7A
2026-10-09 21:26:03,517 RX 8E F1 B1 58 04 13 89 00 13 28 00 13 89 20 13 28 20 7A
2026-10-09 21:26:03,517 RX 8E F1 B1 58 04 13 89 00 13 28 00 13 89 20 13 28 20 7A
2026-10-09 21:26:03,517 RX 8E F1 B1 58 04 13 89 00 13 28 00 13 89 20 13 28 20 7A
2026-10-09 21:26:03,517 RX 8E F1 B1 58 04 13 89 00 13 28 00 13 89 20 13 28 20 7A
2026-10-09 21:26:03,517 RX 8E F1 B1 58 04 13 89 00 13 28 00 13 89 20 13 28 20 7A
2026-10-09 21:26:03,517 RX 8E F1 B1 58 04 13 89 00 13 28 00 13 89 20 13 28 20 7A
2026-10-09 21:26:03,517 RX 8E F1 B1 58 04 13 89 00 13 28 00 13 89 20 13 28 20 7A
2026-10-09 21:26:03,517 RX 8E F1 B1 58 04 13 89 00 13 28 00 13 89 20 13 28 20 7A
2026-10-09 21:26:03,517 RX 8E F1 B1 58 04 13 89 00 13 28 00 13 89 20 13 28 20 7A
2026-10-09 21:26:03,517 RX 8E F1 B1 58 04 13 89 00 13 28 00 13 89 20 13 28 20 7A
2026-10-09 21:26:03,517 RX 8E F1 B1 58 04 13 89 00 13 28 00 13 89 20 13 28 20 7A
2026-10-09 21:26:03,517 RX 8E F1 B1 58 04 13 89 00 13 28 00 13 89 20 13 28 20 7A
2026-10-09 21:26:03,517 RX 8E F1 B1 58 04 13 89 00 13 28 00 13 89 20 13 28 20 7A
2026-10-09 21:26:03,517 RX 8E F1 B1 58 04 13 89 00 13 28 00 13 89 20 13 28 20 7A
2026-10-09 21:26:03,517 RX 8E F1 B1 58 04 13 89 00 13 28 00 13 89 20 13 28 20 7A
2026-10-09 21:26:03,517 RX 8E F1 B1 58 04 13 89 00 13 28 00 13 89 20 13 28 20 7A
2026-10-09 21:26:03,517 RX 8E F1 B1 58 04 13 89 00 13 28 00 13 89 20 13 28 20 7A
2026-10-09 21:26:03,517 RX 8E F1 B1 58 04 13 89 00 13 28 00 13 89 20 13 28 20 7A
2026-10-09 21:26:03,517 RX 8E F1 B1 58 04 13 89 00 13 28 00 13 89 20 13 28 20 7A
2026-10-09 21:26:03,517 RX 8E F1 B1 58 04 13 89 00 13 28 00 13 89 20 13 28 20 7A
2026-10-09 21:26:03,518 RX 8E F1 B1 58 04 13 89 00 13 28 00 13 89 20 13 28 20 7A
2026-10-09 21:26:03,518 RX 8E F1 B1 58 04 13 89 00 13 28 00 13 89 20 13 28 20 7A
2026-10-09 21:26:03,518 RX 8E F1 B1 58 04 13 89 00 13 28 00 13 89 20 13 28 20 7A
2026-10-09 21:26:03,518 RX 8E F1 B1 58 04 13 89 00 13 28 00 13 89 20 13 28 20 7A
2026-10-09 21:26:03,518 RX 8E F1 B1 58 04 13 89 00 13 28 00 13 89 20 13 28 20 7A
2026-10-09 21:26:03,518 RX 8E F1 B1 58 04 13 89 00 13 28 00 13 89 20 13 28 20 7A
2026-10-09 21:26:03,518 RX 8E F1 B1 58 04 13 89 00 13 28 00 13 89 20 13 28 20 7A
2026-10-09 21:26:03,518 RX 8E F1 B1 58 04 13 89 00 13 28 00 13 89 20 13 28 20 7A
2026-10-09 21:26:03,518 RX 8E F1 B1 58 04 13 89 00 13 28 00 13 89 20 13 28 20 7A
2026-10-09 21:26:03,518 RX 8E F1 B1 58 04 13 89 00 13 28 00 13 89 20 13 28 20 7A
2026-10-09 21:26:03,518 RX 8E F1 B1 58 04 13 89 00 13 28 00 13 89 20 13 28 20 7A
2026-10-09 21:26:03,518 RX 8E F1 B1 58 04 13 89 00 13 28 00 13 89 20 13 28 20 7A
2026-10-09 21:26:03,518 RX 8E F1 B1 58 04 13 89 00 13 28 00 13 89 20 13 28 20 7A
2026-10-09 21:26:03,518 RX 8E F1 B1 58 04 13 89 00 13 28 00 13 89 20 13 28 20 7A
2026-10-09 21:26:03,518 RX 8E F1 B1 58 04 13 89 00 13 28 00 13 89 20 13 28 20 7A
2026-10-09 21:26:03,518 RX 8E F1 B1 58 04 13 89 00 13 28 00 13 89 20 13 28 20 7A
2026-10-09 21:26:03,518 RX 8E F1 B1 58 04 13 89 00 13 28 00 13 89 20 13 28 20 7A
2026-10-09 21:26:03,518 RX 8E F1 B1 58 04 13 89 00 13 28 00 13 89 20 13 28 20 7A
2026-10-09 21:26:03,518 RX 8E F1 B1 58 04 13 89 00 13 28 00 13 89 20 13 28 20 7A
2026-10-09 21:26:03,518 RX 8E F1 B1 58 04 13 89 00 13 28 00 13 89 20 13 28 20 7A
2026-10-09 21:26:03,518 RX 8E F1 B1 58 04 13 89 00 13 28 00 13 89 20 13 28 20 7A
2026-10-09 21:26:03,518 RX 8E F1 B1 58 04 13 89 00 13 28 00 13 89 20 13 28 20 7A
2026-10-09 21:26:03,518 RX 8E F1 B1 58 04 13 89 00 13 28 00 13 89 20 13 28 20 7A
2026-10-09 21:26:03,518 RX 8E F1 B1 58 04 13 89 00 13 28 00 13 89 20 13 28 20 7A
2026-10-09 21:26:03,518 RX 8E F1 B1 58 04 13 89 00 13 28 00 13 89 20 13 28 20 7A
2026-10-09 21:26:03,518 RX 8E F1 B1 58 04 13 89 00 13 28 00 13 89 20 13 28 20 7A
2026-10-09 21:26:03,518 RX 8E F1 B1 58 04 13 89 00 13 28 00 13 89 20 13 28 20 7A
2026-10-09 21:26:03,518 RX 8E F1 B1 58 04 13 89 00 13 28 00 13 89 20 13 28 20 7A
2026-10-09 21:26:03,518 RX 8E F1 B1 58 04 13 89 00 13 28 00 13 89 20 13 28 20 7A
2026-10-09 21:26:03,518 RX 8E F1 B1 58 04 13 89 00 13 28 00 13 89 20 13 28 20 7A
2026-10-09 21:26:03,518 RX 8E F1 B1 58 04 13 89 00 13 28 00 13 89 20 13 28 20 7A
2026-10-09 21:26:03,518 RX 8E F1 B1 58 04 13 89 00 13 28 00 13 89 20 13 28 20 7A
2026-10-09 21:26:03,518 RX 8E F1 B1 58 04 13 89 00 13 28 00 13 89 20 13 28 20 7A
2026-10-09 21:26:03,518 RX 8E F1 B1 58 04 13 89 00 13 28 00 13 89 20 13 28 20 7A
2026-10-09 21:26:03,518 RX 8E F1 B1 58 04 13 89 00 13 28 00 13 89 20 13 28 20 7A
2026-10-09 21:26:03,519 RX 8E F1 B1 58 04 13 89 00 13 28 00 13 89 20 13 28 20 7A
2026-10-09 21:26:03,519 RX 8E F1 B1 58 04 13 89 00 13 28 00 13 89 20 13 28 20 7A
2026-10-09 21:26:03,519 RX 8E F1 B1 58 04 13 89 00 13 28 00 13 89 20 13 28 20 7A
2026-10-09 21:26:03,519 RX 8E F1 B1 58 04 13 89 00 13 28 00 13 89 20 13 28 20 7A
2026-10-09 21:26:03,519 RX 8E F1 B1 58 04 13 89 00 13 28 00 13 89 20 13 28 20 7A
2026-10-09 21:26:03,519 RX 8E F1 B1 58 04 13 89 00 13 28 00 13 89 20 13 28 20 7A
2026-10-09 21:26:03,519 RX 8E F1 B1 58 04 13 89 00 13 28 00 13 89 20 13 28 20 7A
2026-10-09 21:26:03,519 RX 8E F1 B1 58 04 13 89 00 13 28 00 13 89 20 13 28 20 7A
2026-10-09 21:26:03,519 RX 8E F1 B1 58 04 13 89 00 13 28 00 13 89 20 13 28 20 7A
2026-10-09 21:26:03,519 RX 8E F1 B1 58 04 13 89 00 13 28 00 13 89 20 13 28 20 7A
2026-10-09 21:26:03,519 RX 8E F1 B1 58 04 13 89 00 13 28 00 13 89 20 13 28 20 7A
2026-10-09 21:26:03,519 RX 8E F1 B1 58 04 13 89 00 13 28 00 13 89 20 13 28 20 7A
2026-10-09 21:26:03,519 RX 8E F1 B1 58 04 13 89 00 13 28 00 13 89 20 13 28 20 7A
2026-10-09 21:26:03,519 RX 8E F1 B1 58 04 13 89 00 13 28 00 13 89 20 13 28 20 7A
2026-10-09 21:26:03,519 RX 8E F1 B1 58 04 13 89 00 13 28 00 13 89 20 13 28 20 7A
2026-10-09 21:26:03,519 RX 8E F1 B1 58 04 13 89 00 13 28 00 13 89 20 13 28 20 7A
2026-10-09 21:26:03,519 RX 8E F1 B1 58 04 13 89 00 13 28 00 13 89 20 13 28 20 7A
2026-10-09 21:26:03,519 RX 8E F1 B1 58 04 13 89 00 13 28 00 13 89 20 13 28 20 7A
2026-10-09 21:26:03,519 RX 8E F1 B1 58 04 13 89 00 13 28 00 13 89 20 13 28 20 7A
2026-10-09 21:26:03,519 RX 8E F1 B1 58 04 13 89 00 13 28 00 13 89 20 13 28 20 7A
2026-10-09 21:26:03,519 RX 8E F1 B1 58 04 13 89 00 13 28 00 13 89 20 13 28 20 7A
2026-10-09 21:26:03,519 RX 8E F1 B1 58 04 13 89 00 13 28 00 13 89 20 13 28 20 7A
2026-10-09 21:26:03,519 RX 8E F1 B1 58 04 13 89 00 13 28 00 13 89 20 13 28 20 7A
2026-10-09 21:26:03,519 RX 8E F1 B1 58 04 13 89 00 13 28 00 13 89 20 13 28 20 7A
2026-10-09 21:26:03,519 RX 8E F1 B1 58 04 13 89 00 13 28 00 13 89 20 13 28 20 7A
2026-10-09 21:26:03,519 RX 8E F1 B1 58 04 13 89 00 13 28 00 13 89 20 13 28 20 7A
2026-10-09 21:26:03,519 RX 8E F1 B1 58 04 13 89 00 13 28 00 13 89 20 13 28 20 7A
2026-10-09 21:26:03,519 RX 8E F1 B1 58 04 13 89 00 13 28 00 13 89 20 13 28 20 7A
2026-10-09 21:26:03,519 RX 8E F1 B1 58 04 13 89 00 13 28 00 13 89 20 13 28 20 7A
2026-10-09 21:26:03,519 RX 8E F1 B1 58 04 13 89 00 13 28 00 13 89 20 13 28 20 7A
2026-10-09 21:26:03,519 RX 8E F1 B1 58 04 13 89 00 13 28 00 13 89 20 13 28 20 7A
2026-10-09 21:26:03,519 RX 8E F1 B1 58 04 13 89 00 13 28 00 13 89 20 13 28 20 7A
2026-10-09 21:26:03,519 RX 8E F1 B1 58 04 13 89 00 13 28 00 13 89 20 13 28 20 7A
2026-10-09 21:26:03,519 RX 8E F1 B1 58 04 13 89 00 13 28 00 13 89 20 13 28 20 7A
2026-10-09 21:26:03,520 RX 8E F1 B1 58 04 13 89 00 13 28 00 13 89 20 13 28 20 7A
2026-10-09 21:26:03,520 RX 8E F1 B1 58 04 13 89 00 13 28 00 13 89 20 13 28 20 7A
2026-10-09 21:26:03,520 RX 8E F1 B1 58 04 13 89 00 13 28 00 13 89 20 13 28 20 7A
2026-10-09 21:26:03,520 RX 8E F1 B1 58 04 13 89 00 13 28 00 13 89 20 13 28 20 7A
2026-10-09 21:26:03,520 RX 8E F1 B1 58 04 13 89 00 13 28 00 13 89 20 13 28 20 7A
2026-10-09 21:26:03,520 RX 8E F1 B1 58 04 13 89 00 13 28 00 13 89 20 13 28 20 7A
2026-10-09 21:26:03,520 RX 8E F1 B1 58 04 13 89 00 13 28 00 13 89 20 13 28 20 7A
2026-10-09 21:26:03,520 RX 8E F1 B1 58 04 13 89 00 13 28 00 13 89 20 13 28 20 7A
2026-10-09 21:26:03,520 RX 8E F1 B1 58 04 13 89 00 13 28 00 13 89 20 13 28 20 7A
2026-10-09 21:26:03,520 RX 8E F1 B1 58 04 13 89 00 13 28 00 13 89 20 13 28 20 7A
2026-10-09 21:26:03,520 RX 8E F1 B1 58 04 13 89 00 13 28 00 13 89 20 13 28 20 7A
2026-10-09 21:26:03,520 RX 8E F1 B1 58 04 13 89 00 13 28 00 13 89 20 13 28 20 7A
2026-10-09 21:26:03,520 RX 8E F1 B1 58 04 13 89 00 13 28 00 13 89 20 13 28 20 7A
2026-10-09 21:26:03,520 RX 8E F1 B1 58 04 13 89 00 13 28 00 13 89 20 13 28 20 7A
2026-10-09 21:26:03,520 RX 8E F1 B1 58 04 13 89 00 13 28 00 13 89 20 13 28 20 7A
2026-10-09 21:26:03,520 RX 8E F1 B1 58 04 13 89 00 13 28 00 13 89 20 13 28 20 7A
2026-10-09 21:26:03,520 RX 8E F1 B1 58 04 13 89 00 13 28 00 13 89 20 13 28 20 7A
2026-10-09 21:26:03,520 RX 8E F1 B1 58 04 13 89 00 13 28 00 13 89 20 13 28 20 7A
2026-10-09 21:26:03,520 RX 8E F1 B1 58 04 13 89 00 13 28 00 13 89 20 13 28 20 7A
2026-10-09 21:26:03,520 RX 8E F1 B1 58 04 13 89 00 13 28 00 13 89 20 13 28 20 7A
2026-10-09 21:26:03,520 RX 8E F1 B1 58 04 13 89 00 13 28 00 13 89 20 13 28 20 7A
2026-10-09 21:26:03,520 RX 8E F1 B1 58 04 13 89 00 13 28 00 13 89 20 13 28 20 7A
2026-10-09 21:26:03,520 RX 8E F1 B1 58 04 13 89 00 13 28 00 13 89 20 13 28 20 7A
2026-10-09 21:26:03,520 RX 8E F1 B1 58 04 13 89 00 13 28 00 13 89 20 13 28 20 7A
2026-10-09 21:26:03,520 RX 8E F1 B1 58 04 13 89 00 13 28 00 13 89 20 13 28 20 7A
2026-10-09 21:26:03,520 RX 8E F1 B1 58 04 13 89 00 13 28 00 13 89 20 13 28 20 7A
2026-10-09 21:26:03,520 RX 8E F1 B1 58 04 13 89 00 13 28 00 13 89 20 13 28 20 7A
2026-10-09 21:26:03,520 RX 8E F1 B1 58 04 13 89 00 13 28 00 13 89 20 13 28 20 7A
2026-10-09 21:26:03,520 RX 8E F1 B1 58 04 13 89 00 13 28 00 13 89 20 13 28 20 7A
2026-10-09 21:26:03,520 RX 8E F1 B1 58 04 13 89 00 13 28 00 13 89 20 13 28 20 7A
2026-10-09 21:26:03,520 RX 8E F1 B1 58 04 13 89 00 13 28 00 13 89 20 13 28 20 7A
2026-10-09 21:26:03,520 RX 8E F1 B1 58 04 13 89 00 13 28 00 13 89 20 13 28 20 7A
2026-10-09 21:26:03,521 RX 8E F1 B1 58 04 13 89 00 13 28 00 13 89 20 13 28 20 7A
2026-10-09 21:26:03,521 RX 8E F1 B1 58 04 13 89 00 13 28 00 13 89 20 13 28 20 7A
2026-10-09 21:26:03,521 RX 8E F1 B1 58 04 13 89 00 13 28 00 13 89 20 13 28 20 7A
2026-10-09 21:26:03,521 RX 8E F1 B1 58 04 13 89 00 13 28 00 13 89 20 13 28 20 7A
2026-10-09 21:26:03,521 RX 8E F1 B1 58 04 13 89 00 13 28 00 13 89 20 13 28 20 7A
2026-10-09 21:26:03,521 RX 8E F1 B1 58 04 13 89 00 13 28 00 13 89 20 13 28 20 7A
2026-10-09 21:26:03,521 RX 8E F1 B1 58 04 13 89 00 13 28 00 13 89 20 13 28 20 7A
2026-10-09 21:26:03,521 RX 8E F1 B1 58 04 13 89 00 13 28 00 13 89 20 13 28 20 7A
2026-10-09 21:26:03,521 RX 8E F1 B1 58 04 13 89 00 13 28 00 13 89 20 13 28 20 7A
2026-10-09 21:26:03,521 RX 8E F1 B1 58 04 13 89 00 13 28 00 13 89 20 13 28 20 7A
2026-10-09 21:26:03,521 RX 8E F1 B1 58 04 13 89 00 13 28 00 13 89 20 13 28 20 7A
2026-10-09 21:26:03,521 RX 8E F1 B1 58 04 13 89 00 13 28 00 13 89 20 13 28 20 7A
2026-10-09 21:26:03,521 RX 8E F1 B1 58 04 13 89 00 13 28 00 13 89 20 13 28 20 7A
2026-10-09 21:26:03,521 RX 8E F1 B1 58 04 13 89 00 13 28 00 13 89 20 13 28 20 7A
2026-10-09 21:26:03,521 RX 8E F1 B1 58 04 13 89 00 13 28 00 13 89 20 13 28 20 7A
2026-10-09 21:26:03,521 RX 8E F1 B1 58 04 13 89 00 13 28 00 13 89 20 13 28 20 7A
2026-10-09 21:26:03,521 RX 8E F1 B1 58 04 13 89 00 13 28 00 13 89 20 13 28 20 7A
2026-10-09 21:26:03,521 RX 8E F1 B1 58 04 13 89 00 13 28 00 13 89 20 13 28 20 7A
2026-10-09 21:26:03,521 RX 8E F1 B1 58 04 13 89 00 13 28 00 13 89 20 13 28 20 7A
2026-10-09 21:26:03,521 RX 8E F1 B1 58 04 13 89 00 13 28 00 13 89 20 13 28 20 7A
2026-10-09 21:26:03,521 RX 8E F1 B1 58 04 13 89 00 13 28 00 13 89 20 13 28 20 7A
2026-10-09 21:26:03,521 RX 8E F1 B1 58 04 13 89 00 13 28 00 13 89 20 13 28 20 7A
2026-10-09 21:26:03,521 RX 8E F1 B1 58 04 13 89 00 13 28 00 13 89 20 13 28 20 7A
2026-10-09 21:26:03,521 RX 8E F1 B1 58 04 13 89 00 13 28 00 13 89 20 13 28 20 7A
2026-10-09 21:26:03,521 RX 8E F1 B1 58 04 13 89 00 13 28 00 13 89 20 13 28 20 7A
2026-10-09 21:26:03,521 RX 8E F1 B1 58 04 13 89 00 13 28 00 13 89 20 13 28 20 7A
2026-10-09 21:26:03,521 RX 8E F1 B1 58 04 13 89 00 13 28 00 13 89 20 13 28 20 7A
2026-10-09 21:26:03,521 RX 8E F1 B1 58 04 13 89 00 13 28 00 13 89 20 13 28 20 7A
2026-10-09 21:26:03,521 RX 8E F1 B1 58 04 13 89 00 13 28 00 13 89 20 13 28 20 7A
2026-10-09 21:26:03,521 RX 8E F1 B1 58 04 13 89 00 13 28 00 13 89 20 13 28 20 7A
2026-10-09 21:26:03,521 RX 8E F1 B1 58 04 13 89 00 13 28 00 13 89 20 13 28 20 7A
2026-10-09 21:26:03,521 RX 8E F1 B1 58 04 13 89 00 13 28 00 13 89 20 13 28 20 7A
2026-10-09 21:26:03,521 RX 8E F1 B1 58 04 13 89 00 13 28 00 13 89 20 13 28 20 7A
2026-10-09 21:26:03,521 RX 8E F1 B1 58 04 13 89 00 13 28 00 13 89 20 13 28 20 7A
2026-10-09 21:26:03,522 RX 8E F1 B1 58 04 13 89 00 13 28 00 13 89 20 13 28 20 7A
2026-10-09 21:26:03,522 RX 8E F1 B1 58 04 13 89 00 13 28 00 13 89 20 13 28 20 7A
2026-10-09 21:26:03,522 RX 8E F1 B1 58 04 13 89 00 13 28 00 13 89 20 13 28 20 7A
2026-10-09 21:26:03,522 RX 8E F1 B1 58 04 13 89 00 13 28 00 13 89 20 13 28 20 7A
2026-10-09 21:26:03,522 RX 8E F1 B1 58 04 13 89 00 13 28 00 13 89 20 13 28 20 7A
2026-10-09 21:26:03,522 RX 8E F1 B1 58 04 13 89 00 13 28 00 13 89 20 13 28 20 7A
2026-10-09 21:26:03,522 RX 8E F1 B1 58 04 13 89 00 13 28 00 13 89 20 13 28 20 7A
2026-10-09 21:26:03,522 RX 8E F1 B1 58 04 13 89 00 13 28 00 13 89 20 13 28 20 7A
2026-10-09 21:26:03,522 RX 8E F1 B1 58 04 13 89 00 13 28 00 13 89 20 13 28 20 7A
2026-10-09 21:26:03,522 RX 8E F1 B1 58 04 13 89 00 13 28 00 13 89 20 13 28 20 7A
2026-10-09 21:26:03,522 RX 8E F1 B1 58 04 13 89 00 13 28 00 13 89 20 13 28 20 7A
2026-10-09 21:26:03,522 RX 8E F1 B1 58 04 13 89 00 13 28 00 13 89 20 13 28 20 7A
2026-10-09 21:26:03,522 RX 8E F1 B1 58 04 13 89 00 13 28 00 13 89 20 13 28 20 7A
2026-10-09 21:26:03,522 RX 8E F1 B1 58 04 13 89 00 13 28 00 13 89 20 13 28 20 7A
2026-10-09 21:26:03,522 RX 8E F1 B1 58 04 13 89 00 13 28 00 13 89 20 13 28 20 7A
2026-10-09 21:26:03,522 RX 8E F1 B1 58 04 13 89 00 13 28 00 13 89 20 13 28 20 7A
2026-10-09 21:26:03,522 RX 8E F1 B1 58 04 13 89 00 13 28 00 13 89 20 13 28 20 7A
2026-10-09 21:26:03,522 RX 8E F1 B1 58 04 13 89 00 13 28 00 13 89 20 13 28 20 7A
2026-10-09 21:26:03,522 RX 8E F1 B1 58 04 13 89 00 13 28 00 13 89 20 13 28 20 7A
2026-10-09 21:26:03,522 RX 8E F1 B1 58 04 13 89 00 13 28 00 13 89 20 13 28 20 7A
2026-10-09 21:26:03,522 RX 8E F1 B1 58 04 13 89 00 13 28 00 13 89 20 13 28 20 7A
2026-10-09 21:26:03,522 RX 8E F1 B1 58 04 13 89 00 13 28 00 13 89 20 13 28 20 7A
2026-10-09 21:26:03,522 RX 8E F1 B1 58 04 13 89 00 13 28 00 13 89 20 13 28 20 7A
2026-10-09 21:26:03,522 RX 8E F1 B1 58 04 13 89 00 13 28 00 13 89 20 13 28 20 7A
2026-10-09 21:26:03,522 RX 8E F1 B1 58 04 13 89 00 13 28 00 13 89 20 13 28 20 7A
2026-10-09 21:26:03,522 RX 8E F1 B1 58 04 13 89 00 13 28 00 13 89 20 13 28 20 7A
2026-10-09 21:26:03,522 RX 8E F1 B1 58 04 13 89 00 13 28 00 13 89 20 13 28 20 7A
2026-10-09 21:26:03,522 RX 8E F1 B1 58 04 13 89 00 13 28 00 13 89 20 13 28 20 7A
2026-10-09 21:26:03,522 RX 8E F1 B1 58 04 13 89 00 13 28 00 13 89 20 13 28 20 7A
2026-10-09 21:26:03,522 RX 8E F1 B1 58 04 13 89 00 13 28 00 13 89 20 13 28 20 7A
2026-10-09 21:26:03,522 RX 8E F1 B1 58 04 13 89 00 13 28 00 13 89 20 13 28 20 7A
2026-10-09 21:26:03,522 RX 8E F1 B1 58 04 13 89 00 13 28 00 13 89 20 13 28 20 7A
2026-10-09 21:26:03,522 RX 8E F1 B1 58 04 13 89 00 13 28 00 13 89 20 13 28 20 7A
2026-10-09 21:26:03,523 RX 8E F1 B1 58 04 13 89 00 13 28 00 13 89 20 13 28 20 7A
2026-10-09 21:26:03,523 RX 8E F1 B1 58 04 13 89 00 13 28 00 13 89 20 13 28 20 7A
2026-10-09 21:26:03,523 RX 8E F1 B1 58 04 13 89 00 13 28 00 13 89 20 13 28 20 7A
2026-10-09 21:26:03,523 RX 8E F1 B1 58 04 13 89 00 13 28 00 13 89 20 13 28 20 7A
2026-10-09 21:26:03,523 RX 8E F1 B1 58 04 13 89 00 13 28 00 13 89 20 13 28 20 7A
2026-10-09 21:26:03,523 RX 8E F1 B1 58 04 13 89 00 13 28 00 13 89 20 13 28 20 7A
2026-10-09 21:26:03,523 RX 8E F1 B1 58 04 13 89 00 13 28 00 13 89 20 13 28 20 7A
2026-10-09 21:26:03,523 RX 8E F1 B1 58 04 13 89 00 13 28 00 13 89 20 13 28 20 7A
2026-10-09 21:26:03,523 RX 8E F1 B1 58 04 13 89 00 13 28 00 13 89 20 13 28 20 7A
2026-10-09 21:26:03,523 RX 8E F1 B1 58 04 13 89 00 13 28 00 13 89 20 13 28 20 7A
2026-10-09 21:26:03,523 RX 8E F1 B1 58 04 13 89 00 13 28 00 13 89 20 13 28 20 7A
2026-10-09 21:26:03,523 RX 8E F1 B1 58 04 13 89 00 13 28 00 13 89 20 13 28 20 7A
2026-10-09 21:26:03,523 RX 8E F1 B1 58 04 13 89 00 13 28 00 13 89 20 13 28 20 7A
2026-10-09 21:26:03,523 RX 8E F1 B1 58 04 13 89 00 13 28 00 13 89 20 13 28 20 7A
2026-10-09 21:26:03,523 RX 8E F1 B1 58 04 13 89 00 13 28 00 13 89 20 13 28 20 7A
2026-10-09 21:26:03,523 RX 8E F1 B1 58 04 13 89 00 13 28 00 13 89 20 13 28 20 7A
2026-10-09 21:26:03,523 RX 8E F1 B1 58 04 13 89 00 13 28 00 13 89 20 13 28 20 7A
2026-10-09 21:26:03,523 RX 8E F1 B1 58 04 13 89 00 13 28 00 13 89 20 13 28 20 7A
2026-10-09 21:26:03,523 RX 8E F1 B1 58 04 13 89 00 13 28 00 13 89 20 13 28 20 7A
2026-10-09 21:26:03,523 RX 8E F1 B1 58 04 13 89 00 13 28 00 13 89 20 13 28 20 7A
2026-10-09 21:26:03,523 RX 8E F1 B1 58 04 13 89 00 13 28 00 13 89 20 13 28 20 7A
2026-10-09 21:26:03,523 RX 8E F1 B1 58 04 13 89 00 13 28 00 13 89 20 13 28 20 7A
2026-10-09 21:26:03,523 RX 8E F1 B1 58 04 13 89 00 13 28 00 13 89 20 13 28 20 7A
2026-10-09 21:26:03,523 RX 8E F1 B1 58 04 13 89 00 13 28 00 13 89 20 13 28 20 7A
2026-10-09 21:26:03,523 RX 8E F1 B1 58 04 13 89 00 13 28 00 13 89 20 13 28 20 7A
2026-10-09 21:26:03,524 RX 8E F1 B1 58 04 13 89 00 13 28 00 13 89 20 13 28 20 7A
2026-10-09 21:26:03,524 RX 8E F1 B1 58 04 13 89 00 13 28 00 13 89 20 13 28 20 7A
2026-10-09 21:26:03,524 RX 8E F1 B1 58 04 13 89 00 13 28 00 13 89 20 13 28 20 7A
2026-10-09 21:26:03,524 RX 8E F1 B1 58 04 13 89 00 13 28 00 13 89 20 13 28 20 7A
2026-10-09 21:26:03,524 RX 8E F1 B1 58 04 13 89 00 13 28 00 13 89 20 13 28 20 7A
2026-10-09 21:26:03,524 RX 8E F1 B1 58 04 13 89 00 13 28 00 13 89 20 13 28 20 7A
2026-10-09 21:26:03,524 RX 8E F1 B1 58 04 13 89 00 13 28 00 13 89 20 13 28 20 7A
2026-10-09 21:26:03,524 RX 8E F1 B1 58 04 13 89 00 13 28 00 13 89 20 13 28 20 7A
2026-10-09 21:26:03,524 RX 8E F1 B1 58 04 13 89 00 13 28 00 13 89 20 13 28 20 7A
2026-10-09 21:26:03,524 RX 8E F1 B1 58 04 13 89 00 13 28 00 13 89 20 13 28 20 7A
2026-10-09 21:26:03,524 RX 8E F1 B1 58 04 13 89 00 13 28 00 13 89 20 13 28 20 7A
2026-10-09 21:26:03,524 RX 8E F1 B1 58 04 13 89 00 13 28 00 13 89 20 13 28 20 7A
2026-10-09 21:26:03,524 RX 8E F1 B1 58 04 13 89 00 13 28 00 13 89 20 13 28 20 7A
2026-10-09 21:26:03,524 RX 8E F1 B1 58 04 13 89 00 13 28 00 13 89 20 13 28 20 7A
2026-10-09 21:26:03,524 RX 8E F1 B1 58 04 13 89 00 13 28 00 13 89 20 13 28 20 7A
2026-10-09 21:26:03,525 RX 8E F1 B1 58 04 13 89 00 13 28 00 13 89 20 13 28 20 7A
2026-10-09 21:26:03,525 RX 8E F1 B1 58 04 13 89 00 13 28 00 13 89 20 13 28 20 7A
2026-10-09 21:26:03,525 RX 8E F1 B1 58 04 13 89 00 13 28 00 13 89 20 13 28 20 7A
2026-10-09 21:26:03,525 RX 8E F1 B1 58 04 13 89 00 13 28 00 13 89 20 13 28 20 7A
2026-10-09 21:26:03,525 RX 8E F1 B1 58 04 13 89 00 13 28 00 13 89 20 13 28 20 7A
2026-10-09 21:26:03,525 RX 8E F1 B1 58 04 13 89 00 13 28 00 13 89 20 13 28 20 7A
2026-10-09 21:26:03,525 RX 8E F1 B1 58 04 13 89 00 13 28 00 13 89 20 13 28 20 7A
2026-10-09 21:26:03,525 RX 8E F1 B1 58 04 13 89 00 13 28 00 13 89 20 13 28 20 7A
2026-10-09 21:26:03,525 RX 8E F1 B1 58 04 13 89 00 13 28 00 13 89 20 13 28 20 7A
2026-10-09 21:26:03,525 RX 8E F1 B1 58 04 13 89 00 13 28 00 13 89 20 13 28 20 7A
2026-10-09 21:26:03,525 RX 8E F1 B1 58 04 13 89 00 13 28 00 13 89 20 13 28 20 7A
2026-10-09 21:26:03,525 RX 8E F1 B1 58 04 13 89 00 13 28 00 13 89 20 13 28 20 7A
2026-10-09 21:26:03,525 RX 8E F1 B1 58 04 13 89 00 13 28 00 13 89 20 13 28 20 7A
2026-10-09 21:26:03,525 RX 8E F1 B1 58 04 13 89 00 13 28 00 13 89 20 13 28 20 7A
2026-10-09 21:26:03,525 RX 8E F1 B1 58 04 13 89 00 13 28 00 13 89 20 13 28 20 7A
2026-10-09 21:26:03,525 RX 8E F1 B1 58 04 13 89 00 13 28 00 13 89 20 13 28 20 7A
2026-10-09 21:26:03,525 RX 8E F1 B1 58 04 13 89 00 13 28 00 13 89 20 13 28 20 7A
2026-10-09 21:26:03,525 RX 8E F1 B1 58 04 13 89 00 13 28 00 13 89 20 13 28 20 7A
2026-10-09 21:26:03,525 RX 8E F1 B1 58 04 13 89 00 13 28 00 13 89 20 13 28 20 7A
2026-10-09 21:26:03,525 RX 8E F1 B1 58 04 13 89 00 13 28 00 13 89 20 13 28 20 7A
2026-10-09 21:26:03,525 RX 8E F1 B1 58 04 13 89 00 13 28 00 13 89 20 13 28 20 7A
2026-10-09 21:26:03,525 RX 8E F1 B1 58 04 13 89 00 13 28 00 13 89 20 13 28 20 7A
2026-10-09 21:26:03,525 RX 8E F1 B1 58 04 13 89 00 13 28 00 13 89 20 13 28 20 7A
2026-10-09 21:26:03,525 RX 8E F1 B1 58 04 13 89 00 13 28 00 13 89 20 13 28 20 7A
2026-10-09 21:26:03,525 RX 8E F1 B1 58 04 13 89 00 13 28 00 13 89 20 13 28 20 7A
2026-10-09 21:26:03,525 RX 8E F1 B1 58 04 13 89 00 13 28 00 13 89 20 13 28 20 7A
2026-10-09 21:26:03,525 RX 8E F1 B1 58 04 13 89 00 13 28 00 13 89 20 13 28 20 7A
2026-10-09 21:26:03,525 RX 8E F1 B1 58 04 13 89 00 13 28 00 13 89 20 13 28 20 7A
2026-10-09 21:26:03,526 RX 8E F1 B1 58 04 13 89 00 13 28 00 13 89 20 13 28 20 7A
2026-10-09 21:26:03,526 RX 8E F1 B1 58 04 13 89 00 13 28 00 13 89 20 13 28 20 7A
2026-10-09 21:26:03,526 RX 8E F1 B1 58 04 13 89 00 13 28 00 13 89 20 13 28 20 7A
2026-10-09 21:26:03,526 RX 8E F1 B1 58 04 13 89 00 13 28 00 13 89 20 13 28 20 7A
2026-10-09 21:26:03,526 RX 8E F1 B1 58 04 13 89 00 13 28 00 13 89 20 13 28 20 7A
2026-10-09 21:26:03,526 RX 8E F1 B1 58 04 13 89 00 13 28 00 13 89 20 13 28 20 7A
2026-10-09 21:26:03,526 RX 8E F1 B1 58 04 13 89 00 13 28 00 13 89 20 13 28 20 7A
2026-10-09 21:26:03,526 RX 8E F1 B1 58 04 13 89 00 13 28 00 13 89 20 13 28 20 7A
2026-10-09 21:26:03,526 RX 8E F1 B1 58 04 13 89 00 13 28 00 13 89 20 13 28 20 7A
2026-10-09 21:26:03,526 RX 8E F1 B1 58 04 13 89 00 13 28 00 13 89 20 13 28 20 7A
2026-10-09 21:26:03,526 RX 8E F1 B1 58 04 13 89 00 13 28 00 13 89 20 13 28 20 7A
2026-10-09 21:26:03,526 RX 8E F1 B1 58 04 13 89 00 13 28 00 13 89 20 13 28 20 7A
2026-10-09 21:26:03,526 RX 8E F1 B1 58 04 13 89 00 13 28 00 13 89 20 13 28 20 7A
2026-10-09 21:26:03,526 RX 8E F1 B1 58 04 13 89 00 13 28 00 13 89 20 13 28 20 7A
2026-10-09 21:26:03,526 RX 8E F1 B1 58 04 13 89 00 13 28 00 13 89 20 13 28 20 7A
2026-10-09 21:26:03,526 RX 8E F1 B1 58 04 13 89 00 13 28 00 13 89 20 13 28 20 7A
2026-10-09 21:26:03,526 RX 8E F1 B1 58 04 13 89 00 13 28 00 13 89 20 13 28 20 7A
2026-10-09 21:26:03,526 RX 8E F1 B1 58 04 13 89 00 13 28 00 13 89 20 13 28 20 7A
2026-10-09 21:26:03,526 RX 8E F1 B1 58 04 13 89 00 13 28 00 13 89 20 13 28 20 7A
2026-10-09 21:26:03,526 RX 8E F1 B1 58 04 13 89 00 13 28 00 13 89 20 13 28 20 7A
2026-10-09 21:26:03,526 RX 8E F1 B1 58 04 13 89 00 13 28 00 13 89 20 13 28 20 7A
2026-10-09 21:26:03,526 RX 8E F1 B1 58 04 13 89 00 13 28 00 13 89 20 13 28 20 7A
2026-10-09 21:26:03,526 RX 8E F1 B1 58 04 13 89 00 13 28 00 13 89 20 13 28 20 7A
2026-10-09 21:26:03,526 RX 8E F1 B1 58 04 13 89 00 13 28 00 13 89 20 13 28 20 7A
2026-10-09 21:26:03,526 RX 8E F1 B1 58 04 13 89 00 13 28 00 13 89 20 13 28 20 7A
2026-10-09 21:26:03,526 RX 8E F1 B1 58 04 13 89 00 13 28 00 13 89 20 13 28 20 7A
2026-10-09 21:26:03,526 RX 8E F1 B1 58 04 13 89 00 13 28 00 13 89 20 13 28 20 7A
2026-10-09 21:26:03,526 RX 8E F1 B1 58 04 13 89 00 13 28 00 13 89 20 13 28 20 7A
2026-10-09 21:26:03,526 RX 8E F1 B1 58 04 13 89 00 13 28 00 13 89 20 13 28 20 7A
2026-10-09 21:26:03,526 RX 8E F1 B1 58 04 13 89 00 13 28 00 13 89 20 13 28 20 7A
2026-10-09 21:26:03,526 RX 8E F1 B1 58 04 13 89 00 13 28 00 13 89 20 13 28 20 7A
2026-10-09 21:26:03,526 RX 8E F1 B1 58 04 13 89 00 13 28 00 13 89 20 13 28 20 7A
2026-10-09 21:26:03,526 RX 8E F1 B1 58 04 13 89 00 13 28 00 13 89 20 13 28 20 7A
2026-10-09 21:26:03,527 RX 8E F1 B1 58 04 13 89 00 13 28 00 13 89 20 13 28 20 7A
2026-10-09 21:26:03,527 RX 8E F1 B1 58 04 13 89 00 13 28 00 13 89 20 13 28 20 7A
2026-10-09 21:26:03,527 RX 8E F1 B1 58 04 13 89 00 13 28 00 13 89 20 13 28 20 7A
2026-10-09 21:26:03,527 RX 8E F1 B1 58 04 13 89 00 13 28 00 13 89 20 13 28 20 7A
2026-10-09 21:26:03,527 RX 8E F1 B1 58 04 13 89 00 13 28 00 13 89 20 13 28 20 7A
2026-10-09 21:26:03,527 RX 8E F1 B1 58 04 13 89 00 13 28 00 13 89 20 13 28 20 7A
2026-10-09 21:26:03,527 RX 8E F1 B1 58 04 13 89 00 13 28 00 13 89 20 13 28 20 7A
2026-10-09 21:26:03,527 RX 8E F1 B1 58 04 13 89 00 13 28 00 13 89 20 13 28 20 7A
2026-10-09 21:26:03,527 RX 8E F1 B1 58 04 13 89 00 13 28 00 13 89 20 13 28 20 7A
2026-10-09 21:26:03,527 RX 8E F1 B1 58 04 13 89 00 13 28 00 13 89 20 13 28 20 7A
2026-10-09 21:26:03,527 RX 8E F1 B1 58 04 13 89 00 13 28 00 13 89 20 13 28 20 7A
2026-10-09 21:26:03,527 RX 8E F1 B1 58 04 13 89 00 13 28 00 13 89 20 13 28 20 7A
2026-10-09 21:26:03,527 RX 8E F1 B1 58 04 13 89 00 13 28 00 13 89 20 13 28 20 7A
2026-10-09 21:26:03,527 RX 8E F1 B1 58 04 13 89 00 13 28 00 13 89 20 13 28 20 7A
2026-10-09 21:26:03,527 RX 8E F1 B1 58 04 13 89 00 13 28 00 13 89 20 13 28 20 7A
2026-10-09 21:26:03,527 RX 8E F1 B1 58 04 13 89 00 13 28 00 13 89 20 13 28 20 7A
2026-10-09 21:26:03,527 RX 8E F1 B1 58 04 13 89 00 13 28 00 13 89 20 13 28 20 7A
2026-10-09 21:26:03,527 RX 8E F1 B1 58 04 13 89 00 13 28 00 13 89 20 13 28 20 7A
2026-10-09 21:26:03,527 RX 8E F1 B1 58 04 13 89 00 13 28 00 13 89 20 13 28 20 7A
2026-10-09 21:26:03,527 RX 8E F1 B1 58 04 13 89 00 13 28 00 13 89 20 13 28 20 7A
2026-10-09 21:26:03,527 RX 8E F1 B1 58 04 13 89 00 13 28 00 13 89 20 13 28 20 7A
2026-10-09 21:26:03,527 RX 8E F1 B1 58 04 13 89 00 13 28 00 13 89 20 13 28 20 7A
2026-10-09 21:26:03,527 RX 8E F1 B1 58 04 13 89 00 13 28 00 13 89 20 13 28 20 7A
2026-10-09 21:26:03,527 RX 8E F1 B1 58 04 13 89 00 13 28 00 13 89 20 13 28 20 7A
2026-10-09 21:26:03,527 RX 8E F1 B1 58 04 13 89 00 13 28 00 13 89 20 13 28 20 7A
2026-10-09 21:26:03,527 RX 8E F1 B1 58 04 13 89 00 13 28 00 13 89 20 13 28 20 7A
2026-10-09 21:26:03,527 RX 8E F1 B1 58 04 13 89 00 13 28 00 13 89 20 13 28 20 7A
2026-10-09 21:26:03,527 RX 8E F1 B1 58 04 13 89 00 13 28 00 13 89 20 13 28 20 7A
2026-10-09 21:26:03,527 RX 8E F1 B1 58 04 13 89 00 13 28 00 13 89 20 13 28 20 7A
2026-10-09 21:26:03,527 RX 8E F1 B1 58 04 13 89 00 13 28 00 13 89 20 13 28 20 7A
2026-10-09 21:26:03,527 RX 8E F1 B1 58 04 13 89 00 13 28 00 13 89 20 13 28 20 7A
2026-10-09 21:26:03,527 RX 8E F1 B1 58 04 13 89 00 13 28 00 13 89 20 13 28 20 7A
2026-10-09 21:26:03,527 RX 8E F1 B1 58 04 13 89 00 13 28 00 13 89 20 13 28 20 7A
2026-10-09 21:26:03,528 RX 8E F1 B1 58 04 13 89 00 13 28 00 13 89 20 13 28 20 7A
2026-10-09 21:26:03,528 RX 8E F1 B1 58 04 13 89 00 13 28 00 13 89 20 13 28 20 7A
2026-10-09 21:26:03,528 RX 8E F1 B1 58 04 13 89 00 13 28 00 13 89 20 13 28 20 7A
2026-10-09 21:26:03,528 RX 8E F1 B1 58 04 13 89 00 13 28 00 13 89 20 13 28 20 7A
2026-10-09 21:26:03,528 RX 8E F1 B1 58 04 13 89 00 13 28 00 13 89 20 13 28 20 7A
2026-10-09 21:26:03,528 RX 8E F1 B1 58 04 13 89 00 13 28 00 13 89 20 13 28 20 7A
2026-10-09 21:26:03,528 RX 8E F1 B1 58 04 13 89 00 13 28 00 13 89 20 13 28 20 7A
2026-10-09 21:26:03,528 RX 8E F1 B1 58 04 13 89 00 13 28 00 13 89 20 13 28 20 7A
2026-10-09 21:26:03,528 RX 8E F1 B1 58 04 13 89 00 13 28 00 13 89 20 13 28 20 7A
2026-10-09 21:26:03,528 RX 8E F1 B1 58 04 13 89 00 13 28 00 13 89 20 13 28 20 7A
2026-10-09 21:26:03,528 RX 8E F1 B1 58 04 13 89 00 13 28 00 13 89 20 13 28 20 7A
2026-10-09 21:26:03,528 RX 8E F1 B1 58 04 13 89 00 13 28 00 13 89 20 13 28 20 7A
2026-10-09 21:26:03,528 RX 8E F1 B1 58 04 13 89 00 13 28 00 13 89 20 13 28 20 7A
2026-10-09 21:26:03,528 RX 8E F1 B1 58 04 13 89 00 13 28 00 13 89 20 13 28 20 7A
2026-10-09 21:26:03,528 RX 8E F1 B1 58 04 13 89 00 13 28 00 13 89 20 13 28 20 7A
2026-10-09 21:26:03,528 RX 8E F1 B1 58 04 13 89 00 13 28 00 13 89 20 13 28 20 7A
2026-10-09 21:26:03,528 RX 8E F1 B1 58 04 13 89 00 13 28 00 13 89 20 13 28 20 7A
2026-10-09 21:26:03,528 RX 8E F1 B1 58 04 13 89 00 13 28 00 13 89 20 13 28 20 7A
2026-10-09 21:26:03,528 RX 8E F1 B1 58 04 13 89 00 13 28 00 13 89 20 13 28 20 7A
2026-10-09 21:26:03,528 RX 8E F1 B1 58 04 13 89 00 13 28 00 13 89 20 13 28 20 7A
2026-10-09 21:26:03,528 RX 8E F1 B1 58 04 13 89 00 13 28 00 13 89 20 13 28 20 7A
2026-10-09 21:26:03,528 RX 8E F1 B1 58 04 13 89 00 13 28 00 13 89 20 13 28 20 7A
2026-10-09 21:26:03,528 RX 8E F1 B1 58 04 13 89 00 13 28 00 13 89 20 13 28 20 7A
2026-10-09 21:26:03,528 RX 8E F1 B1 58 04 13 89 00 13 28 00 13 89 20 13 28 20 7A
2026-10-09 21:26:03,528 RX 8E F1 B1 58 04 13 89 00 13 28 00 13 89 20 13 28 20 7A
2026-10-09 21:26:03,528 RX 8E F1 B1 58 04 13 89 00 13 28 00 13 89 20 13 28 20 7A
2026-10-09 21:26:03,528 RX 8E F1 B1 58 04 13 89 00 13 28 00 13 89 20 13 28 20 7A
2026-10-09 21:26:03,528 RX 8E F1 B1 58 04 13 89 00 13 28 00 13 89 20 13 28 20 7A
2026-10-09 21:26:03,528 RX 8E F1 B1 58 04 13 89 00 13 28 00 13 89 20 13 28 20 7A
2026-10-09 21:26:03,528 RX 8E F1 B1 58 04 13 89 00 13 28 00 13 89 20 13 28 20 7A
2026-10-09 21:26:03,528 RX 8E F1 B1 58 04 13 89 00 13 28 00 13 89 20 13 28 20 7A
2026-10-09 21:26:03,528 RX 8E F1 B1 58 04 13 89 00 13 28 00 13 89 20 13 28 20 7A
2026-10-09 21:26:03,529 RX 8E F1 B1 58 04 13 89 00 13 28 00 13 89 20 13 28 20 7A
2026-10-09 21:26:03,529 RX 8E F1 B1 58 04 13 89 00 13 28 00 13 89 20 13 28 20 7A
2026-10-09 21:26:03,529 RX 8E F1 B1 58 04 13 89 00 13 28 00 13 89 20 13 28 20 7A
2026-10-09 21:26:03,529 RX 8E F1 B1 58 04 13 89 00 13 28 00 13 89 20 13 28 20 7A
2026-10-09 21:26:03,529 RX 8E F1 B1 58 04 13 89 00 13 28 00 13 89 20 13 28 20 7A
2026-10-09 21:26:03,529 RX 8E F1 B1 58 04 13 89 00 13 28 00 13 89 20 13 28 20 7A
2026-10-09 21:26:03,529 RX 8E F1 B1 58 04 13 89 00 13 28 00 13 89 20 13 28 20 7A
2026-10-09 21:26:03,529 RX 8E F1 B1 58 04 13 89 00 13 28 00 13 89 20 13 28 20 7A
2026-10-09 21:26:03,529 RX 8E F1 B1 58 04 13 89 00 13 28 00 13 89 20 13 28 20 7A
2026-10-09 21:26:03,529 RX 8E F1 B1 58 04 13 89 00 13 28 00 13 89 20 13 28 20 7A
2026-10-09 21:26:03,529 RX 8E F1 B1 58 04 13 89 00 13 28 00 13 89 20 13 28 20 7A
2026-10-09 21:26:03,529 RX 8E F1 B1 58 04 13 89 00 13 28 00 13 89 20 13 28 20 7A
2026-10-09 21:26:03,529 RX 8E F1 B1 58 04 13 89 00 13 28 00 13 89 20 13 28 20 7A
2026-10-09 21:26:03,529 RX 8E F1 B1 58 04 13 89 00 13 28 00 13 89 20 13 28 20 7A
2026-10-09 21:26:03,529 RX 8E F1 B1 58 04 13 89 00 13 28 00 13 89 20 13 28 20 7A
2026-10-09 21:26:03,529 RX 8E F1 B1 58 04 13 89 00 13 28 00 13 89 20 13 28 20 7A
2026-10-09 21:26:03,529 RX 8E F1 B1 58 04 13 89 00 13 28 00 13 89 20 13 28 20 7A
2026-10-09 21:26:03,529 RX 8E F1 B1 58 04 13 89 00 13 28 00 13 89 20 13 28 20 7A
2026-10-09 21:26:03,529 RX 8E F1 B1 58 04 13 89 00 13 28 00 13 89 20 13 28 20 7A
2026-10-09 21:26:03,529 RX 8E F1 B1 58 04 13 89 00 13 28 00 13 89 20 13 28 20 7A
2026-10-09 21:26:03,529 RX 8E F1 B1 58 04 13 89 00 13 28 00 13 89 20 13 28 20 7A
2026-10-09 21:26:03,529 RX 8E F1 B1 58 04 13 89 00 13 28 00 13 89 20 13 28 20 7A
2026-10-09 21:26:03,529 RX 8E F1 B1 58 04 13 89 00 13 28 00 13 89 20 13 28 20 7A
2026-10-09 21:26:03,529 RX 8E F1 B1 58 04 13 89 00 13 28 00 13 89 20 13 28 20 7A
2026-10-09 21:26:03,529 RX 8E F1 B1 58 04 13 89 00 13 28 00 13 89 20 13 28 20 7A
2026-10-09 21:26:03,529 RX 8E F1 B1 58 04 13 89 00 13 28 00 13 89 20 13 28 20 7A
2026-10-09 21:26:03,529 RX 8E F1 B1 58 04 13 89 00 13 28 00 13 89 20 13 28 20 7A
2026-10-09 21:26:03,529 RX 8E F1 B1 58 04 13 89 00 13 28 00 13 89 20 13 28 20 7A
2026-10-09 21:26:03,529 RX 8E F1 B1 58 04 13 89 00 13 28 00 13 89 20 13 28 20 7A
2026-10-09 21:26:03,530 RX 8E F1 B1 58 04 13 89 00 13 28 00 13 89 20 13 28 20 7A
2026-10-09 21:26:03,530 RX 8E F1 B1 58 04 13 89 00 13 28 00 13 89 20 13 28 20 7A
2026-10-09 21:26:03,530 RX 8E F1 B1 58 04 13 89 00 13 28 00 13 89 20 13 28 20 7A
2026-10-09 21:26:03,530 RX 8E F1 B1 58 04 13 89 00 13 28 00 13 89 20 13 28 20 7A
2026-10-09 21:26:03,530 RX 8E F1 B1 58 04 13 89 00 13 28 00 13 89 20 13 28 20 7A
2026-10-09 21:26:03,530 RX 8E F1 B1 58 04 13 89 00 13 28 00 13 89 20 13 28 20 7A
2026-10-09 21:26:03,530 RX 8E F1 B1 58 04 13 89 00 13 28 00 13 89 20 13 28 20 7A
2026-10-09 21:26:03,530 RX 8E F1 B1 58 04 13 89 00 13 28 00 13 89 20 13 28 20 7A
2026-10-09 21:26:03,530 RX 8E F1 B1 58 04 13 89 00 13 28 00 13 89 20 13 28 20 7A
2026-10-09 21:26:03,530 RX 8E F1 B1 58 04 13 89 00 13 28 00 13 89 20 13 28 20 7A
2026-10-09 21:26:03,530 RX 8E F1 B1 58 04 13 89 00 13 28 00 13 89 20 13 28 20 7A
2026-10-09 21:26:03,530 RX 8E F1 B1 58 04 13 89 00 13 28 00 13 89 20 13 28 20 7A
2026-10-09 21:26:03,530 RX 8E F1 B1 58 04 13 89 00 13 28 00 13 89 20 13 28 20 7A
2026-10-09 21:26:03,530 RX 8E F1 B1 58 04 13 89 00 13 28 00 13 89 20 13 28 20 7A
2026-10-09 21:26:03,530 RX 8E F1 B1 58 04 13 89 00 13 28 00 13 89 20 13 28 20 7A
2026-10-09 21:26:03,530 RX 8E F1 B1 58 04 13 89 00 13 28 00 13 89 20 13 28 20 7A
2026-10-09 21:26:03,530 RX 8E F1 B1 58 04 13 89 00 13 28 00 13 89 20 13 28 20 7A
2026-10-09 21:26:03,530 RX 8E F1 B1 58 04 13 89 00 13 28 00 13 89 20 13 28 20 7A
2026-10-09 21:26:03,530 RX 8E F1 B1 58 04 13 89 00 13 28 00 13 89 20 13 28 20 7A
2026-10-09 21:26:03,530 RX 8E F1 B1 58 04 13 89 00 13 28 00 13 89 20 13 28 20 7A
2026-10-09 21:26:03,530 RX 8E F1 B1 58 04 13 89 00 13 28 00 13 89 20 13 28 20 7A
2026-10-09 21:26:03,530 RX 8E F1 B1 58 04 13 89 00 13 28 00 13 89 20 13 28 20 7A
2026-10-09 21:26:03,530 RX 8E F1 B1 58 04 13 89 00 13 28 00 13 89 20 13 28 20 7A
2026-10-09 21:26:03,530 RX 8E F1 B1 58 04 13 89 00 13 28 00 13 89 20 13 28 20 7A
2026-10-09 21:26:03,530 RX 8E F1 B1 58 04 13 89 00 13 28 00 13 89 20 13 28 20 7A
2026-10-09 21:26:03,530 RX 8E F1 B1 58 04 13 89 00 13 28 00 13 89 20 13 28 20 7A
2026-10-09 21:26:03,530 RX 8E F1 B1 58 04 13 89 00 13 28 00 13 89 20 13 28 20 7A
2026-10-09 21:26:03,530 RX 8E F1 B1 58 04 13 89 00 13 28 00 13 89 20 13 28 20 7A
2026-10-09 21:26:03,530 RX 8E F1 B1 58 04 13 89 00 13 28 00 13 89 20 13 28 20 7A
2026-10-09 21:26:03,530 RX 8E F1 B1 58 04 13 89 00 13 28 00 13 89 20 13 28 20 7A
2026-10-09 21:26:03,530 RX 8E F1 B1 58 04 13 89 00 13 28 00 13 89 20 13 28 20 7A
2026-10-09 21:26:03,530 RX 8E F1 B1 58 04 13 89 00 13 28 00 13 89 20 13 28 20 7A
2026-10-09 21:26:03,531 RX 8E F1 B1 58 04 13 89 00 13 28 00 13 89 20 13 28 20 7A
2026-10-09 21:26:03,531 RX 8E F1 B1 58 04 13 89 00 13 28 00 13 89 20 13 28 20 7A
2026-10-09 21:26:03,531 RX 8E F1 B1 58 04 13 89 00 13 28 00 13 89 20 13 28 20 7A
2026-10-09 21:26:03,531 RX 8E F1 B1 58 04 13 89 00 13 28 00 13 89 20 13 28 20 7A
2026-10-09 21:26:03,531 RX 8E F1 B1 58 04 13 89 00 13 28 00 13 89 20 13 28 20 7A
2026-10-09 21:26:03,531 RX 8E F1 B1 58 04 13 89 00 13 28 00 13 89 20 13 28 20 7A
2026-10-09 21:26:03,531 RX 8E F1 B1 58 04 13 89 00 13 28 00 13 89 20 13 28 20 7A
2026-10-09 21:26:03,531 RX 8E F1 B1 58 04 13 89 00 13 28 00 13 89 20 13 28 20 7A
2026-10-09 21:26:03,531 RX 8E F1 B1 58 04 13 89 00 13 28 00 13 89 20 13 28 20 7A
2026-10-09 21:26:03,531 RX 8E F1 B1 58 04 13 89 00 13 28 00 13 89 20 13 28 20 7A
2026-10-09 21:26:03,531 RX 8E F1 B1 58 04 13 89 00 13 28 00 13 89 20 13 28 20 7A
2026-10-09 21:26:03,531 RX 8E F1 B1 58 04 13 89 00 13 28 00 13 89 20 13 28 20 7A
2026-10-09 21:26:03,531 RX 8E F1 B1 58 04 13 89 00 13 28 00 13 89 20 13 28 20 7A
2026-10-09 21:26:03,531 RX 8E F1 B1 58 04 13 89 00 13 28 00 13 89 20 13 28 20 7A
2026-10-09 21:26:03,531 RX 8E F1 B1 58 04 13 89 00 13 28 00 13 89 20 13 28 20 7A
2026-10-09 21:26:03,531 RX 8E F1 B1 58 04 13 89 00 13 28 00 13 89 20 13 28 20 7A
2026-10-09 21:26:03,531 RX 8E F1 B1 58 04 13 89 00 13 28 00 13 89 20 13 28 20 7A
2026-10-09 21:26:03,531 RX 8E F1 B1 58 04 13 89 00 13 28 00 13 89 20 13 28 20 7A
2026-10-09 21:26:03,531 RX 8E F1 B1 58 04 13 89 00 13 28 00 13 89 20 13 28 20 7A
2026-10-09 21:26:03,531 RX 8E F1 B1 58 04 13 89 00 13 28 00 13 89 20 13 28 20 7A
2026-10-09 21:26:03,531 RX 8E F1 B1 58 04 13 89 00 13 28 00 13 89 20 13 28 20 7A
2026-10-09 21:26:03,531 RX 8E F1 B1 58 04 13 89 00 13 28 00 13 89 20 13 28 20 7A
2026-10-09 21:26:03,531 RX 8E F1 B1 58 04 13 89 00 13 28 00 13 89 20 13 28 20 7A
2026-10-09 21:26:03,531 RX 8E F1 B1 58 04 13 89 00 13 28 00 13 89 20 13 28 20 7A
2026-10-09 21:26:03,531 RX 8E F1 B1 58 04 13 89 00 13 28 00 13 89 20 13 28 20 7A
2026-10-09 21:26:03,531 RX 8E F1 B1 58 04 13 89 00 13 28 00 13 89 20 13 28 20 7A
2026-10-09 21:26:03,531 RX 8E F1 B1 58 04 13 89 00 13 28 00 13 89 20 13 28 20 7A
2026-10-09 21:26:03,531 RX 8E F1 B1 58 04 13 89 00 13 28 00 13 89 20 13 28 20 7A
2026-10-09 21:26:03,531 RX 8E F1 B1 58 04 13 89 00 13 28 00 13 89 20 13 28 20 7A
2026-10-09 21:26:03,531 RX 8E F1 B1 58 04 13 89 00 13 28 00 13 89 20 13 28 20 7A
2026-10-09 21:26:03,531 RX 8E F1 B1 58 04 13 89 00 13 28 00 13 89 20 13 28 20 7A
2026-10-09 21:26:03,531 RX 8E F1 B1 58 04 13 89 00 13 28 00 13 89 20 13 28 20 7A
2026-10-09 21:26:03,531 RX 8E F1 B1 58 04 13 89 00 13 28 00 13 89 20 13 28 20 7A
2026-10-09 21:26:03,531 RX 8E F1 B1 58 04 13 89 00 13 28 00 13 89 20 13 28 20 7A
2026-10-09 21:26:03,532 RX 8E F1 B1 58 04 13 89 00 13 28 00 13 89 20 13 28 20 7A
2026-10-09 21:26:03,532 RX 8E F1 B1 58 04 13 89 00 13 28 00 13 89 20 13 28 20 7A
2026-10-09 21:26:03,532 RX 8E F1 B1 58 04 13 89 00 13 28 00 13 89 20 13 28 20 7A
2026-10-09 21:26:03,532 RX 8E F1 B1 58 04 13 89 00 13 28 00 13 89 20 13 28 20 7A
2026-10-09 21:26:03,532 RX 8E F1 B1 58 04 13 89 00 13 28 00 13 89 20 13 28 20 7A
2026-10-09 21:26:03,532 RX 8E F1 B1 58 04 13 89 00 13 28 00 13 89 20 13 28 20 7A
2026-10-09 21:26:03,532 RX 8E F1 B1 58 04 13 89 00 13 28 00 13 89 20 13 28 20 7A
2026-10-09 21:26:03,532 RX 8E F1 B1 58 04 13 89 00 13 28 00 13 89 20 13 28 20 7A
2026-10-09 21:26:03,532 RX 8E F1 B1 58 04 13 89 00 13 28 00 13 89 20 13 28 20 7A
2026-10-09 21:26:03,532 RX 8E F1 B1 58 04 13 89 00 13 28 00 13 89 20 13 28 20 7A
2026-10-09 21:26:03,532 RX 8E F1 B1 58 04 13 89 00 13 28 00 13 89 20 13 28 20 7A
2026-10-09 21:26:03,532 RX 8E F1 B1 58 04 13 89 00 13 28 00 13 89 20 13 28 20 7A
2026-10-09 21:26:03,532 RX 8E F1 B1 58 04 13 89 00 13 28 00 13 89 20 13 28 20 7A
2026-10-09 21:26:03,532 RX 8E F1 B1 58 04 13 89 00 13 28 00 13 89 20 13 28 20 7A
2026-10-09 21:26:03,532 RX 8E F1 B1 58 04 13 89 00 13 28 00 13 89 20 13 28 20 7A
2026-10-09 21:26:03,532 RX 8E F1 B1 58 04 13 89 00 13 28 00 13 89 20 13 28 20 7A
2026-10-09 21:26:03,532 RX 8E F1 B1 58 04 13 89 00 13 28 00 13 89 20 13 28 20 7A
2026-10-09 21:26:03,532 RX 8E F1 B1 58 04 13 89 00 13 28 00 13 89 20 13 28 20 7A
2026-10-09 21:26:03,532 RX 8E F1 B1 58 04 13 89 00 13 28 00 13 89 20 13 28 20 7A
2026-10-09 21:26:03,532 RX 8E F1 B1 58 04 13 89 00 13 28 00 13 89 20 13 28 20 7A
2026-10-09 21:26:03,532 RX 8E F1 B1 58 04 13 89 00 13 28 00 13 89 20 13 28 20 7A
2026-10-09 21:26:03,532 RX 8E F1 B1 58 04 13 89 00 13 28 00 13 89 20 13 28 20 7A
2026-10-09 21:26:03,532 RX 8E F1 B1 58 04 13 89 00 13 28 00 13 89 20 13 28 20 7A
2026-10-09 21:26:03,532 RX 8E F1 B1 58 04 13 89 00 13 28 00 13 89 20 13 28 20 7A
2026-10-09 21:26:03,532 RX 8E F1 B1 58 04 13 89 00 13 28 00 13 89 20 13 28 20 7A
2026-10-09 21:26:03,532 RX 8E F1 B1 58 04 13 89 00 13 28 00 13 89 20 13 28 20 7A
2026-10-09 21:26:03,532 RX 8E F1 B1 58 04 13 89 00 13 28 00 13 89 20 13 28 20 7A
2026-10-09 21:26:03,532 RX 8E F1 B1 58 04 13 89 00 13 28 00 13 89 20 13 28 20 7A
2026-10-09 21:26:03,532 RX 8E F1 B1 58 04 13 89 00 13 28 00 13 89 20 13 28 20 7A
2026-10-09 21:26:03,532 RX 8E F1 B1 58 04 13 89 00 13 28 00 13 89 20 13 28 20 7A
2026-10-09 21:26:03,532 RX 8E F1 B1 58 04 13 89 00 13 28 00 13 89 20 13 28 20 7A
2026-10-09 21:26:03,532 RX 8E F1 B1 58 04 13 89 00 13 28 00 13 89 20 13 28 20 7A
2026-10-09 21:26:03,532 RX 8E F1 B1 58 04 13 89 00 13 28 00 13 89 20 13 28 20 7A
2026-10-09 21:26:03,533 RX 8E F1 B1 58 04 13 89 00 13 28 00 13 89 20 13 28 20 7A
2026-10-09 21:26:03,533 RX 8E F1 B1 58 04 13 89 00 13 28 00 13 89 20 13 28 20 7A
2026-10-09 21:26:03,533 RX 8E F1 B1 58 04 13 89 00 13 28 00 13 89 20 13 28 20 7A
2026-10-09 21:26:03,533 RX 8E F1 B1 58 04 13 89 00 13 28 00 13 89 20 13 28 20 7A
2026-10-09 21:26:03,533 RX 8E F1 B1 58 04 13 89 00 13 28 00 13 89 20 13 28 20 7A
2026-10-09 21:26:03,533 RX 8E F1 B1 58 04 13 89 00 13 28 00 13 89 20 13 28 20 7A
2026-10-09 21:26:03,533 RX 8E F1 B1 58 04 13 89 00 13 28 00 13 89 20 13 28 20 7A
2026-10-09 21:26:03,533 RX 8E F1 B1 58 04 13 89 00 13 28 00 13 89 20 13 28 20 7A
2026-10-09 21:26:03,533 RX 8E F1 B1 58 04 13 89 00 13 28 00 13 89 20 13 28 20 7A
2026-10-09 21:26:03,533 RX 8E F1 B1 58 04 13 89 00 13 28 00 13 89 20 13 28 20 7A
2026-10-09 21:26:03,533 RX 8E F1 B1 58 04 13 89 00 13 28 00 13 89 20 13 28 20 7A
2026-10-09 21:26:03,533 RX 8E F1 B1 58 04 13 89 00 13 28 00 13 89 20 13 28 20 7A
2026-10-09 21:26:03,533 RX 8E F1 B1 58 04 13 89 00 13 28 00 13 89 20 13 28 20 7A
2026-10-09 21:26:03,533 RX 8E F1 B1 58 04 13 89 00 13 28 00 13 89 20 13 28 20 7A
2026-10-09 21:26:03,533 RX 8E F1 B1 58 04 13 89 00 13 28 00 13 89 20 13 28 20 7A
2026-10-09 21:26:03,533 RX 8E F1 B1 58 04 13 89 00 13 28 00 13 89 20 13 28 20 7A
2026-10-09 21:26:03,533 RX 8E F1 B1 58 04 13 89 00 13 28 00 13 89 20 13 28 20 7A
2026-10-09 21:26:03,533 RX 8E F1 B1 58 04 13 89 00 13 28 00 13 89 20 13 28 20 7A
2026-10-09 21:26:03,533 RX 8E F1 B1 58 04 13 89 00 13 28 00 13 89 20 13 28 20 7A
2026-10-09 21:26:03,533 RX 8E F1 B1 58 04 13 89 00 13 28 00 13 89 20 13 28 20 7A
2026-10-09 21:26:03,533 RX 8E F1 B1 58 04 13 89 00 13 28 00 13 89 20 13 28 20 7A
2026-10-09 21:26:03,533 RX 8E F1 B1 58 04 13 89 00 13 28 00 13 89 20 13 28 20 7A
2026-10-09 21:26:03,533 RX 8E F1 B1 58 04 13 89 00 13 28 00 13 89 20 13 28 20 7A
2026-10-09 21:26:03,533 RX 8E F1 B1 58 04 13 89 00 13 28 00 13 89 20 13 28 20 7A
2026-10-09 21:26:03,533 RX 8E F1 B1 58 04 13 89 00 13 28 00 13 89 20 13 28 20 7A
2026-10-09 21:26:03,533 RX 8E F1 B1 58 04 13 89 00 13 28 00 13 89 20 13 28 20 7A
2026-10-09 21:26:03,533 RX 8E F1 B1 58 04 13 89 00 13 28 00 13 89 20 13 28 20 7A
2026-10-09 21:26:03,533 RX 8E F1 B1 58 04 13 89 00 13 28 00 13 89 20 13 28 20 7A
2026-10-09 21:26:03,533 RX 8E F1 B1 58 04 13 89 00 13 28 00 13 89 20 13 28 20 7A
2026-10-09 21:26:03,533 RX 8E F1 B1 58 04 13 89 00 13 28 00 13 89 20 13 28 20 7A
2026-10-09 21:26:03,533 RX 8E F1 B1 58 04 13 89 00 13 28 00 13 89 20 13 28 20 7A
2026-10-09 21:26:03,533 RX 8E F1 B1 58 04 13 89 00 13 28 00 13 89 20 13 28 20 7A
2026-10-09 21:26:03,533 RX 8E F1 B1 58 04 13 89 00 13 28 00 13 89 20 13 28 20 7A
2026-10-09 21:26:03,533 RX 8E F1 B1 58 04 13 89 00 13 28 00 13 89 20 13 28 20 7A
2026-10-09 21:26:03,534 RX 8E F1 B1 58 04 13 89 00 13 28 00 13 89 20 13 28 20 7A
2026-10-09 21:26:03,534 RX 8E F1 B1 58 04 13 89 00 13 28 00 13 89 20 13 28 20 7A
2026-10-09 21:26:03,534 RX 8E F1 B1 58 04 13 89 00 13 28 00 13 89 20 13 28 20 7A
2026-10-09 21:26:03,534 RX 8E F1 B1 58 04 13 89 00 13 28 00 13 89 20 13 28 20 7A
2026-10-09 21:26:03,534 RX 8E F1 B1 58 04 13 89 00 13 28 00 13 89 20 13 28 20 7A
2026-10-09 21:26:03,534 RX 8E F1 B1 58 04 13 89 00 13 28 00 13 89 20 13 28 20 7A
2026-10-09 21:26:03,534 RX 8E F1 B1 58 04 13 89 00 13 28 00 13 89 20 13 28 20 7A
2026-10-09 21:26:03,534 RX 8E F1 B1 58 04 13 89 00 13 28 00 13 89 20 13 28 20 7A
2026-10-09 21:26:03,534 RX 8E F1 B1 58 04 13 89 00 13 28 00 13 89 20 13 28 20 7A
2026-10-09 21:26:03,534 RX 8E F1 B1 58 04 13 89 00 13 28 00 13 89 20 13 28 20 7A
2026-10-09 21:26:03,534 RX 8E F1 B1 58 04 13 89 00 13 28 00 13 89 20 13 28 20 7A
2026-10-09 21:26:03,534 RX 8E F1 B1 58 04 13 89 00 13 28 00 13 89 20 13 28 20 7A
2026-10-09 21:26:03,534 RX 8E F1 B1 58 04 13 89 00 13 28 00 13 89 20 13 28 20 7A
2026-10-09 21:26:03,534 RX 8E F1 B1 58 04 13 89 00 13 28 00 13 89 20 13 28 20 7A
2026-10-09 21:26:03,534 RX 8E F1 B1 58 04 13 89 00 13 28 00 13 89 20 13 28 20 7A
2026-10-09 21:26:03,534 RX 8E F1 B1 58 04 13 89 00 13 28 00 13 89 20 13 28 20 7A
2026-10-09 21:26:03,534 RX 8E F1 B1 58 04 13 89 00 13 28 00 13 89 20 13 28 20 7A
2026-10-09 21:26:03,534 RX 8E F1 B1 58 04 13 89 00 13 28 00 13 89 20 13 28 20 7A
2026-10-09 21:26:03,534 RX 8E F1 B1 58 04 13 89 00 13 28 00 13 89 20 13 28 20 7A
2026-10-09 21:26:03,534 RX 8E F1 B1 58 04 13 89 00 13 28 00 13 89 20 13 28 20 7A
2026-10-09 21:26:03,534 RX 8E F1 B1 58 04 13 89 00 13 28 00 13 89 20 13 28 20 7A
2026-10-09 21:26:03,534 RX 8E F1 B1 58 04 13 89 00 13 28 00 13 89 20 13 28 20 7A
2026-10-09 21:26:03,534 RX 8E F1 B1 58 04 13 89 00 13 28 00 13 89 20 13 28 20 7A
2026-10-09 21:26:03,534 RX 8E F1 B1 58 04 13 89 00 13 28 00 13 89 20 13 28 20 7A
2026-10-09 21:26:03,534 RX 8E F1 B1 58 04 13 89 00 13 28 00 13 89 20 13 28 20 7A
2026-10-09 21:26:03,534 RX 8E F1 B1 58 04 13 89 00 13 28 00 13 89 20 13 28 20 7A
2026-10-09 21:26:03,534 RX 8E F1 B1 58 04 13 89 00 13 28 00 13 89 20 13 28 20 7A
2026-10-09 21:26:03,534 RX 8E F1 B1 58 04 13 89 00 13 28 00 13 89 20 13 28 20 7A
2026-10-09 21:26:03,534 RX 8E F1 B1 58 04 13 89 00 13 28 00 13 89 20 13 28 20 7A
2026-10-09 21:26:03,534 RX 8E F1 B1 58 04 13 89 00 13 28 00 13 89 20 13 28 20 7A
2026-10-09 21:26:03,534 RX 8E F1 B1 58 04 13 89 00 13 28 00 13 89 20 13 28 20 7A
2026-10-09 21:26:03,534 RX 8E F1 B1 58 04 13 89 00 13 28 00 13 89 20 13 28 20 7A
2026-10-09 21:26:03,534 RX 8E F1 B1 58 04 13 89 00 13 28 00 13 89 20 13 28 20 7A
2026-10-09 21:26:03,534 RX 8E F1 B1 58 04 13 89 00 13 28 00 13 89 20 13 28 20 7A
2026-10-09 21:26:03,535 RX 8E F1 B1 58 04 13 89 00 13 28 00 13 89 20 13 28 20 7A
2026-10-09 21:26:03,535 RX 8E F1 B1 58 04 13 89 00 13 28 00 13 89 20 13 28 20 7A
2026-10-09 21:26:03,535 RX 8E F1 B1 58 04 13 89 00 13 28 00 13 89 20 13 28 20 7A
2026-10-09 21:26:03,535 RX 8E F1 B1 58 04 13 89 00 13 28 00 13 89 20 13 28 20 7A
2026-10-09 21:26:03,535 RX 8E F1 B1 58 04 13 89 00 13 28 00 13 89 20 13 28 20 7A
2026-10-09 21:26:03,535 RX 8E F1 B1 58 04 13 89 00 13 28 00 13 89 20 13 28 20 7A
2026-10-09 21:26:03,535 RX 8E F1 B1 58 04 13 89 00 13 28 00 13 89 20 13 28 20 7A
2026-10-09 21:26:03,535 RX 8E F1 B1 58 04 13 89 00 13 28 00 13 89 20 13 28 20 7A
2026-10-09 21:26:03,535 RX 8E F1 B1 58 04 13 89 00 13 28 00 13 89 20 13 28 20 7A
2026-10-09 21:26:03,535 RX 8E F1 B1 58 04 13 89 00 13 28 00 13 89 20 13 28 20 7A
2026-10-09 21:26:03,535 RX 8E F1 B1 58 04 13 89 00 13 28 00 13 89 20 13 28 20 7A
2026-10-09 21:26:03,535 RX 8E F1 B1 58 04 13 89 00 13 28 00 13 89 20 13 28 20 7A
2026-10-09 21:26:03,535 RX 8E F1 B1 58 04 13 89 00 13 28 00 13 89 20 13 28 20 7A
2026-10-09 21:26:03,535 RX 8E F1 B1 58 04 13 89 00 13 28 00 13 89 20 13 28 20 7A
2026-10-09 21:26:03,535 RX 8E F1 B1 58 04 13 89 00 13 28 00 13 89 20 13 28 20 7A
2026-10-09 21:26:03,535 RX 8E F1 B1 58 04 13 89 00 13 28 00 13 89 20 13 28 20 7A
2026-10-09 21:26:03,535 RX 8E F1 B1 58 04 13 89 00 13 28 00 13 89 20 13 28 20 7A
2026-10-09 21:26:03,535 RX 8E F1 B1 58 04 13 89 00 13 28 00 13 89 20 13 28 20 7A
2026-10-09 21:26:03,535 RX 8E F1 B1 58 04 13 89 00 13 28 00 13 89 20 13 28 20 7A
2026-10-09 21:26:03,535 RX 8E F1 B1 58 04 13 89 00 13 28 00 13 89 20 13 28 20 7A
2026-10-09 21:26:03,535 RX 8E F1 B1 58 04 13 89 00 13 28 00 13 89 20 13 28 20 7A
2026-10-09 21:26:03,535 RX 8E F1 B1 58 04 13 89 00 13 28 00 13 89 20 13 28 20 7A
2026-10-09 21:26:03,535 RX 8E F1 B1 58 04 13 89 00 13 28 00 13 89 20 13 28 20 7A
2026-10-09 21:26:03,535 RX 8E F1 B1 58 04 13 89 00 13 28 00 13 89 20 13 28 20 7A
2026-10-09 21:26:03,535 RX 8E F1 B1 58 04 13 89 00 13 28 00 13 89 20 13 28 20 7A
2026-10-09 21:26:03,535 RX 8E F1 B1 58 04 13 89 00 13 28 00 13 89 20 13 28 20 7A
2026-10-09 21:26:03,535 RX 8E F1 B1 58 04 13 89 00 13 28 00 13 89 20 13 28 20 7A
2026-10-09 21:26:03,535 RX 8E F1 B1 58 04 13 89 00 13 28 00 13 89 20 13 28 20 7A
2026-10-09 21:26:03,535 RX 8E F1 B1 58 04 13 89 00 13 28 00 13 89 20 13 28 20 7A
2026-10-09 21:26:03,535 RX 8E F1 B1 58 04 13 89 00 13 28 00 13 89 20 13 28 20 7A
2026-10-09 21:26:03,535 RX 8E F1 B1 58 04 13 89 00 13 28 00 13 89 20 13 28 20 7A
2026-10-09 21:26:03,535 RX 8E F1 B1 58 04 13 89 00 13 28 00 13 89 20 13 28 20 7A
2026-10-09 21:26:03,535 RX 8E F1 B1 58 04 13 89 00 13 28 00 13 89 20 13 28 20 7A
2026-10-09 21:26:03,535 RX 8E F1 B1 58 04 13 89 00 13 28 00 13 89 20 13 28 20 7A
2026-10-09 21:26:03,536 RX 8E F1 B1 58 04 13 89 00 13 28 00 13 89 20 13 28 20 7A
2026-10-09 21:26:03,536 RX 8E F1 B1 58 04 13 89 00 13 28 00 13 89 20 13 28 20 7A
2026-10-09 21:26:03,536 RX 8E F1 B1 58 04 13 89 00 13 28 00 13 89 20 13 28 20 7A
2026-10-09 21:26:03,536 RX 8E F1 B1 58 04 13 89 00 13 28 00 13 89 20 13 28 20 7A
2026-10-09 21:26:03,536 RX 8E F1 B1 58 04 13 89 00 13 28 00 13 89 20 13 28 20 7A
2026-10-09 21:26:03,536 RX 8E F1 B1 58 04 13 89 00 13 28 00 13 89 20 13 28 20 7A
2026-10-09 21:26:03,536 RX 8E F1 B1 58 04 13 89 00 13 28 00 13 89 20 13 28 20 7A
2026-10-09 21:26:03,536 RX 8E F1 B1 58 04 13 89 00 13 28 00 13 89 20 13 28 20 7A
2026-10-09 21:26:03,536 RX 8E F1 B1 58 04 13 89 00 13 28 00 13 89 20 13 28 20 7A
2026-10-09 21:26:03,536 RX 8E F1 B1 58 04 13 89 00 13 28 00 13 89 20 13 28 20 7A
2026-10-09 21:26:03,536 RX 8E F1 B1 58 04 13 89 00 13 28 00 13 89 20 13 28 20 7A
2026-10-09 21:26:03,536 RX 8E F1 B1 58 04 13 89 00 13 28 00 13 89 20 13 28 20 7A
2026-10-09 21:26:03,536 RX 8E F1 B1 58 04 13 89 00 13 28 00 13 89 20 13 28 20 7A
2026-10-09 21:26:03,536 RX 8E F1 B1 58 04 13 89 00 13 28 00 13 89 20 13 28 20 7A
2026-10-09 21:26:03,536 RX 8E F1 B1 58 04 13 89 00 13 28 00 13 89 20 13 28 20 7A
2026-10-09 21:26:03,536 RX 8E F1 B1 58 04 13 89 00 13 28 00 13 89 20 13 28 20 7A
2026-10-09 21:26:03,536 RX 8E F1 B1 58 04 13 89 00 13 28 00 13 89 20 13 28 20 7A
2026-10-09 21:26:03,536 RX 8E F1 B1 58 04 13 89 00 13 28 00 13 89 20 13 28 20 7A
2026-10-09 21:26:03,536 RX 8E F1 B1 58 04 13 89 00 13 28 00 13 89 20 13 28 20 7A
2026-10-09 21:26:03,536 RX 8E F1 B1 58 04 13 89 00 13 28 00 13 89 20 13 28 20 7A
2026-10-09 21:26:03,536 RX 8E F1 B1 58 04 13 89 00 13 28 00 13 89 20 13 28 20 7A
2026-10-09 21:26:03,536 RX 8E F1 B1 58 04 13 89 00 13 28 00 13 89 20 13 28 20 7A
2026-10-09 21:26:03,536 RX 8E F1 B1 58 04 13 89 00 13 28 00 13 89 20 13 28 20 7A
2026-10-09 21:26:03,536 RX 8E F1 B1 58 04 13 89 00 13 28 00 13 89 20 13 28 20 7A
2026-10-09 21:26:03,536 RX 8E F1 B1 58 04 13 89 00 13 28 00 13 89 20 13 28 20 7A
2026-10-09 21:26:03,536 RX 8E F1 B1 58 04 13 89 00 13 28 00 13 89 20 13 28 20 7A
2026-10-09 21:26:03,536 RX 8E F1 B1 58 04 13 89 00 13 28 00 13 89 20 13 28 20 7A
2026-10-09 21:26:03,536 RX 8E F1 B1 58 04 13 89 00 13 28 00 13 89 20 13 28 20 7A
2026-10-09 21:26:03,536 RX 8E F1 B1 58 04 13 89 00 13 28 00 13 89 20 13 28 20 7A
2026-10-09 21:26:03,536 RX 8E F1 B1 58 04 13 89 00 13 28 00 13 89 20 13 28 20 7A
2026-10-09 21:26:03,549 RX 8E F1 B1 58 04 13 89 00 13 28 00 13 89 20 13 28 20 7A
2026-10-09 21:26:03,549 RX 8E F1 B1 58 04 13 89 00 13 28 00 13 89 20 13 28 20 7A
2026-10-09 21:26:03,549 RX 8E F1 B1 58 04 13 89 00 13 28 00 13 89 20 13 28 20 7A
2026-10-09 21:26:03,549 RX_ECHO ignored
2026-10-09 21:26:03,585 RX 83 F1 B1 C1 D9 8F 4E
2026-10-09 21:26:03,585 INIT success key_bytes=D9 8F
2026-10-09 21:26:03,640 TX 82 B1 F1 21 01 46
2026-10-09 21:26:03,651 RX_ECHO ignored
2026-10-09 21:26:03,709 RX 8E F1 B1 58 04 13 89 00 13 28 00 13 89 20 13 28 20 7A
2026-10-09 21:26:03,954 RX 8E F1 B1 58 04 13 89 00 13 28 00 13 89 20 13 28 20 7A
2026-10-09 21:26:04,319 RX 8E F1 B1 58 04 13 89 00 13 28 00 13 89 20 13 28 20 7A
2026-10-09 21:26:04,643 RX_TIMEOUT service=21 partial=
2026-10-09 21:26:04,644 PROBE failed: no positive parameter response
